data/raw/retail_sales.csv
date,store_id,dept_id,units_sold,unit_price,is_promo,is_holiday,temperature_c,revenue
2023-05-01,1,1,405,35.11,0,0,24.2,14219.55
2023-05-02,1,1,339,33.74,0,0,31.1,11437.86
2023-05-03,1,1,730,28.89,1,0,23.9,21089.7
2023-05-04,1,1,412,34.81,0,0,24.4,14341.72
2023-05-05,1,1,313,33.85,0,0,29.3,10595.05
2023-05-06,1,1,453,32.74,0,0,28.9,14831.22
2023-05-07,1,1,503,33.74,0,0,28.4,16971.22
2023-05-08,1,1,378,32.59,0,0,24.5,12319.02
2023-05-09,1,1,366,33.42,0,0,29.8,12231.72
2023-05-10,1,1,403,32.36,0,0,26.4,13041.08
2023-05-11,1,1,365,34.55,0,0,28.1,12610.75
2023-05-12,1,1,376,33.75,0,0,26.4,12690.0
2023-05-13,1,1,482,33.22,0,0,27.8,16012.04
2023-05-14,1,1,662,29.79,1,0,26.5,19720.98
2023-05-15,1,1,358,33.08,0,0,26.5,11842.64
2023-05-16,1,1,385,35.27,0,0,26.7,13578.95
2023-05-17,1,1,319,32.79,0,0,29.7,10460.01
2023-05-18,1,1,325,34.19,0,0,26.3,11111.75
2023-05-19,1,1,357,33.35,0,0,27.1,11905.95
2023-05-20,1,1,403,34.21,0,0,25.7,13786.63
2023-05-21,1,1,421,34.37,0,0,27.0,14469.77
2023-05-22,1,1,370,34.29,0,0,24.9,12687.3
2023-05-23,1,1,598,28.49,1,0,24.7,17037.02
2023-05-24,1,1,526,29.61,1,0,25.6,15574.86
2023-05-25,1,1,366,34.87,0,0,24.4,12762.42
2023-05-26,1,1,533,28.41,1,0,28.7,15142.53
2023-05-27,1,1,465,32.82,0,0,26.8,15261.3
2023-05-28,1,1,463,32.39,0,0,26.5,14996.57
2023-05-29,1,1,348,32.31,0,0,21.9,11243.88
2023-05-30,1,1,353,34.41,0,0,22.9,12146.73
2023-05-31,1,1,604,32.55,0,1,25.3,19660.2
2023-06-01,1,1,400,34.18,0,0,25.8,13672.0
2023-06-02,1,1,328,35.08,0,0,27.9,11506.24
2023-06-03,1,1,442,32.29,0,0,30.1,14272.18
2023-06-04,1,1,405,33.76,0,0,27.8,13672.8
2023-06-05,1,1,443,29.06,1,0,25.1,12873.58
2023-06-06,1,1,602,28.85,1,0,24.7,17367.7
2023-06-07,1,1,315,32.27,0,0,23.8,10165.05
2023-06-08,1,1,337,32.94,0,0,26.3,11100.78
2023-06-09,1,1,313,32.63,0,0,23.9,10213.19
2023-06-10,1,1,392,34.59,0,0,26.4,13559.28
2023-06-11,1,1,477,34.66,0,0,22.3,16532.82
2023-06-12,1,1,344,34.82,0,0,26.4,11978.08
2023-06-13,1,1,322,33.85,0,0,21.3,10899.7
2023-06-14,1,1,358,34.81,0,0,21.1,12461.98
2023-06-15,1,1,365,34.67,0,0,22.3,12654.55
2023-06-16,1,1,283,34.07,0,0,22.7,9641.81
2023-06-17,1,1,400,34.56,0,0,23.8,13824.0
2023-06-18,1,1,419,32.75,0,0,23.9,13722.25
2023-06-19,1,1,364,34.54,0,0,23.0,12572.56
2023-06-20,1,1,324,32.79,0,0,23.5,10623.96
2023-06-21,1,1,272,34.65,0,0,20.5,9424.8
2023-06-22,1,1,314,33.05,0,0,23.6,10377.7
2023-06-23,1,1,261,33.22,0,0,26.3,8670.42
2023-06-24,1,1,402,34.78,0,0,22.4,13981.56
2023-06-25,1,1,398,34.24,0,0,21.2,13627.52
2023-06-26,1,1,310,34.88,0,0,22.7,10812.8
2023-06-27,1,1,334,32.38,0,0,21.5,10814.92
2023-06-28,1,1,268,34.94,0,0,20.0,9363.92
2023-06-29,1,1,294,35.25,0,0,18.9,10363.5
2023-06-30,1,1,275,34.47,0,0,19.6,9479.25
2023-07-01,1,1,361,32.63,0,0,22.2,11779.43
2023-07-02,1,1,358,34.74,0,0,22.2,12436.92
2023-07-03,1,1,293,32.81,0,0,18.9,9613.33
2023-07-04,1,1,449,32.64,0,1,21.0,14655.36
2023-07-05,1,1,304,34.81,0,0,22.1,10582.24
2023-07-06,1,1,317,32.32,0,0,21.4,10245.44
2023-07-07,1,1,290,33.06,0,0,21.3,9587.4
2023-07-08,1,1,342,34.23,0,0,18.8,11706.66
2023-07-09,1,1,551,28.07,1,0,16.4,15466.57
2023-07-10,1,1,241,33.72,0,0,24.9,8126.52
2023-07-11,1,1,240,33.09,0,0,17.7,7941.6
2023-07-12,1,1,269,34.8,0,0,18.6,9361.2
2023-07-13,1,1,269,34.32,0,0,18.4,9232.08
2023-07-14,1,1,281,32.91,0,0,17.7,9247.71
2023-07-15,1,1,346,33.35,0,0,18.2,11539.1
2023-07-16,1,1,360,34.83,0,0,20.0,12538.8
2023-07-17,1,1,257,33.7,0,0,18.8,8660.9
2023-07-18,1,1,288,35.32,0,0,16.0,10172.16
2023-07-19,1,1,262,34.21,0,0,18.3,8963.02
2023-07-20,1,1,242,32.49,0,0,21.0,7862.58
2023-07-21,1,1,253,32.12,0,0,20.7,8126.36
2023-07-22,1,1,548,29.92,1,0,18.4,16396.16
2023-07-23,1,1,317,35.45,0,0,14.6,11237.65
2023-07-24,1,1,254,32.59,0,0,15.0,8277.86
2023-07-25,1,1,260,35.24,0,0,11.1,9162.4
2023-07-26,1,1,255,32.56,0,0,16.9,8302.8
2023-07-27,1,1,244,34.5,0,0,15.4,8418.0
2023-07-28,1,1,240,34.86,0,0,15.6,8366.4
2023-07-29,1,1,348,33.84,0,0,17.4,11776.32
2023-07-30,1,1,306,33.45,0,0,14.7,10235.7
2023-07-31,1,1,261,34.35,0,0,15.6,8965.35
2023-08-01,1,1,224,33.28,0,0,14.5,7454.72
2023-08-02,1,1,269,33.93,0,0,15.8,9127.17
2023-08-03,1,1,234,33.91,0,0,11.7,7934.94
2023-08-04,1,1,244,33.79,0,0,14.4,8244.76
2023-08-05,1,1,294,33.79,0,0,15.8,9934.26
2023-08-06,1,1,385,29.04,1,0,13.2,11180.4
2023-08-07,1,1,199,32.42,0,0,13.7,6451.58
2023-08-08,1,1,240,35.35,0,0,14.9,8484.0
2023-08-09,1,1,261,34.12,0,0,11.1,8905.32
2023-08-10,1,1,260,33.45,0,0,14.2,8697.0
2023-08-11,1,1,210,33.04,0,0,10.4,6938.4
2023-08-12,1,1,425,28.54,1,0,13.3,12129.5
2023-08-13,1,1,289,33.88,0,0,15.3,9791.32
2023-08-14,1,1,295,27.7,1,0,10.3,8171.5
2023-08-15,1,1,218,33.6,0,0,9.6,7324.8
2023-08-16,1,1,180,32.36,0,0,13.1,5824.8
2023-08-17,1,1,196,35.48,0,0,10.4,6954.08
2023-08-18,1,1,231,33.21,0,0,8.4,7671.51
2023-08-19,1,1,440,28.27,1,0,9.1,12438.8
2023-08-20,1,1,239,34.99,0,0,15.9,8362.61
2023-08-21,1,1,193,33.79,0,0,10.4,6521.47
2023-08-22,1,1,204,33.0,0,0,11.4,6732.0
2023-08-23,1,1,208,34.02,0,0,11.8,7076.16
2023-08-24,1,1,228,32.41,0,0,7.4,7389.48
2023-08-25,1,1,199,33.18,0,0,11.6,6602.82
2023-08-26,1,1,286,34.32,0,0,10.3,9815.52
2023-08-27,1,1,272,33.84,0,0,12.7,9204.48
2023-08-28,1,1,203,32.53,0,0,9.9,6603.59
2023-08-29,1,1,228,33.39,0,0,12.0,7612.92
2023-08-30,1,1,206,32.57,0,0,7.7,6709.42
2023-08-31,1,1,205,32.93,0,0,9.0,6750.65
2023-09-01,1,1,192,34.37,0,0,7.5,6599.04
2023-09-02,1,1,282,34.98,0,0,9.7,9864.36
2023-09-03,1,1,249,34.82,0,0,6.5,8670.18
2023-09-04,1,1,192,34.09,0,0,5.2,6545.28
2023-09-05,1,1,206,34.46,0,0,6.8,7098.76
2023-09-06,1,1,309,34.3,0,1,9.4,10598.7
2023-09-07,1,1,206,33.49,0,0,7.1,6898.94
2023-09-08,1,1,187,33.64,0,0,5.4,6290.68
2023-09-09,1,1,273,33.16,0,0,8.0,9052.68
2023-09-10,1,1,242,34.2,0,0,8.5,8276.4
2023-09-11,1,1,214,34.7,0,0,5.8,7425.8
2023-09-12,1,1,201,33.21,0,0,7.5,6675.21
2023-09-13,1,1,219,35.17,0,0,6.2,7702.23
2023-09-14,1,1,183,33.15,0,0,7.4,6066.45
2023-09-15,1,1,369,29.93,1,0,6.3,11044.17
2023-09-16,1,1,263,34.72,0,0,6.4,9131.36
2023-09-17,1,1,251,34.11,0,0,3.2,8561.61
2023-09-18,1,1,179,35.33,0,0,7.4,6324.07
2023-09-19,1,1,197,35.48,0,0,5.0,6989.56
2023-09-20,1,1,203,34.81,0,0,6.2,7066.43
2023-09-21,1,1,193,33.56,0,0,5.4,6477.08
2023-09-22,1,1,191,33.81,0,0,2.7,6457.71
2023-09-23,1,1,238,33.43,0,0,4.3,7956.34
2023-09-24,1,1,385,28.03,1,0,6.1,10791.55
2023-09-25,1,1,201,33.52,0,0,6.9,6737.52
2023-09-26,1,1,201,32.13,0,0,5.6,6458.13
2023-09-27,1,1,279,28.8,1,0,5.8,8035.2
2023-09-28,1,1,191,34.27,0,0,0.4,6545.57
2023-09-29,1,1,285,28.62,1,0,2.3,8156.7
2023-09-30,1,1,190,33.11,0,0,3.9,6290.9
2023-10-01,1,1,261,35.44,0,0,4.7,9249.84
2023-10-02,1,1,208,32.54,0,0,2.8,6768.32
2023-10-03,1,1,185,34.84,0,0,8.9,6445.4
2023-10-04,1,1,181,33.78,0,0,5.4,6114.18
2023-10-05,1,1,201,34.94,0,0,5.0,7022.94
2023-10-06,1,1,201,35.1,0,0,2.5,7055.1
2023-10-07,1,1,359,27.6,1,0,6.5,9908.4
2023-10-08,1,1,242,32.75,0,0,5.0,7925.5
2023-10-09,1,1,202,34.48,0,0,2.6,6964.96
2023-10-10,1,1,209,34.03,0,0,2.3,7112.27
2023-10-11,1,1,205,35.41,0,0,4.4,7259.05
2023-10-12,1,1,193,33.24,0,0,3.0,6415.32
2023-10-13,1,1,179,34.15,0,0,2.0,6112.85
2023-10-14,1,1,242,35.41,0,0,2.3,8569.22
2023-10-15,1,1,248,32.34,0,0,4.0,8020.32
2023-10-16,1,1,250,34.33,0,0,2.6,8582.5
2023-10-17,1,1,167,33.83,0,0,7.3,5649.61
2023-10-18,1,1,170,32.18,0,0,6.2,5470.6
2023-10-19,1,1,184,32.62,0,0,2.1,6002.08
2023-10-20,1,1,219,32.35,0,0,4.1,7084.65
2023-10-21,1,1,222,33.06,0,0,0.5,7339.32
2023-10-22,1,1,255,34.87,0,0,1.1,8891.85
2023-10-23,1,1,208,34.87,0,0,4.3,7252.96
2023-10-24,1,1,189,35.03,0,0,2.1,6620.67
2023-10-25,1,1,252,28.13,1,0,5.5,7088.76
2023-10-26,1,1,355,27.67,1,0,3.8,9822.85
2023-10-27,1,1,197,32.84,0,0,7.3,6469.48
2023-10-28,1,1,271,32.33,0,0,1.0,8761.43
2023-10-29,1,1,238,33.47,0,0,-0.3,7965.86
2023-10-30,1,1,211,34.44,0,0,-1.0,7266.84
2023-10-31,1,1,241,33.3,0,0,2.5,8025.3
2023-11-01,1,1,349,33.28,0,0,2.3,11614.72
2023-11-02,1,1,334,34.81,0,0,2.7,11626.54
2023-11-03,1,1,329,34.21,0,0,5.4,11255.09
2023-11-04,1,1,467,33.45,0,0,6.3,15621.15
2023-11-05,1,1,520,32.31,0,0,1.7,16801.2
2023-11-06,1,1,341,34.62,0,0,1.7,11805.42
2023-11-07,1,1,363,35.29,0,0,1.2,12810.27
2023-11-08,1,1,366,32.35,0,0,3.5,11840.1
2023-11-09,1,1,546,27.66,1,0,1.5,15102.36
2023-11-10,1,1,315,34.7,0,0,3.1,10930.5
2023-11-11,1,1,437,32.73,0,0,6.2,14303.01
2023-11-12,1,1,407,35.13,0,0,-0.4,14297.91
2023-11-13,1,1,365,33.76,0,0,5.5,12322.4
2023-11-14,1,1,330,34.34,0,0,5.6,11332.2
2023-11-15,1,1,317,33.72,0,0,2.1,10689.24
2023-11-16,1,1,321,33.07,0,0,5.8,10615.47
2023-11-17,1,1,309,34.11,0,0,4.3,10539.99
2023-11-18,1,1,445,35.14,0,0,5.1,15637.3
2023-11-19,1,1,420,32.87,0,0,6.5,13805.4
2023-11-20,1,1,370,33.14,0,0,2.9,12261.8
2023-11-21,1,1,329,32.79,0,0,3.5,10787.91
2023-11-22,1,1,338,33.33,0,0,2.1,11265.54
2023-11-23,1,1,354,32.64,0,0,3.4,11554.56
2023-11-24,1,1,401,32.18,0,0,3.1,12904.18
2023-11-25,1,1,627,35.22,0,1,4.1,22082.94
2023-11-26,1,1,682,33.37,0,1,4.9,22758.34
2023-11-27,1,1,367,32.98,0,0,4.4,12103.66
2023-11-28,1,1,466,28.17,1,0,3.3,13127.22
2023-11-29,1,1,448,34.11,0,0,4.7,15281.28
2023-11-30,1,1,366,32.91,0,0,3.7,12045.06
2023-12-01,1,1,378,34.92,0,0,1.2,13199.76
2023-12-02,1,1,414,34.91,0,0,6.8,14452.74
2023-12-03,1,1,428,32.25,0,0,4.0,13803.0
2023-12-04,1,1,362,32.48,0,0,7.3,11757.76
2023-12-05,1,1,356,33.99,0,0,5.9,12100.44
2023-12-06,1,1,305,34.32,0,0,6.3,10467.6
2023-12-07,1,1,340,32.62,0,0,2.5,11090.8
2023-12-08,1,1,687,28.49,1,0,4.6,19572.63
2023-12-09,1,1,485,32.62,0,0,4.9,15820.7
2023-12-10,1,1,391,32.91,0,0,6.7,12867.81
2023-12-11,1,1,377,32.25,0,0,2.8,12158.25
2023-12-12,1,1,348,32.92,0,0,7.8,11456.16
2023-12-13,1,1,338,34.26,0,0,5.2,11579.88
2023-12-14,1,1,446,33.06,0,0,7.3,14744.76
2023-12-15,1,1,543,28.8,1,0,7.7,15638.4
2023-12-16,1,1,549,33.03,0,0,9.2,18133.47
2023-12-17,1,1,453,35.01,0,0,7.3,15859.53
2023-12-18,1,1,552,28.62,1,0,6.8,15798.24
2023-12-19,1,1,373,32.75,0,0,6.9,12215.75
2023-12-20,1,1,380,33.86,0,0,7.1,12866.8
2023-12-21,1,1,444,33.13,0,0,8.9,14709.72
2023-12-22,1,1,395,32.94,0,0,10.0,13011.3
2023-12-23,1,1,517,34.99,0,0,10.0,18089.83
2023-12-24,1,1,671,34.42,0,1,5.9,23095.82
2023-12-25,1,1,617,33.18,0,1,7.7,20472.06
2023-12-26,1,1,406,32.42,0,0,9.3,13162.52
2023-12-27,1,1,415,33.35,0,0,10.1,13840.25
2023-12-28,1,1,655,28.32,1,0,9.2,18549.6
2023-12-29,1,1,412,34.57,0,0,8.9,14242.84
2023-12-30,1,1,852,29.24,1,0,8.9,24912.48
2023-12-31,1,1,510,34.56,0,0,9.9,17625.6
2021-01-01,1,2,363,46.03,0,1,9.7,16708.89
2021-01-02,1,2,309,42.57,0,0,8.2,13154.13
2021-01-03,1,2,326,46.32,0,0,9.0,15100.32
2021-01-04,1,2,235,43.25,0,0,8.3,10163.75
2021-01-05,1,2,370,38.62,1,0,10.5,14289.4
2021-01-06,1,2,270,45.4,0,0,10.6,12258.0
2021-01-07,1,2,265,45.28,0,0,10.5,11999.2
2021-01-08,1,2,292,45.66,0,0,11.4,13332.72
2021-01-09,1,2,369,44.34,0,0,9.3,16361.46
2021-01-10,1,2,334,45.18,0,0,10.0,15090.12
2021-01-11,1,2,267,45.53,0,0,8.2,12156.51
2021-01-12,1,2,236,42.88,0,0,9.9,10119.68
2021-01-13,1,2,281,45.42,0,0,9.7,12763.02
2021-01-14,1,2,261,43.01,0,0,14.3,11225.61
2021-01-15,1,2,270,43.36,0,0,13.6,11707.2
2021-01-16,1,2,329,42.89,0,0,10.0,14110.81
2021-01-17,1,2,335,43.62,0,0,14.4,14612.7
2021-01-18,1,2,267,45.3,0,0,11.1,12095.1
2021-01-19,1,2,293,43.19,0,0,16.3,12654.67
2021-01-20,1,2,275,44.52,0,0,11.1,12243.0
2021-01-21,1,2,252,46.5,0,0,15.3,11718.0
2021-01-22,1,2,237,46.17,0,0,14.5,10942.29
2021-01-23,1,2,274,46.29,0,0,13.8,12683.46
2021-01-24,1,2,526,38.65,1,0,14.5,20329.9
2021-01-25,1,2,319,44.99,0,0,14.9,14351.81
2021-01-26,1,2,255,46.31,0,0,13.6,11809.05
2021-01-27,1,2,268,42.56,0,0,13.9,11406.08
2021-01-28,1,2,289,42.9,0,0,14.9,12398.1
2021-01-29,1,2,463,36.22,1,0,14.6,16769.86
2021-01-30,1,2,370,44.43,0,0,17.1,16439.1
2021-01-31,1,2,336,43.5,0,0,14.3,14616.0
2021-02-01,1,2,283,45.39,0,0,15.7,12845.37
2021-02-02,1,2,286,45.87,0,0,16.6,13118.82
2021-02-03,1,2,254,44.07,0,0,15.5,11193.78
2021-02-04,1,2,332,44.31,0,0,15.4,14710.92
2021-02-05,1,2,305,43.5,0,0,18.0,13267.5
2021-02-06,1,2,382,43.27,0,0,20.2,16529.14
2021-02-07,1,2,375,43.07,0,0,17.8,16151.25
2021-02-08,1,2,304,45.14,0,0,19.4,13722.56
2021-02-09,1,2,291,43.56,0,0,21.0,12675.96
2021-02-10,1,2,286,46.49,0,0,20.6,13296.14
2021-02-11,1,2,279,45.73,0,0,18.6,12758.67
2021-02-12,1,2,418,36.84,1,0,21.3,15399.12
2021-02-13,1,2,366,42.72,0,0,16.5,15635.52
2021-02-14,1,2,494,46.28,0,1,16.3,22862.32
2021-02-15,1,2,315,44.03,0,0,12.0,13869.45
2021-02-16,1,2,297,44.26,0,0,21.5,13145.22
2021-02-17,1,2,546,37.95,1,0,17.0,20720.7
2021-02-18,1,2,292,43.62,0,0,18.4,12737.04
2021-02-19,1,2,337,45.57,0,0,18.2,15357.09
2021-02-20,1,2,388,44.4,0,0,19.4,17227.2
2021-02-21,1,2,517,37.09,1,0,20.6,19175.53
2021-02-22,1,2,378,46.49,0,0,22.2,17573.22
2021-02-23,1,2,362,43.83,0,0,14.7,15866.46
2021-02-24,1,2,331,42.48,0,0,20.6,14060.88
2021-02-25,1,2,327,43.21,0,0,18.3,14129.67
2021-02-26,1,2,359,45.79,0,0,19.1,16438.61
2021-02-27,1,2,378,44.47,0,0,18.0,16809.66
2021-02-28,1,2,394,45.06,0,0,23.0,17753.64
2021-03-01,1,2,328,45.44,0,0,20.7,14904.32
2021-03-02,1,2,340,42.47,0,0,23.3,14439.8
2021-03-03,1,2,343,44.87,0,0,17.7,15390.41
2021-03-04,1,2,342,45.55,0,0,22.3,15578.1
2021-03-05,1,2,303,44.25,0,0,22.5,13407.75
2021-03-06,1,2,442,43.74,0,0,20.6,19333.08
2021-03-07,1,2,435,46.09,0,0,22.5,20049.15
2021-03-08,1,2,411,39.38,1,0,21.4,16185.18
2021-03-09,1,2,356,44.17,0,0,20.2,15724.52
2021-03-10,1,2,318,43.01,0,0,21.9,13677.18
2021-03-11,1,2,269,46.0,0,0,22.6,12374.0
2021-03-12,1,2,620,38.43,1,0,22.2,23826.6
2021-03-13,1,2,407,46.36,0,0,22.6,18868.52
2021-03-14,1,2,436,42.92,0,0,21.0,18713.12
2021-03-15,1,2,352,45.24,0,0,24.3,15924.48
2021-03-16,1,2,377,45.01,0,0,23.7,16968.77
2021-03-17,1,2,304,45.44,0,0,23.9,13813.76
2021-03-18,1,2,339,45.07,0,0,26.1,15278.73
2021-03-19,1,2,305,46.18,0,0,20.8,14084.9
2021-03-20,1,2,421,46.87,0,0,27.6,19732.27
2021-03-21,1,2,437,43.6,0,0,25.5,19053.2
2021-03-22,1,2,297,44.66,0,0,24.3,13264.02
2021-03-23,1,2,365,43.69,0,0,25.0,15946.85
2021-03-24,1,2,291,44.96,0,0,24.5,13083.36
2021-03-25,1,2,348,43.37,0,0,18.4,15092.76
2021-03-26,1,2,331,46.6,0,0,23.0,15424.6
2021-03-27,1,2,445,46.51,0,0,24.0,20696.95
2021-03-28,1,2,430,43.63,0,0,24.9,18760.9
2021-03-29,1,2,321,43.37,0,0,29.0,13921.77
2021-03-30,1,2,318,45.79,0,0,25.3,14561.22
2021-03-31,1,2,333,45.22,0,0,25.7,15058.26
2021-04-01,1,2,384,45.22,0,0,26.6,17364.48
2021-04-02,1,2,321,45.06,0,0,28.5,14464.26
2021-04-03,1,2,443,45.06,0,0,24.7,19961.58
2021-04-04,1,2,460,43.42,0,0,23.1,19973.2
2021-04-05,1,2,305,43.42,0,0,22.6,13243.1
2021-04-06,1,2,280,44.01,0,0,28.3,12322.8
2021-04-07,1,2,338,44.57,0,0,22.9,15064.66
2021-04-08,1,2,332,44.06,0,0,27.9,14627.92
2021-04-09,1,2,538,36.31,1,0,25.7,19534.78
2021-04-10,1,2,358,44.24,0,0,28.6,15837.92
2021-04-11,1,2,395,46.48,0,0,25.8,18359.6
2021-04-12,1,2,348,43.12,0,0,27.4,15005.76
2021-04-13,1,2,335,43.25,0,0,25.7,14488.75
2021-04-14,1,2,392,38.71,1,0,23.8,15174.32
2021-04-15,1,2,304,43.16,0,0,28.4,13120.64
2021-04-16,1,2,345,43.38,0,0,25.5,14966.1
2021-04-17,1,2,393,42.6,0,0,27.5,16741.8
2021-04-18,1,2,421,45.54,0,0,26.3,19172.34
2021-04-19,1,2,345,43.32,0,0,24.5,14945.4
2021-04-20,1,2,307,44.66,0,0,28.0,13710.62
2021-04-21,1,2,337,46.51,0,0,22.6,15673.87
2021-04-22,1,2,329,45.24,0,0,31.1,14883.96
2021-04-23,1,2,349,45.05,0,0,25.9,15722.45
2021-04-24,1,2,735,38.03,1,0,24.7,27952.05
2021-04-25,1,2,412,43.25,0,0,26.8,17819.0
2021-04-26,1,2,352,43.08,0,0,28.6,15164.16
2021-04-27,1,2,292,46.86,0,0,29.2,13683.12
2021-04-28,1,2,334,46.78,0,0,29.1,15624.52
2021-04-29,1,2,301,42.94,0,0,28.1,12924.94
2021-04-30,1,2,307,44.86,0,0,23.7,13772.02
2021-05-01,1,2,576,37.19,1,0,26.5,21421.44
2021-05-02,1,2,398,45.19,0,0,29.8,17985.62
2021-05-03,1,2,321,43.72,0,0,29.3,14034.12
2021-05-04,1,2,319,46.8,0,0,29.2,14929.2
2021-05-05,1,2,322,43.97,0,0,28.2,14158.34
2021-05-06,1,2,303,44.26,0,0,27.5,13410.78
2021-05-07,1,2,302,45.9,0,0,26.1,13861.8
2021-05-08,1,2,387,44.24,0,0,26.6,17120.88
2021-05-09,1,2,428,46.84,0,0,26.0,20047.52
2021-05-10,1,2,320,46.1,0,0,29.1,14752.0
2021-05-11,1,2,330,42.51,0,0,23.4,14028.3
2021-05-12,1,2,278,43.14,0,0,27.6,11992.92
2021-05-13,1,2,301,43.17,0,0,23.6,12994.17
2021-05-14,1,2,298,42.92,0,0,27.6,12790.16
2021-05-15,1,2,379,42.64,0,0,26.8,16160.56
2021-05-16,1,2,380,44.33,0,0,25.2,16845.4
2021-05-17,1,2,315,44.37,0,0,23.3,13976.55
2021-05-18,1,2,288,43.74,0,0,28.1,12597.12
2021-05-19,1,2,273,46.31,0,0,26.4,12642.63
2021-05-20,1,2,374,39.24,1,0,24.0,14675.76
2021-05-21,1,2,286,46.55,0,0,25.5,13313.3
2021-05-22,1,2,367,44.56,0,0,26.0,16353.52
2021-05-23,1,2,403,42.8,0,0,28.5,17248.4
2021-05-24,1,2,332,42.42,0,0,28.1,14083.44
2021-05-25,1,2,318,43.75,0,0,22.7,13912.5
2021-05-26,1,2,299,44.26,0,0,26.7,13233.74
2021-05-27,1,2,247,45.73,0,0,27.6,11295.31
2021-05-28,1,2,297,46.14,0,0,26.6,13703.58
2021-05-29,1,2,402,43.26,0,0,25.7,17390.52
2021-05-30,1,2,360,45.34,0,0,25.7,16322.4
2021-05-31,1,2,766,39.33,1,1,25.0,30126.78
2021-06-01,1,2,300,44.96,0,0,27.1,13488.0
2021-06-02,1,2,319,45.42,0,0,25.2,14488.98
2021-06-03,1,2,283,43.94,0,0,25.2,12435.02
2021-06-04,1,2,290,43.17,0,0,23.7,12519.3
2021-06-05,1,2,340,42.49,0,0,24.5,14446.6
2021-06-06,1,2,394,42.73,0,0,23.3,16835.62
2021-06-07,1,2,330,46.47,0,0,25.6,15335.1
2021-06-08,1,2,283,42.57,0,0,24.0,12047.31
2021-06-09,1,2,333,44.91,0,0,22.4,14955.03
2021-06-10,1,2,467,36.57,1,0,24.4,17078.19
2021-06-11,1,2,298,45.98,0,0,23.6,13702.04
2021-06-12,1,2,341,45.58,0,0,24.1,15542.78
2021-06-13,1,2,390,44.36,0,0,25.5,17300.4
2021-06-14,1,2,259,43.77,0,0,24.1,11336.43
2021-06-15,1,2,266,44.68,0,0,22.6,11884.88
2021-06-16,1,2,516,36.28,1,0,23.6,18720.48
2021-06-17,1,2,270,46.31,0,0,20.6,12503.7
2021-06-18,1,2,262,43.27,0,0,24.1,11336.74
2021-06-19,1,2,347,46.36,0,0,17.3,16086.92
2021-06-20,1,2,421,39.52,1,0,26.0,16637.92
2021-06-21,1,2,264,46.09,0,0,26.0,12167.76
2021-06-22,1,2,264,44.98,0,0,23.9,11874.72
2021-06-23,1,2,248,46.68,0,0,21.1,11576.64
2021-06-24,1,2,259,43.3,0,0,25.5,11214.7
2021-06-25,1,2,240,43.77,0,0,18.3,10504.8
2021-06-26,1,2,347,46.25,0,0,23.3,16048.75
2021-06-27,1,2,308,46.83,0,0,25.8,14423.64
2021-06-28,1,2,297,44.88,0,0,18.1,13329.36
