data/raw/retail_sales.csv
date,store_id,dept_id,units_sold,unit_price,is_promo,is_holiday,temperature_c,revenue
2021-06-29,1,2,239,42.46,0,0,21.2,10147.94
2021-06-30,1,2,259,43.22,0,0,21.7,11193.98
2021-07-01,1,2,250,45.25,0,0,18.9,11312.5
2021-07-02,1,2,258,46.5,0,0,22.0,11997.0
2021-07-03,1,2,331,45.23,0,0,18.3,14971.13
2021-07-04,1,2,644,38.33,1,1,18.6,24684.52
2021-07-05,1,2,212,45.82,0,0,17.3,9713.84
2021-07-06,1,2,235,44.0,0,0,20.9,10340.0
2021-07-07,1,2,230,46.11,0,0,21.0,10605.3
2021-07-08,1,2,224,46.28,0,0,21.5,10366.72
2021-07-09,1,2,255,45.63,0,0,22.2,11635.65
2021-07-10,1,2,319,46.48,0,0,19.4,14827.12
2021-07-11,1,2,302,46.44,0,0,20.9,14024.88
2021-07-12,1,2,223,44.03,0,0,17.7,9818.69
2021-07-13,1,2,216,43.04,0,0,17.3,9296.64
2021-07-14,1,2,246,44.31,0,0,20.1,10900.26
2021-07-15,1,2,248,43.05,0,0,24.8,10676.4
2021-07-16,1,2,234,45.45,0,0,18.0,10635.3
2021-07-17,1,2,321,46.1,0,0,19.5,14798.1
2021-07-18,1,2,292,43.25,0,0,14.8,12629.0
2021-07-19,1,2,233,43.26,0,0,18.6,10079.58
2021-07-20,1,2,204,44.13,0,0,14.3,9002.52
2021-07-21,1,2,234,44.24,0,0,18.9,10352.16
2021-07-22,1,2,208,42.59,0,0,15.6,8858.72
2021-07-23,1,2,220,43.06,0,0,15.9,9473.2
2021-07-24,1,2,237,43.13,0,0,14.6,10221.81
2021-07-25,1,2,275,45.86,0,0,14.5,12611.5
2021-07-26,1,2,230,44.49,0,0,17.1,10232.7
2021-07-27,1,2,218,43.98,0,0,16.1,9587.64
2021-07-28,1,2,198,42.43,0,0,17.0,8401.14
2021-07-29,1,2,197,46.05,0,0,17.5,9071.85
2021-07-30,1,2,234,44.38,0,0,15.6,10384.92
2021-07-31,1,2,287,42.81,0,0,13.1,12286.47
2021-08-01,1,2,267,43.1,0,0,14.8,11507.7
2021-08-02,1,2,217,45.7,0,0,10.8,9916.9
2021-08-03,1,2,214,43.97,0,0,13.2,9409.58
2021-08-04,1,2,202,44.97,0,0,18.3,9083.94
2021-08-05,1,2,209,44.77,0,0,14.8,9356.93
2021-08-06,1,2,204,42.69,0,0,16.1,8708.76
2021-08-07,1,2,359,36.25,1,0,15.9,13013.75
2021-08-08,1,2,250,44.72,0,0,9.4,11180.0
2021-08-09,1,2,185,46.62,0,0,16.1,8624.7
2021-08-10,1,2,194,43.34,0,0,13.6,8407.96
2021-08-11,1,2,181,42.41,0,0,14.6,7676.21
2021-08-12,1,2,192,46.48,0,0,12.4,8924.16
2021-08-13,1,2,193,45.73,0,0,11.8,8825.89
2021-08-14,1,2,276,43.85,0,0,15.9,12102.6
2021-08-15,1,2,270,43.77,0,0,12.6,11817.9
2021-08-16,1,2,179,44.67,0,0,13.6,7995.93
2021-08-17,1,2,182,44.19,0,0,13.6,8042.58
2021-08-18,1,2,176,44.8,0,0,12.2,7884.8
2021-08-19,1,2,202,46.78,0,0,10.7,9449.56
2021-08-20,1,2,180,44.95,0,0,8.2,8091.0
2021-08-21,1,2,217,45.41,0,0,11.4,9853.97
2021-08-22,1,2,236,43.29,0,0,11.8,10216.44
2021-08-23,1,2,156,46.16,0,0,9.8,7200.96
2021-08-24,1,2,161,45.76,0,0,10.7,7367.36
2021-08-25,1,2,157,42.41,0,0,7.9,6658.37
2021-08-26,1,2,190,45.08,0,0,8.8,8565.2
2021-08-27,1,2,197,45.18,0,0,10.9,8900.46
2021-08-28,1,2,216,42.69,0,0,11.4,9221.04
2021-08-29,1,2,217,46.33,0,0,10.8,10053.61
2021-08-30,1,2,166,43.07,0,0,11.2,7149.62
2021-08-31,1,2,153,43.18,0,0,6.8,6606.54
2021-09-01,1,2,161,43.1,0,0,7.6,6939.1
2021-09-02,1,2,178,42.49,0,0,8.6,7563.22
2021-09-03,1,2,182,42.98,0,0,10.8,7822.36
2021-09-04,1,2,187,45.76,0,0,10.9,8557.12
2021-09-05,1,2,210,45.6,0,0,11.6,9576.0
2021-09-06,1,2,241,43.72,0,1,4.2,10536.52
2021-09-07,1,2,178,45.93,0,0,8.9,8175.54
2021-09-08,1,2,265,39.52,1,0,8.6,10472.8
2021-09-09,1,2,189,44.78,0,0,9.3,8463.42
2021-09-10,1,2,162,44.85,0,0,6.5,7265.7
2021-09-11,1,2,312,38.73,1,0,8.9,12083.76
2021-09-12,1,2,220,45.31,0,0,7.0,9968.2
2021-09-13,1,2,178,46.13,0,0,10.6,8211.14
2021-09-14,1,2,238,38.48,1,0,2.0,9158.24
2021-09-15,1,2,283,38.96,1,0,5.3,11025.68
2021-09-16,1,2,175,43.21,0,0,5.4,7561.75
2021-09-17,1,2,211,37.04,1,0,4.4,7815.44
2021-09-18,1,2,330,39.07,1,0,6.9,12893.1
2021-09-19,1,2,180,42.77,0,0,5.2,7698.6
2021-09-20,1,2,165,44.39,0,0,7.5,7324.35
2021-09-21,1,2,173,43.31,0,0,4.1,7492.63
2021-09-22,1,2,162,45.74,0,0,6.5,7409.88
2021-09-23,1,2,255,36.84,1,0,6.7,9394.2
2021-09-24,1,2,166,45.34,0,0,3.0,7526.44
2021-09-25,1,2,168,44.02,0,0,2.8,7395.36
2021-09-26,1,2,210,43.14,0,0,2.7,9059.4
2021-09-27,1,2,185,46.28,0,0,6.9,8561.8
2021-09-28,1,2,150,44.28,0,0,4.5,6642.0
2021-09-29,1,2,225,39.43,1,0,5.2,8871.75
2021-09-30,1,2,228,38.89,1,0,5.5,8866.92
2021-10-01,1,2,169,46.22,0,0,3.0,7811.18
2021-10-02,1,2,226,42.69,0,0,4.2,9647.94
2021-10-03,1,2,218,46.44,0,0,1.2,10123.92
2021-10-04,1,2,261,38.13,1,0,3.3,9951.93
2021-10-05,1,2,177,43.29,0,0,5.1,7662.33
2021-10-06,1,2,150,42.85,0,0,4.4,6427.5
2021-10-07,1,2,215,39.08,1,0,4.1,8402.2
2021-10-08,1,2,176,46.45,0,0,4.8,8175.2
2021-10-09,1,2,202,45.44,0,0,4.4,9178.88
2021-10-10,1,2,233,45.14,0,0,5.0,10517.62
2021-10-11,1,2,163,45.62,0,0,3.3,7436.06
2021-10-12,1,2,168,45.44,0,0,5.5,7633.92
2021-10-13,1,2,156,46.73,0,0,5.1,7289.88
2021-10-14,1,2,245,38.9,1,0,4.4,9530.5
2021-10-15,1,2,168,44.61,0,0,0.1,7494.48
2021-10-16,1,2,287,38.87,1,0,5.3,11155.69
2021-10-17,1,2,219,44.0,0,0,-0.7,9636.0
2021-10-18,1,2,130,45.98,0,0,3.3,5977.4
2021-10-19,1,2,173,43.4,0,0,4.0,7508.2
2021-10-20,1,2,162,45.63,0,0,4.6,7392.06
2021-10-21,1,2,184,44.48,0,0,0.1,8184.32
2021-10-22,1,2,147,46.33,0,0,3.9,6810.51
2021-10-23,1,2,225,46.06,0,0,2.0,10363.5
2021-10-24,1,2,179,45.85,0,0,3.1,8207.15
2021-10-25,1,2,176,45.35,0,0,2.5,7981.6
2021-10-26,1,2,185,45.8,0,0,3.7,8473.0
2021-10-27,1,2,163,45.55,0,0,1.9,7424.65
2021-10-28,1,2,283,36.33,1,0,2.0,10281.39
2021-10-29,1,2,179,45.95,0,0,4.7,8225.05
2021-10-30,1,2,251,44.23,0,0,1.3,11101.73
2021-10-31,1,2,188,43.18,0,0,5.7,8117.84
2021-11-01,1,2,256,43.51,0,0,2.3,11138.56
2021-11-02,1,2,309,43.74,0,0,7.4,13515.66
2021-11-03,1,2,269,42.83,0,0,-0.7,11521.27
2021-11-04,1,2,304,43.29,0,0,3.1,13160.16
2021-11-05,1,2,285,44.94,0,0,3.9,12807.9
2021-11-06,1,2,328,43.38,0,0,-3.2,14228.64
2021-11-07,1,2,424,46.26,0,0,2.6,19614.24
2021-11-08,1,2,272,46.07,0,0,4.1,12531.04
2021-11-09,1,2,301,43.53,0,0,9.5,13102.53
2021-11-10,1,2,398,38.6,1,0,5.5,15362.8
2021-11-11,1,2,236,42.98,0,0,6.0,10143.28
2021-11-12,1,2,279,42.94,0,0,4.2,11980.26
2021-11-13,1,2,308,45.11,0,0,4.8,13893.88
2021-11-14,1,2,377,43.79,0,0,4.4,16508.83
2021-11-15,1,2,247,44.6,0,0,1.9,11016.2
2021-11-16,1,2,300,46.17,0,0,5.7,13851.0
2021-11-17,1,2,271,44.71,0,0,1.8,12116.41
2021-11-18,1,2,360,39.23,1,0,4.7,14122.8
2021-11-19,1,2,490,36.57,1,0,2.7,17919.3
2021-11-20,1,2,366,45.24,0,0,6.1,16557.84
2021-11-21,1,2,369,46.69,0,0,8.9,17228.61
2021-11-22,1,2,300,43.58,0,0,6.5,13074.0
2021-11-23,1,2,292,46.28,0,0,1.6,13513.76
2021-11-24,1,2,299,45.74,0,0,5.1,13676.26
2021-11-25,1,2,425,46.06,0,1,6.4,19575.5
2021-11-26,1,2,438,46.83,0,1,2.2,20511.54
2021-11-27,1,2,449,44.87,0,0,2.7,20146.63
2021-11-28,1,2,367,46.14,0,0,5.8,16933.38
2021-11-29,1,2,299,46.05,0,0,2.6,13768.95
2021-11-30,1,2,294,45.38,0,0,8.4,13341.72
2021-12-01,1,2,323,44.44,0,0,6.2,14354.12
2021-12-02,1,2,460,38.11,1,0,5.5,17530.6
2021-12-03,1,2,279,42.47,0,0,4.5,11849.13
2021-12-04,1,2,407,45.5,0,0,10.1,18518.5
2021-12-05,1,2,376,45.17,0,0,5.6,16983.92
2021-12-06,1,2,295,44.79,0,0,1.3,13213.05
2021-12-07,1,2,298,45.78,0,0,2.5,13642.44
2021-12-08,1,2,312,44.64,0,0,6.5,13927.68
2021-12-09,1,2,339,45.38,0,0,8.5,15383.82
2021-12-10,1,2,517,37.88,1,0,7.1,19583.96
2021-12-11,1,2,377,46.46,0,0,7.5,17515.42
2021-12-12,1,2,442,46.05,0,0,8.4,20354.1
2021-12-13,1,2,299,42.93,0,0,5.2,12836.07
2021-12-14,1,2,311,44.63,0,0,5.7,13879.93
2021-12-15,1,2,341,46.23,0,0,6.8,15764.43
2021-12-16,1,2,335,45.2,0,0,4.0,15142.0
2021-12-17,1,2,434,38.87,1,0,9.1,16869.58
2021-12-18,1,2,405,43.0,0,0,6.8,17415.0
2021-12-19,1,2,471,43.08,0,0,11.0,20290.68
2021-12-20,1,2,330,44.05,0,0,10.6,14536.5
2021-12-21,1,2,331,46.84,0,0,7.4,15504.04
2021-12-22,1,2,355,43.39,0,0,8.4,15403.45
2021-12-23,1,2,342,45.88,0,0,7.4,15690.96
2021-12-24,1,2,584,43.59,0,1,8.0,25456.56
2021-12-25,1,2,682,46.19,0,1,11.3,31501.58
2021-12-26,1,2,563,38.21,1,0,8.8,21512.23
2021-12-27,1,2,351,44.2,0,0,7.8,15514.2
2021-12-28,1,2,396,46.29,0,0,6.1,18330.84
2021-12-29,1,2,323,43.01,0,0,10.5,13892.23
2021-12-30,1,2,479,39.12,1,0,8.4,18738.48
2021-12-31,1,2,308,42.71,0,0,6.8,13154.68
2022-01-01,1,2,485,44.96,0,1,5.6,21805.6
2022-01-02,1,2,422,36.96,1,0,5.8,15597.12
2022-01-03,1,2,239,42.92,0,0,16.0,10257.88
2022-01-04,1,2,273,44.08,0,0,8.6,12033.84
2022-01-05,1,2,256,43.03,0,0,8.2,11015.68
2022-01-06,1,2,231,46.13,0,0,9.4,10656.03
2022-01-07,1,2,297,42.98,0,0,14.2,12765.06
2022-01-08,1,2,310,44.11,0,0,10.8,13674.1
2022-01-09,1,2,344,45.81,0,0,10.4,15758.64
2022-01-10,1,2,296,42.41,0,0,10.2,12553.36
2022-01-11,1,2,257,43.93,0,0,9.6,11290.01
2022-01-12,1,2,266,44.79,0,0,6.4,11914.14
2022-01-13,1,2,269,45.64,0,0,11.9,12277.16
2022-01-14,1,2,227,46.67,0,0,12.2,10594.09
2022-01-15,1,2,317,43.25,0,0,12.4,13710.25
2022-01-16,1,2,498,38.51,1,0,12.0,19177.98
2022-01-17,1,2,292,45.68,0,0,13.4,13338.56
2022-01-18,1,2,248,43.67,0,0,13.4,10830.16
2022-01-19,1,2,455,36.06,1,0,11.0,16407.3
2022-01-20,1,2,306,43.93,0,0,15.1,13442.58
2022-01-21,1,2,282,45.09,0,0,12.9,12715.38
2022-01-22,1,2,319,44.3,0,0,13.5,14131.7
2022-01-23,1,2,383,46.83,0,0,14.3,17935.89
2022-01-24,1,2,321,44.33,0,0,13.2,14229.93
2022-01-25,1,2,283,45.35,0,0,12.4,12834.05
2022-01-26,1,2,341,43.58,0,0,11.5,14860.78
2022-01-27,1,2,311,43.01,0,0,16.1,13376.11
2022-01-28,1,2,313,44.26,0,0,13.1,13853.38
2022-01-29,1,2,334,46.82,0,0,14.6,15637.88
2022-01-30,1,2,389,43.23,0,0,13.9,16816.47
2022-01-31,1,2,292,43.7,0,0,14.2,12760.4
2022-02-01,1,2,303,45.75,0,0,15.6,13862.25
2022-02-02,1,2,340,43.1,0,0,16.9,14654.0
2022-02-03,1,2,274,44.35,0,0,13.7,12151.9
2022-02-04,1,2,322,43.06,0,0,16.2,13865.32
2022-02-05,1,2,545,37.76,1,0,13.3,20579.2
2022-02-06,1,2,315,46.06,0,0,14.2,14508.9
2022-02-07,1,2,273,44.28,0,0,18.1,12088.44
2022-02-08,1,2,291,45.26,0,0,14.3,13170.66
2022-02-09,1,2,544,36.39,1,0,19.0,19796.16
2022-02-10,1,2,335,44.09,0,0,16.6,14770.15
2022-02-11,1,2,298,44.0,0,0,18.1,13112.0
2022-02-12,1,2,383,42.9,0,0,20.3,16430.7
2022-02-13,1,2,384,43.02,0,0,18.2,16519.68
2022-02-14,1,2,489,46.15,0,1,15.4,22567.35
2022-02-15,1,2,304,42.53,0,0,22.3,12929.12
2022-02-16,1,2,341,42.52,0,0,17.9,14499.32
2022-02-17,1,2,338,45.33,0,0,21.2,15321.54
2022-02-18,1,2,316,44.14,0,0,20.6,13948.24
2022-02-19,1,2,424,44.66,0,0,16.9,18935.84
2022-02-20,1,2,397,45.62,0,0,22.6,18111.14
2022-02-21,1,2,373,42.99,0,0,21.3,16035.27
2022-02-22,1,2,310,43.65,0,0,15.5,13531.5
2022-02-23,1,2,308,45.63,0,0,17.5,14054.04
2022-02-24,1,2,371,43.96,0,0,16.7,16309.16
2022-02-25,1,2,299,46.65,0,0,20.8,13948.35
2022-02-26,1,2,411,44.78,0,0,23.6,18404.58
2022-02-27,1,2,432,43.43,0,0,20.4,18761.76
2022-02-28,1,2,364,45.07,0,0,20.1,16405.48
2022-03-01,1,2,375,44.2,0,0,19.4,16575.0
2022-03-02,1,2,261,45.73,0,0,21.2,11935.53
2022-03-03,1,2,280,43.08,0,0,23.3,12062.4
2022-03-04,1,2,338,46.34,0,0,24.9,15662.92
2022-03-05,1,2,410,46.66,0,0,19.0,19130.6
2022-03-06,1,2,434,45.85,0,0,20.9,19898.9
2022-03-07,1,2,357,43.62,0,0,20.5,15572.34
2022-03-08,1,2,375,43.96,0,0,22.4,16485.0
2022-03-09,1,2,334,46.28,0,0,25.1,15457.52
2022-03-10,1,2,363,44.87,0,0,21.2,16287.81
2022-03-11,1,2,363,43.67,0,0,24.1,15852.21
2022-03-12,1,2,421,43.7,0,0,24.6,18397.7
2022-03-13,1,2,472,45.34,0,0,23.0,21400.48
2022-03-14,1,2,339,43.63,0,0,23.0,14790.57
2022-03-15,1,2,321,43.01,0,0,23.3,13806.21
2022-03-16,1,2,336,45.09,0,0,23.1,15150.24
2022-03-17,1,2,335,44.89,0,0,21.5,15038.15
2022-03-18,1,2,371,42.41,0,0,22.7,15734.11
2022-03-19,1,2,478,46.7,0,0,22.1,22322.6
2022-03-20,1,2,488,42.48,0,0,23.4,20730.24
2022-03-21,1,2,368,44.79,0,0,24.5,16482.72
2022-03-22,1,2,310,46.32,0,0,22.0,14359.2
2022-03-23,1,2,326,45.39,0,0,23.7,14797.14
2022-03-24,1,2,407,37.54,1,0,26.8,15278.78
2022-03-25,1,2,336,44.37,0,0,20.6,14908.32
2022-03-26,1,2,534,44.14,0,0,24.5,23570.76
2022-03-27,1,2,484,44.97,0,0,20.5,21765.48
2022-03-28,1,2,413,46.03,0,0,22.7,19010.39
2022-03-29,1,2,308,44.5,0,0,23.2,13706.0
2022-03-30,1,2,319,43.67,0,0,28.2,13930.73
2022-03-31,1,2,328,45.74,0,0,21.6,15002.72
2022-04-01,1,2,346,45.59,0,0,24.3,15774.14
2022-04-02,1,2,404,43.59,0,0,23.4,17610.36
2022-04-03,1,2,501,46.27,0,0,24.9,23181.27
2022-04-04,1,2,303,44.94,0,0,28.1,13616.82
2022-04-05,1,2,607,36.98,1,0,29.7,22446.86
2022-04-06,1,2,328,46.28,0,0,27.8,15179.84
2022-04-07,1,2,336,43.54,0,0,25.0,14629.44
2022-04-08,1,2,609,38.57,1,0,28.1,23489.13
2022-04-09,1,2,477,42.46,0,0,25.6,20253.42
2022-04-10,1,2,372,45.02,0,0,27.0,16747.44
2022-04-11,1,2,376,46.32,0,0,25.8,17416.32
2022-04-12,1,2,566,38.28,1,0,28.7,21666.48
2022-04-13,1,2,335,43.2,0,0,26.4,14472.0
2022-04-14,1,2,319,45.67,0,0,25.3,14568.73
2022-04-15,1,2,336,46.73,0,0,28.0,15701.28
2022-04-16,1,2,652,39.84,1,0,27.3,25975.68
2022-04-17,1,2,634,37.08,1,0,30.1,23508.72
2022-04-18,1,2,314,44.41,0,0,27.9,13944.74
2022-04-19,1,2,327,44.66,0,0,25.4,14603.82
2022-04-20,1,2,291,46.52,0,0,27.4,13537.32
2022-04-21,1,2,328,42.56,0,0,28.3,13959.68
2022-04-22,1,2,352,46.26,0,0,29.8,16283.52
2022-04-23,1,2,403,43.12,0,0,26.7,17377.36
2022-04-24,1,2,434,46.31,0,0,30.7,20098.54
2022-04-25,1,2,368,42.93,0,0,24.9,15798.24
2022-04-26,1,2,365,44.97,0,0,27.0,16414.05
2022-04-27,1,2,330,45.53,0,0,26.1,15024.9
2022-04-28,1,2,304,44.34,0,0,30.5,13479.36
2022-04-29,1,2,307,46.69,0,0,23.8,14333.83
2022-04-30,1,2,461,43.2,0,0,30.8,19915.2
2022-05-01,1,2,414,46.72,0,0,21.7,19342.08
2022-05-02,1,2,330,45.5,0,0,28.9,15015.0
2022-05-03,1,2,364,43.6,0,0,25.2,15870.4
2022-05-04,1,2,325,42.91,0,0,27.7,13945.75
2022-05-05,1,2,353,42.87,0,0,28.5,15133.11
2022-05-06,1,2,344,42.45,0,0,29.4,14602.8
2022-05-07,1,2,410,42.9,0,0,30.2,17589.0
2022-05-08,1,2,393,46.2,0,0,28.5,18156.6
2022-05-09,1,2,317,43.62,0,0,26.8,13827.54
2022-05-10,1,2,328,46.46,0,0,26.1,15238.88
2022-05-11,1,2,357,45.53,0,0,26.3,16254.21
2022-05-12,1,2,506,39.05,1,0,27.1,19759.3
2022-05-13,1,2,359,45.95,0,0,27.3,16496.05
2022-05-14,1,2,590,37.33,1,0,26.6,22024.7
2022-05-15,1,2,524,39.52,1,0,25.3,20708.48
2022-05-16,1,2,363,45.39,0,0,25.5,16476.57
2022-05-17,1,2,317,45.08,0,0,25.0,14290.36
2022-05-18,1,2,306,43.89,0,0,26.4,13430.34
2022-05-19,1,2,266,43.54,0,0,28.2,11581.64
2022-05-20,1,2,371,43.26,0,0,29.3,16049.46
2022-05-21,1,2,415,44.68,0,0,28.3,18542.2
2022-05-22,1,2,394,44.35,0,0,27.0,17473.9
2022-05-23,1,2,491,39.41,1,0,22.3,19350.31
2022-05-24,1,2,281,43.98,0,0,26.9,12358.38
2022-05-25,1,2,335,44.53,0,0,28.2,14917.55
2022-05-26,1,2,584,37.77,1,0,26.7,22057.68
2022-05-27,1,2,249,45.63,0,0,25.2,11361.87
2022-05-28,1,2,429,46.77,0,0,28.6,20064.33
2022-05-29,1,2,345,43.15,0,0,25.0,14886.75
2022-05-30,1,2,318,43.09,0,0,27.7,13702.62
2022-05-31,1,2,450,45.2,0,1,28.8,20340.0
2022-06-01,1,2,277,45.19,0,0,23.2,12517.63
2022-06-02,1,2,296,44.27,0,0,25.4,13103.92
2022-06-03,1,2,292,42.56,0,0,24.8,12427.52
2022-06-04,1,2,318,46.0,0,0,24.1,14628.0
2022-06-05,1,2,386,42.84,0,0,22.9,16536.24
2022-06-06,1,2,442,37.3,1,0,27.8,16486.6
2022-06-07,1,2,281,42.44,0,0,25.8,11925.64
2022-06-08,1,2,485,37.77,1,0,23.7,18318.45
2022-06-09,1,2,410,39.5,1,0,26.1,16195.0
2022-06-10,1,2,490,37.61,1,0,27.7,18428.9
2022-06-11,1,2,543,38.61,1,0,23.7,20965.23
2022-06-12,1,2,327,44.53,0,0,25.8,14561.31
2022-06-13,1,2,298,45.01,0,0,25.3,13412.98
2022-06-14,1,2,279,44.12,0,0,25.0,12309.48
2022-06-15,1,2,224,45.63,0,0,23.5,10221.12
2022-06-16,1,2,317,42.68,0,0,23.6,13529.56
2022-06-17,1,2,302,45.61,0,0,23.0,13774.22
2022-06-18,1,2,384,45.59,0,0,21.8,17506.56
2022-06-19,1,2,357,45.85,0,0,21.9,16368.45
2022-06-20,1,2,280,44.22,0,0,22.0,12381.6
2022-06-21,1,2,273,46.35,0,0,22.1,12653.55
2022-06-22,1,2,286,44.3,0,0,23.7,12669.8
2022-06-23,1,2,256,43.91,0,0,21.2,11240.96
2022-06-24,1,2,250,45.23,0,0,20.3,11307.5
2022-06-25,1,2,354,45.34,0,0,20.4,16050.36
2022-06-26,1,2,341,44.97,0,0,21.1,15334.77
2022-06-27,1,2,389,38.87,1,0,26.6,15120.43
2022-06-28,1,2,259,46.75,0,0,21.0,12108.25
2022-06-29,1,2,276,45.24,0,0,19.5,12486.24
2022-06-30,1,2,269,46.83,0,0,17.9,12597.27
2022-07-01,1,2,243,42.76,0,0,25.9,10390.68
2022-07-02,1,2,333,46.66,0,0,22.0,15537.78
2022-07-03,1,2,282,44.22,0,0,20.1,12470.04
2022-07-04,1,2,403,43.87,0,1,23.5,17679.61
2022-07-05,1,2,365,36.37,1,0,21.5,13275.05
2022-07-06,1,2,227,44.71,0,0,19.2,10149.17
2022-07-07,1,2,266,45.44,0,0,23.4,12087.04
2022-07-08,1,2,278,43.41,0,0,19.7,12067.98
2022-07-09,1,2,476,36.46,1,0,21.9,17354.96
2022-07-10,1,2,308,45.98,0,0,17.4,14161.84
2022-07-11,1,2,233,43.58,0,0,15.3,10154.14
2022-07-12,1,2,269,43.84,0,0,17.8,11792.96
2022-07-13,1,2,247,42.96,0,0,21.0,10611.12
2022-07-14,1,2,327,37.41,1,0,18.4,12233.07
2022-07-15,1,2,210,44.54,0,0,19.7,9353.4
2022-07-16,1,2,316,46.81,0,0,16.2,14791.96
2022-07-17,1,2,325,45.38,0,0,20.9,14748.5
2022-07-18,1,2,229,43.96,0,0,18.4,10066.84
2022-07-19,1,2,242,45.76,0,0,16.8,11073.92
2022-07-20,1,2,225,43.89,0,0,18.6,9875.25
2022-07-21,1,2,235,43.78,0,0,14.7,10288.3
2022-07-22,1,2,253,44.97,0,0,16.2,11377.41
2022-07-23,1,2,311,46.45,0,0,15.5,14445.95
2022-07-24,1,2,455,37.92,1,0,17.6,17253.6
2022-07-25,1,2,221,45.86,0,0,14.0,10135.06
2022-07-26,1,2,206,46.38,0,0,13.7,9554.28
2022-07-27,1,2,238,45.22,0,0,13.6,10762.36
2022-07-28,1,2,210,44.86,0,0,12.2,9420.6
2022-07-29,1,2,190,43.19,0,0,17.0,8206.1
2022-07-30,1,2,275,44.92,0,0,15.4,12353.0
2022-07-31,1,2,258,45.86,0,0,12.0,11831.88
2022-08-01,1,2,203,44.91,0,0,14.7,9116.73
2022-08-02,1,2,221,45.91,0,0,16.9,10146.11
2022-08-03,1,2,222,43.63,0,0,15.2,9685.86
2022-08-04,1,2,208,45.07,0,0,14.8,9374.56
2022-08-05,1,2,273,37.02,1,0,12.8,10106.46
2022-08-06,1,2,235,46.15,0,0,16.0,10845.25
2022-08-07,1,2,278,45.72,0,0,8.5,12710.16
2022-08-08,1,2,180,44.76,0,0,13.9,8056.8
2022-08-09,1,2,183,42.64,0,0,13.3,7803.12
2022-08-10,1,2,192,46.76,0,0,12.8,8977.92
2022-08-11,1,2,186,46.72,0,0,12.7,8689.92
2022-08-12,1,2,253,39.79,1,0,6.5,10066.87
2022-08-13,1,2,270,42.85,0,0,11.8,11569.5
2022-08-14,1,2,244,45.14,0,0,11.4,11014.16
2022-08-15,1,2,311,36.51,1,0,13.0,11354.61
2022-08-16,1,2,173,45.7,0,0,12.0,7906.1
2022-08-17,1,2,200,43.28,0,0,11.9,8656.0
2022-08-18,1,2,208,44.11,0,0,13.8,9174.88
2022-08-19,1,2,188,46.78,0,0,12.8,8794.64
2022-08-20,1,2,227,42.96,0,0,11.3,9751.92
2022-08-21,1,2,231,45.01,0,0,10.1,10397.31
2022-08-22,1,2,189,43.62,0,0,8.6,8244.18
2022-08-23,1,2,201,45.62,0,0,9.7,9169.62
2022-08-24,1,2,199,45.37,0,0,8.6,9028.63
2022-08-25,1,2,179,45.96,0,0,8.0,8226.84
2022-08-26,1,2,168,42.92,0,0,8.4,7210.56
