data/raw/retail_sales.csv
date,store_id,dept_id,units_sold,unit_price,is_promo,is_holiday,temperature_c,revenue
2022-08-27,1,2,213,45.95,0,0,7.7,9787.35
2022-08-28,1,2,228,45.73,0,0,10.8,10426.44
2022-08-29,1,2,191,44.55,0,0,6.1,8509.05
2022-08-30,1,2,177,45.42,0,0,8.5,8039.34
2022-08-31,1,2,199,43.45,0,0,8.6,8646.55
2022-09-01,1,2,178,44.96,0,0,6.1,8002.88
2022-09-02,1,2,167,45.27,0,0,5.8,7560.09
2022-09-03,1,2,223,46.68,0,0,11.3,10409.64
2022-09-04,1,2,208,46.0,0,0,7.9,9568.0
2022-09-05,1,2,164,43.43,0,0,7.0,7122.52
2022-09-06,1,2,265,46.67,0,1,11.9,12367.55
2022-09-07,1,2,194,43.82,0,0,11.2,8501.08
2022-09-08,1,2,187,44.41,0,0,7.2,8304.67
2022-09-09,1,2,169,43.78,0,0,6.0,7398.82
2022-09-10,1,2,175,45.58,0,0,6.9,7976.5
2022-09-11,1,2,240,45.82,0,0,10.0,10996.8
2022-09-12,1,2,205,43.92,0,0,7.4,9003.6
2022-09-13,1,2,155,44.9,0,0,9.7,6959.5
2022-09-14,1,2,178,46.01,0,0,10.6,8189.78
2022-09-15,1,2,192,43.27,0,0,5.6,8307.84
2022-09-16,1,2,155,44.95,0,0,4.2,6967.25
2022-09-17,1,2,201,45.61,0,0,5.2,9167.61
2022-09-18,1,2,207,44.65,0,0,7.5,9242.55
2022-09-19,1,2,165,44.0,0,0,6.1,7260.0
2022-09-20,1,2,280,37.28,1,0,5.4,10438.4
2022-09-21,1,2,178,44.0,0,0,2.5,7832.0
2022-09-22,1,2,166,43.85,0,0,4.4,7279.1
2022-09-23,1,2,163,43.61,0,0,4.1,7108.43
2022-09-24,1,2,218,46.67,0,0,5.5,10174.06
2022-09-25,1,2,230,45.49,0,0,6.7,10462.7
2022-09-26,1,2,331,37.57,1,0,4.6,12435.67
2022-09-27,1,2,263,37.99,1,0,4.2,9991.37
2022-09-28,1,2,151,46.04,0,0,3.2,6952.04
2022-09-29,1,2,150,43.63,0,0,7.0,6544.5
2022-09-30,1,2,194,44.74,0,0,4.9,8679.56
2022-10-01,1,2,221,42.52,0,0,6.5,9396.92
2022-10-02,1,2,239,43.76,0,0,8.4,10458.64
2022-10-03,1,2,143,45.11,0,0,3.2,6450.73
2022-10-04,1,2,168,44.56,0,0,2.9,7486.08
2022-10-05,1,2,164,45.54,0,0,5.0,7468.56
2022-10-06,1,2,139,46.33,0,0,4.9,6439.87
2022-10-07,1,2,181,44.79,0,0,4.1,8106.99
2022-10-08,1,2,172,44.8,0,0,3.2,7705.6
2022-10-09,1,2,216,45.58,0,0,5.9,9845.28
2022-10-10,1,2,180,44.84,0,0,3.6,8071.2
2022-10-11,1,2,160,43.83,0,0,3.6,7012.8
2022-10-12,1,2,146,46.24,0,0,2.5,6751.04
2022-10-13,1,2,215,38.91,1,0,3.2,8365.65
2022-10-14,1,2,187,45.71,0,0,4.6,8547.77
2022-10-15,1,2,290,39.58,1,0,4.1,11478.2
2022-10-16,1,2,223,44.97,0,0,5.4,10028.31
2022-10-17,1,2,174,46.1,0,0,3.1,8021.4
2022-10-18,1,2,156,45.47,0,0,0.5,7093.32
2022-10-19,1,2,174,44.44,0,0,3.9,7732.56
2022-10-20,1,2,180,44.78,0,0,1.6,8060.4
2022-10-21,1,2,293,37.54,1,0,2.8,10999.22
2022-10-22,1,2,211,45.16,0,0,1.6,9528.76
2022-10-23,1,2,275,46.74,0,0,0.3,12853.5
2022-10-24,1,2,162,42.57,0,0,2.7,6896.34
2022-10-25,1,2,198,43.96,0,0,5.0,8704.08
2022-10-26,1,2,170,44.31,0,0,5.5,7532.7
2022-10-27,1,2,202,45.34,0,0,3.4,9158.68
2022-10-28,1,2,179,44.58,0,0,2.8,7979.82
2022-10-29,1,2,215,43.68,0,0,3.0,9391.2
2022-10-30,1,2,330,37.33,1,0,6.6,12318.9
2022-10-31,1,2,178,42.57,0,0,2.0,7577.46
2022-11-01,1,2,315,44.59,0,0,2.8,14045.85
2022-11-02,1,2,286,43.64,0,0,3.7,12481.04
2022-11-03,1,2,291,46.41,0,0,4.2,13505.31
2022-11-04,1,2,302,43.16,0,0,1.9,13034.32
2022-11-05,1,2,328,43.73,0,0,1.1,14343.44
2022-11-06,1,2,396,44.85,0,0,2.7,17760.6
2022-11-07,1,2,549,37.37,1,0,4.2,20516.13
2022-11-08,1,2,278,42.68,0,0,5.7,11865.04
2022-11-09,1,2,275,42.98,0,0,2.6,11819.5
2022-11-10,1,2,296,42.47,0,0,1.3,12571.12
2022-11-11,1,2,256,46.41,0,0,3.1,11880.96
2022-11-12,1,2,387,43.54,0,0,4.4,16849.98
2022-11-13,1,2,346,42.46,0,0,0.8,14691.16
2022-11-14,1,2,274,43.35,0,0,2.7,11877.9
2022-11-15,1,2,271,45.06,0,0,4.2,12211.26
2022-11-16,1,2,338,46.32,0,0,7.1,15656.16
2022-11-17,1,2,375,37.12,1,0,-1.2,13920.0
2022-11-18,1,2,312,46.83,0,0,4.4,14610.96
2022-11-19,1,2,362,46.12,0,0,2.7,16695.44
2022-11-20,1,2,376,42.45,0,0,3.1,15961.2
2022-11-21,1,2,500,39.52,1,0,3.9,19760.0
2022-11-22,1,2,333,43.09,0,0,5.0,14348.97
2022-11-23,1,2,293,44.05,0,0,2.7,12906.65
2022-11-24,1,2,354,43.81,0,0,5.2,15508.74
2022-11-25,1,2,410,44.81,0,1,2.1,18372.1
2022-11-26,1,2,683,45.32,0,1,2.7,30953.56
2022-11-27,1,2,360,46.45,0,0,6.8,16722.0
2022-11-28,1,2,460,39.01,1,0,7.5,17944.6
2022-11-29,1,2,341,43.98,0,0,2.8,14997.18
2022-11-30,1,2,326,44.55,0,0,5.1,14523.3
2022-12-01,1,2,311,44.65,0,0,4.8,13886.15
2022-12-02,1,2,303,45.93,0,0,4.6,13916.79
2022-12-03,1,2,567,39.64,1,0,3.5,22475.88
2022-12-04,1,2,374,43.89,0,0,5.1,16414.86
2022-12-05,1,2,310,44.64,0,0,2.7,13838.4
2022-12-06,1,2,300,44.78,0,0,0.1,13434.0
2022-12-07,1,2,364,45.18,0,0,8.0,16445.52
2022-12-08,1,2,345,42.67,0,0,3.4,14721.15
2022-12-09,1,2,330,46.29,0,0,4.9,15275.7
2022-12-10,1,2,408,42.67,0,0,9.2,17409.36
2022-12-11,1,2,398,43.25,0,0,3.4,17213.5
2022-12-12,1,2,328,44.11,0,0,7.1,14468.08
2022-12-13,1,2,437,36.22,1,0,7.4,15828.14
2022-12-14,1,2,333,46.08,0,0,6.4,15344.64
2022-12-15,1,2,310,44.12,0,0,5.7,13677.2
2022-12-16,1,2,357,43.77,0,0,5.8,15625.89
2022-12-17,1,2,576,39.4,1,0,5.9,22694.4
2022-12-18,1,2,474,45.45,0,0,8.3,21543.3
2022-12-19,1,2,306,46.22,0,0,6.7,14143.32
2022-12-20,1,2,316,42.94,0,0,4.5,13569.04
2022-12-21,1,2,345,42.57,0,0,7.5,14686.65
2022-12-22,1,2,379,45.31,0,0,8.9,17172.49
2022-12-23,1,2,514,39.77,1,0,7.5,20441.78
2022-12-24,1,2,770,37.02,1,1,3.0,28505.4
2022-12-25,1,2,710,44.88,0,1,8.1,31864.8
2022-12-26,1,2,399,45.16,0,0,6.4,18018.84
2022-12-27,1,2,349,46.07,0,0,7.2,16078.43
2022-12-28,1,2,365,43.74,0,0,6.7,15965.1
2022-12-29,1,2,386,46.86,0,0,6.1,18087.96
2022-12-30,1,2,339,46.41,0,0,6.4,15732.99
2022-12-31,1,2,448,43.84,0,0,9.5,19640.32
2023-01-01,1,2,432,45.38,0,1,8.6,19604.16
2023-01-02,1,2,284,43.71,0,0,12.1,12413.64
2023-01-03,1,2,280,43.83,0,0,5.2,12272.4
2023-01-04,1,2,342,36.25,1,0,8.1,12397.5
2023-01-05,1,2,278,46.15,0,0,9.8,12829.7
2023-01-06,1,2,273,44.98,0,0,12.4,12279.54
2023-01-07,1,2,477,38.22,1,0,7.3,18230.94
2023-01-08,1,2,667,38.72,1,0,9.3,25826.24
2023-01-09,1,2,281,44.12,0,0,12.9,12397.72
2023-01-10,1,2,277,44.76,0,0,10.1,12398.52
2023-01-11,1,2,280,45.94,0,0,11.5,12863.2
2023-01-12,1,2,264,44.29,0,0,13.8,11692.56
2023-01-13,1,2,257,43.05,0,0,6.8,11063.85
2023-01-14,1,2,378,45.23,0,0,12.0,17096.94
2023-01-15,1,2,342,46.58,0,0,12.9,15930.36
2023-01-16,1,2,279,43.59,0,0,9.5,12161.61
2023-01-17,1,2,257,46.85,0,0,10.2,12040.45
2023-01-18,1,2,281,42.51,0,0,11.5,11945.31
2023-01-19,1,2,310,44.07,0,0,11.6,13661.7
2023-01-20,1,2,447,36.9,1,0,9.3,16494.3
2023-01-21,1,2,343,46.11,0,0,15.1,15815.73
2023-01-22,1,2,375,44.76,0,0,15.3,16785.0
2023-01-23,1,2,313,44.68,0,0,14.4,13984.84
2023-01-24,1,2,234,45.38,0,0,14.6,10618.92
2023-01-25,1,2,285,43.46,0,0,13.0,12386.1
2023-01-26,1,2,534,38.96,1,0,12.9,20804.64
2023-01-27,1,2,338,42.66,0,0,15.3,14419.08
2023-01-28,1,2,387,42.93,0,0,14.2,16613.91
2023-01-29,1,2,367,45.33,0,0,13.6,16636.11
2023-01-30,1,2,343,46.08,0,0,14.5,15805.44
2023-01-31,1,2,317,42.81,0,0,16.6,13570.77
2023-02-01,1,2,324,46.05,0,0,15.7,14920.2
2023-02-02,1,2,346,44.82,0,0,16.4,15507.72
2023-02-03,1,2,295,46.23,0,0,15.1,13637.85
2023-02-04,1,2,344,44.3,0,0,16.6,15239.2
2023-02-05,1,2,408,43.96,0,0,17.5,17935.68
2023-02-06,1,2,325,43.54,0,0,16.1,14150.5
2023-02-07,1,2,315,45.65,0,0,16.6,14379.75
2023-02-08,1,2,340,42.64,0,0,13.3,14497.6
2023-02-09,1,2,596,37.67,1,0,14.7,22451.32
2023-02-10,1,2,294,45.56,0,0,17.5,13394.64
2023-02-11,1,2,399,43.4,0,0,17.4,17316.6
2023-02-12,1,2,389,46.18,0,0,18.2,17964.02
2023-02-13,1,2,344,44.64,0,0,16.8,15356.16
2023-02-14,1,2,479,45.69,0,1,21.8,21885.51
2023-02-15,1,2,323,43.61,0,0,20.6,14086.03
2023-02-16,1,2,286,44.56,0,0,21.1,12744.16
2023-02-17,1,2,320,43.92,0,0,20.2,14054.4
2023-02-18,1,2,575,38.7,1,0,18.9,22252.5
2023-02-19,1,2,356,44.88,0,0,18.4,15977.28
2023-02-20,1,2,281,45.3,0,0,18.3,12729.3
2023-02-21,1,2,330,46.81,0,0,20.8,15447.3
2023-02-22,1,2,338,45.99,0,0,21.3,15544.62
2023-02-23,1,2,311,42.81,0,0,22.3,13313.91
2023-02-24,1,2,371,43.57,0,0,16.2,16164.47
2023-02-25,1,2,367,46.31,0,0,20.1,16995.77
2023-02-26,1,2,612,37.09,1,0,20.4,22699.08
2023-02-27,1,2,315,45.54,0,0,19.3,14345.1
2023-02-28,1,2,323,44.56,0,0,20.5,14392.88
2023-03-01,1,2,363,43.48,0,0,21.3,15783.24
2023-03-02,1,2,367,42.58,0,0,21.2,15626.86
2023-03-03,1,2,428,44.48,0,0,20.9,19037.44
2023-03-04,1,2,412,45.5,0,0,20.9,18746.0
2023-03-05,1,2,520,38.1,1,0,18.6,19812.0
2023-03-06,1,2,356,46.74,0,0,20.2,16639.44
2023-03-07,1,2,330,43.87,0,0,23.5,14477.1
2023-03-08,1,2,484,36.88,1,0,21.1,17849.92
2023-03-09,1,2,330,46.47,0,0,17.5,15335.1
2023-03-10,1,2,347,45.33,0,0,26.0,15729.51
2023-03-11,1,2,713,37.41,1,0,24.7,26673.33
2023-03-12,1,2,408,46.67,0,0,20.5,19041.36
2023-03-13,1,2,378,44.68,0,0,20.1,16889.04
2023-03-14,1,2,352,44.24,0,0,19.0,15572.48
2023-03-15,1,2,393,46.35,0,0,26.2,18215.55
2023-03-16,1,2,318,45.31,0,0,23.1,14408.58
2023-03-17,1,2,321,46.18,0,0,21.6,14823.78
2023-03-18,1,2,421,42.42,0,0,24.8,17858.82
2023-03-19,1,2,457,42.72,0,0,24.7,19523.04
2023-03-20,1,2,343,43.36,0,0,25.2,14872.48
2023-03-21,1,2,317,43.15,0,0,24.5,13678.55
2023-03-22,1,2,350,46.57,0,0,23.7,16299.5
2023-03-23,1,2,357,45.33,0,0,20.5,16182.81
2023-03-24,1,2,324,46.14,0,0,25.4,14949.36
2023-03-25,1,2,438,42.87,0,0,21.7,18777.06
2023-03-26,1,2,437,45.49,0,0,23.7,19879.13
2023-03-27,1,2,381,44.68,0,0,22.6,17023.08
2023-03-28,1,2,462,36.61,1,0,25.5,16913.82
2023-03-29,1,2,583,39.23,1,0,29.4,22871.09
2023-03-30,1,2,369,44.18,0,0,24.5,16302.42
2023-03-31,1,2,308,45.83,0,0,24.5,14115.64
2023-04-01,1,2,398,45.38,0,0,23.6,18061.24
2023-04-02,1,2,796,37.33,1,0,25.2,29714.68
2023-04-03,1,2,314,46.65,0,0,23.1,14648.1
2023-04-04,1,2,355,42.52,0,0,26.6,15094.6
2023-04-05,1,2,324,46.04,0,0,24.5,14916.96
2023-04-06,1,2,370,45.62,0,0,26.8,16879.4
2023-04-07,1,2,352,43.48,0,0,26.3,15304.96
2023-04-08,1,2,402,45.2,0,0,27.4,18170.4
2023-04-09,1,2,480,44.25,0,0,30.3,21240.0
2023-04-10,1,2,359,45.66,0,0,28.6,16391.94
2023-04-11,1,2,314,44.03,0,0,26.8,13825.42
2023-04-12,1,2,351,46.27,0,0,26.0,16240.77
2023-04-13,1,2,376,46.14,0,0,27.6,17348.64
2023-04-14,1,2,308,44.45,0,0,27.7,13690.6
2023-04-15,1,2,511,46.77,0,0,25.8,23899.47
2023-04-16,1,2,443,45.76,0,0,26.1,20271.68
2023-04-17,1,2,318,45.03,0,0,24.6,14319.54
2023-04-18,1,2,314,46.34,0,0,26.4,14550.76
2023-04-19,1,2,373,45.78,0,0,28.9,17075.94
2023-04-20,1,2,347,44.25,0,0,26.8,15354.75
2023-04-21,1,2,336,44.79,0,0,25.2,15049.44
2023-04-22,1,2,413,44.58,0,0,27.0,18411.54
2023-04-23,1,2,393,46.82,0,0,25.6,18400.26
2023-04-24,1,2,307,44.98,0,0,26.9,13808.86
2023-04-25,1,2,334,43.18,0,0,30.2,14422.12
2023-04-26,1,2,538,37.05,1,0,31.0,19932.9
2023-04-27,1,2,646,38.05,1,0,25.5,24580.3
2023-04-28,1,2,359,43.21,0,0,24.7,15512.39
2023-04-29,1,2,449,42.52,0,0,26.7,19091.48
2023-04-30,1,2,390,45.09,0,0,25.7,17585.1
2023-05-01,1,2,357,45.65,0,0,27.0,16297.05
2023-05-02,1,2,318,43.89,0,0,26.3,13957.02
2023-05-03,1,2,340,44.99,0,0,23.1,15296.6
2023-05-04,1,2,324,43.99,0,0,28.8,14252.76
2023-05-05,1,2,367,44.37,0,0,25.9,16283.79
2023-05-06,1,2,441,46.08,0,0,26.8,20321.28
2023-05-07,1,2,445,42.6,0,0,26.7,18957.0
2023-05-08,1,2,351,43.56,0,0,26.1,15289.56
2023-05-09,1,2,296,45.01,0,0,26.8,13322.96
2023-05-10,1,2,323,42.82,0,0,26.6,13830.86
2023-05-11,1,2,350,46.36,0,0,22.4,16226.0
2023-05-12,1,2,386,43.36,0,0,29.6,16736.96
2023-05-13,1,2,407,44.87,0,0,25.1,18262.09
2023-05-14,1,2,414,45.4,0,0,26.2,18795.6
2023-05-15,1,2,370,44.16,0,0,30.1,16339.2
2023-05-16,1,2,347,44.81,0,0,24.5,15549.07
2023-05-17,1,2,326,44.96,0,0,27.3,14656.96
2023-05-18,1,2,323,45.78,0,0,26.3,14786.94
2023-05-19,1,2,461,37.46,1,0,27.1,17269.06
2023-05-20,1,2,385,45.39,0,0,30.5,17475.15
2023-05-21,1,2,723,38.01,1,0,28.8,27481.23
2023-05-22,1,2,309,42.5,0,0,22.5,13132.5
2023-05-23,1,2,299,43.74,0,0,22.8,13078.26
2023-05-24,1,2,275,45.25,0,0,23.6,12443.75
2023-05-25,1,2,346,45.38,0,0,28.3,15701.48
2023-05-26,1,2,296,46.21,0,0,23.0,13678.16
2023-05-27,1,2,377,43.79,0,0,27.1,16508.83
2023-05-28,1,2,420,43.6,0,0,26.0,18312.0
2023-05-29,1,2,319,46.64,0,0,26.1,14878.16
2023-05-30,1,2,270,46.53,0,0,22.8,12563.1
2023-05-31,1,2,525,46.53,0,1,25.7,24428.25
2023-06-01,1,2,257,42.67,0,0,26.1,10966.19
2023-06-02,1,2,283,46.62,0,0,27.3,13193.46
2023-06-03,1,2,408,44.15,0,0,26.3,18013.2
2023-06-04,1,2,383,45.66,0,0,27.6,17487.78
2023-06-05,1,2,336,45.83,0,0,23.0,15398.88
2023-06-06,1,2,314,46.1,0,0,23.5,14475.4
2023-06-07,1,2,274,46.57,0,0,27.4,12760.18
2023-06-08,1,2,315,44.58,0,0,24.9,14042.7
2023-06-09,1,2,276,43.59,0,0,27.3,12030.84
2023-06-10,1,2,442,46.54,0,0,22.3,20570.68
2023-06-11,1,2,332,44.16,0,0,24.0,14661.12
2023-06-12,1,2,419,39.51,1,0,26.5,16554.69
2023-06-13,1,2,315,46.64,0,0,25.3,14691.6
2023-06-14,1,2,451,38.6,1,0,22.7,17408.6
2023-06-15,1,2,466,37.53,1,0,21.2,17488.98
2023-06-16,1,2,285,42.94,0,0,24.9,12237.9
2023-06-17,1,2,287,46.73,0,0,23.1,13411.51
2023-06-18,1,2,340,43.78,0,0,24.6,14885.2
2023-06-19,1,2,294,46.29,0,0,20.3,13609.26
2023-06-20,1,2,286,44.83,0,0,21.8,12821.38
2023-06-21,1,2,309,43.36,0,0,25.2,13398.24
2023-06-22,1,2,296,44.53,0,0,20.9,13180.88
2023-06-23,1,2,247,45.01,0,0,23.7,11117.47
2023-06-24,1,2,314,42.89,0,0,23.1,13467.46
2023-06-25,1,2,356,44.93,0,0,23.0,15995.08
2023-06-26,1,2,243,44.68,0,0,21.8,10857.24
2023-06-27,1,2,279,42.63,0,0,22.5,11893.77
2023-06-28,1,2,252,43.29,0,0,22.2,10909.08
2023-06-29,1,2,262,42.92,0,0,21.4,11245.04
2023-06-30,1,2,253,44.57,0,0,18.9,11276.21
2023-07-01,1,2,387,42.94,0,0,21.0,16617.78
2023-07-02,1,2,291,44.29,0,0,19.5,12888.39
2023-07-03,1,2,253,45.24,0,0,21.6,11445.72
2023-07-04,1,2,367,44.23,0,1,20.1,16232.41
2023-07-05,1,2,262,42.89,0,0,21.1,11237.18
2023-07-06,1,2,253,46.75,0,0,23.6,11827.75
2023-07-07,1,2,267,45.39,0,0,21.1,12119.13
2023-07-08,1,2,330,42.68,0,0,21.9,14084.4
2023-07-09,1,2,318,46.79,0,0,17.5,14879.22
2023-07-10,1,2,257,45.03,0,0,20.3,11572.71
2023-07-11,1,2,273,43.25,0,0,16.9,11807.25
2023-07-12,1,2,228,45.46,0,0,19.0,10364.88
2023-07-13,1,2,256,42.8,0,0,16.2,10956.8
2023-07-14,1,2,222,43.89,0,0,20.2,9743.58
2023-07-15,1,2,272,45.33,0,0,16.6,12329.76
2023-07-16,1,2,322,45.93,0,0,19.3,14789.46
2023-07-17,1,2,226,42.44,0,0,18.9,9591.44
2023-07-18,1,2,242,45.81,0,0,17.4,11086.02
2023-07-19,1,2,227,46.59,0,0,18.4,10575.93
2023-07-20,1,2,212,43.84,0,0,18.2,9294.08
2023-07-21,1,2,235,44.34,0,0,17.6,10419.9
2023-07-22,1,2,445,36.39,1,0,17.3,16193.55
2023-07-23,1,2,283,42.76,0,0,19.4,12101.08
2023-07-24,1,2,231,44.86,0,0,15.1,10362.66
2023-07-25,1,2,232,46.17,0,0,16.8,10711.44
2023-07-26,1,2,228,44.65,0,0,16.7,10180.2
2023-07-27,1,2,203,45.98,0,0,17.3,9333.94
2023-07-28,1,2,391,39.05,1,0,18.0,15268.55
2023-07-29,1,2,254,42.49,0,0,16.9,10792.46
2023-07-30,1,2,283,45.86,0,0,14.6,12978.38
2023-07-31,1,2,231,45.97,0,0,13.1,10619.07
2023-08-01,1,2,206,44.21,0,0,14.5,9107.26
2023-08-02,1,2,208,43.12,0,0,15.9,8968.96
2023-08-03,1,2,213,42.49,0,0,13.5,9050.37
2023-08-04,1,2,232,45.44,0,0,15.4,10542.08
2023-08-05,1,2,235,46.63,0,0,11.2,10958.05
2023-08-06,1,2,252,44.64,0,0,11.3,11249.28
2023-08-07,1,2,225,46.55,0,0,12.4,10473.75
2023-08-08,1,2,216,45.16,0,0,17.5,9754.56
2023-08-09,1,2,218,43.01,0,0,9.5,9376.18
2023-08-10,1,2,196,45.75,0,0,12.6,8967.0
2023-08-11,1,2,208,43.28,0,0,14.6,9002.24
2023-08-12,1,2,299,42.9,0,0,15.9,12827.1
2023-08-13,1,2,394,36.07,1,0,9.3,14211.58
2023-08-14,1,2,219,44.65,0,0,9.8,9778.35
2023-08-15,1,2,170,45.36,0,0,8.8,7711.2
2023-08-16,1,2,185,45.57,0,0,12.3,8430.45
2023-08-17,1,2,210,45.69,0,0,10.1,9594.9
2023-08-18,1,2,223,43.49,0,0,15.0,9698.27
2023-08-19,1,2,246,44.05,0,0,10.6,10836.3
2023-08-20,1,2,233,45.95,0,0,11.0,10706.35
2023-08-21,1,2,185,44.19,0,0,8.9,8175.15
2023-08-22,1,2,185,43.56,0,0,13.4,8058.6
2023-08-23,1,2,205,44.02,0,0,9.5,9024.1
2023-08-24,1,2,276,36.57,1,0,13.2,10093.32
2023-08-25,1,2,186,44.75,0,0,10.5,8323.5
2023-08-26,1,2,244,42.75,0,0,9.2,10431.0
2023-08-27,1,2,230,44.31,0,0,10.7,10191.3
2023-08-28,1,2,176,43.74,0,0,7.2,7698.24
2023-08-29,1,2,178,43.4,0,0,8.6,7725.2
2023-08-30,1,2,187,45.66,0,0,9.4,8538.42
2023-08-31,1,2,248,38.21,1,0,10.4,9476.08
2023-09-01,1,2,170,46.58,0,0,8.2,7918.6
2023-09-02,1,2,225,43.93,0,0,9.5,9884.25
2023-09-03,1,2,220,44.24,0,0,10.8,9732.8
2023-09-04,1,2,189,42.43,0,0,8.5,8019.27
2023-09-05,1,2,279,37.53,1,0,6.7,10470.87
2023-09-06,1,2,415,36.26,1,1,5.7,15047.9
2023-09-07,1,2,178,45.46,0,0,10.5,8091.88
2023-09-08,1,2,182,43.84,0,0,9.2,7978.88
2023-09-09,1,2,235,43.94,0,0,11.5,10325.9
2023-09-10,1,2,213,44.92,0,0,8.3,9567.96
2023-09-11,1,2,181,46.83,0,0,6.0,8476.23
2023-09-12,1,2,275,38.66,1,0,4.3,10631.5
2023-09-13,1,2,186,43.96,0,0,5.3,8176.56
2023-09-14,1,2,176,45.66,0,0,7.5,8036.16
2023-09-15,1,2,179,45.5,0,0,6.9,8144.5
2023-09-16,1,2,222,46.27,0,0,3.8,10271.94
2023-09-17,1,2,214,43.55,0,0,6.6,9319.7
2023-09-18,1,2,175,43.86,0,0,5.9,7675.5
2023-09-19,1,2,251,36.61,1,0,10.1,9189.11
2023-09-20,1,2,183,43.64,0,0,5.3,7986.12
2023-09-21,1,2,201,44.54,0,0,7.3,8952.54
2023-09-22,1,2,176,42.56,0,0,2.7,7490.56
2023-09-23,1,2,216,45.92,0,0,2.5,9918.72
2023-09-24,1,2,256,36.26,1,0,4.7,9282.56
2023-09-25,1,2,248,38.8,1,0,5.2,9622.4
2023-09-26,1,2,178,46.82,0,0,3.2,8333.96
2023-09-27,1,2,166,43.4,0,0,4.3,7204.4
2023-09-28,1,2,206,45.81,0,0,6.0,9436.86
2023-09-29,1,2,182,45.91,0,0,5.1,8355.62
2023-09-30,1,2,359,38.79,1,0,7.1,13925.61
2023-10-01,1,2,229,46.23,0,0,4.0,10586.67
2023-10-02,1,2,192,44.25,0,0,3.5,8496.0
2023-10-03,1,2,173,43.47,0,0,4.8,7520.31
2023-10-04,1,2,168,43.27,0,0,7.0,7269.36
2023-10-05,1,2,265,37.56,1,0,3.2,9953.4
2023-10-06,1,2,187,44.93,0,0,4.5,8401.91
2023-10-07,1,2,388,38.9,1,0,2.1,15093.2
2023-10-08,1,2,197,45.97,0,0,-0.0,9056.09
2023-10-09,1,2,147,43.1,0,0,0.2,6335.7
2023-10-10,1,2,196,43.44,0,0,0.1,8514.24
2023-10-11,1,2,160,46.06,0,0,3.5,7369.6
2023-10-12,1,2,182,45.73,0,0,5.0,8322.86
2023-10-13,1,2,163,45.08,0,0,3.7,7348.04
2023-10-14,1,2,215,43.65,0,0,3.5,9384.75
2023-10-15,1,2,221,44.86,0,0,4.2,9914.06
2023-10-16,1,2,167,46.33,0,0,5.7,7737.11
2023-10-17,1,2,201,46.7,0,0,2.6,9386.7
2023-10-18,1,2,207,45.94,0,0,2.3,9509.58
2023-10-19,1,2,178,44.19,0,0,3.0,7865.82
2023-10-20,1,2,178,46.31,0,0,5.3,8243.18
2023-10-21,1,2,219,46.65,0,0,1.0,10216.35
2023-10-22,1,2,212,44.94,0,0,2.8,9527.28
2023-10-23,1,2,325,36.7,1,0,5.2,11927.5
2023-10-24,1,2,183,43.06,0,0,4.4,7879.98
2023-10-25,1,2,169,46.02,0,0,6.5,7777.38
2023-10-26,1,2,154,44.15,0,0,2.4,6799.1
