data/raw/retail_sales.csv
date,store_id,dept_id,units_sold,unit_price,is_promo,is_holiday,temperature_c,revenue
2023-10-27,1,2,189,44.85,0,0,2.5,8476.65
2023-10-28,1,2,254,43.53,0,0,0.5,11056.62
2023-10-29,1,2,231,46.21,0,0,-0.1,10674.51
2023-10-30,1,2,274,37.58,1,0,3.4,10296.92
2023-10-31,1,2,193,46.31,0,0,2.8,8937.83
2023-11-01,1,2,303,43.76,0,0,3.1,13259.28
2023-11-02,1,2,294,45.63,0,0,5.3,13415.22
2023-11-03,1,2,288,44.63,0,0,4.3,12853.44
2023-11-04,1,2,597,36.18,1,0,4.4,21599.46
2023-11-05,1,2,367,43.5,0,0,3.5,15964.5
2023-11-06,1,2,407,37.26,1,0,1.2,15164.82
2023-11-07,1,2,293,45.9,0,0,4.7,13448.7
2023-11-08,1,2,325,44.22,0,0,5.5,14371.5
2023-11-09,1,2,265,44.05,0,0,3.2,11673.25
2023-11-10,1,2,285,44.33,0,0,2.8,12634.05
2023-11-11,1,2,361,46.28,0,0,0.5,16707.08
2023-11-12,1,2,413,42.43,0,0,1.8,17523.59
2023-11-13,1,2,289,45.75,0,0,6.1,13221.75
2023-11-14,1,2,267,45.13,0,0,4.1,12049.71
2023-11-15,1,2,328,46.02,0,0,6.0,15094.56
2023-11-16,1,2,314,44.36,0,0,4.8,13929.04
2023-11-17,1,2,331,42.71,0,0,3.2,14137.01
2023-11-18,1,2,359,42.64,0,0,6.6,15307.76
2023-11-19,1,2,404,43.72,0,0,3.7,17662.88
2023-11-20,1,2,279,44.52,0,0,-0.6,12421.08
2023-11-21,1,2,321,42.41,0,0,-0.6,13613.61
2023-11-22,1,2,313,45.56,0,0,2.5,14260.28
2023-11-23,1,2,303,44.66,0,0,6.4,13531.98
2023-11-24,1,2,299,46.27,0,0,4.1,13834.73
2023-11-25,1,2,562,43.73,0,1,4.7,24576.26
2023-11-26,1,2,1009,38.41,1,1,3.3,38755.69
2023-11-27,1,2,315,46.09,0,0,0.9,14518.35
2023-11-28,1,2,337,46.76,0,0,5.0,15758.12
2023-11-29,1,2,321,43.21,0,0,4.8,13870.41
2023-11-30,1,2,316,46.57,0,0,7.9,14716.12
2023-12-01,1,2,290,45.27,0,0,1.6,13128.3
2023-12-02,1,2,442,42.54,0,0,5.1,18802.68
2023-12-03,1,2,450,44.85,0,0,5.8,20182.5
2023-12-04,1,2,536,39.42,1,0,4.3,21129.12
2023-12-05,1,2,375,45.31,0,0,4.6,16991.25
2023-12-06,1,2,346,43.76,0,0,9.0,15140.96
2023-12-07,1,2,348,45.63,0,0,4.5,15879.24
2023-12-08,1,2,302,42.51,0,0,2.5,12838.02
2023-12-09,1,2,436,44.18,0,0,5.4,19262.48
2023-12-10,1,2,385,46.42,0,0,7.2,17871.7
2023-12-11,1,2,359,42.9,0,0,5.7,15401.1
2023-12-12,1,2,381,43.78,0,0,2.7,16680.18
2023-12-13,1,2,332,46.83,0,0,7.2,15547.56
2023-12-14,1,2,523,39.03,1,0,8.9,20412.69
2023-12-15,1,2,342,46.84,0,0,7.2,16019.28
2023-12-16,1,2,478,46.5,0,0,4.2,22227.0
2023-12-17,1,2,505,45.1,0,0,4.5,22775.5
2023-12-18,1,2,339,43.95,0,0,10.0,14899.05
2023-12-19,1,2,342,45.42,0,0,11.2,15533.64
2023-12-20,1,2,394,45.48,0,0,6.2,17919.12
2023-12-21,1,2,397,44.01,0,0,3.6,17471.97
2023-12-22,1,2,354,42.82,0,0,8.1,15158.28
2023-12-23,1,2,432,44.3,0,0,6.7,19137.6
2023-12-24,1,2,686,43.4,0,1,11.0,29772.4
2023-12-25,1,2,622,44.13,0,1,6.9,27448.86
2023-12-26,1,2,347,44.73,0,0,9.6,15521.31
2023-12-27,1,2,386,45.66,0,0,10.9,17624.76
2023-12-28,1,2,406,44.11,0,0,6.8,17908.66
2023-12-29,1,2,324,44.52,0,0,9.8,14424.48
2023-12-30,1,2,470,44.94,0,0,4.9,21121.8
2023-12-31,1,2,395,46.69,0,0,6.0,18442.55
2021-01-01,1,3,266,40.26,0,1,10.3,10709.16
2021-01-02,1,3,206,40.75,0,0,10.7,8394.5
2021-01-03,1,3,233,40.59,0,0,11.0,9457.47
2021-01-04,1,3,176,38.41,0,0,8.4,6760.16
2021-01-05,1,3,163,40.52,0,0,9.3,6604.76
2021-01-06,1,3,201,39.62,0,0,12.9,7963.62
2021-01-07,1,3,219,33.92,1,0,12.6,7428.48
2021-01-08,1,3,174,39.66,0,0,6.1,6900.84
2021-01-09,1,3,228,39.12,0,0,13.4,8919.36
2021-01-10,1,3,211,39.78,0,0,12.0,8393.58
2021-01-11,1,3,159,39.03,0,0,10.8,6205.77
2021-01-12,1,3,188,38.46,0,0,11.2,7230.48
2021-01-13,1,3,222,39.8,0,0,10.9,8835.6
2021-01-14,1,3,267,33.51,1,0,9.1,8947.17
2021-01-15,1,3,177,40.8,0,0,15.2,7221.6
2021-01-16,1,3,249,39.67,0,0,10.9,9877.83
2021-01-17,1,3,250,39.76,0,0,12.8,9940.0
2021-01-18,1,3,218,38.99,0,0,8.1,8499.82
2021-01-19,1,3,182,39.61,0,0,7.3,7209.02
2021-01-20,1,3,345,33.56,1,0,9.7,11578.2
2021-01-21,1,3,224,39.34,0,0,13.4,8812.16
2021-01-22,1,3,239,35.47,1,0,18.8,8477.33
2021-01-23,1,3,241,41.72,0,0,10.2,10054.52
2021-01-24,1,3,234,38.02,0,0,15.1,8896.68
2021-01-25,1,3,202,40.94,0,0,14.1,8269.88
2021-01-26,1,3,361,35.23,1,0,18.4,12718.03
2021-01-27,1,3,226,40.55,0,0,15.4,9164.3
2021-01-28,1,3,215,39.79,0,0,14.7,8554.85
2021-01-29,1,3,233,39.7,0,0,16.3,9250.1
2021-01-30,1,3,232,38.79,0,0,13.0,8999.28
2021-01-31,1,3,276,41.11,0,0,12.9,11346.36
2021-02-01,1,3,214,39.39,0,0,17.1,8429.46
2021-02-02,1,3,220,40.64,0,0,13.0,8940.8
2021-02-03,1,3,198,39.7,0,0,16.7,7860.6
2021-02-04,1,3,249,38.08,0,0,15.8,9481.92
2021-02-05,1,3,231,40.22,0,0,17.1,9290.82
2021-02-06,1,3,256,39.07,0,0,18.3,10001.92
2021-02-07,1,3,235,39.72,0,0,18.3,9334.2
2021-02-08,1,3,227,41.3,0,0,15.7,9375.1
2021-02-09,1,3,200,39.44,0,0,16.1,7888.0
2021-02-10,1,3,207,38.46,0,0,16.7,7961.22
2021-02-11,1,3,401,32.47,1,0,16.3,13020.47
2021-02-12,1,3,194,40.1,0,0,18.0,7779.4
2021-02-13,1,3,238,41.52,0,0,15.1,9881.76
2021-02-14,1,3,454,40.06,0,1,18.0,18187.24
2021-02-15,1,3,232,41.57,0,0,18.6,9644.24
2021-02-16,1,3,232,38.21,0,0,15.7,8864.72
2021-02-17,1,3,223,40.53,0,0,20.3,9038.19
2021-02-18,1,3,221,38.06,0,0,17.1,8411.26
2021-02-19,1,3,169,39.33,0,0,17.4,6646.77
2021-02-20,1,3,240,39.5,0,0,20.2,9480.0
2021-02-21,1,3,295,38.04,0,0,19.4,11221.8
2021-02-22,1,3,247,40.34,0,0,18.0,9963.98
2021-02-23,1,3,241,40.61,0,0,19.5,9787.01
2021-02-24,1,3,228,39.21,0,0,16.3,8939.88
2021-02-25,1,3,249,41.74,0,0,20.9,10393.26
2021-02-26,1,3,243,38.94,0,0,18.5,9462.42
2021-02-27,1,3,296,40.86,0,0,20.2,12094.56
2021-02-28,1,3,301,40.87,0,0,21.1,12301.87
2021-03-01,1,3,265,40.6,0,0,23.5,10759.0
2021-03-02,1,3,255,41.8,0,0,20.5,10659.0
2021-03-03,1,3,243,39.68,0,0,20.5,9642.24
2021-03-04,1,3,252,39.73,0,0,21.2,10011.96
2021-03-05,1,3,226,38.78,0,0,22.1,8764.28
2021-03-06,1,3,323,40.03,0,0,23.8,12929.69
2021-03-07,1,3,285,40.08,0,0,25.1,11422.8
2021-03-08,1,3,220,40.47,0,0,20.9,8903.4
2021-03-09,1,3,254,40.65,0,0,18.4,10325.1
2021-03-10,1,3,238,40.62,0,0,21.9,9667.56
2021-03-11,1,3,270,38.81,0,0,20.5,10478.7
2021-03-12,1,3,220,39.93,0,0,26.4,8784.6
2021-03-13,1,3,364,32.84,1,0,16.4,11953.76
2021-03-14,1,3,298,39.58,0,0,24.8,11794.84
2021-03-15,1,3,213,38.65,0,0,20.4,8232.45
2021-03-16,1,3,243,40.04,0,0,22.6,9729.72
2021-03-17,1,3,244,38.53,0,0,23.1,9401.32
2021-03-18,1,3,217,39.02,0,0,21.4,8467.34
2021-03-19,1,3,249,39.92,0,0,27.8,9940.08
2021-03-20,1,3,313,38.82,0,0,25.6,12150.66
2021-03-21,1,3,298,38.37,0,0,22.6,11434.26
2021-03-22,1,3,205,41.7,0,0,24.2,8548.5
2021-03-23,1,3,343,35.45,1,0,30.8,12159.35
2021-03-24,1,3,231,40.04,0,0,25.8,9249.24
2021-03-25,1,3,218,37.9,0,0,26.2,8262.2
2021-03-26,1,3,228,40.0,0,0,24.8,9120.0
2021-03-27,1,3,269,41.67,0,0,21.8,11209.23
2021-03-28,1,3,302,40.81,0,0,24.9,12324.62
2021-03-29,1,3,239,41.63,0,0,26.0,9949.57
2021-03-30,1,3,264,41.35,0,0,23.3,10916.4
2021-03-31,1,3,301,32.52,1,0,26.4,9788.52
2021-04-01,1,3,270,40.36,0,0,25.3,10897.2
2021-04-02,1,3,258,40.32,0,0,24.1,10402.56
2021-04-03,1,3,263,38.12,0,0,23.4,10025.56
2021-04-04,1,3,304,41.04,0,0,23.9,12476.16
2021-04-05,1,3,241,39.26,0,0,26.6,9461.66
2021-04-06,1,3,231,40.32,0,0,25.6,9313.92
2021-04-07,1,3,235,40.11,0,0,26.1,9425.85
2021-04-08,1,3,406,33.98,1,0,26.4,13795.88
2021-04-09,1,3,231,41.48,0,0,21.3,9581.88
2021-04-10,1,3,258,40.64,0,0,25.2,10485.12
2021-04-11,1,3,343,39.59,0,0,27.0,13579.37
2021-04-12,1,3,245,40.51,0,0,24.7,9924.95
2021-04-13,1,3,233,41.49,0,0,22.5,9667.17
2021-04-14,1,3,225,38.41,0,0,27.1,8642.25
2021-04-15,1,3,245,39.9,0,0,25.2,9775.5
2021-04-16,1,3,238,38.05,0,0,26.6,9055.9
2021-04-17,1,3,286,38.8,0,0,27.5,11096.8
2021-04-18,1,3,446,34.37,1,0,26.0,15329.02
2021-04-19,1,3,248,40.04,0,0,26.0,9929.92
2021-04-20,1,3,297,38.12,0,0,22.6,11321.64
2021-04-21,1,3,375,34.89,1,0,29.4,13083.75
2021-04-22,1,3,236,40.9,0,0,27.2,9652.4
2021-04-23,1,3,247,41.46,0,0,26.5,10240.62
2021-04-24,1,3,304,39.2,0,0,28.0,11916.8
2021-04-25,1,3,300,38.6,0,0,28.4,11580.0
2021-04-26,1,3,225,41.58,0,0,26.8,9355.5
2021-04-27,1,3,288,39.28,0,0,28.9,11312.64
2021-04-28,1,3,239,38.76,0,0,25.1,9263.64
2021-04-29,1,3,236,40.2,0,0,28.8,9487.2
2021-04-30,1,3,248,41.61,0,0,23.4,10319.28
2021-05-01,1,3,257,38.72,0,0,23.9,9951.04
2021-05-02,1,3,303,40.97,0,0,24.0,12413.91
2021-05-03,1,3,215,40.39,0,0,26.6,8683.85
2021-05-04,1,3,254,40.26,0,0,27.9,10226.04
2021-05-05,1,3,227,41.39,0,0,28.5,9395.53
2021-05-06,1,3,270,39.53,0,0,26.9,10673.1
2021-05-07,1,3,208,41.21,0,0,25.0,8571.68
2021-05-08,1,3,267,39.52,0,0,25.4,10551.84
2021-05-09,1,3,279,39.26,0,0,27.3,10953.54
2021-05-10,1,3,204,38.13,0,0,24.3,7778.52
2021-05-11,1,3,239,41.29,0,0,25.7,9868.31
2021-05-12,1,3,213,39.95,0,0,26.2,8509.35
2021-05-13,1,3,402,33.52,1,0,25.9,13475.04
2021-05-14,1,3,221,41.64,0,0,27.5,9202.44
2021-05-15,1,3,286,41.24,0,0,23.8,11794.64
2021-05-16,1,3,345,32.78,1,0,23.3,11309.1
2021-05-17,1,3,359,33.73,1,0,25.2,12109.07
2021-05-18,1,3,201,38.08,0,0,31.7,7654.08
2021-05-19,1,3,219,39.05,0,0,26.4,8551.95
2021-05-20,1,3,215,40.97,0,0,24.5,8808.55
2021-05-21,1,3,229,41.25,0,0,27.8,9446.25
2021-05-22,1,3,431,32.44,1,0,27.6,13981.64
2021-05-23,1,3,498,33.78,1,0,22.1,16822.44
2021-05-24,1,3,198,38.78,0,0,26.1,7678.44
2021-05-25,1,3,214,39.01,0,0,25.9,8348.14
2021-05-26,1,3,223,38.13,0,0,29.2,8502.99
2021-05-27,1,3,233,34.38,1,0,26.0,8010.54
2021-05-28,1,3,209,40.39,0,0,25.0,8441.51
2021-05-29,1,3,283,41.39,0,0,27.6,11713.37
2021-05-30,1,3,257,41.38,0,0,22.8,10634.66
2021-05-31,1,3,471,34.69,1,1,25.0,16338.99
2021-06-01,1,3,299,32.28,1,0,30.1,9651.72
2021-06-02,1,3,199,39.94,0,0,25.3,7948.06
2021-06-03,1,3,201,38.16,0,0,27.2,7670.16
2021-06-04,1,3,196,39.99,0,0,26.2,7838.04
2021-06-05,1,3,341,34.5,1,0,26.1,11764.5
2021-06-06,1,3,257,40.46,0,0,19.6,10398.22
2021-06-07,1,3,204,38.68,0,0,24.7,7890.72
2021-06-08,1,3,201,38.77,0,0,22.1,7792.77
2021-06-09,1,3,291,34.21,1,0,23.9,9955.11
2021-06-10,1,3,219,39.43,0,0,25.6,8635.17
2021-06-11,1,3,197,40.74,0,0,22.1,8025.78
2021-06-12,1,3,267,38.05,0,0,25.2,10159.35
2021-06-13,1,3,272,39.34,0,0,24.0,10700.48
2021-06-14,1,3,336,32.24,1,0,23.7,10832.64
2021-06-15,1,3,197,41.09,0,0,22.7,8094.73
2021-06-16,1,3,171,39.36,0,0,24.8,6730.56
2021-06-17,1,3,198,40.99,0,0,24.8,8116.02
2021-06-18,1,3,211,41.21,0,0,22.8,8695.31
2021-06-19,1,3,256,41.21,0,0,26.2,10549.76
2021-06-20,1,3,279,38.56,0,0,23.3,10758.24
2021-06-21,1,3,197,41.15,0,0,23.1,8106.55
2021-06-22,1,3,199,38.84,0,0,24.4,7729.16
2021-06-23,1,3,193,38.25,0,0,26.1,7382.25
2021-06-24,1,3,215,39.89,0,0,22.2,8576.35
2021-06-25,1,3,188,38.06,0,0,21.0,7155.28
2021-06-26,1,3,354,34.81,1,0,20.8,12322.74
2021-06-27,1,3,247,38.82,0,0,18.7,9588.54
2021-06-28,1,3,199,41.26,0,0,22.6,8210.74
2021-06-29,1,3,208,38.31,0,0,21.9,7968.48
2021-06-30,1,3,193,41.27,0,0,16.5,7965.11
2021-07-01,1,3,194,41.47,0,0,23.5,8045.18
2021-07-02,1,3,183,41.4,0,0,19.8,7576.2
2021-07-03,1,3,229,41.0,0,0,22.6,9389.0
2021-07-04,1,3,364,38.63,0,1,17.1,14061.32
2021-07-05,1,3,219,40.65,0,0,19.2,8902.35
2021-07-06,1,3,187,41.25,0,0,22.8,7713.75
2021-07-07,1,3,174,38.83,0,0,22.2,6756.42
2021-07-08,1,3,150,39.47,0,0,15.6,5920.5
2021-07-09,1,3,190,39.95,0,0,21.6,7590.5
2021-07-10,1,3,276,34.4,1,0,18.5,9494.4
2021-07-11,1,3,213,38.13,0,0,18.1,8121.69
2021-07-12,1,3,178,41.32,0,0,20.0,7354.96
2021-07-13,1,3,174,40.88,0,0,17.4,7113.12
2021-07-14,1,3,145,40.96,0,0,16.1,5939.2
2021-07-15,1,3,175,41.09,0,0,14.8,7190.75
2021-07-16,1,3,172,37.84,0,0,20.9,6508.48
2021-07-17,1,3,172,40.53,0,0,16.9,6971.16
2021-07-18,1,3,202,39.6,0,0,15.2,7999.2
2021-07-19,1,3,152,38.4,0,0,15.1,5836.8
2021-07-20,1,3,186,34.25,1,0,16.4,6370.5
2021-07-21,1,3,173,38.2,0,0,19.4,6608.6
2021-07-22,1,3,162,38.27,0,0,18.8,6199.74
2021-07-23,1,3,148,38.33,0,0,17.6,5672.84
2021-07-24,1,3,373,34.21,1,0,14.1,12760.33
2021-07-25,1,3,183,39.18,0,0,20.4,7169.94
2021-07-26,1,3,168,39.3,0,0,15.7,6602.4
2021-07-27,1,3,166,39.06,0,0,15.3,6483.96
2021-07-28,1,3,159,40.7,0,0,18.0,6471.3
2021-07-29,1,3,147,39.04,0,0,15.1,5738.88
2021-07-30,1,3,138,38.55,0,0,12.0,5319.9
2021-07-31,1,3,186,38.0,0,0,15.6,7068.0
2021-08-01,1,3,215,40.35,0,0,15.4,8675.25
2021-08-02,1,3,161,38.5,0,0,15.6,6198.5
2021-08-03,1,3,126,38.68,0,0,14.3,4873.68
2021-08-04,1,3,154,41.33,0,0,15.4,6364.82
2021-08-05,1,3,146,40.72,0,0,14.8,5945.12
2021-08-06,1,3,156,41.4,0,0,10.9,6458.4
2021-08-07,1,3,193,37.89,0,0,10.4,7312.77
2021-08-08,1,3,158,39.7,0,0,13.7,6272.6
2021-08-09,1,3,148,40.63,0,0,13.2,6013.24
2021-08-10,1,3,225,34.99,1,0,11.4,7872.75
2021-08-11,1,3,262,35.44,1,0,12.6,9285.28
2021-08-12,1,3,136,38.11,0,0,14.3,5182.96
2021-08-13,1,3,137,41.65,0,0,9.6,5706.05
2021-08-14,1,3,272,33.21,1,0,11.8,9033.12
2021-08-15,1,3,148,40.04,0,0,10.6,5925.92
2021-08-16,1,3,151,39.88,0,0,9.8,6021.88
2021-08-17,1,3,140,40.44,0,0,10.5,5661.6
2021-08-18,1,3,141,38.47,0,0,8.1,5424.27
2021-08-19,1,3,126,38.42,0,0,11.5,4840.92
2021-08-20,1,3,135,37.97,0,0,12.3,5125.95
2021-08-21,1,3,140,41.71,0,0,11.7,5839.4
2021-08-22,1,3,155,40.42,0,0,12.0,6265.1
2021-08-23,1,3,141,41.25,0,0,8.4,5816.25
2021-08-24,1,3,122,39.12,0,0,14.4,4772.64
2021-08-25,1,3,195,33.99,1,0,7.0,6628.05
2021-08-26,1,3,145,38.72,0,0,8.4,5614.4
2021-08-27,1,3,132,39.03,0,0,9.9,5151.96
2021-08-28,1,3,186,39.35,0,0,9.4,7319.1
2021-08-29,1,3,221,34.04,1,0,11.5,7522.84
2021-08-30,1,3,127,38.01,0,0,9.0,4827.27
2021-08-31,1,3,114,38.37,0,0,8.2,4374.18
2021-09-01,1,3,129,38.05,0,0,9.7,4908.45
2021-09-02,1,3,109,41.4,0,0,7.6,4512.6
2021-09-03,1,3,144,39.18,0,0,6.6,5641.92
2021-09-04,1,3,167,40.79,0,0,7.6,6811.93
2021-09-05,1,3,156,39.97,0,0,5.0,6235.32
2021-09-06,1,3,182,41.12,0,1,8.4,7483.84
2021-09-07,1,3,123,39.09,0,0,7.4,4808.07
2021-09-08,1,3,129,40.56,0,0,5.0,5232.24
2021-09-09,1,3,126,40.46,0,0,3.2,5097.96
2021-09-10,1,3,134,38.02,0,0,7.0,5094.68
2021-09-11,1,3,262,32.97,1,0,10.6,8638.14
2021-09-12,1,3,182,39.04,0,0,3.5,7105.28
2021-09-13,1,3,225,34.46,1,0,6.7,7753.5
2021-09-14,1,3,126,40.89,0,0,6.0,5152.14
2021-09-15,1,3,133,40.09,0,0,6.2,5331.97
2021-09-16,1,3,119,39.25,0,0,6.1,4670.75
2021-09-17,1,3,120,40.08,0,0,3.7,4809.6
2021-09-18,1,3,138,37.83,0,0,8.0,5220.54
2021-09-19,1,3,159,40.68,0,0,7.4,6468.12
2021-09-20,1,3,124,40.71,0,0,4.8,5048.04
2021-09-21,1,3,180,33.94,1,0,5.9,6109.2
2021-09-22,1,3,117,40.94,0,0,7.4,4789.98
2021-09-23,1,3,116,39.02,0,0,5.6,4526.32
2021-09-24,1,3,104,39.07,0,0,6.9,4063.28
2021-09-25,1,3,229,35.3,1,0,3.6,8083.7
2021-09-26,1,3,151,39.08,0,0,2.8,5901.08
2021-09-27,1,3,116,39.46,0,0,5.0,4577.36
2021-09-28,1,3,130,41.67,0,0,4.3,5417.1
2021-09-29,1,3,112,39.52,0,0,5.4,4426.24
2021-09-30,1,3,124,38.71,0,0,3.1,4800.04
2021-10-01,1,3,109,39.24,0,0,2.6,4277.16
2021-10-02,1,3,163,39.69,0,0,5.4,6469.47
2021-10-03,1,3,144,41.19,0,0,6.4,5931.36
2021-10-04,1,3,112,38.56,0,0,4.0,4318.72
2021-10-05,1,3,108,38.33,0,0,6.2,4139.64
2021-10-06,1,3,111,39.21,0,0,2.5,4352.31
2021-10-07,1,3,122,40.15,0,0,-0.4,4898.3
2021-10-08,1,3,106,40.26,0,0,5.3,4267.56
2021-10-09,1,3,137,39.85,0,0,8.5,5459.45
2021-10-10,1,3,151,37.93,0,0,0.3,5727.43
2021-10-11,1,3,96,40.66,0,0,6.7,3903.36
2021-10-12,1,3,121,41.7,0,0,3.2,5045.7
2021-10-13,1,3,121,38.72,0,0,0.0,4685.12
2021-10-14,1,3,120,38.76,0,0,1.6,4651.2
2021-10-15,1,3,119,39.37,0,0,2.4,4685.03
2021-10-16,1,3,152,38.58,0,0,2.7,5864.16
2021-10-17,1,3,145,39.06,0,0,1.3,5663.7
2021-10-18,1,3,105,37.9,0,0,-0.5,3979.5
2021-10-19,1,3,109,39.99,0,0,4.5,4358.91
2021-10-20,1,3,112,38.88,0,0,1.8,4354.56
2021-10-21,1,3,116,39.7,0,0,2.2,4605.2
2021-10-22,1,3,127,40.51,0,0,2.4,5144.77
2021-10-23,1,3,164,38.13,0,0,0.4,6253.32
2021-10-24,1,3,163,39.81,0,0,5.8,6489.03
2021-10-25,1,3,123,38.27,0,0,0.8,4707.21
2021-10-26,1,3,129,40.08,0,0,2.9,5170.32
2021-10-27,1,3,128,40.54,0,0,4.7,5189.12
2021-10-28,1,3,217,33.2,1,0,2.6,7204.4
2021-10-29,1,3,128,38.6,0,0,1.6,4940.8
2021-10-30,1,3,168,40.09,0,0,3.4,6735.12
2021-10-31,1,3,175,39.4,0,0,2.8,6895.0
2021-11-01,1,3,186,38.43,0,0,2.9,7147.98
2021-11-02,1,3,215,38.63,0,0,2.0,8305.45
2021-11-03,1,3,195,38.89,0,0,3.1,7583.55
2021-11-04,1,3,275,33.2,1,0,1.5,9130.0
2021-11-05,1,3,169,37.9,0,0,2.1,6405.1
2021-11-06,1,3,225,39.51,0,0,2.9,8889.75
2021-11-07,1,3,263,38.27,0,0,2.1,10065.01
2021-11-08,1,3,186,37.84,0,0,3.1,7038.24
2021-11-09,1,3,251,39.01,0,0,4.1,9791.51
2021-11-10,1,3,216,39.5,0,0,2.0,8532.0
2021-11-11,1,3,193,40.29,0,0,5.3,7775.97
2021-11-12,1,3,410,32.31,1,0,2.8,13247.1
2021-11-13,1,3,258,40.97,0,0,0.9,10570.26
2021-11-14,1,3,259,39.92,0,0,4.0,10339.28
2021-11-15,1,3,211,41.7,0,0,4.3,8798.7
2021-11-16,1,3,350,35.07,1,0,3.4,12274.5
2021-11-17,1,3,220,38.84,0,0,1.0,8544.8
2021-11-18,1,3,218,41.15,0,0,3.7,8970.7
2021-11-19,1,3,337,32.82,1,0,4.0,11060.34
2021-11-20,1,3,280,40.99,0,0,2.8,11477.2
2021-11-21,1,3,267,38.34,0,0,6.1,10236.78
2021-11-22,1,3,217,38.83,0,0,1.1,8426.11
2021-11-23,1,3,205,41.41,0,0,7.6,8489.05
2021-11-24,1,3,228,40.46,0,0,3.7,9224.88
2021-11-25,1,3,350,38.51,0,1,1.3,13478.5
2021-11-26,1,3,329,40.15,0,1,5.1,13209.35
2021-11-27,1,3,484,34.8,1,0,5.6,16843.2
2021-11-28,1,3,268,38.51,0,0,6.7,10320.68
2021-11-29,1,3,247,41.62,0,0,3.0,10280.14
2021-11-30,1,3,220,39.74,0,0,3.9,8742.8
2021-12-01,1,3,214,40.42,0,0,7.3,8649.88
2021-12-02,1,3,249,38.09,0,0,4.2,9484.41
2021-12-03,1,3,237,39.21,0,0,6.9,9292.77
2021-12-04,1,3,289,41.64,0,0,4.3,12033.96
2021-12-05,1,3,268,40.9,0,0,6.5,10961.2
2021-12-06,1,3,205,39.39,0,0,4.5,8074.95
2021-12-07,1,3,221,38.68,0,0,2.6,8548.28
2021-12-08,1,3,370,33.49,1,0,7.8,12391.3
2021-12-09,1,3,217,39.16,0,0,5.8,8497.72
2021-12-10,1,3,241,40.33,0,0,5.1,9719.53
2021-12-11,1,3,321,39.12,0,0,3.5,12557.52
2021-12-12,1,3,287,39.51,0,0,5.7,11339.37
2021-12-13,1,3,247,40.91,0,0,7.9,10104.77
2021-12-14,1,3,227,40.92,0,0,7.1,9288.84
2021-12-15,1,3,213,39.54,0,0,5.5,8422.02
2021-12-16,1,3,213,38.38,0,0,5.2,8174.94
2021-12-17,1,3,470,33.6,1,0,5.2,15792.0
2021-12-18,1,3,261,39.71,0,0,5.6,10364.31
2021-12-19,1,3,249,40.85,0,0,9.1,10171.65
2021-12-20,1,3,341,35.36,1,0,7.5,12057.76
2021-12-21,1,3,279,41.33,0,0,7.1,11531.07
2021-12-22,1,3,247,39.03,0,0,6.0,9640.41
2021-12-23,1,3,236,39.76,0,0,9.0,9383.36
2021-12-24,1,3,345,39.8,0,1,5.1,13731.0
2021-12-25,1,3,448,41.23,0,1,11.8,18471.04
2021-12-26,1,3,297,41.77,0,0,8.4,12405.69
2021-12-27,1,3,269,41.68,0,0,8.0,11211.92
2021-12-28,1,3,239,40.61,0,0,7.5,9705.79
2021-12-29,1,3,263,40.36,0,0,10.3,10614.68
2021-12-30,1,3,234,38.88,0,0,6.0,9097.92
