data/raw/retail_sales.csv
date,store_id,dept_id,units_sold,unit_price,is_promo,is_holiday,temperature_c,revenue
2021-12-31,1,3,249,41.08,0,0,9.4,10228.92
2022-01-01,1,3,355,40.6,0,1,9.5,14413.0
2022-01-02,1,3,254,38.35,0,0,6.1,9740.9
2022-01-03,1,3,182,38.71,0,0,13.2,7045.22
2022-01-04,1,3,179,38.54,0,0,11.9,6898.66
2022-01-05,1,3,174,38.99,0,0,10.2,6784.26
2022-01-06,1,3,208,39.76,0,0,10.2,8270.08
2022-01-07,1,3,248,34.96,1,0,8.8,8670.08
2022-01-08,1,3,222,39.94,0,0,11.8,8866.68
2022-01-09,1,3,209,41.75,0,0,9.2,8725.75
2022-01-10,1,3,192,38.27,0,0,12.4,7347.84
2022-01-11,1,3,196,41.2,0,0,11.7,8075.2
2022-01-12,1,3,193,40.49,0,0,13.2,7814.57
2022-01-13,1,3,214,40.02,0,0,12.5,8564.28
2022-01-14,1,3,216,39.56,0,0,16.9,8544.96
2022-01-15,1,3,264,39.0,0,0,11.7,10296.0
2022-01-16,1,3,258,40.07,0,0,14.4,10338.06
2022-01-17,1,3,195,38.5,0,0,9.7,7507.5
2022-01-18,1,3,195,40.26,0,0,13.1,7850.7
2022-01-19,1,3,203,37.97,0,0,10.8,7707.91
2022-01-20,1,3,207,39.67,0,0,15.7,8211.69
2022-01-21,1,3,214,39.33,0,0,10.8,8416.62
2022-01-22,1,3,272,41.08,0,0,12.7,11173.76
2022-01-23,1,3,305,41.15,0,0,14.6,12550.75
2022-01-24,1,3,199,38.88,0,0,15.1,7737.12
2022-01-25,1,3,214,39.68,0,0,16.5,8491.52
2022-01-26,1,3,203,41.41,0,0,15.2,8406.23
2022-01-27,1,3,186,41.1,0,0,14.5,7644.6
2022-01-28,1,3,194,39.54,0,0,14.9,7670.76
2022-01-29,1,3,276,39.03,0,0,15.7,10772.28
2022-01-30,1,3,258,39.16,0,0,15.2,10103.28
2022-01-31,1,3,236,39.76,0,0,18.7,9383.36
2022-02-01,1,3,220,38.82,0,0,17.7,8540.4
2022-02-02,1,3,203,38.37,0,0,14.8,7789.11
2022-02-03,1,3,224,41.08,0,0,15.6,9201.92
2022-02-04,1,3,217,40.05,0,0,18.1,8690.85
2022-02-05,1,3,254,41.28,0,0,14.3,10485.12
2022-02-06,1,3,249,38.07,0,0,17.0,9479.43
2022-02-07,1,3,218,38.99,0,0,18.5,8499.82
2022-02-08,1,3,228,40.16,0,0,15.7,9156.48
2022-02-09,1,3,212,38.11,0,0,12.4,8079.32
2022-02-10,1,3,223,39.24,0,0,14.9,8750.52
2022-02-11,1,3,297,33.11,1,0,17.7,9833.67
2022-02-12,1,3,274,40.26,0,0,18.7,11031.24
2022-02-13,1,3,288,39.07,0,0,19.4,11252.16
2022-02-14,1,3,386,39.2,0,1,19.4,15131.2
2022-02-15,1,3,211,40.91,0,0,18.4,8632.01
2022-02-16,1,3,240,38.68,0,0,19.6,9283.2
2022-02-17,1,3,217,41.01,0,0,18.4,8899.17
2022-02-18,1,3,244,40.24,0,0,16.6,9818.56
2022-02-19,1,3,283,40.34,0,0,20.8,11416.22
2022-02-20,1,3,325,39.38,0,0,19.0,12798.5
2022-02-21,1,3,202,40.0,0,0,18.8,8080.0
2022-02-22,1,3,281,35.45,1,0,22.7,9961.45
2022-02-23,1,3,225,38.87,0,0,22.0,8745.75
2022-02-24,1,3,209,39.8,0,0,21.9,8318.2
2022-02-25,1,3,215,41.24,0,0,20.6,8866.6
2022-02-26,1,3,309,38.74,0,0,19.9,11970.66
2022-02-27,1,3,299,38.07,0,0,18.5,11382.93
2022-02-28,1,3,255,39.67,0,0,21.2,10115.85
2022-03-01,1,3,224,40.86,0,0,21.5,9152.64
2022-03-02,1,3,315,33.52,1,0,17.8,10558.8
2022-03-03,1,3,257,40.52,0,0,20.8,10413.64
2022-03-04,1,3,269,40.65,0,0,25.3,10934.85
2022-03-05,1,3,310,41.54,0,0,19.1,12877.4
2022-03-06,1,3,244,41.02,0,0,21.8,10008.88
2022-03-07,1,3,234,40.68,0,0,24.2,9519.12
2022-03-08,1,3,234,40.05,0,0,23.5,9371.7
2022-03-09,1,3,206,38.85,0,0,23.2,8003.1
2022-03-10,1,3,243,39.37,0,0,26.4,9566.91
2022-03-11,1,3,259,40.45,0,0,24.0,10476.55
2022-03-12,1,3,295,41.56,0,0,21.6,12260.2
2022-03-13,1,3,292,39.67,0,0,26.0,11583.64
2022-03-14,1,3,266,39.27,0,0,23.3,10445.82
2022-03-15,1,3,283,41.6,0,0,21.3,11772.8
2022-03-16,1,3,266,38.69,0,0,22.3,10291.54
2022-03-17,1,3,234,39.96,0,0,23.4,9350.64
2022-03-18,1,3,237,40.23,0,0,24.4,9534.51
2022-03-19,1,3,313,41.46,0,0,24.7,12976.98
2022-03-20,1,3,319,39.62,0,0,26.3,12638.78
2022-03-21,1,3,229,39.17,0,0,23.2,8969.93
2022-03-22,1,3,246,40.66,0,0,22.0,10002.36
2022-03-23,1,3,441,35.18,1,0,29.0,15514.38
2022-03-24,1,3,229,38.55,0,0,21.6,8827.95
2022-03-25,1,3,225,40.87,0,0,24.3,9195.75
2022-03-26,1,3,328,37.99,0,0,24.8,12460.72
2022-03-27,1,3,278,38.3,0,0,26.2,10647.4
2022-03-28,1,3,212,41.35,0,0,22.5,8766.2
2022-03-29,1,3,238,38.97,0,0,27.3,9274.86
2022-03-30,1,3,251,39.43,0,0,25.4,9896.93
2022-03-31,1,3,223,41.55,0,0,24.3,9265.65
2022-04-01,1,3,268,40.68,0,0,26.1,10902.24
2022-04-02,1,3,329,41.56,0,0,25.4,13673.24
2022-04-03,1,3,335,39.94,0,0,22.9,13379.9
2022-04-04,1,3,245,39.64,0,0,26.7,9711.8
2022-04-05,1,3,217,39.13,0,0,20.7,8491.21
2022-04-06,1,3,286,41.03,0,0,26.1,11734.58
2022-04-07,1,3,215,38.83,0,0,26.1,8348.45
2022-04-08,1,3,225,39.49,0,0,24.2,8885.25
2022-04-09,1,3,339,38.85,0,0,25.0,13170.15
2022-04-10,1,3,451,32.93,1,0,25.7,14851.43
2022-04-11,1,3,234,41.4,0,0,26.8,9687.6
2022-04-12,1,3,246,41.66,0,0,30.6,10248.36
2022-04-13,1,3,230,41.63,0,0,28.5,9574.9
2022-04-14,1,3,449,34.7,1,0,27.9,15580.3
2022-04-15,1,3,236,40.65,0,0,24.8,9593.4
2022-04-16,1,3,295,40.18,0,0,24.4,11853.1
2022-04-17,1,3,299,38.77,0,0,26.2,11592.23
2022-04-18,1,3,260,41.07,0,0,27.5,10678.2
2022-04-19,1,3,238,39.55,0,0,29.7,9412.9
2022-04-20,1,3,366,35.09,1,0,27.4,12842.94
2022-04-21,1,3,271,39.53,0,0,31.6,10712.63
2022-04-22,1,3,241,38.25,0,0,28.2,9218.25
2022-04-23,1,3,323,39.27,0,0,27.6,12684.21
2022-04-24,1,3,310,40.02,0,0,29.3,12406.2
2022-04-25,1,3,460,33.35,1,0,28.3,15341.0
2022-04-26,1,3,370,33.11,1,0,28.6,12250.7
2022-04-27,1,3,237,41.53,0,0,30.1,9842.61
2022-04-28,1,3,220,38.5,0,0,30.1,8470.0
2022-04-29,1,3,225,37.93,0,0,26.5,8534.25
2022-04-30,1,3,261,38.02,0,0,29.8,9923.22
2022-05-01,1,3,300,38.41,0,0,31.4,11523.0
2022-05-02,1,3,262,37.97,0,0,26.5,9948.14
2022-05-03,1,3,226,38.88,0,0,28.8,8786.88
2022-05-04,1,3,240,41.53,0,0,25.3,9967.2
2022-05-05,1,3,241,41.34,0,0,23.0,9962.94
2022-05-06,1,3,246,40.65,0,0,28.1,9999.9
2022-05-07,1,3,269,39.85,0,0,29.4,10719.65
2022-05-08,1,3,320,40.21,0,0,27.5,12867.2
2022-05-09,1,3,436,32.38,1,0,27.6,14117.68
2022-05-10,1,3,237,38.7,0,0,29.6,9171.9
2022-05-11,1,3,249,40.46,0,0,23.9,10074.54
2022-05-12,1,3,202,37.89,0,0,25.8,7653.78
2022-05-13,1,3,271,40.75,0,0,31.3,11043.25
2022-05-14,1,3,300,38.3,0,0,28.7,11490.0
2022-05-15,1,3,290,41.06,0,0,26.8,11907.4
2022-05-16,1,3,228,39.07,0,0,28.9,8907.96
2022-05-17,1,3,261,41.36,0,0,26.7,10794.96
2022-05-18,1,3,232,39.3,0,0,26.1,9117.6
2022-05-19,1,3,399,32.99,1,0,26.0,13163.01
2022-05-20,1,3,217,40.8,0,0,25.0,8853.6
2022-05-21,1,3,309,41.11,0,0,29.6,12702.99
2022-05-22,1,3,311,40.84,0,0,22.1,12701.24
2022-05-23,1,3,238,38.14,0,0,26.1,9077.32
2022-05-24,1,3,208,39.67,0,0,29.8,8251.36
2022-05-25,1,3,225,39.93,0,0,24.0,8984.25
2022-05-26,1,3,255,38.62,0,0,26.9,9848.1
2022-05-27,1,3,357,33.8,1,0,25.4,12066.6
2022-05-28,1,3,279,39.99,0,0,26.3,11157.21
2022-05-29,1,3,351,34.47,1,0,24.7,12098.97
2022-05-30,1,3,226,39.1,0,0,27.5,8836.6
2022-05-31,1,3,314,39.23,0,1,25.1,12318.22
2022-06-01,1,3,215,39.05,0,0,27.7,8395.75
2022-06-02,1,3,218,38.13,0,0,29.1,8312.34
2022-06-03,1,3,208,41.53,0,0,24.1,8638.24
2022-06-04,1,3,301,39.26,0,0,26.2,11817.26
2022-06-05,1,3,324,41.21,0,0,27.8,13352.04
2022-06-06,1,3,192,40.38,0,0,24.8,7752.96
2022-06-07,1,3,218,41.21,0,0,25.2,8983.78
2022-06-08,1,3,209,41.31,0,0,25.0,8633.79
2022-06-09,1,3,215,40.16,0,0,23.3,8634.4
2022-06-10,1,3,228,38.71,0,0,27.8,8825.88
2022-06-11,1,3,379,33.34,1,0,22.0,12635.86
2022-06-12,1,3,322,38.42,0,0,22.3,12371.24
2022-06-13,1,3,198,41.13,0,0,28.1,8143.74
2022-06-14,1,3,211,39.47,0,0,23.1,8328.17
2022-06-15,1,3,203,33.77,1,0,24.0,6855.31
2022-06-16,1,3,221,38.55,0,0,25.0,8519.55
2022-06-17,1,3,182,39.88,0,0,26.2,7258.16
2022-06-18,1,3,417,32.33,1,0,22.3,13481.61
2022-06-19,1,3,300,32.68,1,0,23.5,9804.0
2022-06-20,1,3,217,38.25,0,0,25.9,8300.25
2022-06-21,1,3,195,39.04,0,0,22.7,7612.8
2022-06-22,1,3,209,41.01,0,0,22.3,8571.09
2022-06-23,1,3,215,39.55,0,0,22.3,8503.25
2022-06-24,1,3,181,38.09,0,0,22.7,6894.29
2022-06-25,1,3,214,38.97,0,0,22.5,8339.58
2022-06-26,1,3,249,39.95,0,0,20.4,9947.55
2022-06-27,1,3,197,40.64,0,0,21.2,8006.08
2022-06-28,1,3,178,39.63,0,0,18.5,7054.14
2022-06-29,1,3,169,40.53,0,0,24.7,6849.57
2022-06-30,1,3,183,41.72,0,0,22.0,7634.76
2022-07-01,1,3,184,38.51,0,0,24.4,7085.84
2022-07-02,1,3,218,39.31,0,0,21.0,8569.58
2022-07-03,1,3,222,38.13,0,0,22.8,8464.86
2022-07-04,1,3,284,40.81,0,1,20.6,11590.04
2022-07-05,1,3,165,41.58,0,0,24.7,6860.7
2022-07-06,1,3,370,32.41,1,0,22.4,11991.7
2022-07-07,1,3,176,38.12,0,0,20.4,6709.12
2022-07-08,1,3,174,40.7,0,0,18.6,7081.8
2022-07-09,1,3,237,39.17,0,0,18.0,9283.29
2022-07-10,1,3,232,39.1,0,0,18.9,9071.2
2022-07-11,1,3,163,38.94,0,0,18.6,6347.22
2022-07-12,1,3,173,40.57,0,0,17.8,7018.61
2022-07-13,1,3,179,39.29,0,0,17.5,7032.91
2022-07-14,1,3,169,38.71,0,0,17.7,6541.99
2022-07-15,1,3,171,39.79,0,0,17.6,6804.09
2022-07-16,1,3,206,41.3,0,0,20.4,8507.8
2022-07-17,1,3,194,41.07,0,0,18.1,7967.58
2022-07-18,1,3,149,37.98,0,0,19.3,5659.02
2022-07-19,1,3,230,35.05,1,0,17.0,8061.5
2022-07-20,1,3,146,40.31,0,0,20.9,5885.26
2022-07-21,1,3,155,39.89,0,0,19.6,6182.95
2022-07-22,1,3,138,40.76,0,0,17.6,5624.88
2022-07-23,1,3,277,34.5,1,0,15.1,9556.5
2022-07-24,1,3,354,33.48,1,0,15.9,11851.92
2022-07-25,1,3,148,40.27,0,0,16.6,5959.96
2022-07-26,1,3,142,37.84,0,0,15.5,5373.28
2022-07-27,1,3,131,40.15,0,0,13.5,5259.65
2022-07-28,1,3,147,41.75,0,0,18.0,6137.25
2022-07-29,1,3,171,39.44,0,0,16.3,6744.24
2022-07-30,1,3,190,41.4,0,0,17.8,7866.0
2022-07-31,1,3,327,34.19,1,0,14.8,11180.13
2022-08-01,1,3,223,32.97,1,0,16.5,7352.31
2022-08-02,1,3,164,41.18,0,0,13.6,6753.52
2022-08-03,1,3,169,39.27,0,0,16.1,6636.63
2022-08-04,1,3,167,38.93,0,0,13.5,6501.31
2022-08-05,1,3,138,40.12,0,0,11.8,5536.56
2022-08-06,1,3,194,38.64,0,0,10.6,7496.16
2022-08-07,1,3,162,41.21,0,0,12.4,6676.02
2022-08-08,1,3,150,38.44,0,0,11.9,5766.0
2022-08-09,1,3,160,39.59,0,0,16.0,6334.4
2022-08-10,1,3,115,39.11,0,0,14.0,4497.65
2022-08-11,1,3,138,39.16,0,0,14.7,5404.08
2022-08-12,1,3,150,39.8,0,0,13.0,5970.0
2022-08-13,1,3,177,41.27,0,0,9.3,7304.79
2022-08-14,1,3,211,38.27,0,0,9.7,8074.97
2022-08-15,1,3,161,41.41,0,0,13.4,6667.01
2022-08-16,1,3,135,39.34,0,0,10.5,5310.9
2022-08-17,1,3,122,41.21,0,0,11.7,5027.62
2022-08-18,1,3,121,38.58,0,0,13.8,4668.18
2022-08-19,1,3,141,38.19,0,0,11.2,5384.79
2022-08-20,1,3,276,34.78,1,0,9.2,9599.28
2022-08-21,1,3,178,38.41,0,0,10.3,6836.98
2022-08-22,1,3,126,39.2,0,0,8.4,4939.2
2022-08-23,1,3,143,39.03,0,0,8.0,5581.29
2022-08-24,1,3,128,40.5,0,0,8.1,5184.0
2022-08-25,1,3,118,38.39,0,0,7.8,4530.02
2022-08-26,1,3,128,40.65,0,0,8.6,5203.2
2022-08-27,1,3,149,38.13,0,0,9.0,5681.37
2022-08-28,1,3,157,38.55,0,0,8.0,6052.35
2022-08-29,1,3,123,41.15,0,0,11.4,5061.45
2022-08-30,1,3,117,40.07,0,0,11.5,4688.19
2022-08-31,1,3,141,40.43,0,0,9.3,5700.63
2022-09-01,1,3,124,39.49,0,0,9.3,4896.76
2022-09-02,1,3,134,40.44,0,0,6.8,5418.96
2022-09-03,1,3,148,40.49,0,0,8.2,5992.52
2022-09-04,1,3,166,37.85,0,0,5.0,6283.1
2022-09-05,1,3,139,39.84,0,0,4.8,5537.76
2022-09-06,1,3,183,41.28,0,1,5.7,7554.24
2022-09-07,1,3,107,38.62,0,0,8.0,4132.34
2022-09-08,1,3,132,38.63,0,0,10.7,5099.16
2022-09-09,1,3,129,39.05,0,0,5.7,5037.45
2022-09-10,1,3,151,41.09,0,0,3.6,6204.59
2022-09-11,1,3,151,38.65,0,0,7.1,5836.15
2022-09-12,1,3,187,32.42,1,0,8.6,6062.54
2022-09-13,1,3,102,38.04,0,0,9.6,3880.08
2022-09-14,1,3,133,41.29,0,0,5.2,5491.57
2022-09-15,1,3,118,41.74,0,0,4.8,4925.32
2022-09-16,1,3,114,39.05,0,0,5.9,4451.7
2022-09-17,1,3,247,34.52,1,0,3.8,8526.44
2022-09-18,1,3,154,41.67,0,0,2.5,6417.18
2022-09-19,1,3,126,41.1,0,0,3.5,5178.6
2022-09-20,1,3,112,40.13,0,0,4.9,4494.56
2022-09-21,1,3,120,39.47,0,0,6.7,4736.4
2022-09-22,1,3,126,39.06,0,0,5.8,4921.56
2022-09-23,1,3,131,40.3,0,0,6.2,5279.3
2022-09-24,1,3,158,41.65,0,0,3.1,6580.7
2022-09-25,1,3,165,39.54,0,0,6.9,6524.1
2022-09-26,1,3,161,32.38,1,0,7.1,5213.18
2022-09-27,1,3,121,38.71,0,0,4.9,4683.91
2022-09-28,1,3,127,40.41,0,0,3.2,5132.07
2022-09-29,1,3,182,33.38,1,0,3.6,6075.16
2022-09-30,1,3,210,34.52,1,0,5.0,7249.2
2022-10-01,1,3,229,34.77,1,0,5.4,7962.33
2022-10-02,1,3,152,40.42,0,0,6.0,6143.84
2022-10-03,1,3,132,39.77,0,0,6.9,5249.64
2022-10-04,1,3,117,40.87,0,0,5.0,4781.79
2022-10-05,1,3,135,40.51,0,0,2.4,5468.85
2022-10-06,1,3,123,38.61,0,0,2.4,4749.03
2022-10-07,1,3,140,41.54,0,0,6.6,5815.6
2022-10-08,1,3,160,40.39,0,0,5.0,6462.4
2022-10-09,1,3,247,33.25,1,0,3.4,8212.75
2022-10-10,1,3,127,38.96,0,0,1.1,4947.92
2022-10-11,1,3,118,38.33,0,0,2.5,4522.94
2022-10-12,1,3,131,38.89,0,0,1.3,5094.59
2022-10-13,1,3,129,40.35,0,0,3.8,5205.15
2022-10-14,1,3,131,40.36,0,0,4.4,5287.16
2022-10-15,1,3,186,40.89,0,0,3.8,7605.54
2022-10-16,1,3,150,38.33,0,0,3.4,5749.5
2022-10-17,1,3,129,38.78,0,0,6.8,5002.62
2022-10-18,1,3,131,40.28,0,0,1.7,5276.68
2022-10-19,1,3,167,39.28,0,0,5.3,6559.76
2022-10-20,1,3,117,38.51,0,0,1.0,4505.67
2022-10-21,1,3,218,32.16,1,0,3.4,7010.88
2022-10-22,1,3,144,37.98,0,0,1.9,5469.12
2022-10-23,1,3,152,41.13,0,0,4.3,6251.76
2022-10-24,1,3,114,39.41,0,0,6.8,4492.74
2022-10-25,1,3,218,33.8,1,0,3.6,7368.4
2022-10-26,1,3,132,37.96,0,0,3.2,5010.72
2022-10-27,1,3,128,41.62,0,0,5.5,5327.36
2022-10-28,1,3,118,38.94,0,0,2.6,4594.92
2022-10-29,1,3,138,41.06,0,0,2.3,5666.28
2022-10-30,1,3,165,41.22,0,0,4.7,6801.3
2022-10-31,1,3,111,41.08,0,0,3.3,4559.88
2022-11-01,1,3,238,39.58,0,0,-2.7,9420.04
2022-11-02,1,3,215,40.82,0,0,0.6,8776.3
2022-11-03,1,3,202,40.8,0,0,4.1,8241.6
2022-11-04,1,3,198,40.2,0,0,3.6,7959.6
2022-11-05,1,3,265,40.39,0,0,2.9,10703.35
2022-11-06,1,3,234,40.71,0,0,1.6,9526.14
2022-11-07,1,3,245,38.8,0,0,2.3,9506.0
2022-11-08,1,3,206,39.54,0,0,2.5,8145.24
2022-11-09,1,3,225,39.59,0,0,6.0,8907.75
2022-11-10,1,3,208,40.45,0,0,3.1,8413.6
2022-11-11,1,3,216,38.65,0,0,5.1,8348.4
2022-11-12,1,3,266,38.8,0,0,3.4,10320.8
2022-11-13,1,3,425,33.91,1,0,7.1,14411.75
2022-11-14,1,3,240,41.57,0,0,5.6,9976.8
2022-11-15,1,3,288,33.74,1,0,3.4,9717.12
2022-11-16,1,3,213,38.75,0,0,6.7,8253.75
2022-11-17,1,3,230,39.02,0,0,0.4,8974.6
2022-11-18,1,3,207,40.48,0,0,2.9,8379.36
2022-11-19,1,3,243,39.27,0,0,3.8,9542.61
2022-11-20,1,3,264,39.44,0,0,7.5,10412.16
2022-11-21,1,3,226,39.23,0,0,3.0,8865.98
2022-11-22,1,3,205,38.84,0,0,-1.3,7962.2
2022-11-23,1,3,222,39.65,0,0,7.0,8802.3
2022-11-24,1,3,373,33.48,1,0,6.6,12488.04
2022-11-25,1,3,358,40.15,0,1,7.5,14373.7
2022-11-26,1,3,477,39.11,0,1,4.5,18655.47
2022-11-27,1,3,242,41.43,0,0,1.2,10026.06
2022-11-28,1,3,231,38.6,0,0,4.4,8916.6
2022-11-29,1,3,232,39.09,0,0,6.3,9068.88
2022-11-30,1,3,238,40.7,0,0,4.2,9686.6
2022-12-01,1,3,368,32.33,1,0,2.7,11897.44
2022-12-02,1,3,206,39.35,0,0,6.1,8106.1
2022-12-03,1,3,289,38.38,0,0,7.0,11091.82
2022-12-04,1,3,279,40.05,0,0,2.8,11173.95
2022-12-05,1,3,232,39.85,0,0,7.7,9245.2
2022-12-06,1,3,205,40.99,0,0,5.7,8402.95
2022-12-07,1,3,243,41.67,0,0,8.3,10125.81
2022-12-08,1,3,222,38.45,0,0,2.1,8535.9
2022-12-09,1,3,337,33.61,1,0,8.2,11326.57
2022-12-10,1,3,293,41.42,0,0,5.7,12136.06
2022-12-11,1,3,286,41.35,0,0,6.4,11826.1
2022-12-12,1,3,246,38.12,0,0,7.4,9377.52
2022-12-13,1,3,293,38.99,0,0,6.8,11424.07
2022-12-14,1,3,248,39.37,0,0,4.3,9763.76
2022-12-15,1,3,223,38.41,0,0,5.5,8565.43
2022-12-16,1,3,219,40.25,0,0,6.1,8814.75
2022-12-17,1,3,341,39.04,0,0,7.4,13312.64
2022-12-18,1,3,323,40.75,0,0,8.3,13162.25
2022-12-19,1,3,244,39.35,0,0,3.8,9601.4
2022-12-20,1,3,361,34.57,1,0,8.8,12479.77
2022-12-21,1,3,236,41.09,0,0,9.3,9697.24
2022-12-22,1,3,231,41.29,0,0,8.1,9537.99
2022-12-23,1,3,279,41.01,0,0,5.9,11441.79
2022-12-24,1,3,453,40.81,0,1,9.8,18486.93
2022-12-25,1,3,487,40.38,0,1,4.6,19665.06
2022-12-26,1,3,261,38.05,0,0,9.4,9931.05
2022-12-27,1,3,281,39.98,0,0,8.9,11234.38
2022-12-28,1,3,270,39.91,0,0,11.8,10775.7
2022-12-29,1,3,506,32.56,1,0,5.9,16475.36
2022-12-30,1,3,417,34.59,1,0,11.2,14424.03
2022-12-31,1,3,550,33.09,1,0,7.4,18199.5
2023-01-01,1,3,416,38.97,0,1,8.3,16211.52
2023-01-02,1,3,209,39.58,0,0,8.9,8272.22
2023-01-03,1,3,193,39.04,0,0,8.0,7534.72
2023-01-04,1,3,195,40.31,0,0,10.4,7860.45
2023-01-05,1,3,262,32.54,1,0,9.5,8525.48
2023-01-06,1,3,171,39.35,0,0,6.0,6728.85
2023-01-07,1,3,250,38.85,0,0,9.5,9712.5
2023-01-08,1,3,232,40.82,0,0,10.7,9470.24
2023-01-09,1,3,203,40.35,0,0,10.4,8191.05
2023-01-10,1,3,198,41.0,0,0,10.1,8118.0
2023-01-11,1,3,212,39.81,0,0,10.0,8439.72
2023-01-12,1,3,186,41.75,0,0,10.4,7765.5
2023-01-13,1,3,207,40.65,0,0,13.0,8414.55
2023-01-14,1,3,358,33.88,1,0,11.7,12129.04
2023-01-15,1,3,257,41.51,0,0,13.1,10668.07
2023-01-16,1,3,376,34.46,1,0,13.3,12956.96
2023-01-17,1,3,211,40.51,0,0,18.1,8547.61
2023-01-18,1,3,199,41.25,0,0,15.1,8208.75
2023-01-19,1,3,197,39.93,0,0,14.0,7866.21
2023-01-20,1,3,291,32.24,1,0,13.6,9381.84
2023-01-21,1,3,288,37.84,0,0,11.5,10897.92
2023-01-22,1,3,283,39.69,0,0,9.8,11232.27
2023-01-23,1,3,240,38.24,0,0,13.8,9177.6
2023-01-24,1,3,211,38.4,0,0,11.2,8102.4
2023-01-25,1,3,211,38.38,0,0,11.7,8098.18
2023-01-26,1,3,210,40.47,0,0,14.7,8498.7
2023-01-27,1,3,233,41.61,0,0,11.6,9695.13
2023-01-28,1,3,276,38.63,0,0,11.8,10661.88
2023-01-29,1,3,259,39.18,0,0,16.7,10147.62
2023-01-30,1,3,242,40.33,0,0,15.6,9759.86
2023-01-31,1,3,175,38.63,0,0,15.0,6760.25
2023-02-01,1,3,192,41.32,0,0,13.2,7933.44
2023-02-02,1,3,224,39.1,0,0,17.8,8758.4
2023-02-03,1,3,241,41.47,0,0,21.5,9994.27
2023-02-04,1,3,271,39.29,0,0,17.5,10647.59
2023-02-05,1,3,300,41.24,0,0,19.4,12372.0
2023-02-06,1,3,251,39.27,0,0,17.0,9856.77
2023-02-07,1,3,240,38.4,0,0,17.4,9216.0
2023-02-08,1,3,229,40.37,0,0,17.8,9244.73
2023-02-09,1,3,234,38.2,0,0,17.3,8938.8
2023-02-10,1,3,263,39.61,0,0,17.8,10417.43
2023-02-11,1,3,544,33.57,1,0,16.5,18262.08
2023-02-12,1,3,305,38.76,0,0,20.0,11821.8
2023-02-13,1,3,217,40.29,0,0,14.8,8742.93
2023-02-14,1,3,337,38.77,0,1,16.7,13065.49
2023-02-15,1,3,225,39.94,0,0,19.8,8986.5
2023-02-16,1,3,264,41.4,0,0,16.7,10929.6
2023-02-17,1,3,231,38.76,0,0,17.8,8953.56
2023-02-18,1,3,287,37.87,0,0,20.3,10868.69
2023-02-19,1,3,269,41.28,0,0,19.5,11104.32
2023-02-20,1,3,230,39.51,0,0,20.0,9087.3
2023-02-21,1,3,226,39.35,0,0,21.4,8893.1
2023-02-22,1,3,241,40.82,0,0,17.0,9837.62
2023-02-23,1,3,243,38.04,0,0,17.4,9243.72
2023-02-24,1,3,270,39.32,0,0,20.7,10616.4
2023-02-25,1,3,276,40.98,0,0,19.2,11310.48
2023-02-26,1,3,287,40.72,0,0,19.7,11686.64
2023-02-27,1,3,251,40.18,0,0,21.0,10085.18
2023-02-28,1,3,256,41.6,0,0,20.9,10649.6
2023-03-01,1,3,249,37.84,0,0,21.1,9422.16
2023-03-02,1,3,238,39.01,0,0,20.1,9284.38
2023-03-03,1,3,354,34.35,1,0,20.9,12159.9
2023-03-04,1,3,325,38.86,0,0,19.5,12629.5
2023-03-05,1,3,602,33.86,1,0,17.1,20383.72
