data/raw/retail_sales.csv
date,store_id,dept_id,units_sold,unit_price,is_promo,is_holiday,temperature_c,revenue
2023-03-06,1,3,374,35.0,1,0,21.5,13090.0
2023-03-07,1,3,212,39.74,0,0,21.5,8424.88
2023-03-08,1,3,227,41.05,0,0,19.5,9318.35
2023-03-09,1,3,239,40.58,0,0,20.1,9698.62
2023-03-10,1,3,251,38.73,0,0,23.5,9721.23
2023-03-11,1,3,312,41.04,0,0,19.3,12804.48
2023-03-12,1,3,291,41.18,0,0,23.3,11983.38
2023-03-13,1,3,228,38.81,0,0,24.8,8848.68
2023-03-14,1,3,223,38.69,0,0,22.5,8627.87
2023-03-15,1,3,265,40.43,0,0,21.2,10713.95
2023-03-16,1,3,227,41.25,0,0,24.2,9363.75
2023-03-17,1,3,510,34.36,1,0,24.6,17523.6
2023-03-18,1,3,320,38.68,0,0,23.7,12377.6
2023-03-19,1,3,364,41.1,0,0,23.3,14960.4
2023-03-20,1,3,250,39.38,0,0,22.3,9845.0
2023-03-21,1,3,218,38.15,0,0,22.1,8316.7
2023-03-22,1,3,239,38.01,0,0,23.3,9084.39
2023-03-23,1,3,244,40.54,0,0,24.5,9891.76
2023-03-24,1,3,258,40.62,0,0,24.2,10479.96
2023-03-25,1,3,316,39.13,0,0,22.7,12365.08
2023-03-26,1,3,309,40.02,0,0,26.9,12366.18
2023-03-27,1,3,245,38.43,0,0,26.5,9415.35
2023-03-28,1,3,435,32.76,1,0,27.7,14250.6
2023-03-29,1,3,238,39.06,0,0,27.6,9296.28
2023-03-30,1,3,276,41.23,0,0,23.7,11379.48
2023-03-31,1,3,238,38.16,0,0,26.0,9082.08
2023-04-01,1,3,318,41.2,0,0,26.1,13101.6
2023-04-02,1,3,499,33.43,1,0,25.6,16681.57
2023-04-03,1,3,239,39.46,0,0,25.0,9430.94
2023-04-04,1,3,277,38.85,0,0,25.2,10761.45
2023-04-05,1,3,218,41.57,0,0,24.0,9062.26
2023-04-06,1,3,244,39.23,0,0,28.5,9572.12
2023-04-07,1,3,251,41.46,0,0,26.1,10406.46
2023-04-08,1,3,266,39.43,0,0,24.6,10488.38
2023-04-09,1,3,310,39.69,0,0,24.8,12303.9
2023-04-10,1,3,280,40.82,0,0,26.4,11429.6
2023-04-11,1,3,241,39.7,0,0,26.4,9567.7
2023-04-12,1,3,258,41.29,0,0,25.5,10652.82
2023-04-13,1,3,258,40.8,0,0,24.0,10526.4
2023-04-14,1,3,247,39.39,0,0,28.9,9729.33
2023-04-15,1,3,349,38.45,0,0,24.9,13419.05
2023-04-16,1,3,317,41.43,0,0,24.7,13133.31
2023-04-17,1,3,247,38.6,0,0,26.7,9534.2
2023-04-18,1,3,265,40.99,0,0,27.4,10862.35
2023-04-19,1,3,259,41.74,0,0,28.1,10810.66
2023-04-20,1,3,257,40.15,0,0,28.3,10318.55
2023-04-21,1,3,258,38.92,0,0,26.0,10041.36
2023-04-22,1,3,297,40.73,0,0,28.4,12096.81
2023-04-23,1,3,266,40.48,0,0,27.2,10767.68
2023-04-24,1,3,243,39.78,0,0,24.5,9666.54
2023-04-25,1,3,226,38.95,0,0,26.0,8802.7
2023-04-26,1,3,254,39.12,0,0,27.9,9936.48
2023-04-27,1,3,254,40.85,0,0,22.1,10375.9
2023-04-28,1,3,253,39.71,0,0,24.4,10046.63
2023-04-29,1,3,284,38.71,0,0,24.2,10993.64
2023-04-30,1,3,324,40.62,0,0,25.1,13160.88
2023-05-01,1,3,267,40.6,0,0,28.7,10840.2
2023-05-02,1,3,244,41.5,0,0,27.3,10126.0
2023-05-03,1,3,239,38.55,0,0,29.4,9213.45
2023-05-04,1,3,282,40.11,0,0,23.3,11311.02
2023-05-05,1,3,231,38.39,0,0,23.4,8868.09
2023-05-06,1,3,270,39.01,0,0,26.2,10532.7
2023-05-07,1,3,336,40.12,0,0,23.7,13480.32
2023-05-08,1,3,246,41.04,0,0,28.5,10095.84
2023-05-09,1,3,247,39.98,0,0,26.5,9875.06
2023-05-10,1,3,229,40.49,0,0,26.7,9272.21
2023-05-11,1,3,209,38.45,0,0,29.7,8036.05
2023-05-12,1,3,245,38.75,0,0,27.7,9493.75
2023-05-13,1,3,285,38.85,0,0,27.1,11072.25
2023-05-14,1,3,308,38.75,0,0,26.3,11935.0
2023-05-15,1,3,335,32.48,1,0,27.8,10880.8
2023-05-16,1,3,243,41.55,0,0,25.5,10096.65
2023-05-17,1,3,211,40.93,0,0,30.0,8636.23
2023-05-18,1,3,211,39.19,0,0,25.0,8269.09
2023-05-19,1,3,240,38.64,0,0,24.7,9273.6
2023-05-20,1,3,289,41.21,0,0,24.5,11909.69
2023-05-21,1,3,266,41.45,0,0,26.2,11025.7
2023-05-22,1,3,226,41.52,0,0,26.8,9383.52
2023-05-23,1,3,243,39.34,0,0,24.8,9559.62
2023-05-24,1,3,245,39.53,0,0,25.2,9684.85
2023-05-25,1,3,231,38.25,0,0,26.6,8835.75
2023-05-26,1,3,227,40.02,0,0,25.6,9084.54
2023-05-27,1,3,274,39.69,0,0,23.7,10875.06
2023-05-28,1,3,292,39.69,0,0,25.3,11589.48
2023-05-29,1,3,346,33.86,1,0,29.9,11715.56
2023-05-30,1,3,235,40.93,0,0,24.4,9618.55
2023-05-31,1,3,325,38.42,0,1,22.1,12486.5
2023-06-01,1,3,314,35.11,1,0,27.2,11024.54
2023-06-02,1,3,222,41.54,0,0,24.3,9221.88
2023-06-03,1,3,386,32.88,1,0,26.2,12691.68
2023-06-04,1,3,244,38.99,0,0,26.7,9513.56
2023-06-05,1,3,230,38.88,0,0,26.4,8942.4
2023-06-06,1,3,247,41.19,0,0,26.4,10173.93
2023-06-07,1,3,216,38.08,0,0,25.2,8225.28
2023-06-08,1,3,235,41.3,0,0,25.2,9705.5
2023-06-09,1,3,218,39.31,0,0,25.3,8569.58
2023-06-10,1,3,385,32.58,1,0,25.1,12543.3
2023-06-11,1,3,267,41.79,0,0,27.5,11157.93
2023-06-12,1,3,199,38.71,0,0,23.4,7703.29
2023-06-13,1,3,199,41.0,0,0,25.0,8159.0
2023-06-14,1,3,224,41.7,0,0,23.0,9340.8
2023-06-15,1,3,207,40.34,0,0,24.5,8350.38
2023-06-16,1,3,377,34.07,1,0,23.6,12844.39
2023-06-17,1,3,253,40.27,0,0,23.5,10188.31
2023-06-18,1,3,252,38.43,0,0,24.0,9684.36
2023-06-19,1,3,185,37.92,0,0,23.8,7015.2
2023-06-20,1,3,200,41.01,0,0,24.6,8202.0
2023-06-21,1,3,221,38.24,0,0,25.5,8451.04
2023-06-22,1,3,240,41.48,0,0,26.8,9955.2
2023-06-23,1,3,222,41.38,0,0,24.1,9186.36
2023-06-24,1,3,228,38.93,0,0,17.9,8876.04
2023-06-25,1,3,268,38.9,0,0,20.4,10425.2
2023-06-26,1,3,243,38.79,0,0,19.0,9425.97
2023-06-27,1,3,209,38.41,0,0,22.1,8027.69
2023-06-28,1,3,174,39.07,0,0,21.9,6798.18
2023-06-29,1,3,183,38.98,0,0,21.2,7133.34
2023-06-30,1,3,192,41.16,0,0,19.8,7902.72
2023-07-01,1,3,233,41.51,0,0,19.5,9671.83
2023-07-02,1,3,206,38.22,0,0,21.0,7873.32
2023-07-03,1,3,271,34.02,1,0,21.9,9219.42
2023-07-04,1,3,262,41.78,0,1,21.2,10946.36
2023-07-05,1,3,174,40.86,0,0,16.4,7109.64
2023-07-06,1,3,182,40.25,0,0,21.6,7325.5
2023-07-07,1,3,175,38.89,0,0,20.6,6805.75
2023-07-08,1,3,217,39.37,0,0,19.6,8543.29
2023-07-09,1,3,223,41.47,0,0,20.7,9247.81
2023-07-10,1,3,191,41.68,0,0,17.4,7960.88
2023-07-11,1,3,202,40.98,0,0,18.6,8277.96
2023-07-12,1,3,175,38.63,0,0,17.9,6760.25
2023-07-13,1,3,176,39.4,0,0,17.1,6934.4
2023-07-14,1,3,181,38.1,0,0,17.6,6896.1
2023-07-15,1,3,216,41.03,0,0,20.4,8862.48
2023-07-16,1,3,328,33.49,1,0,20.9,10984.72
2023-07-17,1,3,179,40.32,0,0,20.6,7217.28
2023-07-18,1,3,183,39.38,0,0,19.6,7206.54
2023-07-19,1,3,172,41.36,0,0,15.6,7113.92
2023-07-20,1,3,162,39.36,0,0,15.8,6376.32
2023-07-21,1,3,144,39.52,0,0,19.2,5690.88
2023-07-22,1,3,209,39.42,0,0,15.3,8238.78
2023-07-23,1,3,243,38.86,0,0,21.9,9442.98
2023-07-24,1,3,149,39.61,0,0,16.1,5901.89
2023-07-25,1,3,161,39.59,0,0,14.5,6373.99
2023-07-26,1,3,213,33.4,1,0,13.9,7114.2
2023-07-27,1,3,172,37.85,0,0,19.7,6510.2
2023-07-28,1,3,220,34.51,1,0,15.2,7592.2
2023-07-29,1,3,177,41.77,0,0,17.7,7393.29
2023-07-30,1,3,231,40.7,0,0,18.8,9401.7
2023-07-31,1,3,139,40.26,0,0,17.9,5596.14
2023-08-01,1,3,201,32.64,1,0,15.1,6560.64
2023-08-02,1,3,134,37.93,0,0,16.1,5082.62
2023-08-03,1,3,152,39.04,0,0,13.3,5934.08
2023-08-04,1,3,141,39.22,0,0,14.4,5530.02
2023-08-05,1,3,181,38.06,0,0,14.1,6888.86
2023-08-06,1,3,196,40.03,0,0,18.2,7845.88
2023-08-07,1,3,288,34.8,1,0,17.7,10022.4
2023-08-08,1,3,145,39.53,0,0,12.3,5731.85
2023-08-09,1,3,158,40.73,0,0,15.0,6435.34
2023-08-10,1,3,179,41.12,0,0,9.8,7360.48
2023-08-11,1,3,166,40.86,0,0,13.2,6782.76
2023-08-12,1,3,178,38.52,0,0,13.6,6856.56
2023-08-13,1,3,190,38.49,0,0,11.6,7313.1
2023-08-14,1,3,128,40.79,0,0,15.2,5221.12
2023-08-15,1,3,137,38.33,0,0,10.4,5251.21
2023-08-16,1,3,212,32.51,1,0,9.9,6892.12
2023-08-17,1,3,152,39.97,0,0,11.8,6075.44
2023-08-18,1,3,147,39.36,0,0,10.1,5785.92
2023-08-19,1,3,161,40.29,0,0,11.0,6486.69
2023-08-20,1,3,157,40.43,0,0,12.6,6347.51
2023-08-21,1,3,137,38.29,0,0,12.0,5245.73
2023-08-22,1,3,184,34.95,1,0,9.3,6430.8
2023-08-23,1,3,193,33.52,1,0,10.0,6469.36
2023-08-24,1,3,144,39.86,0,0,7.0,5739.84
2023-08-25,1,3,136,39.41,0,0,11.6,5359.76
2023-08-26,1,3,187,39.48,0,0,12.0,7382.76
2023-08-27,1,3,177,37.92,0,0,12.2,6711.84
2023-08-28,1,3,131,38.96,0,0,9.4,5103.76
2023-08-29,1,3,124,39.68,0,0,6.2,4920.32
2023-08-30,1,3,127,41.21,0,0,10.0,5233.67
2023-08-31,1,3,118,39.82,0,0,12.8,4698.76
2023-09-01,1,3,136,39.67,0,0,6.9,5395.12
2023-09-02,1,3,183,40.2,0,0,9.0,7356.6
2023-09-03,1,3,186,38.13,0,0,8.6,7092.18
2023-09-04,1,3,123,38.55,0,0,6.9,4741.65
2023-09-05,1,3,131,41.29,0,0,11.9,5408.99
2023-09-06,1,3,281,32.15,1,1,6.8,9034.15
2023-09-07,1,3,135,39.5,0,0,7.4,5332.5
2023-09-08,1,3,127,41.42,0,0,9.1,5260.34
2023-09-09,1,3,182,39.38,0,0,8.7,7167.16
2023-09-10,1,3,152,40.14,0,0,5.2,6101.28
2023-09-11,1,3,136,40.48,0,0,8.4,5505.28
2023-09-12,1,3,124,39.24,0,0,6.6,4865.76
2023-09-13,1,3,121,40.75,0,0,4.8,4930.75
2023-09-14,1,3,122,40.43,0,0,2.0,4932.46
2023-09-15,1,3,139,40.49,0,0,3.9,5628.11
2023-09-16,1,3,196,35.51,1,0,6.1,6959.96
2023-09-17,1,3,166,41.66,0,0,3.1,6915.56
2023-09-18,1,3,124,40.86,0,0,5.7,5066.64
2023-09-19,1,3,96,40.63,0,0,6.6,3900.48
2023-09-20,1,3,131,38.01,0,0,5.0,4979.31
2023-09-21,1,3,131,38.72,0,0,3.5,5072.32
2023-09-22,1,3,124,40.35,0,0,7.0,5003.4
2023-09-23,1,3,151,39.02,0,0,2.4,5892.02
2023-09-24,1,3,147,40.29,0,0,6.4,5922.63
2023-09-25,1,3,109,39.06,0,0,7.1,4257.54
2023-09-26,1,3,125,41.8,0,0,2.0,5225.0
2023-09-27,1,3,129,41.42,0,0,3.2,5343.18
2023-09-28,1,3,127,40.43,0,0,8.0,5134.61
2023-09-29,1,3,159,32.92,1,0,5.1,5234.28
2023-09-30,1,3,150,41.38,0,0,7.7,6207.0
2023-10-01,1,3,170,38.64,0,0,6.7,6568.8
2023-10-02,1,3,123,39.09,0,0,5.5,4808.07
2023-10-03,1,3,126,40.92,0,0,3.2,5155.92
2023-10-04,1,3,135,39.15,0,0,4.5,5285.25
2023-10-05,1,3,178,34.79,1,0,1.5,6192.62
2023-10-06,1,3,113,41.44,0,0,4.2,4682.72
2023-10-07,1,3,245,33.68,1,0,5.1,8251.6
2023-10-08,1,3,186,39.34,0,0,1.6,7317.24
2023-10-09,1,3,165,32.36,1,0,5.5,5339.4
2023-10-10,1,3,132,41.12,0,0,4.3,5427.84
2023-10-11,1,3,109,40.77,0,0,3.2,4443.93
2023-10-12,1,3,144,41.03,0,0,2.0,5908.32
2023-10-13,1,3,118,39.49,0,0,6.5,4659.82
2023-10-14,1,3,157,39.02,0,0,0.2,6126.14
2023-10-15,1,3,145,39.43,0,0,2.3,5717.35
2023-10-16,1,3,130,37.93,0,0,2.9,4930.9
2023-10-17,1,3,221,35.22,1,0,2.4,7783.62
2023-10-18,1,3,126,41.27,0,0,3.2,5200.02
2023-10-19,1,3,138,37.92,0,0,3.8,5232.96
2023-10-20,1,3,142,41.2,0,0,6.0,5850.4
2023-10-21,1,3,158,41.29,0,0,3.5,6523.82
2023-10-22,1,3,222,32.62,1,0,3.6,7241.64
2023-10-23,1,3,114,38.72,0,0,5.8,4414.08
2023-10-24,1,3,122,38.12,0,0,-0.1,4650.64
2023-10-25,1,3,136,38.29,0,0,5.1,5207.44
2023-10-26,1,3,146,40.76,0,0,2.1,5950.96
2023-10-27,1,3,126,41.33,0,0,3.4,5207.58
2023-10-28,1,3,163,39.36,0,0,4.1,6415.68
2023-10-29,1,3,169,39.62,0,0,-0.6,6695.78
2023-10-30,1,3,124,38.53,0,0,5.8,4777.72
2023-10-31,1,3,140,39.21,0,0,5.0,5489.4
2023-11-01,1,3,197,39.14,0,0,4.0,7710.58
2023-11-02,1,3,167,40.93,0,0,4.6,6835.31
2023-11-03,1,3,216,39.0,0,0,0.9,8424.0
2023-11-04,1,3,268,38.07,0,0,4.4,10202.76
2023-11-05,1,3,291,39.95,0,0,0.2,11625.45
2023-11-06,1,3,217,41.0,0,0,0.5,8897.0
2023-11-07,1,3,228,39.82,0,0,5.1,9078.96
2023-11-08,1,3,200,38.13,0,0,0.9,7626.0
2023-11-09,1,3,207,38.8,0,0,2.8,8031.6
2023-11-10,1,3,205,38.33,0,0,4.8,7857.65
2023-11-11,1,3,297,40.4,0,0,3.4,11998.8
2023-11-12,1,3,259,38.48,0,0,2.8,9966.32
2023-11-13,1,3,222,41.3,0,0,2.8,9168.6
2023-11-14,1,3,219,41.78,0,0,5.4,9149.82
2023-11-15,1,3,208,39.42,0,0,7.4,8199.36
2023-11-16,1,3,225,39.52,0,0,2.8,8892.0
2023-11-17,1,3,210,39.05,0,0,2.1,8200.5
2023-11-18,1,3,280,40.47,0,0,3.8,11331.6
2023-11-19,1,3,274,41.08,0,0,1.1,11255.92
2023-11-20,1,3,226,39.86,0,0,2.3,9008.36
2023-11-21,1,3,197,38.23,0,0,5.0,7531.31
2023-11-22,1,3,200,41.15,0,0,3.1,8230.0
2023-11-23,1,3,227,38.23,0,0,6.4,8678.21
2023-11-24,1,3,343,34.81,1,0,3.1,11939.83
2023-11-25,1,3,440,40.1,0,1,6.2,17644.0
2023-11-26,1,3,420,38.87,0,1,3.6,16325.4
2023-11-27,1,3,441,33.05,1,0,6.9,14575.05
2023-11-28,1,3,199,39.01,0,0,1.8,7762.99
2023-11-29,1,3,239,40.96,0,0,6.2,9789.44
2023-11-30,1,3,246,38.3,0,0,5.2,9421.8
2023-12-01,1,3,267,40.67,0,0,4.0,10858.89
2023-12-02,1,3,505,34.41,1,0,7.1,17377.05
2023-12-03,1,3,288,39.37,0,0,7.4,11338.56
2023-12-04,1,3,218,41.64,0,0,6.0,9077.52
2023-12-05,1,3,221,39.46,0,0,3.4,8720.66
2023-12-06,1,3,252,39.3,0,0,4.2,9903.6
2023-12-07,1,3,246,39.91,0,0,3.1,9817.86
2023-12-08,1,3,255,40.45,0,0,5.7,10314.75
2023-12-09,1,3,507,32.57,1,0,5.1,16512.99
2023-12-10,1,3,337,41.11,0,0,4.7,13854.07
2023-12-11,1,3,269,38.04,0,0,4.8,10232.76
2023-12-12,1,3,226,40.43,0,0,5.9,9137.18
2023-12-13,1,3,252,39.02,0,0,6.9,9833.04
2023-12-14,1,3,209,40.6,0,0,5.6,8485.4
2023-12-15,1,3,447,34.55,1,0,2.6,15443.85
2023-12-16,1,3,303,41.78,0,0,5.1,12659.34
2023-12-17,1,3,337,39.04,0,0,7.2,13156.48
2023-12-18,1,3,251,41.23,0,0,8.5,10348.73
2023-12-19,1,3,390,32.17,1,0,7.4,12546.3
2023-12-20,1,3,261,38.35,0,0,4.6,10009.35
2023-12-21,1,3,253,38.74,0,0,7.8,9801.22
2023-12-22,1,3,258,38.22,0,0,8.9,9860.76
2023-12-23,1,3,318,38.5,0,0,7.8,12243.0
2023-12-24,1,3,529,41.62,0,1,11.3,22016.98
2023-12-25,1,3,358,40.25,0,1,9.3,14409.5
2023-12-26,1,3,255,40.94,0,0,9.0,10439.7
2023-12-27,1,3,239,40.31,0,0,10.8,9634.09
2023-12-28,1,3,250,38.65,0,0,10.4,9662.5
2023-12-29,1,3,244,39.78,0,0,5.8,9706.32
2023-12-30,1,3,331,38.53,0,0,9.3,12753.43
2023-12-31,1,3,486,32.72,1,0,9.4,15901.92
2021-01-01,1,4,264,22.97,0,1,4.9,6064.08
2021-01-02,1,4,246,22.16,0,0,10.5,5451.36
2021-01-03,1,4,187,21.55,0,0,11.7,4029.85
2021-01-04,1,4,216,22.59,0,0,5.4,4879.44
2021-01-05,1,4,169,22.46,0,0,11.1,3795.74
2021-01-06,1,4,202,22.77,0,0,8.5,4599.54
2021-01-07,1,4,189,21.76,0,0,9.7,4112.64
2021-01-08,1,4,167,21.61,0,0,11.0,3608.87
2021-01-09,1,4,211,23.1,0,0,7.5,4874.1
2021-01-10,1,4,200,22.93,0,0,10.5,4586.0
2021-01-11,1,4,166,22.36,0,0,11.9,3711.76
2021-01-12,1,4,199,23.24,0,0,10.8,4624.76
2021-01-13,1,4,176,22.84,0,0,10.0,4019.84
2021-01-14,1,4,190,23.02,0,0,10.8,4373.8
2021-01-15,1,4,170,22.41,0,0,13.7,3809.7
2021-01-16,1,4,264,22.59,0,0,11.5,5963.76
2021-01-17,1,4,285,20.0,1,0,11.2,5700.0
2021-01-18,1,4,199,22.44,0,0,13.1,4465.56
2021-01-19,1,4,199,22.89,0,0,15.7,4555.11
2021-01-20,1,4,195,22.17,0,0,17.4,4323.15
2021-01-21,1,4,199,22.78,0,0,13.7,4533.22
2021-01-22,1,4,231,22.39,0,0,15.7,5172.09
2021-01-23,1,4,218,22.32,0,0,12.5,4865.76
2021-01-24,1,4,250,23.31,0,0,16.7,5827.5
2021-01-25,1,4,225,21.75,0,0,13.9,4893.75
2021-01-26,1,4,191,22.01,0,0,13.8,4203.91
2021-01-27,1,4,204,21.52,0,0,13.9,4390.08
2021-01-28,1,4,223,22.13,0,0,13.9,4934.99
2021-01-29,1,4,306,18.24,1,0,16.0,5581.44
2021-01-30,1,4,234,23.58,0,0,16.9,5517.72
2021-01-31,1,4,282,22.92,0,0,14.9,6463.44
2021-02-01,1,4,206,23.3,0,0,15.8,4799.8
2021-02-02,1,4,174,23.47,0,0,14.9,4083.78
2021-02-03,1,4,216,22.94,0,0,17.9,4955.04
2021-02-04,1,4,212,21.43,0,0,19.4,4543.16
2021-02-05,1,4,286,19.62,1,0,15.1,5611.32
2021-02-06,1,4,252,22.56,0,0,13.9,5685.12
2021-02-07,1,4,274,22.79,0,0,18.4,6244.46
2021-02-08,1,4,394,19.88,1,0,20.1,7832.72
2021-02-09,1,4,173,22.02,0,0,20.5,3809.46
2021-02-10,1,4,205,23.47,0,0,19.2,4811.35
2021-02-11,1,4,260,22.43,0,0,19.5,5831.8
2021-02-12,1,4,204,21.77,0,0,19.7,4441.08
2021-02-13,1,4,278,22.22,0,0,19.2,6177.16
2021-02-14,1,4,405,22.6,0,1,17.2,9153.0
2021-02-15,1,4,214,23.17,0,0,22.6,4958.38
2021-02-16,1,4,202,22.49,0,0,17.6,4542.98
2021-02-17,1,4,235,23.65,0,0,18.2,5557.75
2021-02-18,1,4,224,23.49,0,0,18.7,5261.76
2021-02-19,1,4,240,21.8,0,0,19.1,5232.0
2021-02-20,1,4,318,22.3,0,0,18.2,7091.4
2021-02-21,1,4,246,22.87,0,0,19.2,5626.02
2021-02-22,1,4,376,19.06,1,0,20.9,7166.56
2021-02-23,1,4,204,21.45,0,0,16.0,4375.8
2021-02-24,1,4,405,18.33,1,0,22.3,7423.65
2021-02-25,1,4,210,23.12,0,0,20.3,4855.2
2021-02-26,1,4,261,22.92,0,0,20.6,5982.12
2021-02-27,1,4,293,23.0,0,0,23.9,6739.0
2021-02-28,1,4,308,22.73,0,0,22.7,7000.84
2021-03-01,1,4,224,23.33,0,0,22.8,5225.92
2021-03-02,1,4,231,23.15,0,0,16.2,5347.65
2021-03-03,1,4,221,21.55,0,0,22.9,4762.55
2021-03-04,1,4,220,23.55,0,0,23.9,5181.0
2021-03-05,1,4,238,23.44,0,0,23.4,5578.72
2021-03-06,1,4,286,21.93,0,0,21.3,6271.98
2021-03-07,1,4,294,23.51,0,0,24.3,6911.94
2021-03-08,1,4,214,23.31,0,0,26.0,4988.34
2021-03-09,1,4,251,21.93,0,0,20.9,5504.43
2021-03-10,1,4,235,21.47,0,0,21.5,5045.45
2021-03-11,1,4,217,22.0,0,0,24.9,4774.0
2021-03-12,1,4,239,22.77,0,0,22.4,5442.03
2021-03-13,1,4,312,23.62,0,0,22.9,7369.44
2021-03-14,1,4,518,19.59,1,0,23.1,10147.62
2021-03-15,1,4,268,22.27,0,0,25.3,5968.36
2021-03-16,1,4,227,21.97,0,0,26.6,4987.19
2021-03-17,1,4,260,22.94,0,0,21.6,5964.4
2021-03-18,1,4,452,20.08,1,0,22.3,9076.16
2021-03-19,1,4,231,22.42,0,0,25.3,5179.02
2021-03-20,1,4,304,22.35,0,0,24.0,6794.4
2021-03-21,1,4,322,23.26,0,0,22.6,7489.72
2021-03-22,1,4,243,22.27,0,0,23.3,5411.61
2021-03-23,1,4,233,23.06,0,0,20.9,5372.98
2021-03-24,1,4,235,22.97,0,0,22.6,5397.95
2021-03-25,1,4,210,22.96,0,0,22.7,4821.6
2021-03-26,1,4,276,22.12,0,0,25.4,6105.12
2021-03-27,1,4,319,23.36,0,0,23.4,7451.84
2021-03-28,1,4,341,23.53,0,0,24.0,8023.73
2021-03-29,1,4,362,20.02,1,0,24.0,7247.24
2021-03-30,1,4,260,22.58,0,0,25.2,5870.8
2021-03-31,1,4,272,21.76,0,0,27.5,5918.72
2021-04-01,1,4,238,22.4,0,0,21.1,5331.2
2021-04-02,1,4,238,22.87,0,0,23.0,5443.06
2021-04-03,1,4,321,22.53,0,0,24.4,7232.13
2021-04-04,1,4,300,22.02,0,0,29.4,6606.0
2021-04-05,1,4,260,22.54,0,0,24.0,5860.4
2021-04-06,1,4,236,23.01,0,0,26.5,5430.36
2021-04-07,1,4,349,18.56,1,0,18.2,6477.44
2021-04-08,1,4,240,22.27,0,0,27.3,5344.8
2021-04-09,1,4,249,22.61,0,0,29.1,5629.89
2021-04-10,1,4,308,23.65,0,0,28.5,7284.2
2021-04-11,1,4,292,21.92,0,0,26.6,6400.64
2021-04-12,1,4,256,22.4,0,0,31.0,5734.4
2021-04-13,1,4,247,21.56,0,0,30.2,5325.32
2021-04-14,1,4,378,19.11,1,0,25.9,7223.58
2021-04-15,1,4,221,22.86,0,0,27.3,5052.06
2021-04-16,1,4,204,23.45,0,0,27.7,4783.8
2021-04-17,1,4,306,23.32,0,0,28.6,7135.92
2021-04-18,1,4,365,22.76,0,0,22.3,8307.4
2021-04-19,1,4,243,22.56,0,0,28.1,5482.08
2021-04-20,1,4,221,22.7,0,0,26.4,5016.7
2021-04-21,1,4,224,22.88,0,0,28.0,5125.12
2021-04-22,1,4,254,23.47,0,0,24.6,5961.38
2021-04-23,1,4,240,23.09,0,0,29.6,5541.6
2021-04-24,1,4,276,22.54,0,0,22.1,6221.04
2021-04-25,1,4,270,22.24,0,0,25.0,6004.8
2021-04-26,1,4,216,23.17,0,0,30.6,5004.72
2021-04-27,1,4,270,22.67,0,0,30.0,6120.9
2021-04-28,1,4,225,23.26,0,0,30.1,5233.5
2021-04-29,1,4,318,19.3,1,0,28.9,6137.4
2021-04-30,1,4,224,22.15,0,0,28.4,4961.6
2021-05-01,1,4,268,21.55,0,0,27.9,5775.4
2021-05-02,1,4,279,23.44,0,0,27.2,6539.76
2021-05-03,1,4,204,23.53,0,0,29.0,4800.12
2021-05-04,1,4,238,23.39,0,0,24.8,5566.82
2021-05-05,1,4,243,23.12,0,0,24.7,5618.16
2021-05-06,1,4,327,19.2,1,0,26.1,6278.4
2021-05-07,1,4,213,22.14,0,0,27.1,4715.82
2021-05-08,1,4,312,21.45,0,0,28.2,6692.4
2021-05-09,1,4,312,23.56,0,0,26.3,7350.72
