data/raw/retail_sales.csv
date,store_id,dept_id,units_sold,unit_price,is_promo,is_holiday,temperature_c,revenue
2022-07-17,1,4,221,22.42,0,0,19.2,4954.82
2022-07-18,1,4,167,23.58,0,0,18.9,3937.86
2022-07-19,1,4,167,22.37,0,0,17.5,3735.79
2022-07-20,1,4,146,22.25,0,0,15.3,3248.5
2022-07-21,1,4,166,23.29,0,0,16.1,3866.14
2022-07-22,1,4,206,19.07,1,0,20.8,3928.42
2022-07-23,1,4,182,21.58,0,0,19.3,3927.56
2022-07-24,1,4,243,19.54,1,0,15.2,4748.22
2022-07-25,1,4,158,22.62,0,0,15.7,3573.96
2022-07-26,1,4,261,18.68,1,0,13.4,4875.48
2022-07-27,1,4,162,23.55,0,0,17.3,3815.1
2022-07-28,1,4,159,22.33,0,0,18.1,3550.47
2022-07-29,1,4,144,22.11,0,0,19.2,3183.84
2022-07-30,1,4,190,21.76,0,0,16.9,4134.4
2022-07-31,1,4,193,23.31,0,0,16.0,4498.83
2022-08-01,1,4,139,21.47,0,0,13.9,2984.33
2022-08-02,1,4,129,23.51,0,0,14.2,3032.79
2022-08-03,1,4,154,21.48,0,0,14.0,3307.92
2022-08-04,1,4,157,23.41,0,0,13.4,3675.37
2022-08-05,1,4,137,21.48,0,0,12.9,2942.76
2022-08-06,1,4,191,22.34,0,0,17.0,4266.94
2022-08-07,1,4,209,21.8,0,0,14.7,4556.2
2022-08-08,1,4,153,21.86,0,0,10.5,3344.58
2022-08-09,1,4,128,21.62,0,0,11.5,2767.36
2022-08-10,1,4,156,21.93,0,0,15.5,3421.08
2022-08-11,1,4,166,22.44,0,0,11.0,3725.04
2022-08-12,1,4,138,23.46,0,0,9.3,3237.48
2022-08-13,1,4,155,22.82,0,0,11.7,3537.1
2022-08-14,1,4,174,19.74,1,0,11.9,3434.76
2022-08-15,1,4,142,21.59,0,0,13.1,3065.78
2022-08-16,1,4,221,19.52,1,0,13.8,4313.92
2022-08-17,1,4,127,23.49,0,0,8.7,2983.23
2022-08-18,1,4,128,21.48,0,0,11.9,2749.44
2022-08-19,1,4,125,23.55,0,0,12.3,2943.75
2022-08-20,1,4,159,23.64,0,0,11.6,3758.76
2022-08-21,1,4,153,22.68,0,0,10.7,3470.04
2022-08-22,1,4,123,21.97,0,0,10.0,2702.31
2022-08-23,1,4,151,22.69,0,0,9.5,3426.19
2022-08-24,1,4,118,22.85,0,0,10.3,2696.3
2022-08-25,1,4,131,21.88,0,0,10.1,2866.28
2022-08-26,1,4,135,22.91,0,0,8.8,3092.85
2022-08-27,1,4,169,21.95,0,0,9.5,3709.55
2022-08-28,1,4,144,22.39,0,0,10.9,3224.16
2022-08-29,1,4,129,21.96,0,0,10.4,2832.84
2022-08-30,1,4,115,21.83,0,0,10.7,2510.45
2022-08-31,1,4,149,23.31,0,0,6.4,3473.19
2022-09-01,1,4,236,19.89,1,0,6.4,4694.04
2022-09-02,1,4,192,19.23,1,0,10.0,3692.16
2022-09-03,1,4,172,21.8,0,0,6.1,3749.6
2022-09-04,1,4,171,21.81,0,0,8.8,3729.51
2022-09-05,1,4,108,23.27,0,0,7.2,2513.16
2022-09-06,1,4,292,18.29,1,1,10.0,5340.68
2022-09-07,1,4,117,21.81,0,0,9.1,2551.77
2022-09-08,1,4,102,23.65,0,0,8.0,2412.3
2022-09-09,1,4,118,21.7,0,0,7.8,2560.6
2022-09-10,1,4,143,21.53,0,0,4.2,3078.79
2022-09-11,1,4,148,22.48,0,0,11.1,3327.04
2022-09-12,1,4,111,22.57,0,0,5.4,2505.27
2022-09-13,1,4,123,22.02,0,0,6.6,2708.46
2022-09-14,1,4,127,21.77,0,0,5.7,2764.79
2022-09-15,1,4,120,21.84,0,0,9.0,2620.8
2022-09-16,1,4,127,23.39,0,0,6.3,2970.53
2022-09-17,1,4,124,23.58,0,0,6.7,2923.92
2022-09-18,1,4,148,23.44,0,0,3.4,3469.12
2022-09-19,1,4,213,18.99,1,0,4.2,4044.87
2022-09-20,1,4,115,21.87,0,0,10.9,2515.05
2022-09-21,1,4,109,22.73,0,0,5.4,2477.57
2022-09-22,1,4,132,22.0,0,0,9.3,2904.0
2022-09-23,1,4,123,23.1,0,0,7.8,2841.3
2022-09-24,1,4,259,18.39,1,0,4.9,4763.01
2022-09-25,1,4,159,21.44,0,0,8.6,3408.96
2022-09-26,1,4,173,20.12,1,0,6.3,3480.76
2022-09-27,1,4,177,19.91,1,0,0.6,3524.07
2022-09-28,1,4,119,22.18,0,0,4.6,2639.42
2022-09-29,1,4,135,22.12,0,0,5.4,2986.2
2022-09-30,1,4,113,21.5,0,0,4.2,2429.5
2022-10-01,1,4,152,22.04,0,0,6.3,3350.08
2022-10-02,1,4,147,22.88,0,0,4.9,3363.36
2022-10-03,1,4,122,22.09,0,0,3.7,2694.98
2022-10-04,1,4,105,22.16,0,0,7.8,2326.8
2022-10-05,1,4,170,18.59,1,0,-0.2,3160.3
2022-10-06,1,4,133,23.32,0,0,3.4,3101.56
2022-10-07,1,4,106,21.58,0,0,3.3,2287.48
2022-10-08,1,4,127,22.65,0,0,1.3,2876.55
2022-10-09,1,4,144,23.26,0,0,2.7,3349.44
2022-10-10,1,4,115,22.1,0,0,4.5,2541.5
2022-10-11,1,4,128,21.76,0,0,3.8,2785.28
2022-10-12,1,4,129,22.61,0,0,2.5,2916.69
2022-10-13,1,4,131,22.4,0,0,3.7,2934.4
2022-10-14,1,4,128,22.79,0,0,2.4,2917.12
2022-10-15,1,4,151,22.15,0,0,7.5,3344.65
2022-10-16,1,4,235,19.8,1,0,2.3,4653.0
2022-10-17,1,4,105,22.45,0,0,2.0,2357.25
2022-10-18,1,4,121,22.08,0,0,2.5,2671.68
2022-10-19,1,4,130,21.85,0,0,2.7,2840.5
2022-10-20,1,4,138,21.7,0,0,2.7,2994.6
2022-10-21,1,4,102,21.88,0,0,2.4,2231.76
2022-10-22,1,4,272,19.91,1,0,3.4,5415.52
2022-10-23,1,4,155,23.44,0,0,2.6,3633.2
2022-10-24,1,4,182,19.53,1,0,5.5,3554.46
2022-10-25,1,4,127,22.27,0,0,2.2,2828.29
2022-10-26,1,4,111,22.57,0,0,2.8,2505.27
2022-10-27,1,4,138,23.09,0,0,4.7,3186.42
2022-10-28,1,4,133,22.69,0,0,5.5,3017.77
2022-10-29,1,4,170,22.81,0,0,5.6,3877.7
2022-10-30,1,4,158,22.45,0,0,2.2,3547.1
2022-10-31,1,4,123,21.66,0,0,3.1,2664.18
2022-11-01,1,4,204,23.64,0,0,3.1,4822.56
2022-11-02,1,4,209,21.71,0,0,7.5,4537.39
2022-11-03,1,4,215,22.05,0,0,4.5,4740.75
2022-11-04,1,4,167,22.04,0,0,2.7,3680.68
2022-11-05,1,4,250,21.69,0,0,-0.6,5422.5
2022-11-06,1,4,264,22.51,0,0,1.9,5942.64
2022-11-07,1,4,200,23.25,0,0,5.2,4650.0
2022-11-08,1,4,203,21.86,0,0,0.3,4437.58
2022-11-09,1,4,258,18.5,1,0,5.2,4773.0
2022-11-10,1,4,219,21.79,0,0,4.4,4772.01
2022-11-11,1,4,200,21.66,0,0,-1.4,4332.0
2022-11-12,1,4,234,23.43,0,0,2.7,5482.62
2022-11-13,1,4,239,22.5,0,0,5.1,5377.5
2022-11-14,1,4,237,22.82,0,0,4.0,5408.34
2022-11-15,1,4,187,21.61,0,0,6.0,4041.07
2022-11-16,1,4,213,21.45,0,0,3.4,4568.85
2022-11-17,1,4,221,22.56,0,0,1.1,4985.76
2022-11-18,1,4,206,22.57,0,0,3.3,4649.42
2022-11-19,1,4,402,19.55,1,0,4.4,7859.1
2022-11-20,1,4,291,21.53,0,0,5.1,6265.23
2022-11-21,1,4,213,23.17,0,0,6.7,4935.21
2022-11-22,1,4,317,18.26,1,0,2.2,5788.42
2022-11-23,1,4,206,22.55,0,0,4.2,4645.3
2022-11-24,1,4,209,21.92,0,0,4.2,4581.28
2022-11-25,1,4,314,21.82,0,1,5.3,6851.48
2022-11-26,1,4,380,21.95,0,1,4.1,8341.0
2022-11-27,1,4,372,20.04,1,0,3.4,7454.88
2022-11-28,1,4,433,18.86,1,0,7.5,8166.38
2022-11-29,1,4,206,23.27,0,0,4.3,4793.62
2022-11-30,1,4,201,23.17,0,0,5.4,4657.17
2022-12-01,1,4,215,22.91,0,0,4.8,4925.65
2022-12-02,1,4,220,22.64,0,0,10.3,4980.8
2022-12-03,1,4,360,18.24,1,0,5.1,6566.4
2022-12-04,1,4,294,23.63,0,0,7.1,6947.22
2022-12-05,1,4,236,22.39,0,0,2.9,5284.04
2022-12-06,1,4,220,22.86,0,0,2.8,5029.2
2022-12-07,1,4,249,23.3,0,0,4.2,5801.7
2022-12-08,1,4,236,23.25,0,0,9.9,5487.0
2022-12-09,1,4,411,18.6,1,0,5.6,7644.6
2022-12-10,1,4,274,23.63,0,0,8.3,6474.62
2022-12-11,1,4,300,21.67,0,0,2.5,6501.0
2022-12-12,1,4,274,22.61,0,0,3.8,6195.14
2022-12-13,1,4,256,22.25,0,0,6.5,5696.0
2022-12-14,1,4,207,22.29,0,0,6.0,4614.03
2022-12-15,1,4,233,22.79,0,0,3.6,5310.07
2022-12-16,1,4,248,23.21,0,0,8.3,5756.08
2022-12-17,1,4,300,23.05,0,0,6.0,6915.0
2022-12-18,1,4,315,21.75,0,0,1.7,6851.25
2022-12-19,1,4,234,21.86,0,0,6.2,5115.24
2022-12-20,1,4,244,21.59,0,0,4.2,5267.96
2022-12-21,1,4,208,22.38,0,0,5.3,4655.04
2022-12-22,1,4,255,22.63,0,0,6.7,5770.65
2022-12-23,1,4,227,22.64,0,0,11.3,5139.28
2022-12-24,1,4,453,22.04,0,1,7.8,9984.12
2022-12-25,1,4,515,22.89,0,1,8.2,11788.35
2022-12-26,1,4,261,22.39,0,0,6.5,5843.79
2022-12-27,1,4,253,23.25,0,0,11.7,5882.25
2022-12-28,1,4,261,22.53,0,0,9.0,5880.33
2022-12-29,1,4,249,23.59,0,0,6.1,5873.91
2022-12-30,1,4,278,22.87,0,0,8.7,6357.86
2022-12-31,1,4,303,22.73,0,0,6.3,6887.19
2023-01-01,1,4,353,22.67,0,1,6.9,8002.51
2023-01-02,1,4,202,22.94,0,0,8.1,4633.88
2023-01-03,1,4,188,22.6,0,0,10.3,4248.8
2023-01-04,1,4,191,23.13,0,0,11.5,4417.83
2023-01-05,1,4,395,18.45,1,0,10.5,7287.75
2023-01-06,1,4,195,23.66,0,0,9.0,4613.7
2023-01-07,1,4,242,22.52,0,0,9.9,5449.84
2023-01-08,1,4,255,22.58,0,0,8.9,5757.9
2023-01-09,1,4,205,21.42,0,0,9.8,4391.1
2023-01-10,1,4,205,22.19,0,0,11.7,4548.95
2023-01-11,1,4,159,22.87,0,0,12.5,3636.33
2023-01-12,1,4,209,22.98,0,0,9.3,4802.82
2023-01-13,1,4,215,22.38,0,0,13.9,4811.7
2023-01-14,1,4,265,21.89,0,0,10.0,5800.85
2023-01-15,1,4,263,22.82,0,0,13.1,6001.66
2023-01-16,1,4,187,23.51,0,0,10.8,4396.37
2023-01-17,1,4,215,23.49,0,0,11.9,5050.35
2023-01-18,1,4,215,23.45,0,0,12.0,5041.75
2023-01-19,1,4,197,21.43,0,0,11.1,4221.71
2023-01-20,1,4,210,23.13,0,0,11.3,4857.3
2023-01-21,1,4,248,21.71,0,0,15.3,5384.08
2023-01-22,1,4,305,22.56,0,0,14.2,6880.8
2023-01-23,1,4,228,22.1,0,0,12.8,5038.8
2023-01-24,1,4,205,23.25,0,0,14.1,4766.25
2023-01-25,1,4,199,21.78,0,0,13.0,4334.22
2023-01-26,1,4,223,21.53,0,0,14.2,4801.19
2023-01-27,1,4,210,21.97,0,0,13.9,4613.7
2023-01-28,1,4,436,19.9,1,0,12.3,8676.4
2023-01-29,1,4,406,18.95,1,0,12.5,7693.7
2023-01-30,1,4,322,19.5,1,0,17.7,6279.0
2023-01-31,1,4,234,21.54,0,0,14.7,5040.36
2023-02-01,1,4,361,18.62,1,0,17.2,6721.82
2023-02-02,1,4,220,22.62,0,0,16.0,4976.4
2023-02-03,1,4,221,21.61,0,0,14.8,4775.81
2023-02-04,1,4,297,22.22,0,0,14.1,6599.34
2023-02-05,1,4,475,20.11,1,0,15.0,9552.25
2023-02-06,1,4,225,21.44,0,0,16.9,4824.0
2023-02-07,1,4,221,21.86,0,0,18.8,4831.06
2023-02-08,1,4,252,23.04,0,0,14.9,5806.08
2023-02-09,1,4,235,23.15,0,0,16.9,5440.25
2023-02-10,1,4,231,21.73,0,0,17.3,5019.63
2023-02-11,1,4,375,19.77,1,0,20.0,7413.75
2023-02-12,1,4,329,23.58,0,0,17.1,7757.82
2023-02-13,1,4,236,23.43,0,0,20.5,5529.48
2023-02-14,1,4,336,22.8,0,1,16.4,7660.8
2023-02-15,1,4,241,23.33,0,0,15.7,5622.53
2023-02-16,1,4,213,21.92,0,0,15.5,4668.96
2023-02-17,1,4,254,23.47,0,0,18.7,5961.38
2023-02-18,1,4,305,23.38,0,0,17.1,7130.9
2023-02-19,1,4,300,22.84,0,0,19.9,6852.0
2023-02-20,1,4,269,23.15,0,0,20.3,6227.35
2023-02-21,1,4,250,22.12,0,0,19.7,5530.0
2023-02-22,1,4,188,22.28,0,0,20.2,4188.64
2023-02-23,1,4,373,20.06,1,0,20.3,7482.38
2023-02-24,1,4,415,18.28,1,0,18.7,7586.2
2023-02-25,1,4,314,21.76,0,0,18.1,6832.64
2023-02-26,1,4,337,21.66,0,0,21.7,7299.42
2023-02-27,1,4,258,22.35,0,0,18.6,5766.3
2023-02-28,1,4,229,22.02,0,0,20.9,5042.58
2023-03-01,1,4,239,21.87,0,0,22.2,5226.93
2023-03-02,1,4,240,21.85,0,0,24.6,5244.0
2023-03-03,1,4,223,23.21,0,0,19.0,5175.83
2023-03-04,1,4,287,21.55,0,0,21.0,6184.85
2023-03-05,1,4,329,23.29,0,0,22.3,7662.41
2023-03-06,1,4,197,22.91,0,0,17.2,4513.27
2023-03-07,1,4,240,21.52,0,0,21.1,5164.8
2023-03-08,1,4,241,23.47,0,0,21.6,5656.27
2023-03-09,1,4,274,23.1,0,0,24.2,6329.4
2023-03-10,1,4,234,22.2,0,0,22.4,5194.8
2023-03-11,1,4,298,21.74,0,0,18.7,6478.52
2023-03-12,1,4,294,21.73,0,0,21.8,6388.62
2023-03-13,1,4,232,21.63,0,0,21.9,5018.16
2023-03-14,1,4,240,22.56,0,0,23.9,5414.4
2023-03-15,1,4,234,22.5,0,0,25.8,5265.0
2023-03-16,1,4,228,22.32,0,0,25.5,5088.96
2023-03-17,1,4,252,23.24,0,0,21.1,5856.48
2023-03-18,1,4,301,22.08,0,0,26.9,6646.08
2023-03-19,1,4,385,18.68,1,0,24.9,7191.8
2023-03-20,1,4,241,22.65,0,0,22.0,5458.65
2023-03-21,1,4,225,21.9,0,0,22.8,4927.5
2023-03-22,1,4,241,23.53,0,0,23.8,5670.73
2023-03-23,1,4,283,22.06,0,0,25.0,6242.98
2023-03-24,1,4,266,23.49,0,0,25.1,6248.34
2023-03-25,1,4,629,18.8,1,0,25.1,11825.2
2023-03-26,1,4,341,22.05,0,0,25.8,7519.05
2023-03-27,1,4,293,21.57,0,0,25.0,6320.01
2023-03-28,1,4,248,22.4,0,0,27.2,5555.2
2023-03-29,1,4,272,21.56,0,0,24.5,5864.32
2023-03-30,1,4,259,22.36,0,0,26.6,5791.24
2023-03-31,1,4,263,22.2,0,0,26.1,5838.6
2023-04-01,1,4,270,22.07,0,0,26.8,5958.9
2023-04-02,1,4,330,22.28,0,0,26.4,7352.4
2023-04-03,1,4,242,23.54,0,0,28.6,5696.68
2023-04-04,1,4,231,22.9,0,0,28.0,5289.9
2023-04-05,1,4,231,23.39,0,0,27.8,5403.09
2023-04-06,1,4,232,22.98,0,0,27.8,5331.36
2023-04-07,1,4,284,21.95,0,0,29.5,6233.8
2023-04-08,1,4,348,22.83,0,0,23.5,7944.84
2023-04-09,1,4,313,22.65,0,0,25.0,7089.45
2023-04-10,1,4,200,23.21,0,0,26.0,4642.0
2023-04-11,1,4,270,23.03,0,0,27.6,6218.1
2023-04-12,1,4,371,18.49,1,0,23.8,6859.79
2023-04-13,1,4,263,22.0,0,0,23.2,5786.0
2023-04-14,1,4,261,23.09,0,0,23.0,6026.49
2023-04-15,1,4,541,19.81,1,0,29.2,10717.21
2023-04-16,1,4,298,22.15,0,0,27.3,6600.7
2023-04-17,1,4,342,19.19,1,0,27.2,6562.98
2023-04-18,1,4,237,23.37,0,0,24.9,5538.69
2023-04-19,1,4,251,23.46,0,0,26.5,5888.46
2023-04-20,1,4,409,18.61,1,0,24.1,7611.49
2023-04-21,1,4,259,23.38,0,0,23.8,6055.42
2023-04-22,1,4,285,22.56,0,0,28.6,6429.6
2023-04-23,1,4,308,22.13,0,0,24.3,6816.04
2023-04-24,1,4,365,18.8,1,0,29.0,6862.0
2023-04-25,1,4,198,22.06,0,0,27.9,4367.88
2023-04-26,1,4,227,23.21,0,0,28.9,5268.67
2023-04-27,1,4,214,23.09,0,0,26.5,4941.26
2023-04-28,1,4,399,18.8,1,0,26.8,7501.2
2023-04-29,1,4,245,21.67,0,0,27.5,5309.15
2023-04-30,1,4,325,21.6,0,0,26.4,7020.0
2023-05-01,1,4,269,22.84,0,0,30.8,6143.96
2023-05-02,1,4,210,22.98,0,0,25.4,4825.8
2023-05-03,1,4,266,22.19,0,0,28.8,5902.54
2023-05-04,1,4,208,21.68,0,0,24.0,4509.44
2023-05-05,1,4,252,21.42,0,0,27.9,5397.84
2023-05-06,1,4,294,22.47,0,0,29.7,6606.18
2023-05-07,1,4,283,22.25,0,0,22.9,6296.75
2023-05-08,1,4,295,20.07,1,0,26.9,5920.65
2023-05-09,1,4,255,22.68,0,0,28.6,5783.4
2023-05-10,1,4,242,22.83,0,0,25.8,5524.86
2023-05-11,1,4,217,21.44,0,0,28.9,4652.48
2023-05-12,1,4,243,22.04,0,0,25.9,5355.72
2023-05-13,1,4,298,22.59,0,0,29.0,6731.82
2023-05-14,1,4,300,22.13,0,0,28.6,6639.0
2023-05-15,1,4,213,23.01,0,0,28.1,4901.13
2023-05-16,1,4,240,22.56,0,0,26.1,5414.4
2023-05-17,1,4,252,22.28,0,0,30.7,5614.56
2023-05-18,1,4,329,18.4,1,0,25.7,6053.6
2023-05-19,1,4,242,22.56,0,0,28.1,5459.52
2023-05-20,1,4,286,22.14,0,0,29.2,6332.04
2023-05-21,1,4,292,23.28,0,0,27.9,6797.76
2023-05-22,1,4,227,21.75,0,0,29.0,4937.25
2023-05-23,1,4,262,22.73,0,0,26.2,5955.26
2023-05-24,1,4,235,22.44,0,0,26.4,5273.4
2023-05-25,1,4,331,19.23,1,0,26.2,6365.13
2023-05-26,1,4,262,22.73,0,0,26.8,5955.26
2023-05-27,1,4,279,23.55,0,0,24.4,6570.45
2023-05-28,1,4,262,23.16,0,0,25.2,6067.92
2023-05-29,1,4,217,22.77,0,0,25.1,4941.09
2023-05-30,1,4,228,23.1,0,0,27.8,5266.8
2023-05-31,1,4,348,23.5,0,1,26.7,8178.0
2023-06-01,1,4,204,23.44,0,0,27.9,4781.76
2023-06-02,1,4,204,21.75,0,0,25.9,4437.0
2023-06-03,1,4,282,22.77,0,0,27.7,6421.14
2023-06-04,1,4,310,22.69,0,0,24.4,7033.9
2023-06-05,1,4,218,21.42,0,0,27.3,4669.56
2023-06-06,1,4,248,23.32,0,0,24.4,5783.36
2023-06-07,1,4,199,22.06,0,0,22.1,4389.94
2023-06-08,1,4,183,23.51,0,0,23.3,4302.33
2023-06-09,1,4,226,21.43,0,0,26.5,4843.18
2023-06-10,1,4,270,21.67,0,0,23.8,5850.9
2023-06-11,1,4,433,19.42,1,0,26.2,8408.86
2023-06-12,1,4,372,19.13,1,0,23.5,7116.36
2023-06-13,1,4,212,21.83,0,0,25.0,4627.96
2023-06-14,1,4,218,22.05,0,0,20.8,4806.9
2023-06-15,1,4,225,21.74,0,0,23.6,4891.5
2023-06-16,1,4,321,19.55,1,0,21.7,6275.55
2023-06-17,1,4,204,22.07,0,0,25.5,4502.28
2023-06-18,1,4,264,21.45,0,0,22.0,5662.8
2023-06-19,1,4,264,19.61,1,0,20.4,5177.04
2023-06-20,1,4,168,23.24,0,0,22.9,3904.32
2023-06-21,1,4,183,22.82,0,0,21.6,4176.06
2023-06-22,1,4,227,23.18,0,0,23.6,5261.86
2023-06-23,1,4,183,22.83,0,0,27.4,4177.89
2023-06-24,1,4,250,23.09,0,0,16.7,5772.5
2023-06-25,1,4,287,22.32,0,0,25.3,6405.84
2023-06-26,1,4,156,23.5,0,0,22.7,3666.0
2023-06-27,1,4,191,22.68,0,0,23.6,4331.88
2023-06-28,1,4,194,22.56,0,0,20.8,4376.64
2023-06-29,1,4,182,21.66,0,0,23.6,3942.12
2023-06-30,1,4,176,21.66,0,0,23.4,3812.16
2023-07-01,1,4,236,22.88,0,0,18.1,5399.68
2023-07-02,1,4,254,23.26,0,0,19.3,5908.04
2023-07-03,1,4,175,22.79,0,0,20.4,3988.25
2023-07-04,1,4,276,22.26,0,1,21.3,6143.76
2023-07-05,1,4,198,22.39,0,0,22.5,4433.22
2023-07-06,1,4,174,23.39,0,0,19.2,4069.86
2023-07-07,1,4,194,23.12,0,0,18.1,4485.28
2023-07-08,1,4,226,23.13,0,0,22.8,5227.38
2023-07-09,1,4,216,23.14,0,0,16.9,4998.24
2023-07-10,1,4,166,22.2,0,0,17.9,3685.2
2023-07-11,1,4,164,21.78,0,0,18.8,3571.92
2023-07-12,1,4,207,22.32,0,0,20.2,4620.24
2023-07-13,1,4,308,18.21,1,0,19.2,5608.68
2023-07-14,1,4,294,19.38,1,0,21.6,5697.72
2023-07-15,1,4,217,22.93,0,0,20.5,4975.81
2023-07-16,1,4,228,23.21,0,0,22.7,5291.88
2023-07-17,1,4,181,21.44,0,0,22.4,3880.64
2023-07-18,1,4,184,23.62,0,0,18.6,4346.08
2023-07-19,1,4,158,23.66,0,0,19.7,3738.28
2023-07-20,1,4,270,19.57,1,0,19.0,5283.9
2023-07-21,1,4,253,18.86,1,0,18.3,4771.58
2023-07-22,1,4,200,22.49,0,0,16.1,4498.0
2023-07-23,1,4,194,21.67,0,0,13.9,4203.98
2023-07-24,1,4,168,21.7,0,0,15.5,3645.6
2023-07-25,1,4,156,22.62,0,0,16.2,3528.72
2023-07-26,1,4,168,22.92,0,0,16.9,3850.56
2023-07-27,1,4,163,21.88,0,0,11.8,3566.44
2023-07-28,1,4,171,22.94,0,0,19.4,3922.74
2023-07-29,1,4,200,23.43,0,0,13.6,4686.0
2023-07-30,1,4,188,23.28,0,0,13.5,4376.64
2023-07-31,1,4,176,21.86,0,0,14.5,3847.36
2023-08-01,1,4,158,22.55,0,0,14.7,3562.9
2023-08-02,1,4,161,22.57,0,0,13.2,3633.77
2023-08-03,1,4,155,21.53,0,0,13.9,3337.15
2023-08-04,1,4,282,19.61,1,0,17.0,5530.02
2023-08-05,1,4,190,21.54,0,0,17.4,4092.6
2023-08-06,1,4,190,23.08,0,0,9.8,4385.2
2023-08-07,1,4,164,22.46,0,0,13.1,3683.44
2023-08-08,1,4,140,22.5,0,0,13.9,3150.0
2023-08-09,1,4,177,22.13,0,0,14.3,3917.01
2023-08-10,1,4,144,22.56,0,0,14.7,3248.64
2023-08-11,1,4,140,23.43,0,0,10.7,3280.2
2023-08-12,1,4,184,21.97,0,0,11.0,4042.48
2023-08-13,1,4,178,21.46,0,0,14.8,3819.88
2023-08-14,1,4,158,23.21,0,0,14.9,3667.18
2023-08-15,1,4,139,23.59,0,0,13.7,3279.01
2023-08-16,1,4,236,19.25,1,0,15.3,4543.0
2023-08-17,1,4,131,23.56,0,0,10.1,3086.36
2023-08-18,1,4,137,22.82,0,0,9.5,3126.34
2023-08-19,1,4,160,21.92,0,0,14.6,3507.2
2023-08-20,1,4,169,22.99,0,0,11.9,3885.31
2023-08-21,1,4,123,21.9,0,0,9.2,2693.7
2023-08-22,1,4,156,22.32,0,0,8.7,3481.92
2023-08-23,1,4,140,23.52,0,0,5.4,3292.8
2023-08-24,1,4,120,22.46,0,0,9.9,2695.2
2023-08-25,1,4,145,21.79,0,0,10.3,3159.55
2023-08-26,1,4,165,23.49,0,0,11.4,3875.85
2023-08-27,1,4,170,22.46,0,0,6.5,3818.2
2023-08-28,1,4,132,22.34,0,0,8.7,2948.88
2023-08-29,1,4,130,21.96,0,0,8.5,2854.8
2023-08-30,1,4,131,23.52,0,0,10.1,3081.12
2023-08-31,1,4,118,22.3,0,0,7.7,2631.4
2023-09-01,1,4,137,23.46,0,0,10.5,3214.02
2023-09-02,1,4,181,23.22,0,0,8.9,4202.82
2023-09-03,1,4,152,21.57,0,0,7.2,3278.64
2023-09-04,1,4,129,22.01,0,0,6.6,2839.29
2023-09-05,1,4,142,22.3,0,0,7.3,3166.6
2023-09-06,1,4,210,23.38,0,1,6.0,4909.8
2023-09-07,1,4,125,22.96,0,0,7.2,2870.0
2023-09-08,1,4,113,21.51,0,0,7.2,2430.63
2023-09-09,1,4,161,22.38,0,0,3.4,3603.18
2023-09-10,1,4,164,21.89,0,0,8.0,3589.96
2023-09-11,1,4,125,22.49,0,0,8.7,2811.25
2023-09-12,1,4,133,22.82,0,0,12.6,3035.06
2023-09-13,1,4,111,22.91,0,0,10.0,2543.01
2023-09-14,1,4,135,22.65,0,0,7.4,3057.75
2023-09-15,1,4,114,22.54,0,0,5.8,2569.56
2023-09-16,1,4,148,22.59,0,0,6.2,3343.32
2023-09-17,1,4,163,21.46,0,0,9.0,3497.98
2023-09-18,1,4,142,21.58,0,0,5.4,3064.36
2023-09-19,1,4,125,23.1,0,0,4.4,2887.5
2023-09-20,1,4,133,21.62,0,0,6.7,2875.46
2023-09-21,1,4,121,21.93,0,0,2.9,2653.53
2023-09-22,1,4,124,23.05,0,0,6.2,2858.2
