data/raw/retail_sales.csv
date,store_id,dept_id,units_sold,unit_price,is_promo,is_holiday,temperature_c,revenue
2023-09-23,1,4,255,19.77,1,0,5.7,5041.35
2023-09-24,1,4,147,22.76,0,0,6.5,3345.72
2023-09-25,1,4,131,23.15,0,0,4.8,3032.65
2023-09-26,1,4,128,22.78,0,0,8.5,2915.84
2023-09-27,1,4,160,18.49,1,0,9.3,2958.4
2023-09-28,1,4,119,22.63,0,0,4.9,2692.97
2023-09-29,1,4,111,23.23,0,0,6.0,2578.53
2023-09-30,1,4,152,21.73,0,0,3.9,3302.96
2023-10-01,1,4,141,21.81,0,0,3.1,3075.21
2023-10-02,1,4,118,23.15,0,0,3.7,2731.7
2023-10-03,1,4,113,23.16,0,0,4.2,2617.08
2023-10-04,1,4,124,23.11,0,0,5.8,2865.64
2023-10-05,1,4,139,21.99,0,0,0.8,3056.61
2023-10-06,1,4,126,22.55,0,0,3.6,2841.3
2023-10-07,1,4,129,21.96,0,0,2.8,2832.84
2023-10-08,1,4,133,23.58,0,0,5.3,3136.14
2023-10-09,1,4,128,22.84,0,0,4.1,2923.52
2023-10-10,1,4,116,21.6,0,0,6.6,2505.6
2023-10-11,1,4,113,21.67,0,0,3.0,2448.71
2023-10-12,1,4,121,22.61,0,0,3.5,2735.81
2023-10-13,1,4,166,19.79,1,0,6.4,3285.14
2023-10-14,1,4,131,23.4,0,0,2.5,3065.4
2023-10-15,1,4,141,22.4,0,0,5.4,3158.4
2023-10-16,1,4,120,23.53,0,0,4.1,2823.6
2023-10-17,1,4,125,23.51,0,0,2.9,2938.75
2023-10-18,1,4,131,23.12,0,0,4.1,3028.72
2023-10-19,1,4,128,21.53,0,0,1.5,2755.84
2023-10-20,1,4,125,23.39,0,0,2.2,2923.75
2023-10-21,1,4,169,23.62,0,0,6.0,3991.78
2023-10-22,1,4,143,23.49,0,0,3.3,3359.07
2023-10-23,1,4,121,21.48,0,0,4.1,2599.08
2023-10-24,1,4,151,21.42,0,0,5.2,3234.42
2023-10-25,1,4,133,21.73,0,0,4.8,2890.09
2023-10-26,1,4,144,23.35,0,0,4.9,3362.4
2023-10-27,1,4,118,23.64,0,0,6.7,2789.52
2023-10-28,1,4,163,23.47,0,0,3.9,3825.61
2023-10-29,1,4,225,19.86,1,0,4.9,4468.5
2023-10-30,1,4,191,19.96,1,0,2.2,3812.36
2023-10-31,1,4,134,23.42,0,0,0.4,3138.28
2023-11-01,1,4,199,23.32,0,0,3.6,4640.68
2023-11-02,1,4,217,22.67,0,0,4.1,4919.39
2023-11-03,1,4,226,21.93,0,0,2.5,4956.18
2023-11-04,1,4,260,22.64,0,0,3.1,5886.4
2023-11-05,1,4,257,21.63,0,0,1.5,5558.91
2023-11-06,1,4,212,23.44,0,0,4.9,4969.28
2023-11-07,1,4,356,18.71,1,0,-0.2,6660.76
2023-11-08,1,4,301,18.35,1,0,5.0,5523.35
2023-11-09,1,4,228,23.09,0,0,2.9,5264.52
2023-11-10,1,4,206,23.06,0,0,5.4,4750.36
2023-11-11,1,4,262,23.5,0,0,3.6,6157.0
2023-11-12,1,4,276,22.23,0,0,3.5,6135.48
2023-11-13,1,4,228,22.4,0,0,0.9,5107.2
2023-11-14,1,4,225,23.43,0,0,7.7,5271.75
2023-11-15,1,4,205,23.58,0,0,2.8,4833.9
2023-11-16,1,4,222,22.36,0,0,0.6,4963.92
2023-11-17,1,4,217,22.19,0,0,3.1,4815.23
2023-11-18,1,4,273,21.93,0,0,3.0,5986.89
2023-11-19,1,4,278,22.28,0,0,2.8,6193.84
2023-11-20,1,4,221,21.88,0,0,4.3,4835.48
2023-11-21,1,4,377,19.8,1,0,6.9,7464.6
2023-11-22,1,4,234,22.2,0,0,6.7,5194.8
2023-11-23,1,4,323,18.91,1,0,1.2,6107.93
2023-11-24,1,4,191,22.56,0,0,8.6,4308.96
2023-11-25,1,4,425,22.09,0,1,3.9,9388.25
2023-11-26,1,4,437,22.68,0,1,4.0,9911.16
2023-11-27,1,4,244,23.59,0,0,5.0,5755.96
2023-11-28,1,4,241,22.5,0,0,3.1,5422.5
2023-11-29,1,4,205,23.57,0,0,6.6,4831.85
2023-11-30,1,4,238,23.23,0,0,2.6,5528.74
2023-12-01,1,4,212,23.03,0,0,5.1,4882.36
2023-12-02,1,4,494,18.78,1,0,3.6,9277.32
2023-12-03,1,4,313,22.32,0,0,3.7,6986.16
2023-12-04,1,4,249,23.16,0,0,3.9,5766.84
2023-12-05,1,4,382,19.76,1,0,3.9,7548.32
2023-12-06,1,4,235,23.51,0,0,6.2,5524.85
2023-12-07,1,4,242,21.5,0,0,2.0,5203.0
2023-12-08,1,4,222,22.33,0,0,6.2,4957.26
2023-12-09,1,4,310,22.85,0,0,5.1,7083.5
2023-12-10,1,4,317,22.63,0,0,7.2,7173.71
2023-12-11,1,4,283,21.92,0,0,6.1,6203.36
2023-12-12,1,4,236,21.51,0,0,4.5,5076.36
2023-12-13,1,4,220,23.27,0,0,7.5,5119.4
2023-12-14,1,4,255,21.44,0,0,4.1,5467.2
2023-12-15,1,4,258,21.55,0,0,6.9,5559.9
2023-12-16,1,4,303,21.88,0,0,3.1,6629.64
2023-12-17,1,4,322,22.27,0,0,10.3,7170.94
2023-12-18,1,4,236,21.73,0,0,7.4,5128.28
2023-12-19,1,4,262,21.53,0,0,2.8,5640.86
2023-12-20,1,4,401,18.85,1,0,8.0,7558.85
2023-12-21,1,4,258,22.98,0,0,7.9,5928.84
2023-12-22,1,4,231,21.48,0,0,9.3,4961.88
2023-12-23,1,4,409,18.54,1,0,7.4,7582.86
2023-12-24,1,4,453,23.5,0,1,8.8,10645.5
2023-12-25,1,4,410,22.64,0,1,5.8,9282.4
2023-12-26,1,4,246,22.52,0,0,7.1,5539.92
2023-12-27,1,4,276,22.97,0,0,8.6,6339.72
2023-12-28,1,4,238,22.43,0,0,10.8,5338.34
2023-12-29,1,4,247,21.78,0,0,7.8,5379.66
2023-12-30,1,4,604,18.94,1,0,11.9,11439.76
2023-12-31,1,4,321,23.03,0,0,11.0,7392.63
2021-01-01,2,1,158,42.66,0,1,6.1,6740.28
2021-01-02,2,1,140,44.39,0,0,4.3,6214.6
2021-01-03,2,1,136,42.14,0,0,13.4,5731.04
2021-01-04,2,1,110,42.14,0,0,11.1,4635.4
2021-01-05,2,1,123,41.24,0,0,8.3,5072.52
2021-01-06,2,1,125,43.85,0,0,6.6,5481.25
2021-01-07,2,1,111,41.74,0,0,10.8,4633.14
2021-01-08,2,1,131,41.57,0,0,12.0,5445.67
2021-01-09,2,1,150,44.84,0,0,8.6,6726.0
2021-01-10,2,1,240,37.56,1,0,10.1,9014.4
2021-01-11,2,1,114,42.42,0,0,11.8,4835.88
2021-01-12,2,1,131,41.04,0,0,10.5,5376.24
2021-01-13,2,1,99,41.8,0,0,14.0,4138.2
2021-01-14,2,1,124,44.15,0,0,9.7,5474.6
2021-01-15,2,1,107,41.5,0,0,12.7,4440.5
2021-01-16,2,1,152,43.49,0,0,15.7,6610.48
2021-01-17,2,1,227,37.41,1,0,13.7,8492.07
2021-01-18,2,1,129,40.7,0,0,13.3,5250.3
2021-01-19,2,1,99,41.2,0,0,16.2,4078.8
2021-01-20,2,1,129,43.23,0,0,12.5,5576.67
2021-01-21,2,1,139,42.92,0,0,13.9,5965.88
2021-01-22,2,1,117,41.65,0,0,15.2,4873.05
2021-01-23,2,1,153,43.0,0,0,11.8,6579.0
2021-01-24,2,1,144,44.55,0,0,13.3,6415.2
2021-01-25,2,1,167,36.77,1,0,13.5,6140.59
2021-01-26,2,1,117,44.13,0,0,11.1,5163.21
2021-01-27,2,1,189,37.93,1,0,16.1,7168.77
2021-01-28,2,1,144,42.64,0,0,14.3,6140.16
2021-01-29,2,1,110,42.5,0,0,18.5,4675.0
2021-01-30,2,1,262,35.94,1,0,14.0,9416.28
2021-01-31,2,1,266,36.86,1,0,14.5,9804.76
2021-02-01,2,1,169,35.55,1,0,16.9,6007.95
2021-02-02,2,1,115,44.61,0,0,14.2,5130.15
2021-02-03,2,1,129,43.54,0,0,18.0,5616.66
2021-02-04,2,1,143,42.91,0,0,15.9,6136.13
2021-02-05,2,1,118,43.01,0,0,17.9,5075.18
2021-02-06,2,1,147,41.52,0,0,15.4,6103.44
2021-02-07,2,1,168,44.95,0,0,13.7,7551.6
2021-02-08,2,1,226,34.8,1,0,14.8,7864.8
2021-02-09,2,1,183,35.08,1,0,17.7,6419.64
2021-02-10,2,1,116,44.56,0,0,18.5,5168.96
2021-02-11,2,1,127,44.23,0,0,17.0,5617.21
2021-02-12,2,1,136,41.97,0,0,15.4,5707.92
2021-02-13,2,1,159,41.83,0,0,21.3,6650.97
2021-02-14,2,1,249,42.58,0,1,18.4,10602.42
2021-02-15,2,1,138,43.39,0,0,20.9,5987.82
2021-02-16,2,1,146,43.77,0,0,12.7,6390.42
2021-02-17,2,1,125,42.61,0,0,21.6,5326.25
2021-02-18,2,1,158,44.42,0,0,16.7,7018.36
2021-02-19,2,1,134,41.92,0,0,18.8,5617.28
2021-02-20,2,1,309,37.11,1,0,22.5,11466.99
2021-02-21,2,1,168,43.06,0,0,22.4,7234.08
2021-02-22,2,1,118,41.19,0,0,18.0,4860.42
2021-02-23,2,1,139,42.04,0,0,19.5,5843.56
2021-02-24,2,1,149,42.86,0,0,22.3,6386.14
2021-02-25,2,1,140,43.94,0,0,21.4,6151.6
2021-02-26,2,1,138,42.03,0,0,21.3,5800.14
2021-02-27,2,1,310,36.57,1,0,20.2,11336.7
2021-02-28,2,1,188,43.4,0,0,21.5,8159.2
2021-03-01,2,1,150,41.05,0,0,25.6,6157.5
2021-03-02,2,1,137,42.0,0,0,22.0,5754.0
2021-03-03,2,1,160,43.76,0,0,24.3,7001.6
2021-03-04,2,1,149,44.19,0,0,21.0,6584.31
2021-03-05,2,1,151,42.07,0,0,23.1,6352.57
2021-03-06,2,1,192,41.38,0,0,19.8,7944.96
2021-03-07,2,1,207,43.37,0,0,25.0,8977.59
2021-03-08,2,1,144,42.44,0,0,24.9,6111.36
2021-03-09,2,1,143,43.27,0,0,25.6,6187.61
2021-03-10,2,1,146,44.16,0,0,20.8,6447.36
2021-03-11,2,1,170,42.47,0,0,24.3,7219.9
2021-03-12,2,1,143,43.46,0,0,26.3,6214.78
2021-03-13,2,1,192,41.65,0,0,22.4,7996.8
2021-03-14,2,1,208,42.49,0,0,24.9,8837.92
2021-03-15,2,1,176,34.6,1,0,21.9,6089.6
2021-03-16,2,1,142,41.68,0,0,21.1,5918.56
2021-03-17,2,1,186,35.12,1,0,21.8,6532.32
2021-03-18,2,1,145,41.41,0,0,23.5,6004.45
2021-03-19,2,1,138,44.06,0,0,25.4,6080.28
2021-03-20,2,1,160,43.19,0,0,25.5,6910.4
2021-03-21,2,1,180,43.05,0,0,22.5,7749.0
2021-03-22,2,1,240,37.54,1,0,25.8,9009.6
2021-03-23,2,1,145,43.2,0,0,23.9,6264.0
2021-03-24,2,1,143,41.64,0,0,23.1,5954.52
2021-03-25,2,1,132,43.84,0,0,21.7,5786.88
2021-03-26,2,1,245,37.48,1,0,22.9,9182.6
2021-03-27,2,1,174,41.45,0,0,23.8,7212.3
2021-03-28,2,1,192,43.29,0,0,25.5,8311.68
2021-03-29,2,1,143,41.29,0,0,24.4,5904.47
2021-03-30,2,1,156,44.25,0,0,23.6,6903.0
2021-03-31,2,1,129,44.21,0,0,28.0,5703.09
2021-04-01,2,1,144,43.16,0,0,29.4,6215.04
2021-04-02,2,1,142,42.23,0,0,25.5,5996.66
2021-04-03,2,1,171,43.25,0,0,26.2,7395.75
2021-04-04,2,1,180,41.88,0,0,25.3,7538.4
2021-04-05,2,1,149,43.37,0,0,24.9,6462.13
2021-04-06,2,1,150,44.7,0,0,24.5,6705.0
2021-04-07,2,1,236,35.43,1,0,24.1,8361.48
2021-04-08,2,1,148,40.89,0,0,25.1,6051.72
2021-04-09,2,1,143,42.7,0,0,27.6,6106.1
2021-04-10,2,1,186,43.57,0,0,22.1,8104.02
2021-04-11,2,1,173,43.66,0,0,27.5,7553.18
2021-04-12,2,1,162,42.52,0,0,25.1,6888.24
2021-04-13,2,1,149,44.11,0,0,30.1,6572.39
2021-04-14,2,1,144,42.98,0,0,29.1,6189.12
2021-04-15,2,1,147,41.36,0,0,28.3,6079.92
2021-04-16,2,1,157,44.08,0,0,27.7,6920.56
2021-04-17,2,1,209,43.69,0,0,27.3,9131.21
2021-04-18,2,1,181,41.16,0,0,27.0,7449.96
2021-04-19,2,1,135,40.71,0,0,29.5,5495.85
2021-04-20,2,1,136,40.95,0,0,26.9,5569.2
2021-04-21,2,1,207,36.18,1,0,25.5,7489.26
2021-04-22,2,1,161,41.14,0,0,24.5,6623.54
2021-04-23,2,1,161,44.62,0,0,26.2,7183.82
2021-04-24,2,1,314,35.66,1,0,26.7,11197.24
2021-04-25,2,1,176,40.76,0,0,24.9,7173.76
2021-04-26,2,1,154,42.94,0,0,28.4,6612.76
2021-04-27,2,1,157,44.41,0,0,24.8,6972.37
2021-04-28,2,1,159,43.02,0,0,25.8,6840.18
2021-04-29,2,1,142,41.85,0,0,26.6,5942.7
2021-04-30,2,1,121,44.78,0,0,28.3,5418.38
2021-05-01,2,1,270,37.11,1,0,26.9,10019.7
2021-05-02,2,1,191,42.79,0,0,25.2,8172.89
2021-05-03,2,1,155,41.88,0,0,23.5,6491.4
2021-05-04,2,1,131,44.69,0,0,23.5,5854.39
2021-05-05,2,1,132,41.32,0,0,28.1,5454.24
2021-05-06,2,1,144,44.17,0,0,27.2,6360.48
2021-05-07,2,1,131,43.92,0,0,26.7,5753.52
2021-05-08,2,1,191,43.13,0,0,25.3,8237.83
2021-05-09,2,1,164,43.31,0,0,25.4,7102.84
2021-05-10,2,1,141,44.28,0,0,27.8,6243.48
2021-05-11,2,1,147,43.2,0,0,26.1,6350.4
2021-05-12,2,1,134,44.44,0,0,25.5,5954.96
2021-05-13,2,1,143,41.53,0,0,23.7,5938.79
2021-05-14,2,1,198,36.51,1,0,27.9,7228.98
2021-05-15,2,1,163,41.21,0,0,25.5,6717.23
2021-05-16,2,1,183,44.53,0,0,29.0,8148.99
2021-05-17,2,1,221,36.92,1,0,28.6,8159.32
2021-05-18,2,1,115,43.07,0,0,24.1,4953.05
2021-05-19,2,1,145,43.73,0,0,25.9,6340.85
2021-05-20,2,1,151,44.02,0,0,26.3,6647.02
2021-05-21,2,1,140,41.14,0,0,27.2,5759.6
2021-05-22,2,1,167,43.77,0,0,28.0,7309.59
2021-05-23,2,1,278,34.84,1,0,25.0,9685.52
2021-05-24,2,1,143,43.35,0,0,25.9,6199.05
2021-05-25,2,1,141,43.75,0,0,22.2,6168.75
2021-05-26,2,1,122,44.04,0,0,24.3,5372.88
2021-05-27,2,1,133,41.18,0,0,26.6,5476.94
2021-05-28,2,1,146,44.53,0,0,27.3,6501.38
2021-05-29,2,1,153,41.76,0,0,24.9,6389.28
2021-05-30,2,1,160,44.21,0,0,23.9,7073.6
2021-05-31,2,1,191,42.94,0,1,27.6,8201.54
2021-06-01,2,1,106,44.09,0,0,25.8,4673.54
2021-06-02,2,1,112,43.6,0,0,25.6,4883.2
2021-06-03,2,1,132,41.04,0,0,25.7,5417.28
2021-06-04,2,1,139,41.52,0,0,26.1,5771.28
2021-06-05,2,1,158,42.25,0,0,27.5,6675.5
2021-06-06,2,1,145,43.91,0,0,25.3,6366.95
2021-06-07,2,1,108,44.4,0,0,24.8,4795.2
2021-06-08,2,1,126,41.2,0,0,27.0,5191.2
2021-06-09,2,1,126,44.23,0,0,22.1,5572.98
2021-06-10,2,1,126,44.06,0,0,24.6,5551.56
2021-06-11,2,1,131,40.84,0,0,24.6,5350.04
2021-06-12,2,1,141,40.73,0,0,22.2,5742.93
2021-06-13,2,1,159,41.36,0,0,24.3,6576.24
2021-06-14,2,1,105,44.84,0,0,23.7,4708.2
2021-06-15,2,1,122,41.4,0,0,21.6,5050.8
2021-06-16,2,1,135,41.15,0,0,22.6,5555.25
2021-06-17,2,1,117,44.4,0,0,24.5,5194.8
2021-06-18,2,1,106,40.78,0,0,23.2,4322.68
2021-06-19,2,1,176,40.99,0,0,21.0,7214.24
2021-06-20,2,1,149,43.02,0,0,23.8,6409.98
2021-06-21,2,1,122,42.45,0,0,22.5,5178.9
2021-06-22,2,1,104,43.49,0,0,24.1,4522.96
2021-06-23,2,1,229,35.61,1,0,21.3,8154.69
2021-06-24,2,1,111,43.19,0,0,22.5,4794.09
2021-06-25,2,1,120,43.56,0,0,25.3,5227.2
2021-06-26,2,1,133,42.8,0,0,26.3,5692.4
2021-06-27,2,1,133,41.64,0,0,24.4,5538.12
2021-06-28,2,1,105,42.89,0,0,19.4,4503.45
2021-06-29,2,1,118,41.53,0,0,22.0,4900.54
2021-06-30,2,1,114,43.94,0,0,19.9,5009.16
2021-07-01,2,1,100,43.48,0,0,21.1,4348.0
2021-07-02,2,1,178,36.63,1,0,19.8,6520.14
2021-07-03,2,1,141,41.91,0,0,18.9,5909.31
2021-07-04,2,1,211,42.09,0,1,18.4,8880.99
2021-07-05,2,1,106,43.3,0,0,19.6,4589.8
2021-07-06,2,1,186,35.79,1,0,22.4,6656.94
2021-07-07,2,1,98,44.16,0,0,22.7,4327.68
2021-07-08,2,1,106,43.68,0,0,21.2,4630.08
2021-07-09,2,1,106,42.88,0,0,18.0,4545.28
2021-07-10,2,1,123,44.95,0,0,19.6,5528.85
2021-07-11,2,1,216,34.85,1,0,22.0,7527.6
2021-07-12,2,1,91,43.82,0,0,21.7,3987.62
2021-07-13,2,1,106,43.25,0,0,19.5,4584.5
2021-07-14,2,1,112,44.31,0,0,20.4,4962.72
2021-07-15,2,1,174,36.35,1,0,21.3,6324.9
2021-07-16,2,1,105,41.85,0,0,17.8,4394.25
2021-07-17,2,1,104,43.49,0,0,16.9,4522.96
2021-07-18,2,1,209,37.62,1,0,18.7,7862.58
2021-07-19,2,1,115,43.41,0,0,12.0,4992.15
2021-07-20,2,1,124,35.66,1,0,16.0,4421.84
2021-07-21,2,1,88,41.58,0,0,19.6,3659.04
2021-07-22,2,1,120,35.08,1,0,17.4,4209.6
2021-07-23,2,1,99,42.45,0,0,14.6,4202.55
2021-07-24,2,1,117,41.75,0,0,17.4,4884.75
2021-07-25,2,1,129,40.91,0,0,14.9,5277.39
2021-07-26,2,1,98,41.81,0,0,15.0,4097.38
2021-07-27,2,1,94,43.65,0,0,14.0,4103.1
2021-07-28,2,1,97,42.24,0,0,17.7,4097.28
2021-07-29,2,1,91,44.91,0,0,14.9,4086.81
2021-07-30,2,1,89,41.18,0,0,12.9,3665.02
2021-07-31,2,1,120,41.89,0,0,17.4,5026.8
2021-08-01,2,1,106,44.31,0,0,15.2,4696.86
2021-08-02,2,1,93,41.82,0,0,13.5,3889.26
2021-08-03,2,1,100,43.67,0,0,14.9,4367.0
2021-08-04,2,1,79,43.23,0,0,16.4,3415.17
2021-08-05,2,1,72,44.45,0,0,13.8,3200.4
2021-08-06,2,1,85,43.44,0,0,15.1,3692.4
2021-08-07,2,1,104,42.41,0,0,16.3,4410.64
2021-08-08,2,1,118,41.27,0,0,16.4,4869.86
2021-08-09,2,1,100,43.89,0,0,14.2,4389.0
2021-08-10,2,1,85,42.35,0,0,11.8,3599.75
2021-08-11,2,1,150,38.08,1,0,13.0,5712.0
2021-08-12,2,1,96,42.82,0,0,13.5,4110.72
2021-08-13,2,1,86,43.67,0,0,9.5,3755.62
2021-08-14,2,1,92,40.81,0,0,14.6,3754.52
2021-08-15,2,1,112,43.17,0,0,10.7,4835.04
2021-08-16,2,1,76,41.13,0,0,14.9,3125.88
2021-08-17,2,1,76,44.48,0,0,9.0,3380.48
2021-08-18,2,1,125,36.07,1,0,14.9,4508.75
2021-08-19,2,1,75,43.71,0,0,12.3,3278.25
2021-08-20,2,1,67,40.78,0,0,10.1,2732.26
2021-08-21,2,1,90,42.52,0,0,11.0,3826.8
2021-08-22,2,1,103,41.55,0,0,10.7,4279.65
2021-08-23,2,1,79,44.66,0,0,12.5,3528.14
2021-08-24,2,1,73,43.47,0,0,11.2,3173.31
2021-08-25,2,1,131,36.18,1,0,9.3,4739.58
2021-08-26,2,1,93,37.27,1,0,8.7,3466.11
2021-08-27,2,1,77,40.78,0,0,9.2,3140.06
2021-08-28,2,1,95,42.65,0,0,13.2,4051.75
2021-08-29,2,1,92,41.7,0,0,13.1,3836.4
2021-08-30,2,1,90,41.86,0,0,9.5,3767.4
2021-08-31,2,1,109,34.75,1,0,8.5,3787.75
2021-09-01,2,1,77,43.03,0,0,9.2,3313.31
2021-09-02,2,1,68,44.58,0,0,10.1,3031.44
2021-09-03,2,1,87,42.02,0,0,10.1,3655.74
2021-09-04,2,1,95,43.6,0,0,11.4,4142.0
2021-09-05,2,1,90,43.38,0,0,9.3,3904.2
2021-09-06,2,1,112,41.37,0,1,11.1,4633.44
2021-09-07,2,1,69,42.57,0,0,5.9,2937.33
2021-09-08,2,1,82,40.71,0,0,8.6,3338.22
2021-09-09,2,1,123,37.23,1,0,8.2,4579.29
2021-09-10,2,1,73,44.04,0,0,7.5,3214.92
2021-09-11,2,1,90,44.36,0,0,11.4,3992.4
2021-09-12,2,1,95,42.38,0,0,3.9,4026.1
2021-09-13,2,1,71,44.05,0,0,8.6,3127.55
2021-09-14,2,1,79,41.66,0,0,7.5,3291.14
2021-09-15,2,1,76,44.95,0,0,6.2,3416.2
2021-09-16,2,1,74,44.04,0,0,7.6,3258.96
2021-09-17,2,1,80,43.3,0,0,2.9,3464.0
2021-09-18,2,1,170,37.83,1,0,6.2,6431.1
2021-09-19,2,1,76,44.76,0,0,5.7,3401.76
2021-09-20,2,1,69,42.76,0,0,5.3,2950.44
2021-09-21,2,1,73,44.03,0,0,4.7,3214.19
2021-09-22,2,1,75,43.84,0,0,5.4,3288.0
2021-09-23,2,1,71,42.64,0,0,6.7,3027.44
2021-09-24,2,1,74,41.25,0,0,1.0,3052.5
2021-09-25,2,1,93,43.7,0,0,5.8,4064.1
2021-09-26,2,1,161,36.97,1,0,7.0,5952.17
2021-09-27,2,1,74,43.02,0,0,7.2,3183.48
2021-09-28,2,1,76,43.37,0,0,6.8,3296.12
2021-09-29,2,1,72,41.79,0,0,5.6,3008.88
2021-09-30,2,1,75,42.13,0,0,3.3,3159.75
2021-10-01,2,1,76,44.6,0,0,5.5,3389.6
2021-10-02,2,1,87,44.11,0,0,4.6,3837.57
2021-10-03,2,1,99,42.14,0,0,3.5,4171.86
2021-10-04,2,1,73,44.37,0,0,4.7,3239.01
2021-10-05,2,1,51,41.62,0,0,2.8,2122.62
2021-10-06,2,1,93,36.55,1,0,4.0,3399.15
2021-10-07,2,1,73,41.77,0,0,5.8,3049.21
2021-10-08,2,1,67,40.92,0,0,2.6,2741.64
2021-10-09,2,1,86,44.51,0,0,3.6,3827.86
2021-10-10,2,1,83,41.97,0,0,6.4,3483.51
2021-10-11,2,1,63,41.0,0,0,6.8,2583.0
2021-10-12,2,1,77,44.82,0,0,1.9,3451.14
2021-10-13,2,1,71,44.01,0,0,2.1,3124.71
2021-10-14,2,1,117,37.12,1,0,3.5,4343.04
2021-10-15,2,1,81,44.06,0,0,1.4,3568.86
2021-10-16,2,1,81,42.05,0,0,6.1,3406.05
2021-10-17,2,1,87,41.28,0,0,2.8,3591.36
2021-10-18,2,1,68,41.97,0,0,3.9,2853.96
2021-10-19,2,1,83,40.94,0,0,1.3,3398.02
2021-10-20,2,1,74,44.61,0,0,0.8,3301.14
2021-10-21,2,1,87,44.67,0,0,3.9,3886.29
2021-10-22,2,1,90,41.56,0,0,3.7,3740.4
2021-10-23,2,1,86,42.48,0,0,0.4,3653.28
2021-10-24,2,1,93,40.72,0,0,3.8,3786.96
2021-10-25,2,1,80,41.52,0,0,4.3,3321.6
2021-10-26,2,1,127,37.4,1,0,1.7,4749.8
2021-10-27,2,1,63,43.58,0,0,2.8,2745.54
2021-10-28,2,1,71,43.79,0,0,4.8,3109.09
2021-10-29,2,1,73,41.93,0,0,1.8,3060.89
2021-10-30,2,1,93,43.74,0,0,5.4,4067.82
2021-10-31,2,1,99,44.44,0,0,1.0,4399.56
2021-11-01,2,1,109,41.04,0,0,6.1,4473.36
2021-11-02,2,1,209,35.34,1,0,0.8,7386.06
2021-11-03,2,1,200,34.7,1,0,1.6,6940.0
2021-11-04,2,1,121,42.69,0,0,-1.1,5165.49
2021-11-05,2,1,115,44.39,0,0,7.0,5104.85
2021-11-06,2,1,183,43.23,0,0,1.8,7911.09
2021-11-07,2,1,258,34.8,1,0,2.6,8978.4
2021-11-08,2,1,120,41.53,0,0,2.4,4983.6
2021-11-09,2,1,109,41.26,0,0,0.9,4497.34
2021-11-10,2,1,117,40.85,0,0,7.5,4779.45
2021-11-11,2,1,121,43.06,0,0,-0.3,5210.26
2021-11-12,2,1,136,43.11,0,0,-3.5,5862.96
2021-11-13,2,1,141,44.95,0,0,5.4,6337.95
2021-11-14,2,1,280,37.95,1,0,7.0,10626.0
2021-11-15,2,1,132,44.2,0,0,6.2,5834.4
2021-11-16,2,1,142,41.86,0,0,3.4,5944.12
2021-11-17,2,1,143,43.73,0,0,3.8,6253.39
2021-11-18,2,1,137,41.12,0,0,3.7,5633.44
2021-11-19,2,1,219,35.79,1,0,3.0,7838.01
2021-11-20,2,1,192,42.7,0,0,2.4,8198.4
2021-11-21,2,1,169,43.71,0,0,6.2,7386.99
2021-11-22,2,1,121,41.81,0,0,1.8,5059.01
2021-11-23,2,1,128,40.84,0,0,2.5,5227.52
2021-11-24,2,1,126,42.52,0,0,4.1,5357.52
2021-11-25,2,1,191,43.14,0,1,4.2,8239.74
2021-11-26,2,1,181,41.34,0,1,6.4,7482.54
2021-11-27,2,1,255,36.33,1,0,5.1,9264.15
2021-11-28,2,1,177,44.7,0,0,3.6,7911.9
2021-11-29,2,1,140,41.23,0,0,1.5,5772.2
2021-11-30,2,1,128,43.8,0,0,3.9,5606.4
2021-12-01,2,1,148,43.35,0,0,5.2,6415.8
2021-12-02,2,1,137,43.12,0,0,3.0,5907.44
