data/raw/retail_sales.csv
date,store_id,dept_id,units_sold,unit_price,is_promo,is_holiday,temperature_c,revenue
2021-12-03,2,1,152,42.72,0,0,2.8,6493.44
2021-12-04,2,1,166,43.42,0,0,4.0,7207.72
2021-12-05,2,1,172,43.98,0,0,5.6,7564.56
2021-12-06,2,1,140,41.0,0,0,8.2,5740.0
2021-12-07,2,1,122,43.41,0,0,7.6,5296.02
2021-12-08,2,1,147,42.1,0,0,4.4,6188.7
2021-12-09,2,1,139,43.3,0,0,8.3,6018.7
2021-12-10,2,1,142,44.23,0,0,6.5,6280.66
2021-12-11,2,1,184,42.64,0,0,4.9,7845.76
2021-12-12,2,1,177,41.7,0,0,10.6,7380.9
2021-12-13,2,1,153,40.79,0,0,3.1,6240.87
2021-12-14,2,1,130,42.03,0,0,7.2,5463.9
2021-12-15,2,1,135,43.42,0,0,4.6,5861.7
2021-12-16,2,1,151,42.3,0,0,5.5,6387.3
2021-12-17,2,1,130,41.66,0,0,6.6,5415.8
2021-12-18,2,1,198,41.87,0,0,7.0,8290.26
2021-12-19,2,1,357,37.87,1,0,5.7,13519.59
2021-12-20,2,1,116,41.77,0,0,9.4,4845.32
2021-12-21,2,1,151,43.1,0,0,9.6,6508.1
2021-12-22,2,1,154,44.52,0,0,2.9,6856.08
2021-12-23,2,1,155,40.73,0,0,6.3,6313.15
2021-12-24,2,1,349,34.62,1,1,8.8,12082.38
2021-12-25,2,1,295,41.1,0,1,6.7,12124.5
2021-12-26,2,1,174,41.95,0,0,8.4,7299.3
2021-12-27,2,1,230,37.87,1,0,10.4,8710.1
2021-12-28,2,1,155,43.49,0,0,9.3,6740.95
2021-12-29,2,1,269,37.13,1,0,9.9,9987.97
2021-12-30,2,1,167,43.0,0,0,4.7,7181.0
2021-12-31,2,1,143,40.98,0,0,11.4,5860.14
2022-01-01,2,1,216,41.22,0,1,11.3,8903.52
2022-01-02,2,1,172,43.39,0,0,10.6,7463.08
2022-01-03,2,1,97,41.91,0,0,9.7,4065.27
2022-01-04,2,1,100,44.64,0,0,8.1,4464.0
2022-01-05,2,1,189,36.7,1,0,13.1,6936.3
2022-01-06,2,1,116,44.7,0,0,10.3,5185.2
2022-01-07,2,1,106,43.94,0,0,11.9,4657.64
2022-01-08,2,1,145,42.07,0,0,10.1,6100.15
2022-01-09,2,1,130,42.95,0,0,8.2,5583.5
2022-01-10,2,1,121,43.4,0,0,14.4,5251.4
2022-01-11,2,1,116,44.33,0,0,10.9,5142.28
2022-01-12,2,1,126,41.54,0,0,14.0,5234.04
2022-01-13,2,1,114,41.86,0,0,9.6,4772.04
2022-01-14,2,1,120,44.85,0,0,12.9,5382.0
2022-01-15,2,1,124,41.6,0,0,11.2,5158.4
2022-01-16,2,1,150,43.18,0,0,11.6,6477.0
2022-01-17,2,1,108,43.82,0,0,11.6,4732.56
2022-01-18,2,1,121,43.44,0,0,10.9,5256.24
2022-01-19,2,1,126,42.77,0,0,14.6,5389.02
2022-01-20,2,1,187,35.63,1,0,13.3,6662.81
2022-01-21,2,1,125,44.24,0,0,11.4,5530.0
2022-01-22,2,1,132,43.57,0,0,14.1,5751.24
2022-01-23,2,1,248,36.02,1,0,11.2,8932.96
2022-01-24,2,1,127,44.93,0,0,17.4,5706.11
2022-01-25,2,1,145,42.12,0,0,13.3,6107.4
2022-01-26,2,1,100,44.19,0,0,17.7,4419.0
2022-01-27,2,1,126,44.66,0,0,15.1,5627.16
2022-01-28,2,1,113,44.42,0,0,17.6,5019.46
2022-01-29,2,1,158,43.34,0,0,12.1,6847.72
2022-01-30,2,1,161,44.83,0,0,10.2,7217.63
2022-01-31,2,1,138,41.26,0,0,17.7,5693.88
2022-02-01,2,1,121,41.1,0,0,13.4,4973.1
2022-02-02,2,1,138,43.63,0,0,17.2,6020.94
2022-02-03,2,1,126,43.48,0,0,14.2,5478.48
2022-02-04,2,1,196,37.59,1,0,17.7,7367.64
2022-02-05,2,1,148,43.78,0,0,18.0,6479.44
2022-02-06,2,1,247,37.74,1,0,14.9,9321.78
2022-02-07,2,1,156,44.78,0,0,19.0,6985.68
2022-02-08,2,1,130,40.7,0,0,17.7,5291.0
2022-02-09,2,1,127,44.28,0,0,17.5,5623.56
2022-02-10,2,1,129,42.23,0,0,15.2,5447.67
2022-02-11,2,1,145,42.12,0,0,15.9,6107.4
2022-02-12,2,1,160,42.9,0,0,18.0,6864.0
2022-02-13,2,1,176,43.47,0,0,15.7,7650.72
2022-02-14,2,1,216,40.9,0,1,16.6,8834.4
2022-02-15,2,1,124,44.16,0,0,17.7,5475.84
2022-02-16,2,1,135,41.29,0,0,14.8,5574.15
2022-02-17,2,1,144,41.73,0,0,22.7,6009.12
2022-02-18,2,1,141,43.2,0,0,20.1,6091.2
2022-02-19,2,1,294,35.9,1,0,18.9,10554.6
2022-02-20,2,1,223,36.03,1,0,21.6,8034.69
2022-02-21,2,1,140,44.35,0,0,21.4,6209.0
2022-02-22,2,1,223,35.85,1,0,18.8,7994.55
2022-02-23,2,1,138,41.44,0,0,19.7,5718.72
2022-02-24,2,1,143,43.78,0,0,17.0,6260.54
2022-02-25,2,1,133,41.31,0,0,23.0,5494.23
2022-02-26,2,1,160,44.79,0,0,23.8,7166.4
2022-02-27,2,1,188,44.27,0,0,21.2,8322.76
2022-02-28,2,1,144,41.94,0,0,20.0,6039.36
2022-03-01,2,1,131,44.3,0,0,22.7,5803.3
2022-03-02,2,1,148,43.54,0,0,25.8,6443.92
2022-03-03,2,1,154,40.7,0,0,20.4,6267.8
2022-03-04,2,1,153,43.58,0,0,22.4,6667.74
2022-03-05,2,1,238,35.14,1,0,17.8,8363.32
2022-03-06,2,1,178,40.86,0,0,22.9,7273.08
2022-03-07,2,1,147,43.6,0,0,19.4,6409.2
2022-03-08,2,1,154,44.84,0,0,22.7,6905.36
2022-03-09,2,1,161,43.92,0,0,25.0,7071.12
2022-03-10,2,1,146,41.43,0,0,24.0,6048.78
2022-03-11,2,1,143,41.19,0,0,23.8,5890.17
2022-03-12,2,1,351,37.98,1,0,24.2,13330.98
2022-03-13,2,1,194,43.63,0,0,22.5,8464.22
2022-03-14,2,1,226,35.87,1,0,23.6,8106.62
2022-03-15,2,1,148,42.29,0,0,21.9,6258.92
2022-03-16,2,1,153,44.35,0,0,25.5,6785.55
2022-03-17,2,1,161,43.92,0,0,26.9,7071.12
2022-03-18,2,1,138,40.86,0,0,20.6,5638.68
2022-03-19,2,1,189,44.25,0,0,23.6,8363.25
2022-03-20,2,1,225,40.71,0,0,22.0,9159.75
2022-03-21,2,1,173,41.84,0,0,23.9,7238.32
2022-03-22,2,1,136,40.98,0,0,27.8,5573.28
2022-03-23,2,1,139,40.89,0,0,26.5,5683.71
2022-03-24,2,1,152,44.37,0,0,28.6,6744.24
2022-03-25,2,1,165,41.22,0,0,24.4,6801.3
2022-03-26,2,1,213,42.27,0,0,25.9,9003.51
2022-03-27,2,1,188,42.83,0,0,25.3,8052.04
2022-03-28,2,1,216,35.98,1,0,23.3,7771.68
2022-03-29,2,1,153,42.47,0,0,27.0,6497.91
2022-03-30,2,1,163,44.12,0,0,23.5,7191.56
2022-03-31,2,1,151,43.9,0,0,25.0,6628.9
2022-04-01,2,1,158,44.24,0,0,22.9,6989.92
2022-04-02,2,1,181,42.76,0,0,22.8,7739.56
2022-04-03,2,1,184,43.18,0,0,26.9,7945.12
2022-04-04,2,1,146,40.98,0,0,24.6,5983.08
2022-04-05,2,1,159,41.29,0,0,25.0,6565.11
2022-04-06,2,1,136,44.05,0,0,27.6,5990.8
2022-04-07,2,1,171,43.42,0,0,27.7,7424.82
2022-04-08,2,1,148,44.61,0,0,26.0,6602.28
2022-04-09,2,1,172,43.78,0,0,29.1,7530.16
2022-04-10,2,1,192,44.0,0,0,25.9,8448.0
2022-04-11,2,1,148,44.23,0,0,25.7,6546.04
2022-04-12,2,1,141,42.43,0,0,29.7,5982.63
2022-04-13,2,1,145,43.31,0,0,23.2,6279.95
2022-04-14,2,1,164,44.95,0,0,28.5,7371.8
2022-04-15,2,1,164,41.39,0,0,25.7,6787.96
2022-04-16,2,1,206,40.91,0,0,24.7,8427.46
2022-04-17,2,1,196,42.5,0,0,28.0,8330.0
2022-04-18,2,1,162,41.41,0,0,26.5,6708.42
2022-04-19,2,1,148,42.59,0,0,30.7,6303.32
2022-04-20,2,1,136,41.17,0,0,26.2,5599.12
2022-04-21,2,1,153,44.73,0,0,27.7,6843.69
2022-04-22,2,1,134,42.13,0,0,26.8,5645.42
2022-04-23,2,1,184,41.55,0,0,26.0,7645.2
2022-04-24,2,1,170,41.47,0,0,25.4,7049.9
2022-04-25,2,1,135,42.98,0,0,25.1,5802.3
2022-04-26,2,1,259,37.62,1,0,28.3,9743.58
2022-04-27,2,1,155,44.21,0,0,27.1,6852.55
2022-04-28,2,1,134,40.97,0,0,26.9,5489.98
2022-04-29,2,1,156,44.97,0,0,27.5,7015.32
2022-04-30,2,1,200,42.82,0,0,30.9,8564.0
2022-05-01,2,1,188,41.58,0,0,29.2,7817.04
2022-05-02,2,1,120,40.82,0,0,26.6,4898.4
2022-05-03,2,1,145,44.69,0,0,28.3,6480.05
2022-05-04,2,1,166,42.93,0,0,27.8,7126.38
2022-05-05,2,1,125,44.02,0,0,28.5,5502.5
2022-05-06,2,1,140,41.16,0,0,28.2,5762.4
2022-05-07,2,1,190,41.08,0,0,23.6,7805.2
2022-05-08,2,1,178,41.15,0,0,27.0,7324.7
2022-05-09,2,1,147,43.2,0,0,25.6,6350.4
2022-05-10,2,1,131,44.5,0,0,30.7,5829.5
2022-05-11,2,1,145,43.28,0,0,25.2,6275.6
2022-05-12,2,1,135,44.3,0,0,30.8,5980.5
2022-05-13,2,1,157,40.96,0,0,25.6,6430.72
2022-05-14,2,1,161,41.89,0,0,24.8,6744.29
2022-05-15,2,1,262,35.26,1,0,27.7,9238.12
2022-05-16,2,1,130,40.91,0,0,28.2,5318.3
2022-05-17,2,1,144,41.23,0,0,25.0,5937.12
2022-05-18,2,1,130,41.94,0,0,26.3,5452.2
2022-05-19,2,1,131,42.65,0,0,29.2,5587.15
2022-05-20,2,1,139,44.34,0,0,32.0,6163.26
2022-05-21,2,1,183,40.82,0,0,26.2,7470.06
2022-05-22,2,1,163,44.21,0,0,26.9,7206.23
2022-05-23,2,1,147,44.95,0,0,26.6,6607.65
2022-05-24,2,1,155,43.28,0,0,25.7,6708.4
2022-05-25,2,1,140,44.61,0,0,24.0,6245.4
2022-05-26,2,1,126,42.36,0,0,26.2,5337.36
2022-05-27,2,1,209,35.49,1,0,28.0,7417.41
2022-05-28,2,1,174,41.94,0,0,24.6,7297.56
2022-05-29,2,1,164,44.02,0,0,28.4,7219.28
2022-05-30,2,1,135,44.11,0,0,30.6,5954.85
2022-05-31,2,1,195,41.96,0,1,25.5,8182.2
2022-06-01,2,1,132,42.85,0,0,22.3,5656.2
2022-06-02,2,1,130,40.78,0,0,25.1,5301.4
2022-06-03,2,1,138,43.02,0,0,27.9,5936.76
2022-06-04,2,1,158,41.59,0,0,21.1,6571.22
2022-06-05,2,1,164,42.71,0,0,23.2,7004.44
2022-06-06,2,1,131,43.65,0,0,25.5,5718.15
2022-06-07,2,1,121,44.38,0,0,25.2,5369.98
2022-06-08,2,1,112,42.47,0,0,25.4,4756.64
2022-06-09,2,1,136,41.64,0,0,25.7,5663.04
2022-06-10,2,1,187,35.71,1,0,23.6,6677.77
2022-06-11,2,1,144,44.77,0,0,25.3,6446.88
2022-06-12,2,1,162,42.45,0,0,25.6,6876.9
2022-06-13,2,1,191,38.02,1,0,22.0,7261.82
2022-06-14,2,1,115,43.15,0,0,24.8,4962.25
2022-06-15,2,1,106,44.72,0,0,23.5,4740.32
2022-06-16,2,1,119,43.84,0,0,24.9,5216.96
2022-06-17,2,1,110,41.01,0,0,24.8,4511.1
2022-06-18,2,1,149,43.88,0,0,24.1,6538.12
2022-06-19,2,1,137,42.09,0,0,24.6,5766.33
2022-06-20,2,1,194,37.73,1,0,21.9,7319.62
2022-06-21,2,1,111,44.82,0,0,23.8,4975.02
2022-06-22,2,1,115,42.66,0,0,25.2,4905.9
2022-06-23,2,1,113,44.3,0,0,22.2,5005.9
2022-06-24,2,1,127,43.21,0,0,20.5,5487.67
2022-06-25,2,1,159,42.6,0,0,23.7,6773.4
2022-06-26,2,1,158,42.89,0,0,23.2,6776.62
2022-06-27,2,1,170,37.46,1,0,24.5,6368.2
2022-06-28,2,1,110,42.75,0,0,24.2,4702.5
2022-06-29,2,1,98,42.89,0,0,21.6,4203.22
2022-06-30,2,1,114,43.42,0,0,20.2,4949.88
2022-07-01,2,1,115,42.1,0,0,18.1,4841.5
2022-07-02,2,1,144,44.93,0,0,18.8,6469.92
2022-07-03,2,1,124,43.17,0,0,21.0,5353.08
2022-07-04,2,1,147,41.02,0,1,16.7,6029.94
2022-07-05,2,1,114,40.8,0,0,18.5,4651.2
2022-07-06,2,1,114,42.29,0,0,19.8,4821.06
2022-07-07,2,1,109,41.15,0,0,22.2,4485.35
2022-07-08,2,1,112,43.22,0,0,21.2,4840.64
2022-07-09,2,1,249,36.56,1,0,25.4,9103.44
2022-07-10,2,1,124,44.62,0,0,24.1,5532.88
2022-07-11,2,1,100,43.41,0,0,20.0,4341.0
2022-07-12,2,1,208,36.79,1,0,20.2,7652.32
2022-07-13,2,1,99,44.73,0,0,15.8,4428.27
2022-07-14,2,1,105,41.88,0,0,15.9,4397.4
2022-07-15,2,1,118,44.69,0,0,18.4,5273.42
2022-07-16,2,1,137,43.3,0,0,15.8,5932.1
2022-07-17,2,1,132,40.8,0,0,20.5,5385.6
2022-07-18,2,1,106,44.75,0,0,19.6,4743.5
2022-07-19,2,1,104,44.58,0,0,17.0,4636.32
2022-07-20,2,1,93,41.14,0,0,16.1,3826.02
2022-07-21,2,1,92,44.96,0,0,21.1,4136.32
2022-07-22,2,1,100,40.96,0,0,19.7,4096.0
2022-07-23,2,1,117,40.78,0,0,18.5,4771.26
2022-07-24,2,1,113,43.42,0,0,16.3,4906.46
2022-07-25,2,1,93,42.07,0,0,20.0,3912.51
2022-07-26,2,1,90,42.08,0,0,17.6,3787.2
2022-07-27,2,1,99,44.31,0,0,21.1,4386.69
2022-07-28,2,1,86,42.31,0,0,18.5,3638.66
2022-07-29,2,1,167,36.52,1,0,14.8,6098.84
2022-07-30,2,1,118,43.24,0,0,14.4,5102.32
2022-07-31,2,1,112,40.98,0,0,17.1,4589.76
2022-08-01,2,1,96,43.35,0,0,14.7,4161.6
2022-08-02,2,1,90,41.97,0,0,16.7,3777.3
2022-08-03,2,1,100,42.38,0,0,14.0,4238.0
2022-08-04,2,1,97,44.66,0,0,15.0,4332.02
2022-08-05,2,1,75,43.5,0,0,11.5,3262.5
2022-08-06,2,1,98,44.72,0,0,13.0,4382.56
2022-08-07,2,1,106,42.72,0,0,14.4,4528.32
2022-08-08,2,1,93,42.43,0,0,13.9,3945.99
2022-08-09,2,1,86,41.82,0,0,9.9,3596.52
2022-08-10,2,1,90,43.0,0,0,14.3,3870.0
2022-08-11,2,1,77,44.91,0,0,10.4,3458.07
2022-08-12,2,1,87,44.24,0,0,10.6,3848.88
2022-08-13,2,1,108,43.61,0,0,14.8,4709.88
2022-08-14,2,1,115,42.76,0,0,15.8,4917.4
2022-08-15,2,1,85,41.29,0,0,9.1,3509.65
2022-08-16,2,1,85,43.94,0,0,13.0,3734.9
2022-08-17,2,1,82,43.34,0,0,13.6,3553.88
2022-08-18,2,1,86,43.05,0,0,7.9,3702.3
2022-08-19,2,1,109,35.49,1,0,10.3,3868.41
2022-08-20,2,1,118,44.25,0,0,9.2,5221.5
2022-08-21,2,1,161,35.54,1,0,12.8,5721.94
2022-08-22,2,1,82,44.5,0,0,8.5,3649.0
2022-08-23,2,1,74,44.05,0,0,8.7,3259.7
2022-08-24,2,1,71,42.7,0,0,7.9,3031.7
2022-08-25,2,1,81,42.1,0,0,6.5,3410.1
2022-08-26,2,1,75,43.11,0,0,9.4,3233.25
2022-08-27,2,1,93,42.21,0,0,7.1,3925.53
2022-08-28,2,1,99,42.05,0,0,8.0,4162.95
2022-08-29,2,1,74,43.89,0,0,12.7,3247.86
2022-08-30,2,1,78,44.82,0,0,10.6,3495.96
2022-08-31,2,1,74,44.57,0,0,8.0,3298.18
2022-09-01,2,1,69,44.97,0,0,6.5,3102.93
2022-09-02,2,1,83,44.44,0,0,8.9,3688.52
2022-09-03,2,1,103,43.26,0,0,10.7,4455.78
2022-09-04,2,1,91,44.2,0,0,12.6,4022.2
2022-09-05,2,1,82,41.15,0,0,8.6,3374.3
2022-09-06,2,1,110,43.76,0,1,6.7,4813.6
2022-09-07,2,1,76,44.77,0,0,8.4,3402.52
2022-09-08,2,1,103,36.06,1,0,9.3,3714.18
2022-09-09,2,1,84,41.36,0,0,6.3,3474.24
2022-09-10,2,1,91,43.61,0,0,7.4,3968.51
2022-09-11,2,1,93,40.85,0,0,5.1,3799.05
2022-09-12,2,1,65,42.05,0,0,8.0,2733.25
2022-09-13,2,1,110,35.32,1,0,6.5,3885.2
2022-09-14,2,1,68,42.13,0,0,5.2,2864.84
2022-09-15,2,1,83,43.08,0,0,6.8,3575.64
2022-09-16,2,1,76,43.74,0,0,8.3,3324.24
2022-09-17,2,1,93,43.52,0,0,8.9,4047.36
2022-09-18,2,1,83,42.25,0,0,7.2,3506.75
2022-09-19,2,1,85,40.87,0,0,8.8,3473.95
2022-09-20,2,1,82,42.78,0,0,3.3,3507.96
2022-09-21,2,1,75,42.97,0,0,5.6,3222.75
2022-09-22,2,1,130,34.78,1,0,3.9,4521.4
2022-09-23,2,1,63,43.63,0,0,5.3,2748.69
2022-09-24,2,1,77,44.08,0,0,5.0,3394.16
2022-09-25,2,1,84,40.85,0,0,6.1,3431.4
2022-09-26,2,1,66,40.71,0,0,7.2,2686.86
2022-09-27,2,1,73,44.57,0,0,3.2,3253.61
2022-09-28,2,1,63,41.19,0,0,5.8,2594.97
2022-09-29,2,1,74,44.74,0,0,3.3,3310.76
2022-09-30,2,1,70,44.87,0,0,6.7,3140.9
2022-10-01,2,1,101,43.2,0,0,1.8,4363.2
2022-10-02,2,1,91,43.03,0,0,4.0,3915.73
2022-10-03,2,1,70,40.92,0,0,1.5,2864.4
2022-10-04,2,1,62,40.95,0,0,4.9,2538.9
2022-10-05,2,1,71,42.62,0,0,6.9,3026.02
2022-10-06,2,1,74,41.93,0,0,5.3,3102.82
2022-10-07,2,1,132,36.77,1,0,2.4,4853.64
2022-10-08,2,1,89,44.74,0,0,3.2,3981.86
2022-10-09,2,1,91,44.92,0,0,5.0,4087.72
2022-10-10,2,1,127,37.47,1,0,5.1,4758.69
2022-10-11,2,1,63,42.84,0,0,6.4,2698.92
2022-10-12,2,1,83,41.66,0,0,3.7,3457.78
2022-10-13,2,1,103,35.11,1,0,3.8,3616.33
2022-10-14,2,1,75,44.58,0,0,3.8,3343.5
2022-10-15,2,1,92,42.23,0,0,6.8,3885.16
2022-10-16,2,1,88,43.85,0,0,5.3,3858.8
2022-10-17,2,1,79,43.06,0,0,3.2,3401.74
2022-10-18,2,1,70,44.41,0,0,3.4,3108.7
2022-10-19,2,1,78,42.57,0,0,-1.9,3320.46
2022-10-20,2,1,68,43.55,0,0,-1.2,2961.4
2022-10-21,2,1,77,42.44,0,0,3.8,3267.88
2022-10-22,2,1,87,44.16,0,0,1.6,3841.92
2022-10-23,2,1,96,41.07,0,0,0.1,3942.72
2022-10-24,2,1,80,42.55,0,0,2.7,3404.0
2022-10-25,2,1,76,41.41,0,0,3.2,3147.16
2022-10-26,2,1,69,43.0,0,0,3.2,2967.0
2022-10-27,2,1,80,41.65,0,0,1.7,3332.0
2022-10-28,2,1,72,42.22,0,0,7.0,3039.84
2022-10-29,2,1,90,41.09,0,0,2.2,3698.1
2022-10-30,2,1,108,43.12,0,0,-0.1,4656.96
2022-10-31,2,1,77,41.38,0,0,4.1,3186.26
2022-11-01,2,1,122,40.96,0,0,-0.3,4997.12
2022-11-02,2,1,113,41.3,0,0,-0.6,4666.9
2022-11-03,2,1,207,36.08,1,0,2.4,7468.56
2022-11-04,2,1,136,43.49,0,0,5.9,5914.64
2022-11-05,2,1,155,42.55,0,0,3.5,6595.25
2022-11-06,2,1,157,43.81,0,0,5.2,6878.17
2022-11-07,2,1,201,37.84,1,0,4.6,7605.84
2022-11-08,2,1,210,35.2,1,0,5.2,7392.0
2022-11-09,2,1,242,36.36,1,0,1.6,8799.12
2022-11-10,2,1,193,36.85,1,0,4.8,7112.05
2022-11-11,2,1,111,42.0,0,0,1.8,4662.0
2022-11-12,2,1,157,41.84,0,0,2.7,6568.88
2022-11-13,2,1,152,44.3,0,0,3.4,6733.6
2022-11-14,2,1,122,40.84,0,0,2.1,4982.48
2022-11-15,2,1,121,43.28,0,0,3.5,5236.88
2022-11-16,2,1,123,44.63,0,0,-2.0,5489.49
2022-11-17,2,1,141,44.74,0,0,2.6,6308.34
2022-11-18,2,1,136,41.07,0,0,0.4,5585.52
2022-11-19,2,1,176,40.72,0,0,4.0,7166.72
2022-11-20,2,1,174,41.68,0,0,3.0,7252.32
2022-11-21,2,1,130,44.64,0,0,0.2,5803.2
2022-11-22,2,1,125,42.33,0,0,5.5,5291.25
2022-11-23,2,1,194,35.44,1,0,5.0,6875.36
2022-11-24,2,1,129,42.54,0,0,1.8,5487.66
2022-11-25,2,1,200,40.89,0,1,5.4,8178.0
2022-11-26,2,1,234,40.76,0,1,5.8,9537.84
2022-11-27,2,1,172,44.0,0,0,2.8,7568.0
2022-11-28,2,1,118,43.94,0,0,1.7,5184.92
2022-11-29,2,1,135,44.61,0,0,6.8,6022.35
2022-11-30,2,1,129,41.67,0,0,7.2,5375.43
2022-12-01,2,1,119,43.3,0,0,4.8,5152.7
2022-12-02,2,1,178,36.56,1,0,2.9,6507.68
2022-12-03,2,1,158,43.68,0,0,1.4,6901.44
2022-12-04,2,1,308,35.51,1,0,5.3,10937.08
2022-12-05,2,1,116,41.67,0,0,4.5,4833.72
2022-12-06,2,1,138,40.98,0,0,4.8,5655.24
2022-12-07,2,1,150,44.19,0,0,4.3,6628.5
2022-12-08,2,1,145,40.82,0,0,8.8,5918.9
2022-12-09,2,1,155,42.08,0,0,4.4,6522.4
2022-12-10,2,1,181,42.27,0,0,0.7,7650.87
2022-12-11,2,1,188,40.97,0,0,3.5,7702.36
2022-12-12,2,1,144,43.02,0,0,5.8,6194.88
2022-12-13,2,1,158,41.79,0,0,6.7,6602.82
2022-12-14,2,1,144,44.31,0,0,7.7,6380.64
2022-12-15,2,1,161,40.92,0,0,1.8,6588.12
2022-12-16,2,1,140,42.85,0,0,10.0,5999.0
2022-12-17,2,1,217,42.56,0,0,5.2,9235.52
2022-12-18,2,1,199,41.9,0,0,5.4,8338.1
2022-12-19,2,1,136,42.04,0,0,6.9,5717.44
2022-12-20,2,1,162,41.95,0,0,6.8,6795.9
2022-12-21,2,1,162,42.78,0,0,9.7,6930.36
2022-12-22,2,1,255,37.25,1,0,8.6,9498.75
2022-12-23,2,1,146,44.45,0,0,4.5,6489.7
2022-12-24,2,1,383,37.05,1,1,7.1,14190.15
2022-12-25,2,1,261,41.99,0,1,12.0,10959.39
2022-12-26,2,1,146,44.82,0,0,5.0,6543.72
2022-12-27,2,1,163,41.93,0,0,6.5,6834.59
2022-12-28,2,1,163,44.45,0,0,7.3,7245.35
2022-12-29,2,1,294,35.8,1,0,5.2,10525.2
2022-12-30,2,1,148,44.03,0,0,11.0,6516.44
2022-12-31,2,1,182,42.5,0,0,10.3,7735.0
2023-01-01,2,1,214,42.87,0,1,9.4,9174.18
2023-01-02,2,1,129,44.88,0,0,10.7,5789.52
2023-01-03,2,1,114,42.87,0,0,8.1,4887.18
2023-01-04,2,1,120,44.32,0,0,11.4,5318.4
2023-01-05,2,1,123,44.3,0,0,11.7,5448.9
2023-01-06,2,1,120,42.48,0,0,7.1,5097.6
2023-01-07,2,1,250,36.84,1,0,11.5,9210.0
2023-01-08,2,1,276,34.99,1,0,8.4,9657.24
2023-01-09,2,1,124,43.78,0,0,10.3,5428.72
2023-01-10,2,1,109,42.11,0,0,8.9,4589.99
2023-01-11,2,1,124,43.06,0,0,12.4,5339.44
2023-01-12,2,1,112,42.42,0,0,10.9,4751.04
2023-01-13,2,1,124,42.62,0,0,10.6,5284.88
2023-01-14,2,1,176,41.79,0,0,12.7,7355.04
2023-01-15,2,1,152,44.15,0,0,14.2,6710.8
2023-01-16,2,1,128,42.01,0,0,12.9,5377.28
2023-01-17,2,1,128,42.33,0,0,14.0,5418.24
2023-01-18,2,1,181,34.79,1,0,13.7,6296.99
2023-01-19,2,1,122,42.85,0,0,12.3,5227.7
2023-01-20,2,1,183,36.07,1,0,11.1,6600.81
2023-01-21,2,1,160,43.98,0,0,13.2,7036.8
2023-01-22,2,1,173,43.5,0,0,14.6,7525.5
2023-01-23,2,1,135,44.92,0,0,15.7,6064.2
2023-01-24,2,1,131,42.06,0,0,17.0,5509.86
2023-01-25,2,1,193,34.92,1,0,11.0,6739.56
2023-01-26,2,1,118,41.74,0,0,14.7,4925.32
2023-01-27,2,1,112,41.27,0,0,14.4,4622.24
2023-01-28,2,1,154,43.39,0,0,13.9,6682.06
2023-01-29,2,1,179,44.39,0,0,14.2,7945.81
2023-01-30,2,1,129,42.89,0,0,14.9,5532.81
2023-01-31,2,1,183,37.97,1,0,18.3,6948.51
2023-02-01,2,1,141,43.66,0,0,17.9,6156.06
2023-02-02,2,1,196,37.95,1,0,20.0,7438.2
2023-02-03,2,1,139,44.31,0,0,13.1,6159.09
2023-02-04,2,1,243,37.93,1,0,12.0,9216.99
2023-02-05,2,1,165,43.88,0,0,16.3,7240.2
2023-02-06,2,1,151,43.62,0,0,16.0,6586.62
2023-02-07,2,1,136,43.24,0,0,16.8,5880.64
2023-02-08,2,1,148,41.43,0,0,15.5,6131.64
2023-02-09,2,1,142,44.62,0,0,16.1,6336.04
2023-02-10,2,1,153,43.26,0,0,20.5,6618.78
