data/raw/retail_sales.csv
date,store_id,dept_id,units_sold,unit_price,is_promo,is_holiday,temperature_c,revenue
2023-02-11,2,1,175,41.82,0,0,18.2,7318.5
2023-02-12,2,1,171,42.27,0,0,14.2,7228.17
2023-02-13,2,1,140,43.94,0,0,17.8,6151.6
2023-02-14,2,1,204,44.45,0,1,17.7,9067.8
2023-02-15,2,1,145,43.98,0,0,19.0,6377.1
2023-02-16,2,1,139,44.5,0,0,21.4,6185.5
2023-02-17,2,1,120,44.05,0,0,17.4,5286.0
2023-02-18,2,1,189,43.96,0,0,16.3,8308.44
2023-02-19,2,1,155,43.43,0,0,15.3,6731.65
2023-02-20,2,1,135,42.12,0,0,19.2,5686.2
2023-02-21,2,1,164,35.71,1,0,18.9,5856.44
2023-02-22,2,1,188,38.03,1,0,21.0,7149.64
2023-02-23,2,1,149,41.17,0,0,18.7,6134.33
2023-02-24,2,1,146,41.34,0,0,19.9,6035.64
2023-02-25,2,1,180,43.56,0,0,20.8,7840.8
2023-02-26,2,1,206,42.11,0,0,23.9,8674.66
2023-02-27,2,1,127,43.62,0,0,20.1,5539.74
2023-02-28,2,1,132,42.4,0,0,21.6,5596.8
2023-03-01,2,1,144,41.88,0,0,23.1,6030.72
2023-03-02,2,1,147,41.05,0,0,24.2,6034.35
2023-03-03,2,1,168,42.68,0,0,24.3,7170.24
2023-03-04,2,1,153,41.0,0,0,22.1,6273.0
2023-03-05,2,1,179,40.81,0,0,21.3,7304.99
2023-03-06,2,1,158,43.51,0,0,21.3,6874.58
2023-03-07,2,1,149,42.24,0,0,22.3,6293.76
2023-03-08,2,1,126,42.57,0,0,21.3,5363.82
2023-03-09,2,1,162,42.7,0,0,18.3,6917.4
2023-03-10,2,1,196,35.26,1,0,19.3,6910.96
2023-03-11,2,1,184,42.72,0,0,23.2,7860.48
2023-03-12,2,1,190,41.31,0,0,20.9,7848.9
2023-03-13,2,1,157,42.43,0,0,24.1,6661.51
2023-03-14,2,1,152,41.19,0,0,21.1,6260.88
2023-03-15,2,1,153,43.26,0,0,21.1,6618.78
2023-03-16,2,1,162,43.86,0,0,23.7,7105.32
2023-03-17,2,1,147,41.9,0,0,20.9,6159.3
2023-03-18,2,1,210,42.77,0,0,25.4,8981.7
2023-03-19,2,1,268,37.46,1,0,28.7,10039.28
2023-03-20,2,1,160,41.34,0,0,24.7,6614.4
2023-03-21,2,1,156,43.38,0,0,21.7,6767.28
2023-03-22,2,1,167,43.24,0,0,20.5,7221.08
2023-03-23,2,1,156,43.15,0,0,26.6,6731.4
2023-03-24,2,1,141,42.21,0,0,26.1,5951.61
2023-03-25,2,1,191,42.06,0,0,26.4,8033.46
2023-03-26,2,1,205,41.06,0,0,28.0,8417.3
2023-03-27,2,1,168,42.77,0,0,21.4,7185.36
2023-03-28,2,1,264,37.25,1,0,26.5,9834.0
2023-03-29,2,1,154,42.81,0,0,26.5,6592.74
2023-03-30,2,1,130,43.82,0,0,20.2,5696.6
2023-03-31,2,1,144,42.49,0,0,26.3,6118.56
2023-04-01,2,1,196,42.91,0,0,26.8,8410.36
2023-04-02,2,1,169,44.33,0,0,24.7,7491.77
2023-04-03,2,1,147,44.17,0,0,27.4,6492.99
2023-04-04,2,1,157,42.74,0,0,26.3,6710.18
2023-04-05,2,1,163,42.85,0,0,25.1,6984.55
2023-04-06,2,1,159,44.81,0,0,22.5,7124.79
2023-04-07,2,1,273,37.07,1,0,25.4,10120.11
2023-04-08,2,1,198,44.48,0,0,28.9,8807.04
2023-04-09,2,1,204,40.82,0,0,29.8,8327.28
2023-04-10,2,1,254,37.19,1,0,26.2,9446.26
2023-04-11,2,1,134,44.64,0,0,26.7,5981.76
2023-04-12,2,1,151,42.91,0,0,23.9,6479.41
2023-04-13,2,1,150,40.84,0,0,26.9,6126.0
2023-04-14,2,1,148,42.76,0,0,27.6,6328.48
2023-04-15,2,1,173,44.7,0,0,26.5,7733.1
2023-04-16,2,1,327,35.88,1,0,25.6,11732.76
2023-04-17,2,1,144,44.93,0,0,23.4,6469.92
2023-04-18,2,1,161,42.53,0,0,29.6,6847.33
2023-04-19,2,1,215,36.17,1,0,26.9,7776.55
2023-04-20,2,1,148,44.01,0,0,28.0,6513.48
2023-04-21,2,1,145,42.65,0,0,25.9,6184.25
2023-04-22,2,1,179,42.8,0,0,26.4,7661.2
2023-04-23,2,1,194,41.39,0,0,22.5,8029.66
2023-04-24,2,1,153,42.07,0,0,28.5,6436.71
2023-04-25,2,1,147,41.35,0,0,22.3,6078.45
2023-04-26,2,1,172,42.82,0,0,26.6,7365.04
2023-04-27,2,1,158,40.92,0,0,27.9,6465.36
2023-04-28,2,1,149,44.42,0,0,29.1,6618.58
2023-04-29,2,1,171,44.93,0,0,26.3,7683.03
2023-04-30,2,1,190,42.43,0,0,26.5,8061.7
2023-05-01,2,1,151,40.72,0,0,30.4,6148.72
2023-05-02,2,1,142,44.71,0,0,28.6,6348.82
2023-05-03,2,1,133,42.78,0,0,29.5,5689.74
2023-05-04,2,1,164,44.88,0,0,30.4,7360.32
2023-05-05,2,1,155,43.59,0,0,23.3,6756.45
2023-05-06,2,1,189,41.23,0,0,23.2,7792.47
2023-05-07,2,1,190,43.78,0,0,27.3,8318.2
2023-05-08,2,1,157,44.24,0,0,26.2,6945.68
2023-05-09,2,1,146,44.77,0,0,28.0,6536.42
2023-05-10,2,1,117,41.58,0,0,27.8,4864.86
2023-05-11,2,1,117,43.92,0,0,25.4,5138.64
2023-05-12,2,1,147,44.69,0,0,22.7,6569.43
2023-05-13,2,1,188,44.55,0,0,28.0,8375.4
2023-05-14,2,1,192,43.79,0,0,23.4,8407.68
2023-05-15,2,1,164,44.22,0,0,24.1,7252.08
2023-05-16,2,1,143,43.34,0,0,26.0,6197.62
2023-05-17,2,1,139,44.16,0,0,30.2,6138.24
2023-05-18,2,1,258,35.36,1,0,25.7,9122.88
2023-05-19,2,1,130,41.23,0,0,24.1,5359.9
2023-05-20,2,1,172,41.61,0,0,29.9,7156.92
2023-05-21,2,1,145,43.44,0,0,26.9,6298.8
2023-05-22,2,1,136,42.63,0,0,26.5,5797.68
2023-05-23,2,1,129,42.81,0,0,26.8,5522.49
2023-05-24,2,1,125,41.77,0,0,25.8,5221.25
2023-05-25,2,1,128,42.98,0,0,25.6,5501.44
2023-05-26,2,1,126,42.87,0,0,27.8,5401.62
2023-05-27,2,1,166,43.94,0,0,28.6,7294.04
2023-05-28,2,1,172,40.84,0,0,25.4,7024.48
2023-05-29,2,1,185,36.52,1,0,26.4,6756.2
2023-05-30,2,1,145,44.22,0,0,22.0,6411.9
2023-05-31,2,1,175,44.08,0,1,24.0,7714.0
2023-06-01,2,1,143,41.48,0,0,23.7,5931.64
2023-06-02,2,1,142,43.24,0,0,25.8,6140.08
2023-06-03,2,1,157,44.74,0,0,31.2,7024.18
2023-06-04,2,1,248,36.87,1,0,23.7,9143.76
2023-06-05,2,1,126,42.52,0,0,24.6,5357.52
2023-06-06,2,1,122,44.18,0,0,22.8,5389.96
2023-06-07,2,1,135,40.79,0,0,21.2,5506.65
2023-06-08,2,1,132,44.85,0,0,23.8,5920.2
2023-06-09,2,1,171,35.09,1,0,24.0,6000.39
2023-06-10,2,1,222,37.02,1,0,24.7,8218.44
2023-06-11,2,1,159,42.13,0,0,30.0,6698.67
2023-06-12,2,1,120,42.77,0,0,19.6,5132.4
2023-06-13,2,1,121,43.56,0,0,26.0,5270.76
2023-06-14,2,1,115,42.71,0,0,23.6,4911.65
2023-06-15,2,1,113,43.4,0,0,26.6,4904.2
2023-06-16,2,1,125,40.98,0,0,26.3,5122.5
2023-06-17,2,1,187,40.8,0,0,25.5,7629.6
2023-06-18,2,1,163,43.43,0,0,24.1,7079.09
2023-06-19,2,1,130,44.05,0,0,21.5,5726.5
2023-06-20,2,1,111,44.41,0,0,24.6,4929.51
2023-06-21,2,1,136,43.22,0,0,23.0,5877.92
2023-06-22,2,1,114,42.37,0,0,20.4,4830.18
2023-06-23,2,1,117,44.32,0,0,23.5,5185.44
2023-06-24,2,1,147,43.87,0,0,21.7,6448.89
2023-06-25,2,1,139,42.64,0,0,17.2,5926.96
2023-06-26,2,1,124,44.76,0,0,20.3,5550.24
2023-06-27,2,1,119,42.14,0,0,22.7,5014.66
2023-06-28,2,1,127,43.88,0,0,18.2,5572.76
2023-06-29,2,1,114,41.35,0,0,23.3,4713.9
2023-06-30,2,1,131,43.64,0,0,23.9,5716.84
2023-07-01,2,1,132,44.3,0,0,23.7,5847.6
2023-07-02,2,1,130,43.78,0,0,26.3,5691.4
2023-07-03,2,1,110,42.48,0,0,18.4,4672.8
2023-07-04,2,1,143,41.54,0,1,19.0,5940.22
2023-07-05,2,1,103,44.2,0,0,21.3,4552.6
2023-07-06,2,1,118,41.91,0,0,18.9,4945.38
2023-07-07,2,1,88,44.28,0,0,18.5,3896.64
2023-07-08,2,1,157,41.4,0,0,21.6,6499.8
2023-07-09,2,1,139,44.1,0,0,18.9,6129.9
2023-07-10,2,1,115,40.86,0,0,17.2,4698.9
2023-07-11,2,1,115,42.61,0,0,20.3,4900.15
2023-07-12,2,1,112,43.15,0,0,19.3,4832.8
2023-07-13,2,1,94,42.68,0,0,16.7,4011.92
2023-07-14,2,1,173,37.47,1,0,17.8,6482.31
2023-07-15,2,1,127,41.34,0,0,21.1,5250.18
2023-07-16,2,1,231,37.34,1,0,16.6,8625.54
2023-07-17,2,1,114,44.69,0,0,20.7,5094.66
2023-07-18,2,1,102,44.13,0,0,18.2,4501.26
2023-07-19,2,1,109,44.28,0,0,18.9,4826.52
2023-07-20,2,1,90,42.07,0,0,20.4,3786.3
2023-07-21,2,1,165,37.04,1,0,17.5,6111.6
2023-07-22,2,1,124,43.7,0,0,18.0,5418.8
2023-07-23,2,1,123,44.71,0,0,20.1,5499.33
2023-07-24,2,1,94,43.31,0,0,17.1,4071.14
2023-07-25,2,1,116,37.51,1,0,16.7,4351.16
2023-07-26,2,1,116,44.78,0,0,13.8,5194.48
2023-07-27,2,1,99,44.6,0,0,18.6,4415.4
2023-07-28,2,1,80,41.65,0,0,14.4,3332.0
2023-07-29,2,1,109,40.72,0,0,12.8,4438.48
2023-07-30,2,1,231,35.09,1,0,13.7,8105.79
2023-07-31,2,1,92,44.66,0,0,13.9,4108.72
2023-08-01,2,1,87,44.09,0,0,16.5,3835.83
2023-08-02,2,1,88,44.02,0,0,13.0,3873.76
2023-08-03,2,1,95,44.07,0,0,14.2,4186.65
2023-08-04,2,1,96,42.34,0,0,12.0,4064.64
2023-08-05,2,1,119,43.4,0,0,13.0,5164.6
2023-08-06,2,1,160,35.23,1,0,15.6,5636.8
2023-08-07,2,1,160,36.05,1,0,9.3,5768.0
2023-08-08,2,1,83,42.03,0,0,13.7,3488.49
2023-08-09,2,1,91,41.18,0,0,14.6,3747.38
2023-08-10,2,1,86,41.64,0,0,11.7,3581.04
2023-08-11,2,1,84,42.1,0,0,9.9,3536.4
2023-08-12,2,1,120,44.28,0,0,13.1,5313.6
2023-08-13,2,1,104,44.39,0,0,9.4,4616.56
2023-08-14,2,1,90,41.14,0,0,12.1,3702.6
2023-08-15,2,1,85,44.01,0,0,11.1,3740.85
2023-08-16,2,1,77,41.79,0,0,13.1,3217.83
2023-08-17,2,1,87,41.43,0,0,10.7,3604.41
2023-08-18,2,1,93,44.23,0,0,10.6,4113.39
2023-08-19,2,1,103,44.57,0,0,10.7,4590.71
2023-08-20,2,1,113,42.53,0,0,11.1,4805.89
2023-08-21,2,1,117,35.31,1,0,14.3,4131.27
2023-08-22,2,1,64,44.22,0,0,10.7,2830.08
2023-08-23,2,1,78,44.27,0,0,8.7,3453.06
2023-08-24,2,1,123,35.8,1,0,12.0,4403.4
2023-08-25,2,1,89,43.48,0,0,10.9,3869.72
2023-08-26,2,1,100,44.06,0,0,13.5,4406.0
2023-08-27,2,1,113,43.62,0,0,8.8,4929.06
2023-08-28,2,1,72,41.84,0,0,9.3,3012.48
2023-08-29,2,1,142,37.74,1,0,9.3,5359.08
2023-08-30,2,1,75,43.58,0,0,7.1,3268.5
2023-08-31,2,1,80,43.01,0,0,8.2,3440.8
2023-09-01,2,1,70,41.65,0,0,5.7,2915.5
2023-09-02,2,1,158,37.63,1,0,9.4,5945.54
2023-09-03,2,1,106,44.41,0,0,6.6,4707.46
2023-09-04,2,1,81,42.14,0,0,8.6,3413.34
2023-09-05,2,1,73,43.56,0,0,11.1,3179.88
2023-09-06,2,1,122,42.87,0,1,7.8,5230.14
2023-09-07,2,1,72,43.64,0,0,8.9,3142.08
2023-09-08,2,1,81,43.24,0,0,7.8,3502.44
2023-09-09,2,1,123,35.61,1,0,6.7,4380.03
2023-09-10,2,1,100,44.3,0,0,9.2,4430.0
2023-09-11,2,1,78,41.78,0,0,8.8,3258.84
2023-09-12,2,1,66,40.87,0,0,6.2,2697.42
2023-09-13,2,1,71,44.24,0,0,7.4,3141.04
2023-09-14,2,1,72,41.34,0,0,4.3,2976.48
2023-09-15,2,1,69,44.15,0,0,3.8,3046.35
2023-09-16,2,1,101,42.95,0,0,5.5,4337.95
2023-09-17,2,1,94,43.93,0,0,6.6,4129.42
2023-09-18,2,1,75,42.69,0,0,7.3,3201.75
2023-09-19,2,1,81,44.39,0,0,9.3,3595.59
2023-09-20,2,1,67,41.4,0,0,7.1,2773.8
2023-09-21,2,1,111,35.29,1,0,5.1,3917.19
2023-09-22,2,1,63,43.9,0,0,5.3,2765.7
2023-09-23,2,1,83,42.47,0,0,7.9,3525.01
2023-09-24,2,1,96,42.53,0,0,6.2,4082.88
2023-09-25,2,1,74,40.89,0,0,6.5,3025.86
2023-09-26,2,1,132,37.65,1,0,4.1,4969.8
2023-09-27,2,1,70,44.35,0,0,3.0,3104.5
2023-09-28,2,1,85,42.2,0,0,4.8,3587.0
2023-09-29,2,1,73,44.37,0,0,6.1,3239.01
2023-09-30,2,1,91,44.94,0,0,4.0,4089.54
2023-10-01,2,1,94,44.4,0,0,5.1,4173.6
2023-10-02,2,1,80,40.84,0,0,4.3,3267.2
2023-10-03,2,1,79,41.89,0,0,5.2,3309.31
2023-10-04,2,1,77,42.8,0,0,4.5,3295.6
2023-10-05,2,1,72,42.79,0,0,4.5,3080.88
2023-10-06,2,1,74,44.26,0,0,0.1,3275.24
2023-10-07,2,1,108,43.22,0,0,5.1,4667.76
2023-10-08,2,1,101,40.7,0,0,4.4,4110.7
2023-10-09,2,1,71,43.96,0,0,5.6,3121.16
2023-10-10,2,1,65,42.13,0,0,4.9,2738.45
2023-10-11,2,1,79,43.82,0,0,3.5,3461.78
2023-10-12,2,1,77,44.15,0,0,-0.3,3399.55
2023-10-13,2,1,78,44.8,0,0,2.8,3494.4
2023-10-14,2,1,97,41.69,0,0,3.4,4043.93
2023-10-15,2,1,93,42.32,0,0,4.5,3935.76
2023-10-16,2,1,73,41.43,0,0,3.2,3024.39
2023-10-17,2,1,87,43.19,0,0,5.8,3757.53
2023-10-18,2,1,74,43.92,0,0,3.2,3250.08
2023-10-19,2,1,124,37.11,1,0,2.6,4601.64
2023-10-20,2,1,62,41.77,0,0,2.1,2589.74
2023-10-21,2,1,92,41.95,0,0,5.7,3859.4
2023-10-22,2,1,100,44.43,0,0,1.9,4443.0
2023-10-23,2,1,87,42.9,0,0,3.9,3732.3
2023-10-24,2,1,111,38.02,1,0,2.4,4220.22
2023-10-25,2,1,78,42.76,0,0,4.0,3335.28
2023-10-26,2,1,70,40.91,0,0,4.3,2863.7
2023-10-27,2,1,72,42.24,0,0,6.9,3041.28
2023-10-28,2,1,98,42.19,0,0,3.4,4134.62
2023-10-29,2,1,100,44.2,0,0,3.1,4420.0
2023-10-30,2,1,74,44.41,0,0,3.4,3286.34
2023-10-31,2,1,80,42.94,0,0,1.4,3435.2
2023-11-01,2,1,112,42.7,0,0,4.8,4782.4
2023-11-02,2,1,121,43.44,0,0,2.7,5256.24
2023-11-03,2,1,127,44.63,0,0,1.6,5668.01
2023-11-04,2,1,161,43.37,0,0,2.8,6982.57
2023-11-05,2,1,157,43.09,0,0,5.3,6765.13
2023-11-06,2,1,128,41.69,0,0,2.6,5336.32
2023-11-07,2,1,230,37.38,1,0,5.5,8597.4
2023-11-08,2,1,137,40.73,0,0,6.3,5580.01
2023-11-09,2,1,128,41.27,0,0,2.9,5282.56
2023-11-10,2,1,128,42.47,0,0,6.7,5436.16
2023-11-11,2,1,175,42.93,0,0,5.8,7512.75
2023-11-12,2,1,167,43.01,0,0,-0.2,7182.67
2023-11-13,2,1,120,42.34,0,0,1.2,5080.8
2023-11-14,2,1,128,42.6,0,0,1.0,5452.8
2023-11-15,2,1,115,43.95,0,0,3.2,5054.25
2023-11-16,2,1,125,44.14,0,0,1.3,5517.5
2023-11-17,2,1,136,44.22,0,0,3.5,6013.92
2023-11-18,2,1,238,37.51,1,0,1.9,8927.38
2023-11-19,2,1,151,42.55,0,0,4.5,6425.05
2023-11-20,2,1,127,44.15,0,0,4.2,5607.05
2023-11-21,2,1,122,42.44,0,0,3.1,5177.68
2023-11-22,2,1,138,41.98,0,0,6.0,5793.24
2023-11-23,2,1,147,43.61,0,0,6.0,6410.67
2023-11-24,2,1,163,41.29,0,0,4.5,6730.27
2023-11-25,2,1,231,44.7,0,1,3.0,10325.7
2023-11-26,2,1,279,43.6,0,1,2.8,12164.4
2023-11-27,2,1,226,35.27,1,0,3.8,7971.02
2023-11-28,2,1,134,41.49,0,0,4.3,5559.66
2023-11-29,2,1,132,43.09,0,0,3.6,5687.88
2023-11-30,2,1,232,38.13,1,0,7.6,8846.16
2023-12-01,2,1,148,43.15,0,0,5.4,6386.2
2023-12-02,2,1,178,42.75,0,0,4.6,7609.5
2023-12-03,2,1,183,42.81,0,0,1.1,7834.23
2023-12-04,2,1,159,44.69,0,0,9.2,7105.71
2023-12-05,2,1,119,44.33,0,0,6.7,5275.27
2023-12-06,2,1,159,43.17,0,0,5.5,6864.03
2023-12-07,2,1,180,36.5,1,0,5.7,6570.0
2023-12-08,2,1,146,42.6,0,0,3.1,6219.6
2023-12-09,2,1,195,44.27,0,0,4.9,8632.65
2023-12-10,2,1,172,41.65,0,0,4.6,7163.8
2023-12-11,2,1,145,42.95,0,0,4.9,6227.75
2023-12-12,2,1,140,44.19,0,0,5.0,6186.6
2023-12-13,2,1,150,44.18,0,0,5.1,6627.0
2023-12-14,2,1,137,41.94,0,0,9.8,5745.78
2023-12-15,2,1,145,42.87,0,0,9.7,6216.15
2023-12-16,2,1,218,41.4,0,0,5.3,9025.2
2023-12-17,2,1,188,44.84,0,0,5.8,8429.92
2023-12-18,2,1,153,42.27,0,0,7.0,6467.31
2023-12-19,2,1,140,42.9,0,0,7.2,6006.0
2023-12-20,2,1,250,34.72,1,0,9.4,8680.0
2023-12-21,2,1,164,42.41,0,0,4.5,6955.24
2023-12-22,2,1,170,44.62,0,0,10.7,7585.4
2023-12-23,2,1,173,44.47,0,0,7.0,7693.31
2023-12-24,2,1,292,43.56,0,1,7.1,12719.52
2023-12-25,2,1,220,42.9,0,1,6.7,9438.0
2023-12-26,2,1,165,42.79,0,0,10.3,7060.35
2023-12-27,2,1,148,44.81,0,0,10.5,6631.88
2023-12-28,2,1,152,41.02,0,0,6.3,6235.04
2023-12-29,2,1,236,34.77,1,0,9.6,8205.72
2023-12-30,2,1,204,40.71,0,0,9.5,8304.84
2023-12-31,2,1,198,43.57,0,0,11.1,8626.86
2021-01-01,2,2,219,34.23,0,1,8.5,7496.37
2021-01-02,2,2,165,32.92,0,0,6.6,5431.8
2021-01-03,2,2,188,31.83,0,0,11.4,5984.04
2021-01-04,2,2,143,34.6,0,0,11.3,4947.8
2021-01-05,2,2,156,32.69,0,0,8.5,5099.64
2021-01-06,2,2,156,33.71,0,0,10.4,5258.76
2021-01-07,2,2,146,34.46,0,0,11.7,5031.16
2021-01-08,2,2,168,31.85,0,0,10.1,5350.8
2021-01-09,2,2,180,32.99,0,0,12.8,5938.2
2021-01-10,2,2,174,31.72,0,0,11.6,5519.28
2021-01-11,2,2,149,34.16,0,0,8.9,5089.84
2021-01-12,2,2,154,33.14,0,0,11.5,5103.56
2021-01-13,2,2,148,32.5,0,0,9.0,4810.0
2021-01-14,2,2,248,27.37,1,0,13.1,6787.76
2021-01-15,2,2,149,33.3,0,0,14.6,4961.7
2021-01-16,2,2,218,32.73,0,0,11.6,7135.14
2021-01-17,2,2,209,34.49,0,0,9.5,7208.41
2021-01-18,2,2,275,27.02,1,0,13.0,7430.5
2021-01-19,2,2,177,34.07,0,0,13.3,6030.39
2021-01-20,2,2,193,31.77,0,0,14.4,6131.61
2021-01-21,2,2,174,31.64,0,0,12.5,5505.36
2021-01-22,2,2,172,33.11,0,0,15.9,5694.92
2021-01-23,2,2,204,33.74,0,0,11.9,6882.96
2021-01-24,2,2,296,28.35,1,0,15.3,8391.6
2021-01-25,2,2,166,33.38,0,0,12.5,5541.08
2021-01-26,2,2,183,34.19,0,0,17.2,6256.77
2021-01-27,2,2,153,33.44,0,0,11.1,5116.32
2021-01-28,2,2,155,34.49,0,0,14.0,5345.95
2021-01-29,2,2,275,27.75,1,0,13.5,7631.25
2021-01-30,2,2,207,31.53,0,0,13.4,6526.71
2021-01-31,2,2,338,27.1,1,0,16.2,9159.8
2021-02-01,2,2,168,32.77,0,0,13.6,5505.36
2021-02-02,2,2,317,28.94,1,0,18.8,9173.98
2021-02-03,2,2,179,31.66,0,0,17.4,5667.14
2021-02-04,2,2,157,33.21,0,0,16.4,5213.97
2021-02-05,2,2,178,34.09,0,0,15.8,6068.02
2021-02-06,2,2,347,28.79,1,0,16.4,9990.13
2021-02-07,2,2,279,27.02,1,0,15.6,7538.58
2021-02-08,2,2,161,33.74,0,0,17.2,5432.14
2021-02-09,2,2,189,34.19,0,0,13.9,6461.91
2021-02-10,2,2,204,32.0,0,0,15.0,6528.0
2021-02-11,2,2,189,34.05,0,0,20.3,6435.45
2021-02-12,2,2,187,32.96,0,0,16.3,6163.52
2021-02-13,2,2,217,33.59,0,0,18.3,7289.03
2021-02-14,2,2,371,31.89,0,1,18.8,11831.19
2021-02-15,2,2,175,34.66,0,0,18.0,6065.5
2021-02-16,2,2,317,28.13,1,0,23.6,8917.21
2021-02-17,2,2,203,34.47,0,0,20.1,6997.41
2021-02-18,2,2,172,32.7,0,0,18.7,5624.4
2021-02-19,2,2,190,34.32,0,0,19.7,6520.8
2021-02-20,2,2,223,32.96,0,0,19.2,7350.08
2021-02-21,2,2,239,33.39,0,0,21.7,7980.21
2021-02-22,2,2,167,33.51,0,0,16.9,5596.17
2021-02-23,2,2,199,33.55,0,0,21.1,6676.45
2021-02-24,2,2,200,32.79,0,0,21.0,6558.0
2021-02-25,2,2,169,34.64,0,0,23.9,5854.16
2021-02-26,2,2,208,32.7,0,0,17.4,6801.6
2021-02-27,2,2,321,29.35,1,0,23.2,9421.35
2021-02-28,2,2,233,33.9,0,0,20.1,7898.7
2021-03-01,2,2,293,29.15,1,0,23.3,8540.95
2021-03-02,2,2,187,32.67,0,0,21.7,6109.29
2021-03-03,2,2,194,34.03,0,0,22.3,6601.82
2021-03-04,2,2,193,31.76,0,0,20.2,6129.68
2021-03-05,2,2,256,28.71,1,0,19.7,7349.76
2021-03-06,2,2,255,34.37,0,0,16.8,8764.35
2021-03-07,2,2,272,32.64,0,0,17.7,8878.08
2021-03-08,2,2,176,32.26,0,0,23.7,5677.76
2021-03-09,2,2,199,32.42,0,0,25.0,6451.58
2021-03-10,2,2,173,33.74,0,0,22.9,5837.02
2021-03-11,2,2,207,31.85,0,0,22.0,6592.95
2021-03-12,2,2,210,33.04,0,0,24.4,6938.4
2021-03-13,2,2,247,33.98,0,0,22.7,8393.06
2021-03-14,2,2,267,34.6,0,0,23.5,9238.2
2021-03-15,2,2,207,34.32,0,0,23.6,7104.24
2021-03-16,2,2,202,32.37,0,0,23.1,6538.74
2021-03-17,2,2,209,33.57,0,0,22.0,7016.13
2021-03-18,2,2,176,33.74,0,0,23.7,5938.24
2021-03-19,2,2,222,33.37,0,0,24.2,7408.14
2021-03-20,2,2,246,34.51,0,0,23.3,8489.46
2021-03-21,2,2,242,34.24,0,0,19.0,8286.08
2021-03-22,2,2,220,34.31,0,0,23.2,7548.2
2021-03-23,2,2,201,34.05,0,0,23.8,6844.05
2021-03-24,2,2,190,33.06,0,0,27.0,6281.4
2021-03-25,2,2,314,29.04,1,0,20.4,9118.56
2021-03-26,2,2,207,31.96,0,0,23.7,6615.72
2021-03-27,2,2,234,33.06,0,0,23.6,7736.04
2021-03-28,2,2,217,32.82,0,0,21.5,7121.94
2021-03-29,2,2,213,32.91,0,0,23.6,7009.83
2021-03-30,2,2,199,34.75,0,0,24.9,6915.25
2021-03-31,2,2,216,32.03,0,0,24.8,6918.48
2021-04-01,2,2,288,27.58,1,0,26.1,7943.04
2021-04-02,2,2,218,33.76,0,0,24.3,7359.68
2021-04-03,2,2,258,31.57,0,0,28.1,8145.06
2021-04-04,2,2,254,33.58,0,0,27.2,8529.32
2021-04-05,2,2,172,33.87,0,0,26.0,5825.64
2021-04-06,2,2,195,34.33,0,0,21.3,6694.35
2021-04-07,2,2,210,34.66,0,0,26.6,7278.6
2021-04-08,2,2,189,33.85,0,0,23.4,6397.65
2021-04-09,2,2,232,32.68,0,0,26.9,7581.76
2021-04-10,2,2,259,32.6,0,0,24.9,8443.4
2021-04-11,2,2,368,28.0,1,0,25.0,10304.0
2021-04-12,2,2,382,28.88,1,0,27.1,11032.16
2021-04-13,2,2,217,33.93,0,0,22.7,7362.81
2021-04-14,2,2,189,32.84,0,0,26.6,6206.76
2021-04-15,2,2,197,32.04,0,0,27.6,6311.88
2021-04-16,2,2,179,31.71,0,0,24.0,5676.09
2021-04-17,2,2,260,32.61,0,0,28.6,8478.6
2021-04-18,2,2,244,32.3,0,0,29.5,7881.2
2021-04-19,2,2,226,34.64,0,0,26.7,7828.64
2021-04-20,2,2,281,28.26,1,0,28.7,7941.06
