data/raw/retail_sales.csv
date,store_id,dept_id,units_sold,unit_price,is_promo,is_holiday,temperature_c,revenue
2021-04-21,2,2,198,31.85,0,0,28.9,6306.3
2021-04-22,2,2,211,34.3,0,0,22.5,7237.3
2021-04-23,2,2,211,31.89,0,0,25.8,6728.79
2021-04-24,2,2,248,31.6,0,0,23.7,7836.8
2021-04-25,2,2,249,34.77,0,0,24.2,8657.73
2021-04-26,2,2,197,31.9,0,0,25.8,6284.3
2021-04-27,2,2,191,32.39,0,0,29.5,6186.49
2021-04-28,2,2,206,34.01,0,0,28.0,7006.06
2021-04-29,2,2,184,33.93,0,0,24.5,6243.12
2021-04-30,2,2,343,29.45,1,0,27.9,10101.35
2021-05-01,2,2,225,31.92,0,0,28.7,7182.0
2021-05-02,2,2,403,28.53,1,0,25.0,11497.59
2021-05-03,2,2,194,32.46,0,0,25.7,6297.24
2021-05-04,2,2,201,33.9,0,0,28.2,6813.9
2021-05-05,2,2,202,34.47,0,0,28.3,6962.94
2021-05-06,2,2,272,27.98,1,0,27.5,7610.56
2021-05-07,2,2,165,32.61,0,0,26.2,5380.65
2021-05-08,2,2,233,34.21,0,0,25.8,7970.93
2021-05-09,2,2,434,28.66,1,0,24.0,12438.44
2021-05-10,2,2,171,32.86,0,0,27.2,5619.06
2021-05-11,2,2,188,32.38,0,0,27.5,6087.44
2021-05-12,2,2,180,32.73,0,0,26.4,5891.4
2021-05-13,2,2,183,31.52,0,0,27.7,5768.16
2021-05-14,2,2,176,33.87,0,0,26.4,5961.12
2021-05-15,2,2,242,34.27,0,0,26.3,8293.34
2021-05-16,2,2,236,34.04,0,0,28.1,8033.44
2021-05-17,2,2,271,28.8,1,0,24.1,7804.8
2021-05-18,2,2,304,29.43,1,0,24.5,8946.72
2021-05-19,2,2,189,32.94,0,0,22.3,6225.66
2021-05-20,2,2,172,34.52,0,0,26.0,5937.44
2021-05-21,2,2,185,31.76,0,0,24.7,5875.6
2021-05-22,2,2,208,32.56,0,0,25.6,6772.48
2021-05-23,2,2,218,31.92,0,0,25.3,6958.56
2021-05-24,2,2,190,33.53,0,0,28.4,6370.7
2021-05-25,2,2,176,31.62,0,0,27.2,5565.12
2021-05-26,2,2,173,32.97,0,0,24.7,5703.81
2021-05-27,2,2,175,32.53,0,0,27.8,5692.75
2021-05-28,2,2,158,32.71,0,0,22.6,5168.18
2021-05-29,2,2,252,33.96,0,0,24.0,8557.92
2021-05-30,2,2,219,34.75,0,0,24.7,7610.25
2021-05-31,2,2,294,31.82,0,1,27.4,9355.08
2021-06-01,2,2,160,31.78,0,0,25.5,5084.8
2021-06-02,2,2,180,32.98,0,0,26.3,5936.4
2021-06-03,2,2,148,33.39,0,0,22.0,4941.72
2021-06-04,2,2,182,31.98,0,0,22.5,5820.36
2021-06-05,2,2,299,27.64,1,0,25.7,8264.36
2021-06-06,2,2,226,33.32,0,0,25.0,7530.32
2021-06-07,2,2,187,34.03,0,0,23.5,6363.61
2021-06-08,2,2,200,34.26,0,0,24.4,6852.0
2021-06-09,2,2,161,31.71,0,0,22.7,5105.31
2021-06-10,2,2,253,27.97,1,0,28.7,7076.41
2021-06-11,2,2,175,32.21,0,0,23.6,5636.75
2021-06-12,2,2,202,34.36,0,0,23.9,6940.72
2021-06-13,2,2,184,33.75,0,0,24.5,6210.0
2021-06-14,2,2,164,34.39,0,0,24.0,5639.96
2021-06-15,2,2,213,28.8,1,0,27.6,6134.4
2021-06-16,2,2,166,34.12,0,0,21.5,5663.92
2021-06-17,2,2,161,33.72,0,0,20.6,5428.92
2021-06-18,2,2,174,34.4,0,0,24.1,5985.6
2021-06-19,2,2,180,34.68,0,0,24.0,6242.4
2021-06-20,2,2,183,32.52,0,0,23.3,5951.16
2021-06-21,2,2,160,31.79,0,0,23.7,5086.4
2021-06-22,2,2,245,26.94,1,0,24.4,6600.3
2021-06-23,2,2,162,34.0,0,0,21.0,5508.0
2021-06-24,2,2,286,27.02,1,0,24.0,7727.72
2021-06-25,2,2,157,32.3,0,0,24.8,5071.1
2021-06-26,2,2,193,33.34,0,0,23.7,6434.62
2021-06-27,2,2,169,32.8,0,0,24.2,5543.2
2021-06-28,2,2,158,33.24,0,0,23.0,5251.92
2021-06-29,2,2,149,32.95,0,0,18.5,4909.55
2021-06-30,2,2,138,33.63,0,0,22.7,4640.94
2021-07-01,2,2,148,32.84,0,0,19.4,4860.32
2021-07-02,2,2,147,34.54,0,0,24.1,5077.38
2021-07-03,2,2,175,34.32,0,0,17.3,6006.0
2021-07-04,2,2,276,33.45,0,1,23.3,9232.2
2021-07-05,2,2,149,32.38,0,0,19.7,4824.62
2021-07-06,2,2,142,31.51,0,0,22.0,4474.42
2021-07-07,2,2,148,32.81,0,0,17.7,4855.88
2021-07-08,2,2,150,32.35,0,0,19.9,4852.5
2021-07-09,2,2,152,33.4,0,0,22.8,5076.8
2021-07-10,2,2,345,26.81,1,0,16.0,9249.45
2021-07-11,2,2,199,32.04,0,0,19.3,6375.96
2021-07-12,2,2,217,28.5,1,0,19.5,6184.5
2021-07-13,2,2,218,28.08,1,0,22.4,6121.44
2021-07-14,2,2,160,33.73,0,0,19.9,5396.8
2021-07-15,2,2,225,28.73,1,0,16.2,6464.25
2021-07-16,2,2,151,31.76,0,0,15.7,4795.76
2021-07-17,2,2,165,33.7,0,0,19.9,5560.5
2021-07-18,2,2,161,32.15,0,0,19.2,5176.15
2021-07-19,2,2,211,28.6,1,0,16.9,6034.6
2021-07-20,2,2,142,34.53,0,0,12.8,4903.26
2021-07-21,2,2,151,33.3,0,0,17.0,5028.3
2021-07-22,2,2,149,33.34,0,0,15.2,4967.66
2021-07-23,2,2,155,32.52,0,0,16.7,5040.6
2021-07-24,2,2,155,31.86,0,0,15.6,4938.3
2021-07-25,2,2,155,34.28,0,0,14.7,5313.4
2021-07-26,2,2,134,33.51,0,0,15.0,4490.34
2021-07-27,2,2,135,32.03,0,0,16.2,4324.05
2021-07-28,2,2,134,33.24,0,0,15.0,4454.16
2021-07-29,2,2,122,34.64,0,0,16.5,4226.08
2021-07-30,2,2,122,32.34,0,0,14.0,3945.48
2021-07-31,2,2,150,34.11,0,0,16.6,5116.5
2021-08-01,2,2,151,34.6,0,0,13.1,5224.6
2021-08-02,2,2,185,29.13,1,0,10.8,5389.05
2021-08-03,2,2,125,33.68,0,0,13.3,4210.0
2021-08-04,2,2,192,29.5,1,0,11.5,5664.0
2021-08-05,2,2,111,33.66,0,0,9.8,3736.26
2021-08-06,2,2,114,32.35,0,0,14.4,3687.9
2021-08-07,2,2,157,33.4,0,0,13.3,5243.8
2021-08-08,2,2,165,32.79,0,0,13.2,5410.35
2021-08-09,2,2,121,32.06,0,0,11.7,3879.26
2021-08-10,2,2,113,31.71,0,0,12.7,3583.23
2021-08-11,2,2,119,32.12,0,0,12.9,3822.28
2021-08-12,2,2,119,32.16,0,0,15.2,3827.04
2021-08-13,2,2,108,33.17,0,0,16.3,3582.36
2021-08-14,2,2,145,34.17,0,0,12.1,4954.65
2021-08-15,2,2,142,32.62,0,0,11.5,4632.04
2021-08-16,2,2,119,31.99,0,0,12.7,3806.81
2021-08-17,2,2,115,33.44,0,0,11.1,3845.6
2021-08-18,2,2,117,34.11,0,0,11.5,3990.87
2021-08-19,2,2,199,28.99,1,0,11.8,5769.01
2021-08-20,2,2,109,31.56,0,0,7.8,3440.04
2021-08-21,2,2,143,34.09,0,0,8.1,4874.87
2021-08-22,2,2,126,31.61,0,0,9.5,3982.86
2021-08-23,2,2,110,32.92,0,0,14.2,3621.2
2021-08-24,2,2,156,27.43,1,0,11.6,4279.08
2021-08-25,2,2,94,32.86,0,0,9.6,3088.84
2021-08-26,2,2,107,33.99,0,0,8.7,3636.93
2021-08-27,2,2,105,31.83,0,0,10.2,3342.15
2021-08-28,2,2,211,26.75,1,0,5.4,5644.25
2021-08-29,2,2,123,31.5,0,0,10.1,3874.5
2021-08-30,2,2,121,33.84,0,0,6.5,4094.64
2021-08-31,2,2,142,28.51,1,0,10.2,4048.42
2021-09-01,2,2,96,31.72,0,0,8.4,3045.12
2021-09-02,2,2,101,33.99,0,0,13.1,3432.99
2021-09-03,2,2,98,34.34,0,0,10.4,3365.32
2021-09-04,2,2,148,34.75,0,0,3.9,5143.0
2021-09-05,2,2,168,29.01,1,0,10.0,4873.68
2021-09-06,2,2,170,33.83,0,1,7.3,5751.1
2021-09-07,2,2,113,33.02,0,0,8.7,3731.26
2021-09-08,2,2,101,34.7,0,0,7.8,3504.7
2021-09-09,2,2,95,31.68,0,0,6.2,3009.6
2021-09-10,2,2,102,34.53,0,0,4.9,3522.06
2021-09-11,2,2,134,32.72,0,0,5.0,4384.48
2021-09-12,2,2,136,33.92,0,0,9.9,4613.12
2021-09-13,2,2,107,32.38,0,0,4.5,3464.66
2021-09-14,2,2,115,31.83,0,0,4.7,3660.45
2021-09-15,2,2,104,32.67,0,0,3.1,3397.68
2021-09-16,2,2,101,34.25,0,0,7.2,3459.25
2021-09-17,2,2,97,33.58,0,0,7.4,3257.26
2021-09-18,2,2,107,33.76,0,0,5.3,3612.32
2021-09-19,2,2,138,33.4,0,0,3.7,4609.2
2021-09-20,2,2,133,27.04,1,0,8.6,3596.32
2021-09-21,2,2,100,33.49,0,0,4.7,3349.0
2021-09-22,2,2,161,28.28,1,0,6.6,4553.08
2021-09-23,2,2,91,33.52,0,0,5.0,3050.32
2021-09-24,2,2,84,33.6,0,0,7.9,2822.4
2021-09-25,2,2,135,33.07,0,0,3.4,4464.45
2021-09-26,2,2,141,34.56,0,0,1.6,4872.96
2021-09-27,2,2,105,34.29,0,0,7.3,3600.45
2021-09-28,2,2,98,31.94,0,0,3.3,3130.12
2021-09-29,2,2,88,33.0,0,0,2.7,2904.0
2021-09-30,2,2,90,34.16,0,0,3.9,3074.4
2021-10-01,2,2,98,33.79,0,0,3.7,3311.42
2021-10-02,2,2,121,32.64,0,0,5.1,3949.44
2021-10-03,2,2,113,34.03,0,0,4.8,3845.39
2021-10-04,2,2,101,32.46,0,0,5.3,3278.46
2021-10-05,2,2,107,32.4,0,0,3.5,3466.8
2021-10-06,2,2,89,34.68,0,0,2.3,3086.52
2021-10-07,2,2,108,34.14,0,0,7.6,3687.12
2021-10-08,2,2,97,34.59,0,0,7.8,3355.23
2021-10-09,2,2,110,32.66,0,0,4.6,3592.6
2021-10-10,2,2,140,32.87,0,0,5.7,4601.8
2021-10-11,2,2,104,33.96,0,0,3.6,3531.84
2021-10-12,2,2,96,31.57,0,0,4.6,3030.72
2021-10-13,2,2,104,32.66,0,0,5.7,3396.64
2021-10-14,2,2,103,34.71,0,0,1.6,3575.13
2021-10-15,2,2,93,32.52,0,0,3.5,3024.36
2021-10-16,2,2,112,32.98,0,0,0.8,3693.76
2021-10-17,2,2,136,31.71,0,0,2.0,4312.56
2021-10-18,2,2,107,31.52,0,0,6.0,3372.64
2021-10-19,2,2,105,33.8,0,0,0.8,3549.0
2021-10-20,2,2,105,31.49,0,0,7.0,3306.45
2021-10-21,2,2,105,32.17,0,0,2.9,3377.85
2021-10-22,2,2,152,27.37,1,0,-1.4,4160.24
2021-10-23,2,2,104,34.45,0,0,4.5,3582.8
2021-10-24,2,2,187,27.68,1,0,3.5,5176.16
2021-10-25,2,2,102,32.23,0,0,3.0,3287.46
2021-10-26,2,2,104,32.46,0,0,1.8,3375.84
2021-10-27,2,2,101,33.96,0,0,4.3,3429.96
2021-10-28,2,2,100,33.27,0,0,2.0,3327.0
2021-10-29,2,2,101,32.17,0,0,8.4,3249.17
2021-10-30,2,2,134,32.6,0,0,2.5,4368.4
2021-10-31,2,2,149,31.72,0,0,3.6,4726.28
2021-11-01,2,2,271,29.06,1,0,2.0,7875.26
2021-11-02,2,2,231,29.08,1,0,2.7,6717.48
2021-11-03,2,2,170,32.2,0,0,4.5,5474.0
2021-11-04,2,2,165,34.38,0,0,1.6,5672.7
2021-11-05,2,2,172,31.72,0,0,2.0,5455.84
2021-11-06,2,2,211,33.96,0,0,6.5,7165.56
2021-11-07,2,2,246,32.82,0,0,4.7,8073.72
2021-11-08,2,2,162,32.25,0,0,1.6,5224.5
2021-11-09,2,2,160,34.67,0,0,1.2,5547.2
2021-11-10,2,2,171,33.9,0,0,5.6,5796.9
2021-11-11,2,2,169,32.37,0,0,4.9,5470.53
2021-11-12,2,2,243,27.18,1,0,4.1,6604.74
2021-11-13,2,2,229,33.22,0,0,3.8,7607.38
2021-11-14,2,2,223,31.82,0,0,2.9,7095.86
2021-11-15,2,2,167,33.64,0,0,-0.8,5617.88
2021-11-16,2,2,186,33.38,0,0,3.8,6208.68
2021-11-17,2,2,179,31.8,0,0,0.7,5692.2
2021-11-18,2,2,164,31.91,0,0,3.0,5233.24
2021-11-19,2,2,161,34.44,0,0,4.1,5544.84
2021-11-20,2,2,224,34.35,0,0,3.9,7694.4
2021-11-21,2,2,237,33.33,0,0,4.3,7899.21
2021-11-22,2,2,346,28.96,1,0,8.2,10020.16
2021-11-23,2,2,162,34.37,0,0,3.2,5567.94
2021-11-24,2,2,170,31.6,0,0,3.9,5372.0
2021-11-25,2,2,272,33.58,0,1,5.5,9133.76
2021-11-26,2,2,291,34.24,0,1,3.2,9963.84
2021-11-27,2,2,209,32.87,0,0,1.8,6869.83
2021-11-28,2,2,231,32.83,0,0,4.4,7583.73
2021-11-29,2,2,165,32.93,0,0,1.4,5433.45
2021-11-30,2,2,196,32.31,0,0,5.5,6332.76
2021-12-01,2,2,295,28.0,1,0,4.0,8260.0
2021-12-02,2,2,195,33.34,0,0,7.7,6501.3
2021-12-03,2,2,213,33.13,0,0,3.8,7056.69
2021-12-04,2,2,254,32.49,0,0,1.0,8252.46
2021-12-05,2,2,240,33.92,0,0,2.5,8140.8
2021-12-06,2,2,184,34.7,0,0,9.8,6384.8
2021-12-07,2,2,204,32.89,0,0,2.8,6709.56
2021-12-08,2,2,175,31.96,0,0,7.8,5593.0
2021-12-09,2,2,209,34.63,0,0,2.1,7237.67
2021-12-10,2,2,210,32.16,0,0,6.3,6753.6
2021-12-11,2,2,259,32.12,0,0,5.3,8319.08
2021-12-12,2,2,236,34.41,0,0,6.4,8120.76
2021-12-13,2,2,184,32.2,0,0,4.4,5924.8
2021-12-14,2,2,205,33.6,0,0,7.7,6888.0
2021-12-15,2,2,183,33.67,0,0,5.4,6161.61
2021-12-16,2,2,205,31.76,0,0,7.3,6510.8
2021-12-17,2,2,203,34.43,0,0,5.1,6989.29
2021-12-18,2,2,298,33.2,0,0,6.0,9893.6
2021-12-19,2,2,260,31.68,0,0,4.9,8236.8
2021-12-20,2,2,201,33.28,0,0,5.4,6689.28
2021-12-21,2,2,195,33.84,0,0,7.9,6598.8
2021-12-22,2,2,225,33.41,0,0,6.4,7517.25
2021-12-23,2,2,208,32.09,0,0,8.6,6674.72
2021-12-24,2,2,325,33.38,0,1,4.3,10848.5
2021-12-25,2,2,413,31.62,0,1,9.0,13059.06
2021-12-26,2,2,264,32.89,0,0,12.9,8682.96
2021-12-27,2,2,196,32.57,0,0,9.1,6383.72
2021-12-28,2,2,243,33.32,0,0,10.9,8096.76
2021-12-29,2,2,204,33.33,0,0,9.2,6799.32
2021-12-30,2,2,350,28.96,1,0,8.7,10136.0
2021-12-31,2,2,235,31.97,0,0,7.1,7512.95
2022-01-01,2,2,287,31.8,0,1,8.3,9126.6
2022-01-02,2,2,212,32.11,0,0,9.4,6807.32
2022-01-03,2,2,154,32.82,0,0,9.9,5054.28
2022-01-04,2,2,222,28.63,1,0,12.8,6355.86
2022-01-05,2,2,158,31.58,0,0,11.8,4989.64
2022-01-06,2,2,198,31.6,0,0,13.3,6256.8
2022-01-07,2,2,164,32.31,0,0,10.6,5298.84
2022-01-08,2,2,216,34.69,0,0,10.2,7493.04
2022-01-09,2,2,172,32.56,0,0,12.9,5600.32
2022-01-10,2,2,173,34.24,0,0,11.0,5923.52
2022-01-11,2,2,162,34.01,0,0,11.0,5509.62
2022-01-12,2,2,160,34.64,0,0,10.2,5542.4
2022-01-13,2,2,155,34.43,0,0,12.7,5336.65
2022-01-14,2,2,182,32.43,0,0,11.3,5902.26
2022-01-15,2,2,189,34.51,0,0,13.1,6522.39
2022-01-16,2,2,212,32.79,0,0,11.6,6951.48
2022-01-17,2,2,271,27.0,1,0,15.4,7317.0
2022-01-18,2,2,278,27.21,1,0,11.0,7564.38
2022-01-19,2,2,193,34.18,0,0,11.6,6596.74
2022-01-20,2,2,166,34.54,0,0,10.0,5733.64
2022-01-21,2,2,179,33.87,0,0,12.0,6062.73
2022-01-22,2,2,217,34.21,0,0,15.9,7423.57
2022-01-23,2,2,202,32.99,0,0,12.3,6663.98
2022-01-24,2,2,253,29.32,1,0,14.8,7417.96
2022-01-25,2,2,177,34.27,0,0,16.7,6065.79
2022-01-26,2,2,178,33.25,0,0,12.2,5918.5
2022-01-27,2,2,183,32.48,0,0,13.2,5943.84
2022-01-28,2,2,172,32.5,0,0,13.4,5590.0
2022-01-29,2,2,201,33.32,0,0,20.6,6697.32
2022-01-30,2,2,325,28.04,1,0,15.2,9113.0
2022-01-31,2,2,200,32.25,0,0,12.6,6450.0
2022-02-01,2,2,219,33.71,0,0,16.2,7382.49
2022-02-02,2,2,149,32.72,0,0,15.4,4875.28
2022-02-03,2,2,175,34.23,0,0,13.9,5990.25
2022-02-04,2,2,168,34.4,0,0,16.0,5779.2
2022-02-05,2,2,212,34.69,0,0,15.1,7354.28
2022-02-06,2,2,258,31.88,0,0,17.9,8225.04
2022-02-07,2,2,188,33.97,0,0,20.9,6386.36
2022-02-08,2,2,187,32.78,0,0,17.2,6129.86
2022-02-09,2,2,181,33.12,0,0,18.1,5994.72
2022-02-10,2,2,197,33.12,0,0,19.1,6524.64
2022-02-11,2,2,178,32.35,0,0,14.5,5758.3
2022-02-12,2,2,203,33.34,0,0,18.5,6768.02
2022-02-13,2,2,241,34.03,0,0,17.1,8201.23
2022-02-14,2,2,349,27.16,1,1,12.8,9478.84
2022-02-15,2,2,197,31.8,0,0,16.6,6264.6
2022-02-16,2,2,184,32.25,0,0,15.2,5934.0
2022-02-17,2,2,201,31.62,0,0,20.6,6355.62
2022-02-18,2,2,196,33.99,0,0,18.9,6662.04
2022-02-19,2,2,383,27.4,1,0,22.2,10494.2
2022-02-20,2,2,229,32.45,0,0,18.1,7431.05
2022-02-21,2,2,192,33.81,0,0,16.5,6491.52
2022-02-22,2,2,139,31.66,0,0,19.4,4400.74
2022-02-23,2,2,206,31.72,0,0,22.0,6534.32
2022-02-24,2,2,177,33.69,0,0,20.6,5963.13
2022-02-25,2,2,217,32.8,0,0,21.2,7117.6
2022-02-26,2,2,327,27.08,1,0,20.1,8855.16
2022-02-27,2,2,246,32.88,0,0,19.9,8088.48
2022-02-28,2,2,195,31.69,0,0,21.6,6179.55
2022-03-01,2,2,223,33.47,0,0,20.6,7463.81
2022-03-02,2,2,217,32.79,0,0,22.0,7115.43
2022-03-03,2,2,174,31.82,0,0,21.4,5536.68
2022-03-04,2,2,202,33.49,0,0,20.9,6764.98
2022-03-05,2,2,233,33.2,0,0,23.9,7735.6
2022-03-06,2,2,261,32.72,0,0,23.4,8539.92
2022-03-07,2,2,188,32.51,0,0,21.4,6111.88
2022-03-08,2,2,197,32.55,0,0,24.7,6412.35
2022-03-09,2,2,172,33.29,0,0,20.5,5725.88
2022-03-10,2,2,215,31.81,0,0,21.0,6839.15
2022-03-11,2,2,203,34.38,0,0,24.2,6979.14
2022-03-12,2,2,264,32.53,0,0,21.5,8587.92
2022-03-13,2,2,241,33.92,0,0,24.6,8174.72
2022-03-14,2,2,219,33.13,0,0,22.5,7255.47
2022-03-15,2,2,181,33.78,0,0,22.0,6114.18
2022-03-16,2,2,205,31.69,0,0,21.9,6496.45
2022-03-17,2,2,186,33.45,0,0,22.6,6221.7
2022-03-18,2,2,220,32.93,0,0,23.4,7244.6
2022-03-19,2,2,265,34.39,0,0,20.7,9113.35
2022-03-20,2,2,285,31.76,0,0,24.4,9051.6
2022-03-21,2,2,206,34.77,0,0,24.8,7162.62
2022-03-22,2,2,342,27.71,1,0,21.2,9476.82
2022-03-23,2,2,207,31.6,0,0,24.9,6541.2
2022-03-24,2,2,208,31.76,0,0,23.3,6606.08
2022-03-25,2,2,211,34.3,0,0,25.6,7237.3
2022-03-26,2,2,264,33.03,0,0,24.2,8719.92
2022-03-27,2,2,286,31.99,0,0,27.4,9149.14
2022-03-28,2,2,205,32.26,0,0,23.6,6613.3
2022-03-29,2,2,191,32.72,0,0,26.2,6249.52
2022-03-30,2,2,184,33.34,0,0,26.4,6134.56
2022-03-31,2,2,182,31.49,0,0,25.1,5731.18
2022-04-01,2,2,213,31.83,0,0,23.9,6779.79
2022-04-02,2,2,275,34.01,0,0,24.7,9352.75
2022-04-03,2,2,255,31.6,0,0,21.7,8058.0
2022-04-04,2,2,181,31.76,0,0,21.9,5748.56
2022-04-05,2,2,216,32.47,0,0,24.9,7013.52
2022-04-06,2,2,359,29.14,1,0,28.2,10461.26
2022-04-07,2,2,204,34.69,0,0,25.4,7076.76
2022-04-08,2,2,358,26.9,1,0,25.1,9630.2
2022-04-09,2,2,260,32.06,0,0,24.9,8335.6
2022-04-10,2,2,250,33.41,0,0,24.1,8352.5
2022-04-11,2,2,213,33.53,0,0,26.4,7141.89
2022-04-12,2,2,210,32.64,0,0,26.2,6854.4
2022-04-13,2,2,216,34.69,0,0,25.2,7493.04
2022-04-14,2,2,204,32.22,0,0,32.4,6572.88
2022-04-15,2,2,184,32.46,0,0,28.7,5972.64
2022-04-16,2,2,300,31.48,0,0,27.6,9444.0
2022-04-17,2,2,203,32.3,0,0,24.3,6556.9
2022-04-18,2,2,172,34.58,0,0,27.2,5947.76
2022-04-19,2,2,201,33.07,0,0,29.9,6647.07
2022-04-20,2,2,228,33.85,0,0,26.5,7717.8
2022-04-21,2,2,201,34.53,0,0,25.7,6940.53
2022-04-22,2,2,208,31.98,0,0,25.0,6651.84
2022-04-23,2,2,248,34.16,0,0,25.2,8471.68
2022-04-24,2,2,415,29.09,1,0,28.6,12072.35
2022-04-25,2,2,183,32.33,0,0,27.6,5916.39
2022-04-26,2,2,201,33.01,0,0,25.5,6635.01
2022-04-27,2,2,328,29.1,1,0,21.4,9544.8
2022-04-28,2,2,287,29.1,1,0,31.4,8351.7
2022-04-29,2,2,217,32.23,0,0,27.8,6993.91
2022-04-30,2,2,266,33.8,0,0,26.9,8990.8
2022-05-01,2,2,281,31.98,0,0,29.4,8986.38
2022-05-02,2,2,226,33.71,0,0,25.3,7618.46
2022-05-03,2,2,179,34.42,0,0,30.1,6161.18
2022-05-04,2,2,203,32.19,0,0,26.9,6534.57
2022-05-05,2,2,192,34.22,0,0,27.1,6570.24
2022-05-06,2,2,188,34.12,0,0,30.1,6414.56
2022-05-07,2,2,382,28.7,1,0,27.5,10963.4
2022-05-08,2,2,214,31.55,0,0,24.8,6751.7
2022-05-09,2,2,170,32.41,0,0,23.8,5509.7
2022-05-10,2,2,317,29.07,1,0,26.2,9215.19
2022-05-11,2,2,190,31.63,0,0,28.9,6009.7
2022-05-12,2,2,185,33.46,0,0,25.0,6190.1
2022-05-13,2,2,190,31.76,0,0,24.4,6034.4
2022-05-14,2,2,301,28.41,1,0,25.1,8551.41
2022-05-15,2,2,235,31.49,0,0,29.8,7400.15
2022-05-16,2,2,217,28.03,1,0,27.4,6082.51
2022-05-17,2,2,201,33.28,0,0,28.7,6689.28
2022-05-18,2,2,156,33.1,0,0,24.8,5163.6
2022-05-19,2,2,191,31.48,0,0,24.2,6012.68
2022-05-20,2,2,266,29.4,1,0,24.6,7820.4
2022-05-21,2,2,214,32.8,0,0,26.5,7019.2
2022-05-22,2,2,213,32.0,0,0,27.0,6816.0
2022-05-23,2,2,188,32.09,0,0,26.4,6032.92
2022-05-24,2,2,182,33.85,0,0,27.7,6160.7
2022-05-25,2,2,350,27.51,1,0,22.7,9628.5
2022-05-26,2,2,180,32.73,0,0,26.6,5891.4
2022-05-27,2,2,212,31.92,0,0,25.8,6767.04
2022-05-28,2,2,209,33.21,0,0,25.8,6940.89
2022-05-29,2,2,256,33.14,0,0,25.5,8483.84
2022-05-30,2,2,178,31.61,0,0,23.0,5626.58
2022-05-31,2,2,272,31.52,0,1,23.8,8573.44
2022-06-01,2,2,252,27.2,1,0,25.8,6854.4
2022-06-02,2,2,169,33.28,0,0,25.2,5624.32
2022-06-03,2,2,164,33.7,0,0,24.9,5526.8
2022-06-04,2,2,230,34.36,0,0,26.4,7902.8
2022-06-05,2,2,337,27.08,1,0,22.6,9125.96
2022-06-06,2,2,165,33.04,0,0,25.4,5451.6
2022-06-07,2,2,184,33.31,0,0,30.5,6129.04
2022-06-08,2,2,165,31.96,0,0,25.8,5273.4
2022-06-09,2,2,304,26.96,1,0,22.7,8195.84
2022-06-10,2,2,198,32.16,0,0,24.4,6367.68
2022-06-11,2,2,207,33.63,0,0,19.8,6961.41
2022-06-12,2,2,328,27.75,1,0,24.0,9102.0
2022-06-13,2,2,175,34.68,0,0,23.9,6069.0
2022-06-14,2,2,195,27.54,1,0,25.9,5370.3
2022-06-15,2,2,278,29.54,1,0,25.2,8212.12
2022-06-16,2,2,193,33.22,0,0,24.7,6411.46
2022-06-17,2,2,151,32.04,0,0,22.8,4838.04
2022-06-18,2,2,209,33.24,0,0,25.9,6947.16
2022-06-19,2,2,183,31.85,0,0,25.4,5828.55
2022-06-20,2,2,175,31.52,0,0,24.9,5516.0
2022-06-21,2,2,167,34.07,0,0,23.4,5689.69
2022-06-22,2,2,140,32.35,0,0,22.9,4529.0
2022-06-23,2,2,233,28.85,1,0,22.2,6722.05
2022-06-24,2,2,166,32.49,0,0,23.3,5393.34
2022-06-25,2,2,219,31.84,0,0,18.5,6972.96
2022-06-26,2,2,209,34.27,0,0,23.2,7162.43
2022-06-27,2,2,138,34.0,0,0,24.3,4692.0
