data/raw/retail_sales.csv
date,store_id,dept_id,units_sold,unit_price,is_promo,is_holiday,temperature_c,revenue
2022-06-28,2,2,139,32.25,0,0,22.7,4482.75
2022-06-29,2,2,130,32.36,0,0,19.5,4206.8
2022-06-30,2,2,161,34.4,0,0,22.5,5538.4
2022-07-01,2,2,150,31.79,0,0,23.9,4768.5
2022-07-02,2,2,198,32.49,0,0,22.8,6433.02
2022-07-03,2,2,187,33.96,0,0,18.5,6350.52
2022-07-04,2,2,205,32.77,0,1,19.8,6717.85
2022-07-05,2,2,138,32.83,0,0,18.4,4530.54
2022-07-06,2,2,129,32.43,0,0,19.5,4183.47
2022-07-07,2,2,128,32.42,0,0,19.3,4149.76
2022-07-08,2,2,124,31.67,0,0,18.9,3927.08
2022-07-09,2,2,189,34.0,0,0,17.7,6426.0
2022-07-10,2,2,333,28.91,1,0,22.8,9627.03
2022-07-11,2,2,145,31.86,0,0,19.6,4619.7
2022-07-12,2,2,131,31.59,0,0,21.8,4138.29
2022-07-13,2,2,147,32.56,0,0,19.2,4786.32
2022-07-14,2,2,121,31.58,0,0,19.6,3821.18
2022-07-15,2,2,129,32.06,0,0,17.8,4135.74
2022-07-16,2,2,178,31.89,0,0,17.8,5676.42
2022-07-17,2,2,184,34.16,0,0,17.1,6285.44
2022-07-18,2,2,144,32.11,0,0,17.9,4623.84
2022-07-19,2,2,240,28.5,1,0,20.8,6840.0
2022-07-20,2,2,136,34.16,0,0,18.3,4645.76
2022-07-21,2,2,149,34.71,0,0,16.3,5171.79
2022-07-22,2,2,153,31.51,0,0,15.9,4821.03
2022-07-23,2,2,154,32.0,0,0,17.8,4928.0
2022-07-24,2,2,157,32.19,0,0,21.9,5053.83
2022-07-25,2,2,148,33.78,0,0,20.8,4999.44
2022-07-26,2,2,262,28.31,1,0,14.1,7417.22
2022-07-27,2,2,128,33.89,0,0,13.1,4337.92
2022-07-28,2,2,116,34.35,0,0,15.7,3984.6
2022-07-29,2,2,133,31.96,0,0,17.5,4250.68
2022-07-30,2,2,155,31.68,0,0,16.4,4910.4
2022-07-31,2,2,163,34.39,0,0,12.4,5605.57
2022-08-01,2,2,127,31.57,0,0,15.2,4009.39
2022-08-02,2,2,131,31.64,0,0,12.5,4144.84
2022-08-03,2,2,133,32.82,0,0,14.1,4365.06
2022-08-04,2,2,138,33.86,0,0,15.4,4672.68
2022-08-05,2,2,124,34.06,0,0,14.8,4223.44
2022-08-06,2,2,181,34.21,0,0,11.9,6192.01
2022-08-07,2,2,172,33.21,0,0,14.5,5712.12
2022-08-08,2,2,128,32.89,0,0,16.3,4209.92
2022-08-09,2,2,115,31.55,0,0,12.6,3628.25
2022-08-10,2,2,114,32.62,0,0,10.0,3718.68
2022-08-11,2,2,115,31.98,0,0,14.2,3677.7
2022-08-12,2,2,181,28.35,1,0,11.0,5131.35
2022-08-13,2,2,204,28.94,1,0,15.3,5903.76
2022-08-14,2,2,138,34.59,0,0,11.8,4773.42
2022-08-15,2,2,113,33.56,0,0,13.4,3792.28
2022-08-16,2,2,118,34.57,0,0,9.6,4079.26
2022-08-17,2,2,117,33.75,0,0,14.2,3948.75
2022-08-18,2,2,118,32.38,0,0,11.3,3820.84
2022-08-19,2,2,109,34.46,0,0,12.1,3756.14
2022-08-20,2,2,152,34.31,0,0,10.6,5215.12
2022-08-21,2,2,238,27.73,1,0,10.0,6599.74
2022-08-22,2,2,115,32.15,0,0,9.0,3697.25
2022-08-23,2,2,159,28.14,1,0,12.2,4474.26
2022-08-24,2,2,121,34.05,0,0,13.3,4120.05
2022-08-25,2,2,126,32.51,0,0,6.5,4096.26
2022-08-26,2,2,120,33.84,0,0,12.2,4060.8
2022-08-27,2,2,126,32.99,0,0,9.9,4156.74
2022-08-28,2,2,137,32.73,0,0,12.4,4484.01
2022-08-29,2,2,102,31.85,0,0,13.1,3248.7
2022-08-30,2,2,151,29.48,1,0,9.7,4451.48
2022-08-31,2,2,116,33.17,0,0,7.9,3847.72
2022-09-01,2,2,142,28.5,1,0,5.6,4047.0
2022-09-02,2,2,124,33.93,0,0,7.1,4207.32
2022-09-03,2,2,148,32.9,0,0,9.6,4869.2
2022-09-04,2,2,158,32.77,0,0,9.0,5177.66
2022-09-05,2,2,101,32.7,0,0,5.8,3302.7
2022-09-06,2,2,154,34.14,0,1,6.8,5257.56
2022-09-07,2,2,93,32.91,0,0,9.1,3060.63
2022-09-08,2,2,105,34.23,0,0,4.9,3594.15
2022-09-09,2,2,107,32.85,0,0,6.7,3514.95
2022-09-10,2,2,143,33.14,0,0,7.9,4739.02
2022-09-11,2,2,126,33.59,0,0,10.5,4232.34
2022-09-12,2,2,144,27.41,1,0,7.8,3947.04
2022-09-13,2,2,116,34.64,0,0,11.7,4018.24
2022-09-14,2,2,109,33.5,0,0,6.2,3651.5
2022-09-15,2,2,92,32.65,0,0,7.2,3003.8
2022-09-16,2,2,112,32.77,0,0,6.2,3670.24
2022-09-17,2,2,136,31.6,0,0,8.1,4297.6
2022-09-18,2,2,126,33.72,0,0,7.8,4248.72
2022-09-19,2,2,92,34.72,0,0,5.6,3194.24
2022-09-20,2,2,104,34.55,0,0,5.8,3593.2
2022-09-21,2,2,92,33.69,0,0,7.4,3099.48
2022-09-22,2,2,103,33.08,0,0,5.9,3407.24
2022-09-23,2,2,110,32.0,0,0,7.2,3520.0
2022-09-24,2,2,102,33.19,0,0,5.7,3385.38
2022-09-25,2,2,164,26.81,1,0,2.9,4396.84
2022-09-26,2,2,98,32.47,0,0,7.2,3182.06
2022-09-27,2,2,102,34.74,0,0,4.6,3543.48
2022-09-28,2,2,136,29.49,1,0,2.8,4010.64
2022-09-29,2,2,84,34.26,0,0,4.0,2877.84
2022-09-30,2,2,95,31.84,0,0,5.1,3024.8
2022-10-01,2,2,120,32.8,0,0,9.3,3936.0
2022-10-02,2,2,135,32.57,0,0,7.5,4396.95
2022-10-03,2,2,99,34.74,0,0,4.8,3439.26
2022-10-04,2,2,111,33.96,0,0,3.4,3769.56
2022-10-05,2,2,103,31.73,0,0,3.5,3268.19
2022-10-06,2,2,103,32.15,0,0,1.5,3311.45
2022-10-07,2,2,127,27.49,1,0,3.7,3491.23
2022-10-08,2,2,129,33.05,0,0,0.1,4263.45
2022-10-09,2,2,130,32.34,0,0,5.8,4204.2
2022-10-10,2,2,160,28.91,1,0,3.8,4625.6
2022-10-11,2,2,99,32.24,0,0,7.1,3191.76
2022-10-12,2,2,159,28.79,1,0,2.8,4577.61
2022-10-13,2,2,88,32.71,0,0,0.6,2878.48
2022-10-14,2,2,92,32.78,0,0,4.1,3015.76
2022-10-15,2,2,180,27.41,1,0,2.6,4933.8
2022-10-16,2,2,121,34.29,0,0,3.5,4149.09
2022-10-17,2,2,101,33.64,0,0,6.1,3397.64
2022-10-18,2,2,90,32.0,0,0,6.9,2880.0
2022-10-19,2,2,157,26.76,1,0,3.2,4201.32
2022-10-20,2,2,99,34.3,0,0,5.1,3395.7
2022-10-21,2,2,96,31.84,0,0,4.4,3056.64
2022-10-22,2,2,138,34.25,0,0,0.6,4726.5
2022-10-23,2,2,221,27.73,1,0,4.1,6128.33
2022-10-24,2,2,98,34.74,0,0,-1.3,3404.52
2022-10-25,2,2,106,34.33,0,0,2.2,3638.98
2022-10-26,2,2,121,32.56,0,0,6.8,3939.76
2022-10-27,2,2,91,31.48,0,0,4.6,2864.68
2022-10-28,2,2,97,33.29,0,0,3.7,3229.13
2022-10-29,2,2,124,31.56,0,0,0.7,3913.44
2022-10-30,2,2,119,32.76,0,0,1.4,3898.44
2022-10-31,2,2,106,33.18,0,0,6.5,3517.08
2022-11-01,2,2,251,28.45,1,0,2.9,7140.95
2022-11-02,2,2,143,33.44,0,0,2.0,4781.92
2022-11-03,2,2,169,32.77,0,0,2.8,5538.13
2022-11-04,2,2,161,32.33,0,0,1.0,5205.13
2022-11-05,2,2,214,32.88,0,0,2.7,7036.32
2022-11-06,2,2,218,34.04,0,0,1.6,7420.72
2022-11-07,2,2,178,33.04,0,0,0.8,5881.12
2022-11-08,2,2,151,33.18,0,0,5.5,5010.18
2022-11-09,2,2,157,34.65,0,0,3.3,5440.05
2022-11-10,2,2,168,33.71,0,0,5.6,5663.28
2022-11-11,2,2,181,31.57,0,0,0.3,5714.17
2022-11-12,2,2,244,32.74,0,0,5.1,7988.56
2022-11-13,2,2,210,34.71,0,0,1.0,7289.1
2022-11-14,2,2,177,34.36,0,0,3.8,6081.72
2022-11-15,2,2,151,33.9,0,0,3.6,5118.9
2022-11-16,2,2,188,31.77,0,0,3.5,5972.76
2022-11-17,2,2,175,34.72,0,0,3.0,6076.0
2022-11-18,2,2,273,29.5,1,0,-0.3,8053.5
2022-11-19,2,2,202,33.6,0,0,1.2,6787.2
2022-11-20,2,2,244,31.58,0,0,3.6,7705.52
2022-11-21,2,2,194,33.73,0,0,3.0,6543.62
2022-11-22,2,2,196,32.33,0,0,3.3,6336.68
2022-11-23,2,2,208,32.73,0,0,3.4,6807.84
2022-11-24,2,2,202,32.28,0,0,3.0,6520.56
2022-11-25,2,2,234,33.93,0,1,4.3,7939.62
2022-11-26,2,2,452,28.96,1,1,1.2,13089.92
2022-11-27,2,2,240,33.13,0,0,3.5,7951.2
2022-11-28,2,2,167,32.86,0,0,5.8,5487.62
2022-11-29,2,2,170,34.57,0,0,5.7,5876.9
2022-11-30,2,2,190,31.61,0,0,4.1,6005.9
2022-12-01,2,2,200,32.21,0,0,2.8,6442.0
2022-12-02,2,2,163,32.36,0,0,2.5,5274.68
2022-12-03,2,2,273,31.72,0,0,3.3,8659.56
2022-12-04,2,2,229,32.37,0,0,7.9,7412.73
2022-12-05,2,2,184,31.49,0,0,6.2,5794.16
2022-12-06,2,2,216,33.54,0,0,6.0,7244.64
2022-12-07,2,2,308,29.13,1,0,6.0,8972.04
2022-12-08,2,2,181,34.48,0,0,5.1,6240.88
2022-12-09,2,2,244,34.69,0,0,6.2,8464.36
2022-12-10,2,2,240,33.24,0,0,6.1,7977.6
2022-12-11,2,2,246,33.33,0,0,6.8,8199.18
2022-12-12,2,2,319,28.98,1,0,7.6,9244.62
2022-12-13,2,2,201,34.01,0,0,2.4,6836.01
2022-12-14,2,2,187,32.84,0,0,4.2,6141.08
2022-12-15,2,2,222,31.91,0,0,4.1,7084.02
2022-12-16,2,2,194,33.75,0,0,7.2,6547.5
2022-12-17,2,2,240,32.31,0,0,5.9,7754.4
2022-12-18,2,2,257,33.21,0,0,5.3,8534.97
2022-12-19,2,2,204,33.94,0,0,8.5,6923.76
2022-12-20,2,2,193,32.47,0,0,5.0,6266.71
2022-12-21,2,2,232,34.55,0,0,10.7,8015.6
2022-12-22,2,2,204,34.14,0,0,7.6,6964.56
2022-12-23,2,2,309,27.54,1,0,8.4,8509.86
2022-12-24,2,2,354,33.52,0,1,6.7,11866.08
2022-12-25,2,2,365,33.3,0,1,7.7,12154.5
2022-12-26,2,2,246,34.63,0,0,10.6,8518.98
2022-12-27,2,2,200,32.86,0,0,7.5,6572.0
2022-12-28,2,2,242,33.49,0,0,8.1,8104.58
2022-12-29,2,2,236,31.61,0,0,14.0,7459.96
2022-12-30,2,2,173,32.59,0,0,9.4,5638.07
2022-12-31,2,2,442,27.61,1,0,7.1,12203.62
2023-01-01,2,2,242,34.68,0,1,11.4,8392.56
2023-01-02,2,2,138,33.05,0,0,8.5,4560.9
2023-01-03,2,2,180,33.04,0,0,6.7,5947.2
2023-01-04,2,2,156,32.13,0,0,9.0,5012.28
2023-01-05,2,2,162,33.22,0,0,10.5,5381.64
2023-01-06,2,2,161,31.75,0,0,11.8,5111.75
2023-01-07,2,2,212,33.36,0,0,9.0,7072.32
2023-01-08,2,2,189,32.83,0,0,11.6,6204.87
2023-01-09,2,2,162,31.81,0,0,11.3,5153.22
2023-01-10,2,2,206,28.02,1,0,11.9,5772.12
2023-01-11,2,2,166,33.81,0,0,13.4,5612.46
2023-01-12,2,2,165,33.53,0,0,13.1,5532.45
2023-01-13,2,2,274,27.64,1,0,10.7,7573.36
2023-01-14,2,2,230,32.94,0,0,11.7,7576.2
2023-01-15,2,2,221,32.47,0,0,13.4,7175.87
2023-01-16,2,2,157,31.65,0,0,13.1,4969.05
2023-01-17,2,2,178,34.48,0,0,12.0,6137.44
2023-01-18,2,2,151,34.38,0,0,15.3,5191.38
2023-01-19,2,2,196,32.38,0,0,12.8,6346.48
2023-01-20,2,2,167,31.82,0,0,9.9,5313.94
2023-01-21,2,2,217,34.66,0,0,12.1,7521.22
2023-01-22,2,2,189,34.38,0,0,15.0,6497.82
2023-01-23,2,2,181,33.13,0,0,12.3,5996.53
2023-01-24,2,2,198,34.0,0,0,13.5,6732.0
2023-01-25,2,2,176,33.18,0,0,13.5,5839.68
2023-01-26,2,2,190,33.06,0,0,15.1,6281.4
2023-01-27,2,2,150,31.84,0,0,14.3,4776.0
2023-01-28,2,2,236,34.56,0,0,11.5,8156.16
2023-01-29,2,2,237,33.99,0,0,15.8,8055.63
2023-01-30,2,2,165,33.04,0,0,14.4,5451.6
2023-01-31,2,2,162,33.02,0,0,14.0,5349.24
2023-02-01,2,2,177,31.48,0,0,16.6,5571.96
2023-02-02,2,2,282,27.13,1,0,10.3,7650.66
2023-02-03,2,2,308,28.75,1,0,15.9,8855.0
2023-02-04,2,2,235,32.53,0,0,17.7,7644.55
2023-02-05,2,2,242,32.01,0,0,16.8,7746.42
2023-02-06,2,2,192,33.02,0,0,15.2,6339.84
2023-02-07,2,2,263,28.09,1,0,14.9,7387.67
2023-02-08,2,2,158,31.73,0,0,16.7,5013.34
2023-02-09,2,2,331,29.29,1,0,13.1,9694.99
2023-02-10,2,2,168,33.18,0,0,19.1,5574.24
2023-02-11,2,2,205,32.61,0,0,16.2,6685.05
2023-02-12,2,2,263,34.32,0,0,19.3,9026.16
2023-02-13,2,2,286,27.78,1,0,19.1,7945.08
2023-02-14,2,2,278,31.7,0,1,15.1,8812.6
2023-02-15,2,2,210,32.28,0,0,21.0,6778.8
2023-02-16,2,2,194,32.13,0,0,16.2,6233.22
2023-02-17,2,2,219,34.3,0,0,18.6,7511.7
2023-02-18,2,2,243,33.45,0,0,21.9,8128.35
2023-02-19,2,2,270,31.71,0,0,18.7,8561.7
2023-02-20,2,2,202,32.94,0,0,16.7,6653.88
2023-02-21,2,2,197,32.06,0,0,22.0,6315.82
2023-02-22,2,2,196,33.69,0,0,20.9,6603.24
2023-02-23,2,2,170,32.5,0,0,21.0,5525.0
2023-02-24,2,2,181,33.03,0,0,20.3,5978.43
2023-02-25,2,2,221,32.81,0,0,21.6,7251.01
2023-02-26,2,2,257,32.49,0,0,20.7,8349.93
2023-02-27,2,2,214,34.64,0,0,21.7,7412.96
2023-02-28,2,2,178,32.32,0,0,22.6,5752.96
2023-03-01,2,2,209,34.15,0,0,19.3,7137.35
2023-03-02,2,2,297,26.8,1,0,20.3,7959.6
2023-03-03,2,2,252,29.56,1,0,19.1,7449.12
2023-03-04,2,2,242,34.07,0,0,21.3,8244.94
2023-03-05,2,2,254,34.57,0,0,20.8,8780.78
2023-03-06,2,2,203,33.08,0,0,22.8,6715.24
2023-03-07,2,2,191,34.55,0,0,21.2,6599.05
2023-03-08,2,2,231,33.91,0,0,16.7,7833.21
2023-03-09,2,2,218,34.0,0,0,24.2,7412.0
2023-03-10,2,2,181,32.76,0,0,26.4,5929.56
2023-03-11,2,2,252,32.01,0,0,24.7,8066.52
2023-03-12,2,2,258,31.89,0,0,19.3,8227.62
2023-03-13,2,2,297,28.02,1,0,23.3,8321.94
2023-03-14,2,2,214,33.98,0,0,23.7,7271.72
2023-03-15,2,2,202,34.19,0,0,21.4,6906.38
2023-03-16,2,2,191,33.56,0,0,26.2,6409.96
2023-03-17,2,2,170,32.88,0,0,22.7,5589.6
2023-03-18,2,2,254,33.74,0,0,23.5,8569.96
2023-03-19,2,2,264,33.45,0,0,21.6,8830.8
2023-03-20,2,2,224,34.53,0,0,22.7,7734.72
2023-03-21,2,2,195,32.93,0,0,22.4,6421.35
2023-03-22,2,2,217,34.7,0,0,26.4,7529.9
2023-03-23,2,2,373,26.81,1,0,23.6,10000.13
2023-03-24,2,2,204,32.82,0,0,26.7,6695.28
2023-03-25,2,2,247,33.42,0,0,23.0,8254.74
2023-03-26,2,2,272,33.73,0,0,21.0,9174.56
2023-03-27,2,2,197,33.13,0,0,27.4,6526.61
2023-03-28,2,2,232,31.9,0,0,27.0,7400.8
2023-03-29,2,2,209,32.21,0,0,23.5,6731.89
2023-03-30,2,2,378,28.09,1,0,25.7,10618.02
2023-03-31,2,2,219,32.69,0,0,28.3,7159.11
2023-04-01,2,2,260,34.24,0,0,26.4,8902.4
2023-04-02,2,2,223,32.54,0,0,25.0,7256.42
2023-04-03,2,2,199,33.57,0,0,25.6,6680.43
2023-04-04,2,2,230,34.29,0,0,25.4,7886.7
2023-04-05,2,2,228,31.76,0,0,25.1,7241.28
2023-04-06,2,2,229,34.34,0,0,22.6,7863.86
2023-04-07,2,2,212,31.89,0,0,26.1,6760.68
2023-04-08,2,2,280,34.49,0,0,26.5,9657.2
2023-04-09,2,2,250,33.11,0,0,25.6,8277.5
2023-04-10,2,2,318,28.32,1,0,23.3,9005.76
2023-04-11,2,2,208,33.8,0,0,30.5,7030.4
2023-04-12,2,2,298,28.05,1,0,30.3,8358.9
2023-04-13,2,2,176,31.82,0,0,25.1,5600.32
2023-04-14,2,2,194,32.89,0,0,25.2,6380.66
2023-04-15,2,2,270,31.75,0,0,31.3,8572.5
2023-04-16,2,2,235,34.67,0,0,29.2,8147.45
2023-04-17,2,2,188,34.15,0,0,24.6,6420.2
2023-04-18,2,2,204,33.25,0,0,27.4,6783.0
2023-04-19,2,2,198,32.52,0,0,27.0,6438.96
2023-04-20,2,2,209,32.95,0,0,28.1,6886.55
2023-04-21,2,2,197,31.8,0,0,24.6,6264.6
2023-04-22,2,2,387,27.78,1,0,27.1,10750.86
2023-04-23,2,2,281,34.19,0,0,28.6,9607.39
2023-04-24,2,2,190,32.87,0,0,29.7,6245.3
2023-04-25,2,2,224,33.11,0,0,27.7,7416.64
2023-04-26,2,2,199,31.47,0,0,25.2,6262.53
2023-04-27,2,2,203,32.51,0,0,30.1,6599.53
2023-04-28,2,2,189,34.7,0,0,30.4,6558.3
2023-04-29,2,2,268,34.52,0,0,27.1,9251.36
2023-04-30,2,2,278,34.66,0,0,27.1,9635.48
2023-05-01,2,2,199,34.26,0,0,29.2,6817.74
2023-05-02,2,2,157,33.3,0,0,27.2,5228.1
2023-05-03,2,2,200,32.88,0,0,25.9,6576.0
2023-05-04,2,2,197,32.97,0,0,30.7,6495.09
2023-05-05,2,2,163,33.39,0,0,25.3,5442.57
2023-05-06,2,2,234,32.43,0,0,26.9,7588.62
2023-05-07,2,2,243,34.49,0,0,27.5,8381.07
2023-05-08,2,2,167,31.62,0,0,32.7,5280.54
2023-05-09,2,2,200,32.35,0,0,30.6,6470.0
2023-05-10,2,2,198,32.62,0,0,26.5,6458.76
2023-05-11,2,2,195,34.52,0,0,26.2,6731.4
2023-05-12,2,2,208,32.59,0,0,27.6,6778.72
2023-05-13,2,2,249,31.64,0,0,29.4,7878.36
2023-05-14,2,2,258,31.75,0,0,22.2,8191.5
2023-05-15,2,2,188,33.73,0,0,24.2,6341.24
2023-05-16,2,2,182,34.48,0,0,25.6,6275.36
2023-05-17,2,2,318,29.1,1,0,25.6,9253.8
2023-05-18,2,2,187,33.21,0,0,26.4,6210.27
2023-05-19,2,2,177,33.65,0,0,31.4,5956.05
2023-05-20,2,2,238,31.5,0,0,27.3,7497.0
2023-05-21,2,2,454,28.3,1,0,26.4,12848.2
2023-05-22,2,2,193,33.97,0,0,26.7,6556.21
2023-05-23,2,2,181,34.36,0,0,25.1,6219.16
2023-05-24,2,2,185,33.91,0,0,27.8,6273.35
2023-05-25,2,2,186,31.61,0,0,22.5,5879.46
2023-05-26,2,2,191,34.61,0,0,25.0,6610.51
2023-05-27,2,2,217,33.92,0,0,27.3,7360.64
2023-05-28,2,2,244,32.9,0,0,26.1,8027.6
2023-05-29,2,2,180,33.76,0,0,24.9,6076.8
2023-05-30,2,2,165,34.0,0,0,21.1,5610.0
2023-05-31,2,2,265,34.47,0,1,24.8,9134.55
2023-06-01,2,2,203,34.71,0,0,23.7,7046.13
2023-06-02,2,2,199,34.02,0,0,24.3,6769.98
2023-06-03,2,2,290,28.71,1,0,24.0,8325.9
2023-06-04,2,2,232,32.5,0,0,20.9,7540.0
2023-06-05,2,2,157,31.5,0,0,24.4,4945.5
2023-06-06,2,2,159,32.25,0,0,23.9,5127.75
2023-06-07,2,2,177,32.43,0,0,24.8,5740.11
2023-06-08,2,2,191,33.82,0,0,21.0,6459.62
2023-06-09,2,2,181,33.55,0,0,27.9,6072.55
2023-06-10,2,2,233,33.29,0,0,21.9,7756.57
2023-06-11,2,2,239,33.83,0,0,26.3,8085.37
2023-06-12,2,2,147,32.43,0,0,25.9,4767.21
2023-06-13,2,2,156,34.7,0,0,22.6,5413.2
2023-06-14,2,2,149,31.99,0,0,24.5,4766.51
2023-06-15,2,2,189,34.15,0,0,24.7,6454.35
2023-06-16,2,2,150,34.08,0,0,24.3,5112.0
2023-06-17,2,2,240,31.59,0,0,23.9,7581.6
2023-06-18,2,2,221,31.93,0,0,23.3,7056.53
2023-06-19,2,2,163,32.03,0,0,22.8,5220.89
2023-06-20,2,2,150,33.01,0,0,23.9,4951.5
2023-06-21,2,2,169,33.74,0,0,21.5,5702.06
2023-06-22,2,2,209,27.34,1,0,21.1,5714.06
2023-06-23,2,2,172,32.23,0,0,22.9,5543.56
2023-06-24,2,2,194,32.93,0,0,20.7,6388.42
2023-06-25,2,2,218,33.94,0,0,19.8,7398.92
2023-06-26,2,2,131,34.38,0,0,23.1,4503.78
2023-06-27,2,2,136,32.05,0,0,22.0,4358.8
2023-06-28,2,2,288,27.38,1,0,21.8,7885.44
2023-06-29,2,2,174,32.44,0,0,20.1,5644.56
2023-06-30,2,2,160,32.93,0,0,19.6,5268.8
2023-07-01,2,2,182,32.91,0,0,17.2,5989.62
2023-07-02,2,2,186,33.97,0,0,20.2,6318.42
2023-07-03,2,2,144,32.51,0,0,22.9,4681.44
2023-07-04,2,2,240,33.22,0,1,20.6,7972.8
2023-07-05,2,2,143,34.29,0,0,21.2,4903.47
2023-07-06,2,2,154,33.63,0,0,17.8,5179.02
2023-07-07,2,2,137,34.02,0,0,22.6,4660.74
2023-07-08,2,2,164,33.22,0,0,20.2,5448.08
2023-07-09,2,2,174,32.47,0,0,19.4,5649.78
2023-07-10,2,2,149,34.23,0,0,22.8,5100.27
2023-07-11,2,2,148,32.91,0,0,21.4,4870.68
2023-07-12,2,2,148,34.74,0,0,21.1,5141.52
2023-07-13,2,2,155,32.3,0,0,18.6,5006.5
2023-07-14,2,2,169,34.59,0,0,16.2,5845.71
2023-07-15,2,2,170,34.17,0,0,15.7,5808.9
2023-07-16,2,2,179,32.64,0,0,19.6,5842.56
2023-07-17,2,2,144,33.23,0,0,19.7,4785.12
2023-07-18,2,2,120,34.13,0,0,18.2,4095.6
2023-07-19,2,2,129,32.22,0,0,18.9,4156.38
2023-07-20,2,2,246,29.48,1,0,16.6,7252.08
2023-07-21,2,2,132,32.7,0,0,17.7,4316.4
2023-07-22,2,2,184,32.39,0,0,18.6,5959.76
2023-07-23,2,2,169,33.86,0,0,19.1,5722.34
2023-07-24,2,2,122,34.17,0,0,21.5,4168.74
2023-07-25,2,2,195,26.75,1,0,17.4,5216.25
2023-07-26,2,2,122,32.79,0,0,14.9,4000.38
2023-07-27,2,2,169,29.02,1,0,16.7,4904.38
2023-07-28,2,2,138,34.15,0,0,18.1,4712.7
2023-07-29,2,2,159,31.73,0,0,15.9,5045.07
2023-07-30,2,2,162,33.5,0,0,16.7,5427.0
2023-07-31,2,2,135,33.42,0,0,14.6,4511.7
2023-08-01,2,2,128,32.45,0,0,15.1,4153.6
2023-08-02,2,2,117,32.23,0,0,15.6,3770.91
2023-08-03,2,2,130,31.86,0,0,12.7,4141.8
2023-08-04,2,2,130,33.87,0,0,19.6,4403.1
2023-08-05,2,2,147,32.91,0,0,12.3,4837.77
2023-08-06,2,2,118,34.1,0,0,15.3,4023.8
2023-08-07,2,2,120,34.64,0,0,15.8,4156.8
2023-08-08,2,2,137,29.3,1,0,14.3,4014.1
2023-08-09,2,2,215,26.81,1,0,14.5,5764.15
2023-08-10,2,2,109,33.63,0,0,14.4,3665.67
2023-08-11,2,2,121,31.54,0,0,13.3,3816.34
2023-08-12,2,2,154,31.81,0,0,10.8,4898.74
2023-08-13,2,2,133,33.65,0,0,10.0,4475.45
2023-08-14,2,2,127,32.31,0,0,14.2,4103.37
2023-08-15,2,2,98,33.68,0,0,12.1,3300.64
2023-08-16,2,2,112,31.56,0,0,10.2,3534.72
2023-08-17,2,2,200,27.74,1,0,12.0,5548.0
2023-08-18,2,2,111,34.11,0,0,13.2,3786.21
2023-08-19,2,2,147,32.11,0,0,14.0,4720.17
2023-08-20,2,2,155,32.89,0,0,9.5,5097.95
2023-08-21,2,2,107,31.71,0,0,8.8,3392.97
2023-08-22,2,2,119,34.63,0,0,9.4,4120.97
2023-08-23,2,2,124,33.53,0,0,12.1,4157.72
2023-08-24,2,2,116,33.79,0,0,14.6,3919.64
2023-08-25,2,2,105,31.98,0,0,11.7,3357.9
2023-08-26,2,2,141,33.16,0,0,9.9,4675.56
2023-08-27,2,2,149,32.63,0,0,9.4,4861.87
2023-08-28,2,2,154,28.99,1,0,9.5,4464.46
2023-08-29,2,2,107,33.83,0,0,6.2,3619.81
2023-08-30,2,2,147,29.33,1,0,9.1,4311.51
2023-08-31,2,2,109,33.98,0,0,6.4,3703.82
2023-09-01,2,2,92,31.64,0,0,9.8,2910.88
2023-09-02,2,2,215,27.05,1,0,9.7,5815.75
2023-09-03,2,2,149,34.71,0,0,8.2,5171.79
