data/raw/retail_sales.csv
date,store_id,dept_id,units_sold,unit_price,is_promo,is_holiday,temperature_c,revenue
2023-09-04,2,2,114,32.93,0,0,7.4,3754.02
2023-09-05,2,2,114,34.74,0,0,10.8,3960.36
2023-09-06,2,2,149,34.27,0,1,9.6,5106.23
2023-09-07,2,2,118,31.47,0,0,8.4,3713.46
2023-09-08,2,2,114,33.87,0,0,10.3,3861.18
2023-09-09,2,2,189,28.32,1,0,9.6,5352.48
2023-09-10,2,2,112,31.98,0,0,5.8,3581.76
2023-09-11,2,2,107,33.98,0,0,9.9,3635.86
2023-09-12,2,2,110,32.44,0,0,9.0,3568.4
2023-09-13,2,2,105,34.08,0,0,8.1,3578.4
2023-09-14,2,2,98,34.04,0,0,10.0,3335.92
2023-09-15,2,2,108,33.51,0,0,7.7,3619.08
2023-09-16,2,2,137,33.64,0,0,5.5,4608.68
2023-09-17,2,2,134,31.47,0,0,4.8,4216.98
2023-09-18,2,2,103,34.76,0,0,5.2,3580.28
2023-09-19,2,2,108,34.21,0,0,6.1,3694.68
2023-09-20,2,2,112,31.55,0,0,5.6,3533.6
2023-09-21,2,2,106,34.42,0,0,6.8,3648.52
2023-09-22,2,2,186,28.24,1,0,5.6,5252.64
2023-09-23,2,2,123,34.22,0,0,3.6,4209.06
2023-09-24,2,2,121,33.91,0,0,6.4,4103.11
2023-09-25,2,2,103,32.66,0,0,5.7,3363.98
2023-09-26,2,2,94,31.58,0,0,4.7,2968.52
2023-09-27,2,2,107,33.89,0,0,7.9,3626.23
2023-09-28,2,2,159,28.84,1,0,3.1,4585.56
2023-09-29,2,2,97,34.29,0,0,3.4,3326.13
2023-09-30,2,2,131,34.45,0,0,2.1,4512.95
2023-10-01,2,2,121,33.94,0,0,6.8,4106.74
2023-10-02,2,2,115,34.03,0,0,1.1,3913.45
2023-10-03,2,2,114,32.96,0,0,4.2,3757.44
2023-10-04,2,2,91,32.29,0,0,4.1,2938.39
2023-10-05,2,2,91,32.7,0,0,8.6,2975.7
2023-10-06,2,2,100,33.79,0,0,6.3,3379.0
2023-10-07,2,2,118,34.1,0,0,2.7,4023.8
2023-10-08,2,2,143,31.83,0,0,3.2,4551.69
2023-10-09,2,2,163,28.98,1,0,3.8,4723.74
2023-10-10,2,2,109,34.37,0,0,6.0,3746.33
2023-10-11,2,2,92,33.08,0,0,6.6,3043.36
2023-10-12,2,2,109,33.84,0,0,4.2,3688.56
2023-10-13,2,2,113,34.67,0,0,3.1,3917.71
2023-10-14,2,2,136,32.56,0,0,5.3,4428.16
2023-10-15,2,2,121,32.49,0,0,4.3,3931.29
2023-10-16,2,2,103,31.52,0,0,0.1,3246.56
2023-10-17,2,2,88,34.69,0,0,0.7,3052.72
2023-10-18,2,2,105,33.51,0,0,0.2,3518.55
2023-10-19,2,2,89,31.99,0,0,3.4,2847.11
2023-10-20,2,2,86,32.24,0,0,1.3,2772.64
2023-10-21,2,2,131,34.28,0,0,3.0,4490.68
2023-10-22,2,2,129,32.44,0,0,4.3,4184.76
2023-10-23,2,2,113,32.31,0,0,5.4,3651.03
2023-10-24,2,2,120,32.5,0,0,-1.0,3900.0
2023-10-25,2,2,99,32.36,0,0,1.0,3203.64
2023-10-26,2,2,121,34.36,0,0,3.2,4157.56
2023-10-27,2,2,106,33.32,0,0,2.2,3531.92
2023-10-28,2,2,128,31.96,0,0,2.1,4090.88
2023-10-29,2,2,129,31.65,0,0,2.0,4082.85
2023-10-30,2,2,120,32.73,0,0,7.4,3927.6
2023-10-31,2,2,126,33.56,0,0,-0.3,4228.56
2023-11-01,2,2,162,32.49,0,0,-1.4,5263.38
2023-11-02,2,2,145,32.04,0,0,7.4,4645.8
2023-11-03,2,2,177,31.95,0,0,4.7,5655.15
2023-11-04,2,2,212,31.78,0,0,2.9,6737.36
2023-11-05,2,2,237,31.72,0,0,3.2,7517.64
2023-11-06,2,2,174,32.67,0,0,4.5,5684.58
2023-11-07,2,2,182,32.81,0,0,3.2,5971.42
2023-11-08,2,2,168,34.45,0,0,2.1,5787.6
2023-11-09,2,2,190,33.33,0,0,3.4,6332.7
2023-11-10,2,2,165,33.84,0,0,5.1,5583.6
2023-11-11,2,2,220,34.45,0,0,-0.2,7579.0
2023-11-12,2,2,209,32.15,0,0,3.3,6719.35
2023-11-13,2,2,155,32.49,0,0,4.0,5035.95
2023-11-14,2,2,248,28.99,1,0,1.7,7189.52
2023-11-15,2,2,187,32.94,0,0,5.7,6159.78
2023-11-16,2,2,167,33.81,0,0,2.0,5646.27
2023-11-17,2,2,192,31.51,0,0,2.3,6049.92
2023-11-18,2,2,204,32.4,0,0,5.4,6609.6
2023-11-19,2,2,248,32.04,0,0,2.9,7945.92
2023-11-20,2,2,204,33.16,0,0,0.1,6764.64
2023-11-21,2,2,209,31.56,0,0,2.0,6596.04
2023-11-22,2,2,212,32.04,0,0,0.6,6792.48
2023-11-23,2,2,190,33.74,0,0,6.5,6410.6
2023-11-24,2,2,204,33.74,0,0,4.8,6882.96
2023-11-25,2,2,355,34.76,0,1,1.3,12339.8
2023-11-26,2,2,376,32.71,0,1,6.5,12298.96
2023-11-27,2,2,188,32.56,0,0,4.7,6121.28
2023-11-28,2,2,230,32.8,0,0,1.7,7544.0
2023-11-29,2,2,359,27.67,1,0,4.1,9933.53
2023-11-30,2,2,196,33.9,0,0,7.0,6644.4
2023-12-01,2,2,200,32.45,0,0,3.7,6490.0
2023-12-02,2,2,252,32.89,0,0,6.3,8288.28
2023-12-03,2,2,235,32.72,0,0,5.2,7689.2
2023-12-04,2,2,204,32.77,0,0,6.1,6685.08
2023-12-05,2,2,203,33.34,0,0,3.6,6768.02
2023-12-06,2,2,187,32.99,0,0,5.4,6169.13
2023-12-07,2,2,186,33.42,0,0,7.5,6216.12
2023-12-08,2,2,324,26.76,1,0,7.2,8670.24
2023-12-09,2,2,384,29.12,1,0,7.0,11182.08
2023-12-10,2,2,269,33.11,0,0,6.1,8906.59
2023-12-11,2,2,185,34.23,0,0,2.2,6332.55
2023-12-12,2,2,187,34.77,0,0,5.9,6501.99
2023-12-13,2,2,239,33.6,0,0,5.5,8030.4
2023-12-14,2,2,185,33.23,0,0,5.2,6147.55
2023-12-15,2,2,199,33.36,0,0,4.7,6638.64
2023-12-16,2,2,283,33.83,0,0,10.5,9573.89
2023-12-17,2,2,259,34.72,0,0,9.9,8992.48
2023-12-18,2,2,194,34.49,0,0,5.8,6691.06
2023-12-19,2,2,200,31.97,0,0,5.0,6394.0
2023-12-20,2,2,207,34.11,0,0,6.7,7060.77
2023-12-21,2,2,207,33.8,0,0,5.7,6996.6
2023-12-22,2,2,151,33.39,0,0,3.7,5041.89
2023-12-23,2,2,281,34.68,0,0,8.3,9745.08
2023-12-24,2,2,604,29.52,1,1,6.1,17830.08
2023-12-25,2,2,371,34.38,0,1,6.8,12754.98
2023-12-26,2,2,219,33.67,0,0,8.0,7373.73
2023-12-27,2,2,212,34.65,0,0,5.2,7345.8
2023-12-28,2,2,202,34.09,0,0,9.2,6886.18
2023-12-29,2,2,364,26.97,1,0,7.3,9817.08
2023-12-30,2,2,295,34.73,0,0,13.0,10245.35
2023-12-31,2,2,499,27.29,1,0,10.2,13617.71
2021-01-01,2,3,179,9.65,0,1,11.5,1727.35
2021-01-02,2,3,144,10.28,0,0,9.3,1480.32
2021-01-03,2,3,142,9.49,0,0,8.0,1347.58
2021-01-04,2,3,104,9.72,0,0,11.5,1010.88
2021-01-05,2,3,120,9.48,0,0,10.5,1137.6
2021-01-06,2,3,106,9.75,0,0,12.3,1033.5
2021-01-07,2,3,119,9.74,0,0,8.7,1159.06
2021-01-08,2,3,123,9.88,0,0,15.3,1215.24
2021-01-09,2,3,129,9.51,0,0,15.7,1226.79
2021-01-10,2,3,288,8.14,1,0,12.5,2344.32
2021-01-11,2,3,121,10.02,0,0,12.0,1212.42
2021-01-12,2,3,117,10.21,0,0,10.6,1194.57
2021-01-13,2,3,125,9.87,0,0,7.9,1233.75
2021-01-14,2,3,137,8.76,1,0,11.6,1200.12
2021-01-15,2,3,131,8.5,1,0,11.3,1113.5
2021-01-16,2,3,253,8.32,1,0,17.6,2104.96
2021-01-17,2,3,162,9.46,0,0,16.3,1532.52
2021-01-18,2,3,128,9.38,0,0,12.7,1200.64
2021-01-19,2,3,129,10.09,0,0,17.3,1301.61
2021-01-20,2,3,122,10.15,0,0,18.3,1238.3
2021-01-21,2,3,139,9.93,0,0,17.6,1380.27
2021-01-22,2,3,117,9.79,0,0,15.2,1145.43
2021-01-23,2,3,256,8.45,1,0,14.1,2163.2
2021-01-24,2,3,169,9.81,0,0,13.4,1657.89
2021-01-25,2,3,133,10.25,0,0,14.8,1363.25
2021-01-26,2,3,133,9.75,0,0,13.0,1296.75
2021-01-27,2,3,114,9.86,0,0,12.4,1124.04
2021-01-28,2,3,163,8.57,1,0,14.1,1396.91
2021-01-29,2,3,127,10.3,0,0,12.5,1308.1
2021-01-30,2,3,332,8.49,1,0,16.7,2818.68
2021-01-31,2,3,167,9.78,0,0,17.9,1633.26
2021-02-01,2,3,136,9.96,0,0,19.2,1354.56
2021-02-02,2,3,221,8.12,1,0,13.9,1794.52
2021-02-03,2,3,135,9.65,0,0,16.3,1302.75
2021-02-04,2,3,147,9.75,0,0,19.2,1433.25
2021-02-05,2,3,133,9.69,0,0,16.8,1288.77
2021-02-06,2,3,181,9.98,0,0,16.6,1806.38
2021-02-07,2,3,210,8.65,1,0,17.0,1816.5
2021-02-08,2,3,147,9.89,0,0,15.5,1453.83
2021-02-09,2,3,128,9.95,0,0,14.0,1273.6
2021-02-10,2,3,160,9.84,0,0,17.1,1574.4
2021-02-11,2,3,138,9.52,0,0,19.1,1313.76
2021-02-12,2,3,154,10.08,0,0,16.9,1552.32
2021-02-13,2,3,148,10.29,0,0,18.3,1522.92
2021-02-14,2,3,261,9.75,0,1,22.5,2544.75
2021-02-15,2,3,130,9.95,0,0,20.0,1293.5
2021-02-16,2,3,145,9.58,0,0,18.6,1389.1
2021-02-17,2,3,198,8.13,1,0,18.5,1609.74
2021-02-18,2,3,133,9.45,0,0,20.2,1256.85
2021-02-19,2,3,206,8.27,1,0,17.4,1703.62
2021-02-20,2,3,188,9.55,0,0,17.2,1795.4
2021-02-21,2,3,193,9.93,0,0,20.8,1916.49
2021-02-22,2,3,169,9.94,0,0,15.6,1679.86
2021-02-23,2,3,140,9.56,0,0,15.1,1338.4
2021-02-24,2,3,155,9.83,0,0,21.5,1523.65
2021-02-25,2,3,136,10.16,0,0,18.5,1381.76
2021-02-26,2,3,143,10.3,0,0,17.9,1472.9
2021-02-27,2,3,185,10.0,0,0,19.8,1850.0
2021-02-28,2,3,203,9.77,0,0,22.3,1983.31
2021-03-01,2,3,153,10.17,0,0,19.5,1556.01
2021-03-02,2,3,159,9.7,0,0,22.6,1542.3
2021-03-03,2,3,140,9.97,0,0,24.9,1395.8
2021-03-04,2,3,132,9.84,0,0,22.4,1298.88
2021-03-05,2,3,150,10.18,0,0,20.8,1527.0
2021-03-06,2,3,180,9.38,0,0,21.8,1688.4
2021-03-07,2,3,211,9.64,0,0,22.6,2034.04
2021-03-08,2,3,128,10.24,0,0,19.1,1310.72
2021-03-09,2,3,154,9.51,0,0,24.7,1464.54
2021-03-10,2,3,141,9.53,0,0,23.0,1343.73
2021-03-11,2,3,165,10.21,0,0,23.5,1684.65
2021-03-12,2,3,153,9.67,0,0,22.2,1479.51
2021-03-13,2,3,187,9.58,0,0,24.5,1791.46
2021-03-14,2,3,203,10.19,0,0,24.9,2068.57
2021-03-15,2,3,144,10.28,0,0,18.4,1480.32
2021-03-16,2,3,237,8.47,1,0,23.2,2007.39
2021-03-17,2,3,145,9.84,0,0,21.0,1426.8
2021-03-18,2,3,166,9.39,0,0,21.6,1558.74
2021-03-19,2,3,135,9.66,0,0,22.7,1304.1
2021-03-20,2,3,207,9.78,0,0,23.4,2024.46
2021-03-21,2,3,195,9.84,0,0,25.1,1918.8
2021-03-22,2,3,132,9.7,0,0,26.2,1280.4
2021-03-23,2,3,163,10.29,0,0,24.5,1677.27
2021-03-24,2,3,146,9.49,0,0,21.8,1385.54
2021-03-25,2,3,171,10.3,0,0,22.0,1761.3
2021-03-26,2,3,137,9.68,0,0,24.8,1326.16
2021-03-27,2,3,214,9.93,0,0,25.4,2125.02
2021-03-28,2,3,203,9.55,0,0,24.5,1938.65
2021-03-29,2,3,213,8.24,1,0,28.0,1755.12
2021-03-30,2,3,163,9.58,0,0,28.6,1561.54
2021-03-31,2,3,136,9.44,0,0,24.8,1283.84
2021-04-01,2,3,140,9.53,0,0,26.2,1334.2
2021-04-02,2,3,136,9.83,0,0,26.0,1336.88
2021-04-03,2,3,160,10.22,0,0,24.2,1635.2
2021-04-04,2,3,206,10.04,0,0,25.7,2068.24
2021-04-05,2,3,134,9.83,0,0,28.0,1317.22
2021-04-06,2,3,167,9.8,0,0,27.6,1636.6
2021-04-07,2,3,148,9.61,0,0,27.3,1422.28
2021-04-08,2,3,169,9.42,0,0,25.9,1591.98
2021-04-09,2,3,205,8.48,1,0,27.3,1738.4
2021-04-10,2,3,172,10.29,0,0,27.6,1769.88
2021-04-11,2,3,181,9.42,0,0,23.9,1705.02
2021-04-12,2,3,137,10.23,0,0,24.3,1401.51
2021-04-13,2,3,158,10.3,0,0,28.6,1627.4
2021-04-14,2,3,152,10.14,0,0,28.0,1541.28
2021-04-15,2,3,168,9.98,0,0,20.6,1676.64
2021-04-16,2,3,171,9.64,0,0,22.8,1648.44
2021-04-17,2,3,198,10.02,0,0,26.1,1983.96
2021-04-18,2,3,265,8.15,1,0,26.7,2159.75
2021-04-19,2,3,170,9.63,0,0,26.5,1637.1
2021-04-20,2,3,164,9.74,0,0,28.3,1597.36
2021-04-21,2,3,145,9.84,0,0,29.5,1426.8
2021-04-22,2,3,146,10.23,0,0,26.4,1493.58
2021-04-23,2,3,157,9.71,0,0,26.2,1524.47
2021-04-24,2,3,168,9.91,0,0,26.4,1664.88
2021-04-25,2,3,251,8.33,1,0,27.0,2090.83
2021-04-26,2,3,159,9.98,0,0,31.1,1586.82
2021-04-27,2,3,138,9.95,0,0,28.0,1373.1
2021-04-28,2,3,157,9.93,0,0,28.8,1559.01
2021-04-29,2,3,160,10.23,0,0,25.8,1636.8
2021-04-30,2,3,155,9.77,0,0,27.6,1514.35
2021-05-01,2,3,200,9.86,0,0,27.5,1972.0
2021-05-02,2,3,178,9.94,0,0,27.5,1769.32
2021-05-03,2,3,147,10.13,0,0,27.1,1489.11
2021-05-04,2,3,158,9.48,0,0,31.1,1497.84
2021-05-05,2,3,142,9.99,0,0,28.4,1418.58
2021-05-06,2,3,157,10.1,0,0,27.7,1585.7
2021-05-07,2,3,137,9.6,0,0,29.9,1315.2
2021-05-08,2,3,192,9.53,0,0,22.3,1829.76
2021-05-09,2,3,291,8.34,1,0,24.9,2426.94
2021-05-10,2,3,146,10.17,0,0,31.0,1484.82
2021-05-11,2,3,143,9.45,0,0,23.7,1351.35
2021-05-12,2,3,218,8.71,1,0,24.5,1898.78
2021-05-13,2,3,130,9.42,0,0,29.9,1224.6
2021-05-14,2,3,164,9.54,0,0,27.7,1564.56
2021-05-15,2,3,191,9.37,0,0,28.6,1789.67
2021-05-16,2,3,163,10.04,0,0,26.4,1636.52
2021-05-17,2,3,150,9.82,0,0,25.6,1473.0
2021-05-18,2,3,126,10.32,0,0,26.0,1300.32
2021-05-19,2,3,135,10.08,0,0,26.0,1360.8
2021-05-20,2,3,137,10.27,0,0,24.5,1406.99
2021-05-21,2,3,134,9.65,0,0,26.4,1293.1
2021-05-22,2,3,189,10.22,0,0,27.4,1931.58
2021-05-23,2,3,193,10.2,0,0,25.2,1968.6
2021-05-24,2,3,147,9.76,0,0,27.1,1434.72
2021-05-25,2,3,127,9.7,0,0,25.0,1231.9
2021-05-26,2,3,145,9.41,0,0,25.6,1364.45
2021-05-27,2,3,129,9.85,0,0,25.5,1270.65
2021-05-28,2,3,121,9.97,0,0,28.3,1206.37
2021-05-29,2,3,317,8.32,1,0,25.5,2637.44
2021-05-30,2,3,164,9.47,0,0,24.8,1553.08
2021-05-31,2,3,216,10.24,0,1,27.1,2211.84
2021-06-01,2,3,123,9.99,0,0,26.5,1228.77
2021-06-02,2,3,138,10.24,0,0,26.1,1413.12
2021-06-03,2,3,125,9.73,0,0,24.4,1216.25
2021-06-04,2,3,226,8.05,1,0,23.1,1819.3
2021-06-05,2,3,154,9.51,0,0,26.8,1464.54
2021-06-06,2,3,158,9.58,0,0,25.5,1513.64
2021-06-07,2,3,142,10.21,0,0,24.8,1449.82
2021-06-08,2,3,119,9.96,0,0,22.6,1185.24
2021-06-09,2,3,126,9.75,0,0,23.8,1228.5
2021-06-10,2,3,199,8.13,1,0,24.2,1617.87
2021-06-11,2,3,134,10.28,0,0,24.0,1377.52
2021-06-12,2,3,180,9.84,0,0,24.2,1771.2
2021-06-13,2,3,182,9.72,0,0,23.1,1769.04
2021-06-14,2,3,108,9.87,0,0,25.4,1065.96
2021-06-15,2,3,120,9.87,0,0,23.2,1184.4
2021-06-16,2,3,136,9.54,0,0,25.6,1297.44
2021-06-17,2,3,130,9.91,0,0,25.2,1288.3
2021-06-18,2,3,121,9.38,0,0,24.1,1134.98
2021-06-19,2,3,171,9.42,0,0,22.5,1610.82
2021-06-20,2,3,160,10.16,0,0,29.6,1625.6
2021-06-21,2,3,211,8.29,1,0,23.0,1749.19
2021-06-22,2,3,102,9.5,0,0,22.7,969.0
2021-06-23,2,3,119,10.17,0,0,22.9,1210.23
2021-06-24,2,3,118,10.15,0,0,21.9,1197.7
2021-06-25,2,3,117,9.39,0,0,20.7,1098.63
2021-06-26,2,3,154,9.9,0,0,27.1,1524.6
2021-06-27,2,3,132,9.76,0,0,19.8,1288.32
2021-06-28,2,3,160,8.12,1,0,23.8,1299.2
2021-06-29,2,3,122,9.45,0,0,20.6,1152.9
2021-06-30,2,3,118,9.91,0,0,25.3,1169.38
2021-07-01,2,3,125,9.58,0,0,21.6,1197.5
2021-07-02,2,3,131,10.05,0,0,20.4,1316.55
2021-07-03,2,3,168,8.5,1,0,21.2,1428.0
2021-07-04,2,3,218,9.51,0,1,19.3,2073.18
2021-07-05,2,3,116,9.59,0,0,21.1,1112.44
2021-07-06,2,3,104,10.14,0,0,21.3,1054.56
2021-07-07,2,3,112,9.67,0,0,19.8,1083.04
2021-07-08,2,3,110,10.33,0,0,17.4,1136.3
2021-07-09,2,3,120,9.47,0,0,18.8,1136.4
2021-07-10,2,3,190,8.7,1,0,21.5,1653.0
2021-07-11,2,3,126,9.64,0,0,20.2,1214.64
2021-07-12,2,3,98,10.0,0,0,23.2,980.0
2021-07-13,2,3,100,10.1,0,0,16.5,1010.0
2021-07-14,2,3,111,9.91,0,0,12.0,1100.01
2021-07-15,2,3,101,9.56,0,0,16.8,965.56
2021-07-16,2,3,101,10.31,0,0,20.1,1041.31
2021-07-17,2,3,124,9.61,0,0,17.7,1191.64
2021-07-18,2,3,148,9.95,0,0,16.8,1472.6
2021-07-19,2,3,140,8.27,1,0,13.2,1157.8
2021-07-20,2,3,98,10.25,0,0,16.9,1004.5
2021-07-21,2,3,113,9.54,0,0,15.3,1078.02
2021-07-22,2,3,96,10.16,0,0,18.9,975.36
2021-07-23,2,3,107,9.54,0,0,15.0,1020.78
2021-07-24,2,3,137,9.4,0,0,17.6,1287.8
2021-07-25,2,3,169,8.73,1,0,16.2,1475.37
2021-07-26,2,3,96,10.07,0,0,14.7,966.72
2021-07-27,2,3,102,10.21,0,0,13.7,1041.42
2021-07-28,2,3,104,9.39,0,0,9.6,976.56
2021-07-29,2,3,101,9.71,0,0,16.5,980.71
2021-07-30,2,3,92,10.31,0,0,13.9,948.52
2021-07-31,2,3,206,8.36,1,0,11.8,1722.16
2021-08-01,2,3,108,10.27,0,0,12.3,1109.16
2021-08-02,2,3,87,9.7,0,0,15.7,843.9
2021-08-03,2,3,109,10.29,0,0,14.8,1121.61
2021-08-04,2,3,165,8.55,1,0,13.9,1410.75
2021-08-05,2,3,96,9.43,0,0,14.4,905.28
2021-08-06,2,3,87,9.69,0,0,15.1,843.03
2021-08-07,2,3,112,10.11,0,0,13.7,1132.32
2021-08-08,2,3,105,10.24,0,0,12.8,1075.2
2021-08-09,2,3,98,9.53,0,0,12.1,933.94
2021-08-10,2,3,101,9.86,0,0,13.1,995.86
2021-08-11,2,3,90,9.87,0,0,11.4,888.3
2021-08-12,2,3,93,10.09,0,0,9.7,938.37
2021-08-13,2,3,86,9.69,0,0,11.0,833.34
2021-08-14,2,3,97,9.78,0,0,13.3,948.66
2021-08-15,2,3,106,9.7,0,0,12.0,1028.2
2021-08-16,2,3,138,8.21,1,0,12.8,1132.98
2021-08-17,2,3,88,10.23,0,0,14.6,900.24
2021-08-18,2,3,84,9.93,0,0,12.3,834.12
2021-08-19,2,3,91,9.76,0,0,16.6,888.16
2021-08-20,2,3,77,10.02,0,0,7.2,771.54
2021-08-21,2,3,106,9.96,0,0,14.1,1055.76
2021-08-22,2,3,102,9.64,0,0,13.6,983.28
2021-08-23,2,3,116,8.1,1,0,11.3,939.6
2021-08-24,2,3,85,9.82,0,0,7.5,834.7
2021-08-25,2,3,73,10.27,0,0,9.5,749.71
2021-08-26,2,3,85,9.61,0,0,10.5,816.85
2021-08-27,2,3,80,9.62,0,0,9.2,769.6
2021-08-28,2,3,86,10.12,0,0,7.8,870.32
2021-08-29,2,3,88,9.91,0,0,9.9,872.08
2021-08-30,2,3,136,8.45,1,0,8.2,1149.2
2021-08-31,2,3,67,9.52,0,0,9.5,637.84
2021-09-01,2,3,76,9.96,0,0,9.4,756.96
2021-09-02,2,3,87,9.59,0,0,9.3,834.33
2021-09-03,2,3,70,9.46,0,0,7.9,662.2
2021-09-04,2,3,90,10.31,0,0,7.3,927.9
2021-09-05,2,3,104,10.18,0,0,9.3,1058.72
2021-09-06,2,3,142,9.38,0,1,8.7,1331.96
2021-09-07,2,3,70,9.71,0,0,7.3,679.7
2021-09-08,2,3,69,9.48,0,0,7.2,654.12
2021-09-09,2,3,74,10.25,0,0,4.5,758.5
2021-09-10,2,3,80,9.37,0,0,7.3,749.6
2021-09-11,2,3,91,9.76,0,0,5.8,888.16
2021-09-12,2,3,89,9.63,0,0,8.0,857.07
2021-09-13,2,3,77,9.67,0,0,3.1,744.59
2021-09-14,2,3,93,10.14,0,0,9.5,943.02
2021-09-15,2,3,77,9.92,0,0,5.3,763.84
2021-09-16,2,3,83,9.67,0,0,8.9,802.61
2021-09-17,2,3,86,9.86,0,0,10.5,847.96
2021-09-18,2,3,145,8.2,1,0,4.2,1189.0
2021-09-19,2,3,84,9.95,0,0,6.2,835.8
2021-09-20,2,3,68,9.91,0,0,1.4,673.88
2021-09-21,2,3,66,9.44,0,0,8.5,623.04
2021-09-22,2,3,76,9.87,0,0,7.5,750.12
2021-09-23,2,3,66,10.15,0,0,6.3,669.9
2021-09-24,2,3,67,9.66,0,0,6.1,647.22
2021-09-25,2,3,76,10.11,0,0,7.0,768.36
2021-09-26,2,3,97,9.56,0,0,5.1,927.32
2021-09-27,2,3,83,10.09,0,0,6.5,837.47
2021-09-28,2,3,70,10.33,0,0,2.4,723.1
2021-09-29,2,3,89,9.48,0,0,3.3,843.72
2021-09-30,2,3,73,10.04,0,0,2.6,732.92
2021-10-01,2,3,79,10.31,0,0,2.7,814.49
2021-10-02,2,3,93,10.05,0,0,5.1,934.65
2021-10-03,2,3,88,9.84,0,0,5.0,865.92
2021-10-04,2,3,84,10.01,0,0,4.6,840.84
2021-10-05,2,3,108,8.7,1,0,3.8,939.6
2021-10-06,2,3,116,7.97,1,0,4.3,924.52
2021-10-07,2,3,80,10.02,0,0,5.1,801.6
2021-10-08,2,3,72,9.83,0,0,3.2,707.76
2021-10-09,2,3,106,9.77,0,0,4.7,1035.62
2021-10-10,2,3,99,9.59,0,0,5.5,949.41
2021-10-11,2,3,72,9.98,0,0,2.5,718.56
2021-10-12,2,3,72,9.97,0,0,2.4,717.84
2021-10-13,2,3,84,9.76,0,0,3.1,819.84
2021-10-14,2,3,83,9.49,0,0,3.1,787.67
2021-10-15,2,3,75,10.07,0,0,-0.2,755.25
2021-10-16,2,3,91,9.96,0,0,6.2,906.36
2021-10-17,2,3,105,10.21,0,0,2.2,1072.05
2021-10-18,2,3,136,8.73,1,0,4.1,1187.28
2021-10-19,2,3,72,9.88,0,0,0.6,711.36
2021-10-20,2,3,72,9.6,0,0,3.4,691.2
2021-10-21,2,3,84,9.64,0,0,6.2,809.76
2021-10-22,2,3,78,10.26,0,0,4.4,800.28
2021-10-23,2,3,103,10.06,0,0,1.7,1036.18
2021-10-24,2,3,102,9.5,0,0,2.2,969.0
2021-10-25,2,3,74,9.77,0,0,1.4,722.98
2021-10-26,2,3,74,9.51,0,0,3.2,703.74
2021-10-27,2,3,77,10.22,0,0,2.5,786.94
2021-10-28,2,3,76,10.24,0,0,0.4,778.24
2021-10-29,2,3,76,10.07,0,0,0.7,765.32
2021-10-30,2,3,96,9.58,0,0,1.7,919.68
2021-10-31,2,3,103,9.81,0,0,4.6,1010.43
2021-11-01,2,3,123,10.31,0,0,4.2,1268.13
2021-11-02,2,3,115,10.19,0,0,8.2,1171.85
2021-11-03,2,3,171,8.02,1,0,3.1,1371.42
2021-11-04,2,3,132,10.04,0,0,4.7,1325.28
2021-11-05,2,3,113,9.46,0,0,-1.5,1068.98
2021-11-06,2,3,160,10.18,0,0,0.5,1628.8
2021-11-07,2,3,152,10.11,0,0,2.4,1536.72
2021-11-08,2,3,123,9.76,0,0,-0.6,1200.48
2021-11-09,2,3,130,9.5,0,0,7.0,1235.0
2021-11-10,2,3,128,9.64,0,0,7.4,1233.92
2021-11-11,2,3,107,9.76,0,0,1.5,1044.32
2021-11-12,2,3,148,10.3,0,0,1.5,1524.4
2021-11-13,2,3,166,9.68,0,0,3.0,1606.88
2021-11-14,2,3,159,9.8,0,0,5.0,1558.2
2021-11-15,2,3,131,9.61,0,0,4.7,1258.91
2021-11-16,2,3,151,9.47,0,0,5.2,1429.97
2021-11-17,2,3,211,8.55,1,0,3.1,1804.05
2021-11-18,2,3,129,10.18,0,0,1.3,1313.22
2021-11-19,2,3,154,9.73,0,0,3.8,1498.42
2021-11-20,2,3,171,10.18,0,0,2.2,1740.78
