data/raw/retail_sales.csv
date,store_id,dept_id,units_sold,unit_price,is_promo,is_holiday,temperature_c,revenue
2021-11-21,2,3,186,9.95,0,0,1.4,1850.7
2021-11-22,2,3,126,9.58,0,0,5.8,1207.08
2021-11-23,2,3,192,8.3,1,0,8.8,1593.6
2021-11-24,2,3,141,9.89,0,0,2.8,1394.49
2021-11-25,2,3,198,9.76,0,1,4.3,1932.48
2021-11-26,2,3,188,9.57,0,1,5.4,1799.16
2021-11-27,2,3,167,9.58,0,0,5.8,1599.86
2021-11-28,2,3,174,9.39,0,0,3.8,1633.86
2021-11-29,2,3,151,10.18,0,0,1.4,1537.18
2021-11-30,2,3,143,9.66,0,0,1.3,1381.38
2021-12-01,2,3,158,9.57,0,0,4.8,1512.06
2021-12-02,2,3,140,10.25,0,0,6.4,1435.0
2021-12-03,2,3,135,9.6,0,0,4.2,1296.0
2021-12-04,2,3,160,9.51,0,0,3.7,1521.6
2021-12-05,2,3,187,10.02,0,0,4.4,1873.74
2021-12-06,2,3,133,9.72,0,0,7.5,1292.76
2021-12-07,2,3,156,9.95,0,0,9.7,1552.2
2021-12-08,2,3,135,9.56,0,0,7.4,1290.6
2021-12-09,2,3,152,9.47,0,0,5.8,1439.44
2021-12-10,2,3,165,9.47,0,0,6.3,1562.55
2021-12-11,2,3,172,9.85,0,0,5.0,1694.2
2021-12-12,2,3,161,10.28,0,0,6.9,1655.08
2021-12-13,2,3,167,9.8,0,0,6.7,1636.6
2021-12-14,2,3,150,10.2,0,0,7.8,1530.0
2021-12-15,2,3,157,9.71,0,0,8.7,1524.47
2021-12-16,2,3,149,9.87,0,0,7.3,1470.63
2021-12-17,2,3,149,9.96,0,0,4.2,1484.04
2021-12-18,2,3,173,9.4,0,0,5.5,1626.2
2021-12-19,2,3,171,9.81,0,0,7.2,1677.51
2021-12-20,2,3,163,9.8,0,0,6.0,1597.4
2021-12-21,2,3,132,10.06,0,0,5.7,1327.92
2021-12-22,2,3,150,10.01,0,0,9.0,1501.5
2021-12-23,2,3,254,8.48,1,0,8.3,2153.92
2021-12-24,2,3,352,8.34,1,1,10.9,2935.68
2021-12-25,2,3,411,8.69,1,1,5.9,3571.59
2021-12-26,2,3,179,10.02,0,0,8.9,1793.58
2021-12-27,2,3,150,9.59,0,0,9.6,1438.5
2021-12-28,2,3,215,8.06,1,0,7.0,1732.9
2021-12-29,2,3,153,9.69,0,0,6.1,1482.57
2021-12-30,2,3,149,9.72,0,0,10.7,1448.28
2021-12-31,2,3,140,9.69,0,0,13.2,1356.6
2022-01-01,2,3,236,9.43,0,1,9.8,2225.48
2022-01-02,2,3,135,10.0,0,0,10.7,1350.0
2022-01-03,2,3,122,10.06,0,0,8.4,1227.32
2022-01-04,2,3,122,9.38,0,0,9.1,1144.36
2022-01-05,2,3,101,9.52,0,0,7.5,961.52
2022-01-06,2,3,129,10.13,0,0,9.2,1306.77
2022-01-07,2,3,113,9.58,0,0,10.5,1082.54
2022-01-08,2,3,236,7.95,1,0,9.6,1876.2
2022-01-09,2,3,153,10.02,0,0,7.0,1533.06
2022-01-10,2,3,121,9.59,0,0,10.3,1160.39
2022-01-11,2,3,115,9.99,0,0,12.2,1148.85
2022-01-12,2,3,130,10.21,0,0,10.2,1327.3
2022-01-13,2,3,115,9.77,0,0,11.3,1123.55
2022-01-14,2,3,119,9.95,0,0,12.3,1184.05
2022-01-15,2,3,139,9.38,0,0,10.1,1303.82
2022-01-16,2,3,163,9.8,0,0,12.6,1597.4
2022-01-17,2,3,131,9.46,0,0,7.5,1239.26
2022-01-18,2,3,138,10.06,0,0,10.1,1388.28
2022-01-19,2,3,130,10.23,0,0,13.0,1329.9
2022-01-20,2,3,110,9.94,0,0,12.5,1093.4
2022-01-21,2,3,109,10.13,0,0,14.9,1104.17
2022-01-22,2,3,160,10.0,0,0,12.4,1600.0
2022-01-23,2,3,170,10.02,0,0,15.7,1703.4
2022-01-24,2,3,161,9.44,0,0,12.4,1519.84
2022-01-25,2,3,111,9.73,0,0,17.3,1080.03
2022-01-26,2,3,131,10.12,0,0,15.4,1325.72
2022-01-27,2,3,123,10.22,0,0,13.7,1257.06
2022-01-28,2,3,130,10.31,0,0,15.4,1340.3
2022-01-29,2,3,170,9.65,0,0,17.8,1640.5
2022-01-30,2,3,188,10.15,0,0,15.8,1908.2
2022-01-31,2,3,134,9.38,0,0,16.2,1256.92
2022-02-01,2,3,132,10.23,0,0,14.6,1350.36
2022-02-02,2,3,188,8.09,1,0,17.7,1520.92
2022-02-03,2,3,134,9.84,0,0,14.3,1318.56
2022-02-04,2,3,127,9.64,0,0,17.4,1224.28
2022-02-05,2,3,171,9.41,0,0,14.6,1609.11
2022-02-06,2,3,178,10.1,0,0,13.0,1797.8
2022-02-07,2,3,140,9.84,0,0,17.1,1377.6
2022-02-08,2,3,144,10.17,0,0,20.0,1464.48
2022-02-09,2,3,244,8.72,1,0,16.6,2127.68
2022-02-10,2,3,148,10.1,0,0,19.1,1494.8
2022-02-11,2,3,226,8.21,1,0,13.0,1855.46
2022-02-12,2,3,161,9.93,0,0,16.9,1598.73
2022-02-13,2,3,161,9.75,0,0,17.9,1569.75
2022-02-14,2,3,235,9.8,0,1,22.1,2303.0
2022-02-15,2,3,246,8.5,1,0,12.7,2091.0
2022-02-16,2,3,147,9.55,0,0,20.6,1403.85
2022-02-17,2,3,127,9.74,0,0,15.6,1236.98
2022-02-18,2,3,142,10.22,0,0,18.4,1451.24
2022-02-19,2,3,185,9.8,0,0,17.7,1813.0
2022-02-20,2,3,176,9.7,0,0,19.1,1707.2
2022-02-21,2,3,158,10.31,0,0,17.4,1628.98
2022-02-22,2,3,142,9.97,0,0,20.1,1415.74
2022-02-23,2,3,153,9.72,0,0,19.9,1487.16
2022-02-24,2,3,129,9.46,0,0,21.0,1220.34
2022-02-25,2,3,154,9.36,0,0,21.1,1441.44
2022-02-26,2,3,202,9.78,0,0,18.6,1975.56
2022-02-27,2,3,183,9.43,0,0,19.6,1725.69
2022-02-28,2,3,153,10.01,0,0,23.5,1531.53
2022-03-01,2,3,168,9.83,0,0,18.4,1651.44
2022-03-02,2,3,141,9.55,0,0,21.0,1346.55
2022-03-03,2,3,150,9.39,0,0,16.9,1408.5
2022-03-04,2,3,216,8.13,1,0,20.3,1756.08
2022-03-05,2,3,247,8.19,1,0,20.4,2022.93
2022-03-06,2,3,153,10.2,0,0,21.8,1560.6
2022-03-07,2,3,159,9.93,0,0,20.8,1578.87
2022-03-08,2,3,161,9.98,0,0,21.2,1606.78
2022-03-09,2,3,156,10.28,0,0,20.3,1603.68
2022-03-10,2,3,153,9.45,0,0,24.4,1445.85
2022-03-11,2,3,152,9.45,0,0,24.8,1436.4
2022-03-12,2,3,195,10.15,0,0,21.7,1979.25
2022-03-13,2,3,346,8.66,1,0,21.7,2996.36
2022-03-14,2,3,140,9.71,0,0,20.4,1359.4
2022-03-15,2,3,141,9.99,0,0,25.3,1408.59
2022-03-16,2,3,195,8.1,1,0,22.8,1579.5
2022-03-17,2,3,168,9.44,0,0,27.5,1585.92
2022-03-18,2,3,196,8.06,1,0,22.3,1579.76
2022-03-19,2,3,195,9.4,0,0,25.1,1833.0
2022-03-20,2,3,193,10.18,0,0,28.5,1964.74
2022-03-21,2,3,157,10.14,0,0,20.5,1591.98
2022-03-22,2,3,202,8.69,1,0,23.3,1755.38
2022-03-23,2,3,152,9.65,0,0,29.5,1466.8
2022-03-24,2,3,154,10.2,0,0,23.1,1570.8
2022-03-25,2,3,294,8.25,1,0,27.1,2425.5
2022-03-26,2,3,202,9.85,0,0,25.3,1989.7
2022-03-27,2,3,167,10.02,0,0,23.4,1673.34
2022-03-28,2,3,148,10.01,0,0,21.9,1481.48
2022-03-29,2,3,303,8.77,1,0,26.1,2657.31
2022-03-30,2,3,151,10.25,0,0,24.0,1547.75
2022-03-31,2,3,195,8.08,1,0,24.8,1575.6
2022-04-01,2,3,154,9.37,0,0,23.2,1442.98
2022-04-02,2,3,187,9.38,0,0,24.2,1754.06
2022-04-03,2,3,220,9.43,0,0,27.5,2074.6
2022-04-04,2,3,162,9.57,0,0,23.8,1550.34
2022-04-05,2,3,165,9.59,0,0,24.2,1582.35
2022-04-06,2,3,165,10.18,0,0,25.3,1679.7
2022-04-07,2,3,170,9.94,0,0,23.2,1689.8
2022-04-08,2,3,164,10.15,0,0,28.5,1664.6
2022-04-09,2,3,191,9.47,0,0,25.5,1808.77
2022-04-10,2,3,194,9.62,0,0,27.2,1866.28
2022-04-11,2,3,148,9.64,0,0,24.8,1426.72
2022-04-12,2,3,177,9.52,0,0,25.6,1685.04
2022-04-13,2,3,154,9.59,0,0,25.5,1476.86
2022-04-14,2,3,162,10.23,0,0,25.1,1657.26
2022-04-15,2,3,153,10.28,0,0,28.6,1572.84
2022-04-16,2,3,246,8.39,1,0,28.9,2063.94
2022-04-17,2,3,202,9.9,0,0,27.3,1999.8
2022-04-18,2,3,157,9.83,0,0,29.3,1543.31
2022-04-19,2,3,164,9.94,0,0,25.8,1630.16
2022-04-20,2,3,138,9.76,0,0,26.7,1346.88
2022-04-21,2,3,153,9.87,0,0,24.5,1510.11
2022-04-22,2,3,137,10.31,0,0,22.3,1412.47
2022-04-23,2,3,173,10.29,0,0,30.5,1780.17
2022-04-24,2,3,174,9.51,0,0,26.2,1654.74
2022-04-25,2,3,141,10.33,0,0,25.4,1456.53
2022-04-26,2,3,149,9.8,0,0,27.3,1460.2
2022-04-27,2,3,248,8.09,1,0,26.5,2006.32
2022-04-28,2,3,139,10.18,0,0,27.0,1415.02
2022-04-29,2,3,138,9.74,0,0,25.9,1344.12
2022-04-30,2,3,184,9.37,0,0,25.3,1724.08
2022-05-01,2,3,208,9.62,0,0,25.9,2000.96
2022-05-02,2,3,146,9.67,0,0,27.0,1411.82
2022-05-03,2,3,134,9.97,0,0,23.6,1335.98
2022-05-04,2,3,146,9.63,0,0,23.8,1405.98
2022-05-05,2,3,153,9.61,0,0,27.7,1470.33
2022-05-06,2,3,152,10.13,0,0,28.4,1539.76
2022-05-07,2,3,181,9.36,0,0,29.6,1694.16
2022-05-08,2,3,188,10.29,0,0,29.4,1934.52
2022-05-09,2,3,131,10.33,0,0,28.2,1353.23
2022-05-10,2,3,144,9.75,0,0,27.2,1404.0
2022-05-11,2,3,152,9.59,0,0,23.3,1457.68
2022-05-12,2,3,131,10.17,0,0,29.9,1332.27
2022-05-13,2,3,151,9.4,0,0,28.7,1419.4
2022-05-14,2,3,201,10.33,0,0,26.1,2076.33
2022-05-15,2,3,200,10.06,0,0,26.2,2012.0
2022-05-16,2,3,150,9.45,0,0,29.5,1417.5
2022-05-17,2,3,190,8.52,1,0,29.5,1618.8
2022-05-18,2,3,124,9.5,0,0,27.9,1178.0
2022-05-19,2,3,141,9.96,0,0,25.0,1404.36
2022-05-20,2,3,144,9.77,0,0,25.6,1406.88
2022-05-21,2,3,178,9.52,0,0,27.8,1694.56
2022-05-22,2,3,199,9.4,0,0,28.1,1870.6
2022-05-23,2,3,143,9.49,0,0,24.7,1357.07
2022-05-24,2,3,143,10.22,0,0,28.5,1461.46
2022-05-25,2,3,135,10.18,0,0,27.3,1374.3
2022-05-26,2,3,150,10.22,0,0,27.5,1533.0
2022-05-27,2,3,146,10.25,0,0,22.2,1496.5
2022-05-28,2,3,155,9.55,0,0,24.2,1480.25
2022-05-29,2,3,172,10.16,0,0,26.4,1747.52
2022-05-30,2,3,124,9.98,0,0,23.1,1237.52
2022-05-31,2,3,347,7.97,1,1,25.4,2765.59
2022-06-01,2,3,146,9.66,0,0,29.5,1410.36
2022-06-02,2,3,131,10.29,0,0,26.1,1347.99
2022-06-03,2,3,149,9.62,0,0,22.7,1433.38
2022-06-04,2,3,152,10.31,0,0,28.0,1567.12
2022-06-05,2,3,180,9.83,0,0,23.5,1769.4
2022-06-06,2,3,122,10.33,0,0,22.6,1260.26
2022-06-07,2,3,134,9.86,0,0,23.3,1321.24
2022-06-08,2,3,124,10.22,0,0,22.3,1267.28
2022-06-09,2,3,131,9.63,0,0,22.0,1261.53
2022-06-10,2,3,136,9.81,0,0,26.6,1334.16
2022-06-11,2,3,165,9.97,0,0,26.1,1645.05
2022-06-12,2,3,159,10.03,0,0,22.4,1594.77
2022-06-13,2,3,124,9.93,0,0,20.8,1231.32
2022-06-14,2,3,121,9.36,0,0,23.3,1132.56
2022-06-15,2,3,127,9.59,0,0,25.6,1217.93
2022-06-16,2,3,140,10.0,0,0,23.8,1400.0
2022-06-17,2,3,115,9.6,0,0,21.2,1104.0
2022-06-18,2,3,307,8.24,1,0,23.2,2529.68
2022-06-19,2,3,171,9.81,0,0,19.8,1677.51
2022-06-20,2,3,124,10.01,0,0,24.6,1241.24
2022-06-21,2,3,119,9.77,0,0,18.7,1162.63
2022-06-22,2,3,123,9.67,0,0,20.3,1189.41
2022-06-23,2,3,135,9.98,0,0,20.1,1347.3
2022-06-24,2,3,113,9.45,0,0,21.7,1067.85
2022-06-25,2,3,169,10.31,0,0,20.0,1742.39
2022-06-26,2,3,148,10.08,0,0,20.1,1491.84
2022-06-27,2,3,110,9.38,0,0,22.7,1031.8
2022-06-28,2,3,195,8.58,1,0,22.2,1673.1
2022-06-29,2,3,111,10.29,0,0,20.4,1142.19
2022-06-30,2,3,100,10.11,0,0,21.6,1011.0
2022-07-01,2,3,118,9.99,0,0,18.4,1178.82
2022-07-02,2,3,151,9.6,0,0,23.8,1449.6
2022-07-03,2,3,130,9.5,0,0,21.7,1235.0
2022-07-04,2,3,179,10.12,0,1,20.7,1811.48
2022-07-05,2,3,115,9.36,0,0,19.3,1076.4
2022-07-06,2,3,96,10.14,0,0,20.7,973.44
2022-07-07,2,3,119,9.86,0,0,18.0,1173.34
2022-07-08,2,3,105,9.91,0,0,18.1,1040.55
2022-07-09,2,3,142,10.2,0,0,20.0,1448.4
2022-07-10,2,3,128,9.86,0,0,19.2,1262.08
2022-07-11,2,3,109,9.76,0,0,19.8,1063.84
2022-07-12,2,3,105,10.28,0,0,21.1,1079.4
2022-07-13,2,3,111,9.87,0,0,20.9,1095.57
2022-07-14,2,3,110,9.66,0,0,19.3,1062.6
2022-07-15,2,3,94,10.25,0,0,18.8,963.5
2022-07-16,2,3,131,9.75,0,0,20.5,1277.25
2022-07-17,2,3,142,9.97,0,0,20.6,1415.74
2022-07-18,2,3,99,10.3,0,0,17.7,1019.7
2022-07-19,2,3,115,10.29,0,0,16.2,1183.35
2022-07-20,2,3,113,9.66,0,0,19.5,1091.58
2022-07-21,2,3,102,10.19,0,0,20.5,1039.38
2022-07-22,2,3,148,8.02,1,0,16.9,1186.96
2022-07-23,2,3,134,10.1,0,0,19.8,1353.4
2022-07-24,2,3,133,9.44,0,0,17.6,1255.52
2022-07-25,2,3,110,9.83,0,0,15.4,1081.3
2022-07-26,2,3,109,9.37,0,0,13.5,1021.33
2022-07-27,2,3,92,9.44,0,0,14.4,868.48
2022-07-28,2,3,96,10.08,0,0,13.5,967.68
2022-07-29,2,3,98,9.59,0,0,17.8,939.82
2022-07-30,2,3,131,10.31,0,0,17.1,1350.61
2022-07-31,2,3,124,9.93,0,0,16.9,1231.32
2022-08-01,2,3,92,10.02,0,0,16.3,921.84
2022-08-02,2,3,78,9.71,0,0,17.4,757.38
2022-08-03,2,3,96,9.64,0,0,17.4,925.44
2022-08-04,2,3,92,10.17,0,0,14.3,935.64
2022-08-05,2,3,80,10.15,0,0,16.4,812.0
2022-08-06,2,3,125,9.98,0,0,14.2,1247.5
2022-08-07,2,3,123,10.07,0,0,12.3,1238.61
2022-08-08,2,3,150,8.23,1,0,14.4,1234.5
2022-08-09,2,3,93,9.9,0,0,10.3,920.7
2022-08-10,2,3,88,9.98,0,0,10.1,878.24
2022-08-11,2,3,87,10.08,0,0,13.4,876.96
2022-08-12,2,3,88,9.6,0,0,13.6,844.8
2022-08-13,2,3,105,10.2,0,0,11.2,1071.0
2022-08-14,2,3,122,9.81,0,0,8.8,1196.82
2022-08-15,2,3,88,10.05,0,0,5.8,884.4
2022-08-16,2,3,84,10.07,0,0,13.2,845.88
2022-08-17,2,3,180,8.48,1,0,11.4,1526.4
2022-08-18,2,3,91,10.25,0,0,9.4,932.75
2022-08-19,2,3,81,9.86,0,0,14.9,798.66
2022-08-20,2,3,106,9.57,0,0,11.4,1014.42
2022-08-21,2,3,110,9.43,0,0,14.2,1037.3
2022-08-22,2,3,69,10.08,0,0,12.9,695.52
2022-08-23,2,3,93,9.77,0,0,11.6,908.61
2022-08-24,2,3,82,10.0,0,0,10.9,820.0
2022-08-25,2,3,76,9.51,0,0,6.5,722.76
2022-08-26,2,3,84,10.25,0,0,4.7,861.0
2022-08-27,2,3,177,8.42,1,0,14.8,1490.34
2022-08-28,2,3,94,9.74,0,0,7.6,915.56
2022-08-29,2,3,88,9.77,0,0,10.4,859.76
2022-08-30,2,3,84,10.27,0,0,10.6,862.68
2022-08-31,2,3,78,10.1,0,0,8.7,787.8
2022-09-01,2,3,74,9.36,0,0,7.6,692.64
2022-09-02,2,3,89,10.03,0,0,8.8,892.67
2022-09-03,2,3,99,9.6,0,0,8.2,950.4
2022-09-04,2,3,97,9.56,0,0,7.1,927.32
2022-09-05,2,3,84,9.37,0,0,8.3,787.08
2022-09-06,2,3,115,9.42,0,1,6.4,1083.3
2022-09-07,2,3,80,9.87,0,0,10.5,789.6
2022-09-08,2,3,77,10.24,0,0,7.8,788.48
2022-09-09,2,3,69,9.42,0,0,7.6,649.98
2022-09-10,2,3,116,10.01,0,0,4.8,1161.16
2022-09-11,2,3,100,9.92,0,0,6.1,992.0
2022-09-12,2,3,68,9.45,0,0,6.2,642.6
2022-09-13,2,3,103,8.08,1,0,5.4,832.24
2022-09-14,2,3,74,9.71,0,0,8.7,718.54
2022-09-15,2,3,86,10.31,0,0,9.3,886.66
2022-09-16,2,3,83,10.08,0,0,4.6,836.64
2022-09-17,2,3,87,9.51,0,0,2.4,827.37
2022-09-18,2,3,88,9.44,0,0,6.7,830.72
2022-09-19,2,3,70,9.71,0,0,8.1,679.7
2022-09-20,2,3,84,10.19,0,0,8.2,855.96
2022-09-21,2,3,66,9.6,0,0,6.2,633.6
2022-09-22,2,3,77,10.0,0,0,7.9,770.0
2022-09-23,2,3,67,9.47,0,0,5.6,634.49
2022-09-24,2,3,74,10.25,0,0,2.3,758.5
2022-09-25,2,3,102,9.43,0,0,0.5,961.86
2022-09-26,2,3,100,8.6,1,0,8.2,860.0
2022-09-27,2,3,87,9.59,0,0,7.9,834.33
2022-09-28,2,3,75,10.31,0,0,2.9,773.25
2022-09-29,2,3,79,10.17,0,0,4.9,803.43
2022-09-30,2,3,84,9.61,0,0,3.5,807.24
2022-10-01,2,3,110,9.66,0,0,3.8,1062.6
2022-10-02,2,3,98,9.65,0,0,3.4,945.7
2022-10-03,2,3,118,8.08,1,0,6.1,953.44
2022-10-04,2,3,101,8.04,1,0,-1.8,812.04
2022-10-05,2,3,70,10.21,0,0,2.5,714.7
2022-10-06,2,3,78,9.55,0,0,5.0,744.9
2022-10-07,2,3,80,9.41,0,0,3.8,752.8
2022-10-08,2,3,101,9.88,0,0,6.1,997.88
2022-10-09,2,3,95,9.81,0,0,1.2,931.95
2022-10-10,2,3,72,9.76,0,0,6.1,702.72
2022-10-11,2,3,96,10.06,0,0,4.4,965.76
2022-10-12,2,3,77,9.66,0,0,5.8,743.82
2022-10-13,2,3,66,10.31,0,0,6.4,680.46
2022-10-14,2,3,64,9.94,0,0,-0.5,636.16
2022-10-15,2,3,143,8.0,1,0,5.4,1144.0
2022-10-16,2,3,95,10.33,0,0,1.3,981.35
2022-10-17,2,3,79,9.61,0,0,5.9,759.19
2022-10-18,2,3,82,9.91,0,0,6.2,812.62
2022-10-19,2,3,84,9.88,0,0,7.6,829.92
2022-10-20,2,3,80,9.82,0,0,2.6,785.6
2022-10-21,2,3,83,9.83,0,0,5.8,815.89
2022-10-22,2,3,100,10.11,0,0,5.1,1011.0
2022-10-23,2,3,95,9.55,0,0,5.0,907.25
2022-10-24,2,3,131,8.01,1,0,3.7,1049.31
2022-10-25,2,3,88,10.26,0,0,2.9,902.88
2022-10-26,2,3,77,9.67,0,0,3.2,744.59
2022-10-27,2,3,130,8.13,1,0,2.5,1056.9
2022-10-28,2,3,66,9.76,0,0,3.4,644.16
2022-10-29,2,3,91,9.49,0,0,5.3,863.59
2022-10-30,2,3,105,9.94,0,0,-0.7,1043.7
2022-10-31,2,3,88,9.38,0,0,5.8,825.44
2022-11-01,2,3,146,10.08,0,0,6.7,1471.68
2022-11-02,2,3,114,9.54,0,0,5.0,1087.56
2022-11-03,2,3,125,9.81,0,0,2.3,1226.25
2022-11-04,2,3,133,10.31,0,0,2.8,1371.23
2022-11-05,2,3,150,9.92,0,0,0.7,1488.0
2022-11-06,2,3,144,9.92,0,0,1.3,1428.48
2022-11-07,2,3,125,10.14,0,0,3.9,1267.5
2022-11-08,2,3,133,9.52,0,0,5.4,1266.16
2022-11-09,2,3,122,10.3,0,0,6.0,1256.6
2022-11-10,2,3,119,9.75,0,0,1.2,1160.25
2022-11-11,2,3,121,9.45,0,0,3.6,1143.45
2022-11-12,2,3,133,10.31,0,0,5.9,1371.23
2022-11-13,2,3,147,9.36,0,0,3.8,1375.92
2022-11-14,2,3,138,10.28,0,0,3.9,1418.64
2022-11-15,2,3,134,9.73,0,0,5.0,1303.82
2022-11-16,2,3,125,9.49,0,0,4.3,1186.25
2022-11-17,2,3,212,8.03,1,0,2.8,1702.36
2022-11-18,2,3,124,9.83,0,0,1.5,1218.92
2022-11-19,2,3,176,9.47,0,0,4.7,1666.72
2022-11-20,2,3,185,9.96,0,0,0.2,1842.6
2022-11-21,2,3,146,9.88,0,0,-1.0,1442.48
2022-11-22,2,3,131,9.69,0,0,3.7,1269.39
2022-11-23,2,3,132,9.89,0,0,4.1,1305.48
2022-11-24,2,3,174,8.05,1,0,5.4,1400.7
2022-11-25,2,3,212,9.63,0,1,4.0,2041.56
2022-11-26,2,3,249,10.3,0,1,1.3,2564.7
2022-11-27,2,3,176,10.15,0,0,2.5,1786.4
2022-11-28,2,3,125,9.9,0,0,4.9,1237.5
2022-11-29,2,3,137,10.26,0,0,4.3,1405.62
2022-11-30,2,3,125,9.66,0,0,4.2,1207.5
2022-12-01,2,3,141,9.36,0,0,4.1,1319.76
2022-12-02,2,3,132,10.29,0,0,2.3,1358.28
2022-12-03,2,3,206,9.42,0,0,5.9,1940.52
2022-12-04,2,3,179,10.05,0,0,4.5,1798.95
2022-12-05,2,3,150,9.67,0,0,7.6,1450.5
2022-12-06,2,3,148,9.82,0,0,9.8,1453.36
2022-12-07,2,3,154,10.12,0,0,4.5,1558.48
2022-12-08,2,3,133,9.72,0,0,7.8,1292.76
2022-12-09,2,3,137,10.13,0,0,7.3,1387.81
2022-12-10,2,3,192,9.52,0,0,2.9,1827.84
2022-12-11,2,3,192,9.83,0,0,7.0,1887.36
2022-12-12,2,3,146,9.57,0,0,5.3,1397.22
2022-12-13,2,3,148,9.77,0,0,8.4,1445.96
2022-12-14,2,3,146,9.92,0,0,2.9,1448.32
2022-12-15,2,3,153,10.04,0,0,2.8,1536.12
2022-12-16,2,3,157,9.51,0,0,4.6,1493.07
2022-12-17,2,3,189,9.41,0,0,4.8,1778.49
2022-12-18,2,3,216,10.23,0,0,7.7,2209.68
2022-12-19,2,3,142,10.27,0,0,7.4,1458.34
2022-12-20,2,3,141,9.57,0,0,6.8,1349.37
2022-12-21,2,3,171,9.58,0,0,8.2,1638.18
2022-12-22,2,3,145,9.52,0,0,4.8,1380.4
2022-12-23,2,3,165,9.75,0,0,11.2,1608.75
2022-12-24,2,3,293,9.41,0,1,10.2,2757.13
2022-12-25,2,3,308,10.02,0,1,9.1,3086.16
2022-12-26,2,3,225,8.28,1,0,8.8,1863.0
2022-12-27,2,3,138,9.59,0,0,9.8,1323.42
2022-12-28,2,3,158,9.51,0,0,6.7,1502.58
2022-12-29,2,3,175,9.86,0,0,10.0,1725.5
2022-12-30,2,3,167,9.94,0,0,8.9,1659.98
2022-12-31,2,3,217,9.78,0,0,7.2,2122.26
2023-01-01,2,3,188,10.29,0,1,8.0,1934.52
2023-01-02,2,3,105,10.1,0,0,8.9,1060.5
2023-01-03,2,3,127,10.26,0,0,6.3,1303.02
2023-01-04,2,3,110,9.6,0,0,7.7,1056.0
2023-01-05,2,3,123,9.62,0,0,10.0,1183.26
2023-01-06,2,3,122,9.59,0,0,10.0,1169.98
2023-01-07,2,3,147,9.76,0,0,6.4,1434.72
2023-01-08,2,3,157,10.17,0,0,10.1,1596.69
2023-01-09,2,3,162,8.41,1,0,11.7,1362.42
2023-01-10,2,3,113,9.72,0,0,11.2,1098.36
2023-01-11,2,3,129,9.61,0,0,10.9,1239.69
2023-01-12,2,3,117,9.64,0,0,10.3,1127.88
2023-01-13,2,3,107,9.81,0,0,11.6,1049.67
2023-01-14,2,3,178,10.22,0,0,9.1,1819.16
2023-01-15,2,3,176,9.68,0,0,11.3,1703.68
2023-01-16,2,3,108,9.87,0,0,13.8,1065.96
2023-01-17,2,3,129,9.7,0,0,10.1,1251.3
2023-01-18,2,3,121,10.08,0,0,11.4,1219.68
2023-01-19,2,3,128,10.23,0,0,13.0,1309.44
2023-01-20,2,3,132,10.14,0,0,14.4,1338.48
2023-01-21,2,3,164,10.15,0,0,13.8,1664.6
2023-01-22,2,3,165,9.86,0,0,18.6,1626.9
2023-01-23,2,3,104,9.55,0,0,10.1,993.2
2023-01-24,2,3,119,9.96,0,0,11.6,1185.24
2023-01-25,2,3,207,8.37,1,0,15.8,1732.59
2023-01-26,2,3,151,10.14,0,0,12.6,1531.14
2023-01-27,2,3,135,9.86,0,0,14.6,1331.1
2023-01-28,2,3,141,9.76,0,0,16.0,1376.16
2023-01-29,2,3,155,10.19,0,0,18.2,1579.45
2023-01-30,2,3,224,8.08,1,0,10.0,1809.92
2023-01-31,2,3,137,9.88,0,0,13.0,1353.56
2023-02-01,2,3,140,10.27,0,0,14.8,1437.8
2023-02-02,2,3,142,10.16,0,0,14.0,1442.72
2023-02-03,2,3,137,9.62,0,0,13.5,1317.94
2023-02-04,2,3,167,9.86,0,0,16.2,1646.62
2023-02-05,2,3,151,9.53,0,0,15.9,1439.03
2023-02-06,2,3,126,10.22,0,0,15.7,1287.72
2023-02-07,2,3,125,9.45,0,0,20.6,1181.25
2023-02-08,2,3,217,8.51,1,0,15.6,1846.67
