data/raw/retail_sales.csv
date,store_id,dept_id,units_sold,unit_price,is_promo,is_holiday,temperature_c,revenue
2023-02-09,2,3,226,8.1,1,0,19.2,1830.6
2023-02-10,2,3,147,10.02,0,0,15.8,1472.94
2023-02-11,2,3,246,8.72,1,0,18.1,2145.12
2023-02-12,2,3,182,10.28,0,0,22.3,1870.96
2023-02-13,2,3,154,9.37,0,0,21.7,1442.98
2023-02-14,2,3,188,10.25,0,1,19.4,1927.0
2023-02-15,2,3,232,8.52,1,0,19.1,1976.64
2023-02-16,2,3,134,9.72,0,0,19.9,1302.48
2023-02-17,2,3,139,9.38,0,0,16.5,1303.82
2023-02-18,2,3,193,9.4,0,0,21.6,1814.2
2023-02-19,2,3,185,10.25,0,0,21.6,1896.25
2023-02-20,2,3,139,9.68,0,0,17.4,1345.52
2023-02-21,2,3,160,9.65,0,0,20.3,1544.0
2023-02-22,2,3,133,9.48,0,0,22.6,1260.84
2023-02-23,2,3,288,8.73,1,0,16.3,2514.24
2023-02-24,2,3,170,9.56,0,0,22.6,1625.2
2023-02-25,2,3,303,8.14,1,0,20.6,2466.42
2023-02-26,2,3,287,8.64,1,0,18.4,2479.68
2023-02-27,2,3,135,9.41,0,0,20.1,1270.35
2023-02-28,2,3,160,9.69,0,0,15.8,1550.4
2023-03-01,2,3,243,8.74,1,0,24.8,2123.82
2023-03-02,2,3,152,9.5,0,0,20.6,1444.0
2023-03-03,2,3,165,10.15,0,0,17.3,1674.75
2023-03-04,2,3,196,9.95,0,0,25.7,1950.2
2023-03-05,2,3,186,10.26,0,0,20.9,1908.36
2023-03-06,2,3,142,9.66,0,0,25.7,1371.72
2023-03-07,2,3,164,9.85,0,0,19.9,1615.4
2023-03-08,2,3,287,8.04,1,0,21.5,2307.48
2023-03-09,2,3,164,9.68,0,0,18.6,1587.52
2023-03-10,2,3,177,9.63,0,0,24.4,1704.51
2023-03-11,2,3,195,9.84,0,0,21.3,1918.8
2023-03-12,2,3,281,8.46,1,0,24.2,2377.26
2023-03-13,2,3,166,9.69,0,0,24.7,1608.54
2023-03-14,2,3,263,8.1,1,0,25.6,2130.3
2023-03-15,2,3,163,10.33,0,0,24.8,1683.79
2023-03-16,2,3,172,9.37,0,0,23.5,1611.64
2023-03-17,2,3,168,9.93,0,0,23.6,1668.24
2023-03-18,2,3,198,9.58,0,0,24.1,1896.84
2023-03-19,2,3,226,10.26,0,0,22.5,2318.76
2023-03-20,2,3,246,8.71,1,0,22.0,2142.66
2023-03-21,2,3,153,9.93,0,0,23.1,1519.29
2023-03-22,2,3,150,9.38,0,0,20.7,1407.0
2023-03-23,2,3,152,10.17,0,0,24.7,1545.84
2023-03-24,2,3,143,10.2,0,0,23.0,1458.6
2023-03-25,2,3,218,9.76,0,0,22.8,2127.68
2023-03-26,2,3,275,8.68,1,0,26.3,2387.0
2023-03-27,2,3,153,10.14,0,0,25.8,1551.42
2023-03-28,2,3,216,8.61,1,0,24.0,1859.76
2023-03-29,2,3,148,9.9,0,0,24.5,1465.2
2023-03-30,2,3,158,9.82,0,0,21.7,1551.56
2023-03-31,2,3,158,9.68,0,0,21.3,1529.44
2023-04-01,2,3,175,10.34,0,0,28.9,1809.5
2023-04-02,2,3,216,10.09,0,0,21.3,2179.44
2023-04-03,2,3,160,10.27,0,0,22.4,1643.2
2023-04-04,2,3,168,10.04,0,0,24.9,1686.72
2023-04-05,2,3,171,9.44,0,0,27.6,1614.24
2023-04-06,2,3,154,9.39,0,0,25.7,1446.06
2023-04-07,2,3,148,9.42,0,0,22.9,1394.16
2023-04-08,2,3,196,10.0,0,0,27.4,1960.0
2023-04-09,2,3,198,9.79,0,0,25.8,1938.42
2023-04-10,2,3,164,9.94,0,0,25.9,1630.16
2023-04-11,2,3,160,9.84,0,0,25.6,1574.4
2023-04-12,2,3,156,9.58,0,0,24.0,1494.48
2023-04-13,2,3,149,10.03,0,0,29.8,1494.47
2023-04-14,2,3,141,9.73,0,0,30.1,1371.93
2023-04-15,2,3,198,9.87,0,0,23.4,1954.26
2023-04-16,2,3,209,10.21,0,0,23.9,2133.89
2023-04-17,2,3,166,9.92,0,0,27.4,1646.72
2023-04-18,2,3,283,8.6,1,0,26.7,2433.8
2023-04-19,2,3,159,10.13,0,0,25.9,1610.67
2023-04-20,2,3,150,10.21,0,0,25.4,1531.5
2023-04-21,2,3,178,10.23,0,0,25.5,1820.94
2023-04-22,2,3,194,9.51,0,0,26.8,1844.94
2023-04-23,2,3,224,9.86,0,0,25.6,2208.64
2023-04-24,2,3,165,10.33,0,0,30.8,1704.45
2023-04-25,2,3,151,10.3,0,0,25.1,1555.3
2023-04-26,2,3,140,10.33,0,0,27.1,1446.2
2023-04-27,2,3,151,10.16,0,0,28.2,1534.16
2023-04-28,2,3,180,9.72,0,0,28.4,1749.6
2023-04-29,2,3,193,10.31,0,0,25.2,1989.83
2023-04-30,2,3,189,9.88,0,0,25.4,1867.32
2023-05-01,2,3,149,9.7,0,0,25.6,1445.3
2023-05-02,2,3,145,9.95,0,0,27.5,1442.75
2023-05-03,2,3,154,10.12,0,0,30.2,1558.48
2023-05-04,2,3,146,9.65,0,0,29.5,1408.9
2023-05-05,2,3,147,10.02,0,0,31.1,1472.94
2023-05-06,2,3,187,9.97,0,0,26.0,1864.39
2023-05-07,2,3,183,9.42,0,0,26.8,1723.86
2023-05-08,2,3,149,10.02,0,0,29.5,1492.98
2023-05-09,2,3,148,9.85,0,0,29.8,1457.8
2023-05-10,2,3,223,7.98,1,0,29.0,1779.54
2023-05-11,2,3,159,10.05,0,0,24.9,1597.95
2023-05-12,2,3,160,9.85,0,0,29.3,1576.0
2023-05-13,2,3,208,9.83,0,0,23.8,2044.64
2023-05-14,2,3,202,9.55,0,0,23.8,1929.1
2023-05-15,2,3,156,10.19,0,0,27.8,1589.64
2023-05-16,2,3,137,10.05,0,0,27.0,1376.85
2023-05-17,2,3,146,10.24,0,0,27.8,1495.04
2023-05-18,2,3,147,9.42,0,0,27.4,1384.74
2023-05-19,2,3,143,9.51,0,0,31.4,1359.93
2023-05-20,2,3,188,9.92,0,0,25.7,1864.96
2023-05-21,2,3,174,9.6,0,0,28.1,1670.4
2023-05-22,2,3,179,9.88,0,0,29.0,1768.52
2023-05-23,2,3,144,10.31,0,0,23.0,1484.64
2023-05-24,2,3,134,9.5,0,0,25.1,1273.0
2023-05-25,2,3,223,7.96,1,0,25.4,1775.08
2023-05-26,2,3,146,9.38,0,0,32.0,1369.48
2023-05-27,2,3,210,9.39,0,0,26.3,1971.9
2023-05-28,2,3,171,10.0,0,0,31.7,1710.0
2023-05-29,2,3,137,9.57,0,0,26.7,1311.09
2023-05-30,2,3,149,10.06,0,0,25.3,1498.94
2023-05-31,2,3,199,10.23,0,1,24.3,2035.77
2023-06-01,2,3,148,10.32,0,0,26.0,1527.36
2023-06-02,2,3,199,8.21,1,0,25.8,1633.79
2023-06-03,2,3,186,9.7,0,0,28.1,1804.2
2023-06-04,2,3,174,9.47,0,0,24.9,1647.78
2023-06-05,2,3,128,9.9,0,0,25.3,1267.2
2023-06-06,2,3,150,10.02,0,0,25.1,1503.0
2023-06-07,2,3,140,9.53,0,0,26.6,1334.2
2023-06-08,2,3,138,10.33,0,0,25.8,1425.54
2023-06-09,2,3,137,10.32,0,0,22.5,1413.84
2023-06-10,2,3,168,9.53,0,0,24.9,1601.04
2023-06-11,2,3,188,10.26,0,0,22.9,1928.88
2023-06-12,2,3,133,9.87,0,0,23.4,1312.71
2023-06-13,2,3,148,9.45,0,0,26.4,1398.6
2023-06-14,2,3,206,8.37,1,0,25.4,1724.22
2023-06-15,2,3,122,9.91,0,0,26.9,1209.02
2023-06-16,2,3,214,8.4,1,0,24.6,1797.6
2023-06-17,2,3,266,8.43,1,0,23.4,2242.38
2023-06-18,2,3,176,8.4,1,0,24.1,1478.4
2023-06-19,2,3,114,9.78,0,0,24.3,1114.92
2023-06-20,2,3,114,9.37,0,0,23.4,1068.18
2023-06-21,2,3,115,9.74,0,0,24.5,1120.1
2023-06-22,2,3,128,9.85,0,0,22.9,1260.8
2023-06-23,2,3,115,9.41,0,0,19.5,1082.15
2023-06-24,2,3,159,10.22,0,0,21.1,1624.98
2023-06-25,2,3,154,9.61,0,0,22.1,1479.94
2023-06-26,2,3,121,9.92,0,0,24.4,1200.32
2023-06-27,2,3,120,9.9,0,0,19.8,1188.0
2023-06-28,2,3,127,10.07,0,0,22.9,1278.89
2023-06-29,2,3,217,8.53,1,0,24.2,1851.01
2023-06-30,2,3,111,10.31,0,0,19.8,1144.41
2023-07-01,2,3,136,9.79,0,0,20.6,1331.44
2023-07-02,2,3,153,9.48,0,0,20.0,1450.44
2023-07-03,2,3,103,9.36,0,0,22.9,964.08
2023-07-04,2,3,205,9.46,0,1,19.4,1939.3
2023-07-05,2,3,101,9.91,0,0,17.9,1000.91
2023-07-06,2,3,114,10.04,0,0,19.9,1144.56
2023-07-07,2,3,128,10.2,0,0,20.0,1305.6
2023-07-08,2,3,141,9.8,0,0,19.9,1381.8
2023-07-09,2,3,167,8.69,1,0,17.5,1451.23
2023-07-10,2,3,122,9.85,0,0,21.6,1201.7
2023-07-11,2,3,111,9.96,0,0,19.9,1105.56
2023-07-12,2,3,102,9.43,0,0,16.4,961.86
2023-07-13,2,3,94,9.9,0,0,16.2,930.6
2023-07-14,2,3,112,9.56,0,0,18.4,1070.72
2023-07-15,2,3,137,10.16,0,0,18.7,1391.92
2023-07-16,2,3,123,9.72,0,0,19.0,1195.56
2023-07-17,2,3,118,9.79,0,0,15.9,1155.22
2023-07-18,2,3,106,9.74,0,0,19.3,1032.44
2023-07-19,2,3,115,9.95,0,0,18.6,1144.25
2023-07-20,2,3,97,9.73,0,0,13.7,943.81
2023-07-21,2,3,101,10.14,0,0,16.9,1024.14
2023-07-22,2,3,141,9.93,0,0,16.2,1400.13
2023-07-23,2,3,117,9.61,0,0,15.3,1124.37
2023-07-24,2,3,106,9.84,0,0,16.6,1043.04
2023-07-25,2,3,100,10.03,0,0,18.7,1003.0
2023-07-26,2,3,83,9.59,0,0,18.0,795.97
2023-07-27,2,3,141,8.24,1,0,16.7,1161.84
2023-07-28,2,3,106,9.49,0,0,18.1,1005.94
2023-07-29,2,3,124,10.15,0,0,14.7,1258.6
2023-07-30,2,3,123,10.17,0,0,17.2,1250.91
2023-07-31,2,3,97,9.98,0,0,13.9,968.06
2023-08-01,2,3,84,9.61,0,0,20.6,807.24
2023-08-02,2,3,97,10.08,0,0,11.1,977.76
2023-08-03,2,3,88,10.18,0,0,13.4,895.84
2023-08-04,2,3,102,10.0,0,0,12.3,1020.0
2023-08-05,2,3,113,9.69,0,0,15.6,1094.97
2023-08-06,2,3,161,8.59,1,0,14.4,1382.99
2023-08-07,2,3,144,8.2,1,0,11.5,1180.8
2023-08-08,2,3,93,9.97,0,0,13.7,927.21
2023-08-09,2,3,94,9.39,0,0,15.6,882.66
2023-08-10,2,3,87,10.21,0,0,10.0,888.27
2023-08-11,2,3,97,9.72,0,0,13.4,942.84
2023-08-12,2,3,120,9.58,0,0,8.1,1149.6
2023-08-13,2,3,115,9.9,0,0,11.4,1138.5
2023-08-14,2,3,86,9.56,0,0,10.8,822.16
2023-08-15,2,3,99,10.1,0,0,16.5,999.9
2023-08-16,2,3,93,9.94,0,0,11.4,924.42
2023-08-17,2,3,84,9.52,0,0,12.5,799.68
2023-08-18,2,3,78,9.74,0,0,12.5,759.72
2023-08-19,2,3,172,8.68,1,0,11.2,1492.96
2023-08-20,2,3,86,10.14,0,0,12.1,872.04
2023-08-21,2,3,90,9.7,0,0,8.5,873.0
2023-08-22,2,3,86,10.33,0,0,9.6,888.38
2023-08-23,2,3,81,9.6,0,0,12.6,777.6
2023-08-24,2,3,82,10.1,0,0,8.7,828.2
2023-08-25,2,3,92,10.21,0,0,6.5,939.32
2023-08-26,2,3,112,10.31,0,0,9.0,1154.72
2023-08-27,2,3,120,9.69,0,0,7.9,1162.8
2023-08-28,2,3,88,9.88,0,0,12.0,869.44
2023-08-29,2,3,110,8.32,1,0,9.3,915.2
2023-08-30,2,3,85,10.03,0,0,9.4,852.55
2023-08-31,2,3,74,10.33,0,0,12.2,764.42
2023-09-01,2,3,86,10.2,0,0,11.3,877.2
2023-09-02,2,3,101,9.45,0,0,10.2,954.45
2023-09-03,2,3,111,10.16,0,0,9.2,1127.76
2023-09-04,2,3,83,10.15,0,0,9.3,842.45
2023-09-05,2,3,84,10.19,0,0,8.9,855.96
2023-09-06,2,3,129,10.08,0,1,7.7,1300.32
2023-09-07,2,3,89,9.64,0,0,3.8,857.96
2023-09-08,2,3,84,10.12,0,0,10.5,850.08
2023-09-09,2,3,94,10.28,0,0,6.7,966.32
2023-09-10,2,3,111,9.68,0,0,8.8,1074.48
2023-09-11,2,3,84,10.14,0,0,6.8,851.76
2023-09-12,2,3,77,10.18,0,0,6.7,783.86
2023-09-13,2,3,77,10.15,0,0,6.5,781.55
2023-09-14,2,3,82,9.83,0,0,6.1,806.06
2023-09-15,2,3,71,9.64,0,0,9.3,684.44
2023-09-16,2,3,93,9.81,0,0,5.7,912.33
2023-09-17,2,3,86,9.72,0,0,6.9,835.92
2023-09-18,2,3,74,9.9,0,0,3.9,732.6
2023-09-19,2,3,84,10.31,0,0,9.7,866.04
2023-09-20,2,3,110,8.01,1,0,5.3,881.1
2023-09-21,2,3,89,9.51,0,0,10.3,846.39
2023-09-22,2,3,80,9.99,0,0,3.6,799.2
2023-09-23,2,3,158,8.31,1,0,1.6,1312.98
2023-09-24,2,3,102,9.52,0,0,5.8,971.04
2023-09-25,2,3,76,10.2,0,0,8.0,775.2
2023-09-26,2,3,74,9.47,0,0,8.8,700.78
2023-09-27,2,3,64,9.73,0,0,4.4,622.72
2023-09-28,2,3,83,9.68,0,0,5.4,803.44
2023-09-29,2,3,73,9.48,0,0,3.8,692.04
2023-09-30,2,3,100,10.21,0,0,3.1,1021.0
2023-10-01,2,3,182,7.95,1,0,5.3,1446.9
2023-10-02,2,3,83,9.66,0,0,7.0,801.78
2023-10-03,2,3,72,9.76,0,0,5.3,702.72
2023-10-04,2,3,66,9.48,0,0,4.1,625.68
2023-10-05,2,3,87,9.92,0,0,1.0,863.04
2023-10-06,2,3,140,8.0,1,0,3.8,1120.0
2023-10-07,2,3,104,9.94,0,0,2.5,1033.76
2023-10-08,2,3,108,9.77,0,0,6.2,1055.16
2023-10-09,2,3,83,9.75,0,0,4.8,809.25
2023-10-10,2,3,82,9.93,0,0,5.2,814.26
2023-10-11,2,3,79,9.41,0,0,2.7,743.39
2023-10-12,2,3,82,10.04,0,0,1.3,823.28
2023-10-13,2,3,71,10.2,0,0,6.7,724.2
2023-10-14,2,3,148,8.24,1,0,0.2,1219.52
2023-10-15,2,3,84,9.86,0,0,3.5,828.24
2023-10-16,2,3,65,10.21,0,0,3.9,663.65
2023-10-17,2,3,66,9.83,0,0,5.4,648.78
2023-10-18,2,3,78,9.56,0,0,5.0,745.68
2023-10-19,2,3,77,10.2,0,0,4.5,785.4
2023-10-20,2,3,133,8.03,1,0,3.0,1067.99
2023-10-21,2,3,96,9.72,0,0,1.0,933.12
2023-10-22,2,3,95,10.23,0,0,2.9,971.85
2023-10-23,2,3,72,9.68,0,0,2.1,696.96
2023-10-24,2,3,87,9.99,0,0,2.0,869.13
2023-10-25,2,3,83,9.81,0,0,-3.4,814.23
2023-10-26,2,3,84,9.56,0,0,-0.3,803.04
2023-10-27,2,3,85,10.21,0,0,4.9,867.85
2023-10-28,2,3,105,10.27,0,0,2.3,1078.35
2023-10-29,2,3,91,9.85,0,0,4.1,896.35
2023-10-30,2,3,79,9.54,0,0,2.6,753.66
2023-10-31,2,3,77,9.39,0,0,2.8,723.03
2023-11-01,2,3,128,9.81,0,0,1.0,1255.68
2023-11-02,2,3,134,9.83,0,0,6.1,1317.22
2023-11-03,2,3,141,9.36,0,0,6.3,1319.76
2023-11-04,2,3,156,10.03,0,0,1.2,1564.68
2023-11-05,2,3,140,9.63,0,0,2.5,1348.2
2023-11-06,2,3,130,10.12,0,0,3.2,1315.6
2023-11-07,2,3,121,10.26,0,0,3.5,1241.46
2023-11-08,2,3,132,9.97,0,0,3.6,1316.04
2023-11-09,2,3,138,10.03,0,0,1.6,1384.14
2023-11-10,2,3,134,10.03,0,0,5.2,1344.02
2023-11-11,2,3,172,10.04,0,0,3.2,1726.88
2023-11-12,2,3,159,9.6,0,0,2.7,1526.4
2023-11-13,2,3,120,10.17,0,0,4.9,1220.4
2023-11-14,2,3,128,10.23,0,0,1.5,1309.44
2023-11-15,2,3,199,8.71,1,0,3.7,1733.29
2023-11-16,2,3,136,9.83,0,0,2.1,1336.88
2023-11-17,2,3,200,8.38,1,0,6.0,1676.0
2023-11-18,2,3,188,10.04,0,0,4.7,1887.52
2023-11-19,2,3,150,10.14,0,0,5.8,1521.0
2023-11-20,2,3,122,9.77,0,0,1.7,1191.94
2023-11-21,2,3,133,9.49,0,0,2.5,1262.17
2023-11-22,2,3,149,9.71,0,0,5.3,1446.79
2023-11-23,2,3,138,9.52,0,0,5.0,1313.76
2023-11-24,2,3,142,10.21,0,0,3.9,1449.82
2023-11-25,2,3,256,10.29,0,1,2.5,2634.24
2023-11-26,2,3,214,9.57,0,1,5.8,2047.98
2023-11-27,2,3,134,10.03,0,0,3.0,1344.02
2023-11-28,2,3,229,8.29,1,0,4.8,1898.41
2023-11-29,2,3,211,8.4,1,0,4.5,1772.4
2023-11-30,2,3,205,8.46,1,0,4.9,1734.3
2023-12-01,2,3,141,9.96,0,0,5.4,1404.36
2023-12-02,2,3,190,10.23,0,0,6.7,1943.7
2023-12-03,2,3,204,9.44,0,0,4.7,1925.76
2023-12-04,2,3,141,9.52,0,0,4.3,1342.32
2023-12-05,2,3,145,10.16,0,0,9.6,1473.2
2023-12-06,2,3,121,10.05,0,0,5.5,1216.05
2023-12-07,2,3,161,9.69,0,0,4.7,1560.09
2023-12-08,2,3,134,9.85,0,0,2.4,1319.9
2023-12-09,2,3,209,9.64,0,0,5.7,2014.76
2023-12-10,2,3,191,9.98,0,0,6.2,1906.18
2023-12-11,2,3,162,9.37,0,0,6.9,1517.94
2023-12-12,2,3,166,10.31,0,0,5.6,1711.46
2023-12-13,2,3,147,9.95,0,0,5.4,1462.65
2023-12-14,2,3,125,10.1,0,0,5.0,1262.5
2023-12-15,2,3,150,10.25,0,0,6.6,1537.5
2023-12-16,2,3,213,9.73,0,0,5.9,2072.49
2023-12-17,2,3,266,8.6,1,0,6.2,2287.6
2023-12-18,2,3,147,10.14,0,0,9.4,1490.58
2023-12-19,2,3,171,9.36,0,0,4.8,1600.56
2023-12-20,2,3,143,9.47,0,0,6.8,1354.21
2023-12-21,2,3,176,10.2,0,0,6.5,1795.2
2023-12-22,2,3,186,9.8,0,0,4.9,1822.8
2023-12-23,2,3,188,10.3,0,0,5.4,1936.4
2023-12-24,2,3,302,9.92,0,1,6.9,2995.84
2023-12-25,2,3,267,9.49,0,1,6.9,2533.83
2023-12-26,2,3,301,8.42,1,0,10.4,2534.42
2023-12-27,2,3,141,10.21,0,0,11.0,1439.61
2023-12-28,2,3,156,9.49,0,0,5.0,1480.44
2023-12-29,2,3,164,9.82,0,0,9.1,1610.48
2023-12-30,2,3,215,9.71,0,0,9.6,2087.65
2023-12-31,2,3,168,9.39,0,0,11.2,1577.52
2021-01-01,2,4,188,19.21,0,1,10.1,3611.48
2021-01-02,2,4,157,19.24,0,0,7.3,3020.68
2021-01-03,2,4,159,19.27,0,0,8.3,3063.93
2021-01-04,2,4,108,18.19,0,0,15.1,1964.52
2021-01-05,2,4,134,18.74,0,0,8.2,2511.16
2021-01-06,2,4,145,18.87,0,0,14.9,2736.15
2021-01-07,2,4,143,18.12,0,0,9.7,2591.16
2021-01-08,2,4,125,19.55,0,0,11.5,2443.75
2021-01-09,2,4,148,19.68,0,0,12.7,2912.64
2021-01-10,2,4,163,18.17,0,0,12.9,2961.71
2021-01-11,2,4,123,19.08,0,0,11.5,2346.84
2021-01-12,2,4,116,18.14,0,0,10.1,2104.24
2021-01-13,2,4,125,18.26,0,0,12.6,2282.5
2021-01-14,2,4,139,18.4,0,0,9.5,2557.6
2021-01-15,2,4,144,19.38,0,0,12.7,2790.72
2021-01-16,2,4,173,18.74,0,0,13.9,3242.02
2021-01-17,2,4,153,18.39,0,0,14.8,2813.67
2021-01-18,2,4,221,15.62,1,0,9.4,3452.02
2021-01-19,2,4,152,18.35,0,0,11.5,2789.2
2021-01-20,2,4,129,19.43,0,0,14.6,2506.47
2021-01-21,2,4,146,18.93,0,0,11.3,2763.78
2021-01-22,2,4,179,16.73,1,0,14.6,2994.67
2021-01-23,2,4,187,17.91,0,0,12.2,3349.17
2021-01-24,2,4,151,18.83,0,0,15.0,2843.33
2021-01-25,2,4,138,19.18,0,0,11.3,2646.84
2021-01-26,2,4,144,19.39,0,0,14.2,2792.16
2021-01-27,2,4,127,18.71,0,0,13.3,2376.17
2021-01-28,2,4,159,18.37,0,0,9.7,2920.83
2021-01-29,2,4,129,18.62,0,0,11.9,2401.98
2021-01-30,2,4,172,19.38,0,0,15.3,3333.36
2021-01-31,2,4,175,19.15,0,0,15.2,3351.25
2021-02-01,2,4,145,19.68,0,0,14.3,2853.6
2021-02-02,2,4,171,18.4,0,0,15.7,3146.4
2021-02-03,2,4,129,18.18,0,0,15.6,2345.22
2021-02-04,2,4,152,19.35,0,0,17.6,2941.2
2021-02-05,2,4,150,19.07,0,0,16.5,2860.5
2021-02-06,2,4,168,18.07,0,0,17.1,3035.76
2021-02-07,2,4,180,18.83,0,0,15.2,3389.4
2021-02-08,2,4,147,18.22,0,0,18.6,2678.34
2021-02-09,2,4,129,19.54,0,0,15.1,2520.66
2021-02-10,2,4,110,18.86,0,0,18.7,2074.6
2021-02-11,2,4,134,18.06,0,0,19.8,2420.04
2021-02-12,2,4,146,19.04,0,0,18.6,2779.84
2021-02-13,2,4,196,18.72,0,0,17.7,3669.12
2021-02-14,2,4,447,15.63,1,1,16.2,6986.61
2021-02-15,2,4,148,19.53,0,0,16.4,2890.44
2021-02-16,2,4,172,18.09,0,0,20.2,3111.48
2021-02-17,2,4,139,18.12,0,0,16.0,2518.68
2021-02-18,2,4,147,18.41,0,0,18.3,2706.27
2021-02-19,2,4,152,18.82,0,0,21.4,2860.64
2021-02-20,2,4,210,18.63,0,0,20.9,3912.3
2021-02-21,2,4,162,18.45,0,0,22.6,2988.9
2021-02-22,2,4,166,17.94,0,0,20.8,2978.04
2021-02-23,2,4,151,18.62,0,0,20.8,2811.62
2021-02-24,2,4,136,19.58,0,0,20.9,2662.88
2021-02-25,2,4,166,18.38,0,0,20.8,3051.08
2021-02-26,2,4,152,18.12,0,0,22.9,2754.24
2021-02-27,2,4,330,15.89,1,0,22.1,5243.7
2021-02-28,2,4,200,18.24,0,0,20.9,3648.0
2021-03-01,2,4,145,18.25,0,0,19.3,2646.25
2021-03-02,2,4,176,19.7,0,0,19.4,3467.2
2021-03-03,2,4,148,19.15,0,0,19.3,2834.2
2021-03-04,2,4,169,19.15,0,0,23.6,3236.35
2021-03-05,2,4,161,18.59,0,0,18.9,2992.99
2021-03-06,2,4,201,19.32,0,0,24.7,3883.32
2021-03-07,2,4,272,15.47,1,0,19.9,4207.84
2021-03-08,2,4,276,16.37,1,0,23.8,4518.12
2021-03-09,2,4,214,15.74,1,0,23.1,3368.36
2021-03-10,2,4,276,15.6,1,0,22.6,4305.6
2021-03-11,2,4,162,17.97,0,0,26.5,2911.14
2021-03-12,2,4,161,19.26,0,0,25.7,3100.86
2021-03-13,2,4,195,19.56,0,0,23.1,3814.2
2021-03-14,2,4,220,19.14,0,0,24.7,4210.8
2021-03-15,2,4,151,18.01,0,0,24.1,2719.51
2021-03-16,2,4,266,16.54,1,0,21.4,4399.64
2021-03-17,2,4,163,18.79,0,0,21.6,3062.77
2021-03-18,2,4,179,18.82,0,0,24.6,3368.78
2021-03-19,2,4,159,18.45,0,0,25.6,2933.55
2021-03-20,2,4,215,18.21,0,0,24.7,3915.15
2021-03-21,2,4,303,15.56,1,0,28.4,4714.68
2021-03-22,2,4,255,16.09,1,0,23.1,4102.95
2021-03-23,2,4,197,16.48,1,0,21.7,3246.56
2021-03-24,2,4,146,19.29,0,0,25.3,2816.34
2021-03-25,2,4,162,18.91,0,0,27.0,3063.42
2021-03-26,2,4,184,18.13,0,0,25.9,3335.92
2021-03-27,2,4,188,18.13,0,0,21.2,3408.44
2021-03-28,2,4,199,19.68,0,0,24.2,3916.32
2021-03-29,2,4,151,18.3,0,0,26.2,2763.3
2021-03-30,2,4,171,18.7,0,0,25.9,3197.7
2021-03-31,2,4,192,18.98,0,0,22.8,3644.16
2021-04-01,2,4,253,16.72,1,0,25.5,4230.16
2021-04-02,2,4,158,18.96,0,0,24.6,2995.68
2021-04-03,2,4,217,18.72,0,0,24.3,4062.24
2021-04-04,2,4,190,19.55,0,0,27.0,3714.5
2021-04-05,2,4,170,18.61,0,0,23.0,3163.7
2021-04-06,2,4,178,19.65,0,0,29.9,3497.7
2021-04-07,2,4,141,17.91,0,0,27.6,2525.31
2021-04-08,2,4,274,15.71,1,0,32.0,4304.54
2021-04-09,2,4,216,15.94,1,0,26.6,3443.04
2021-04-10,2,4,260,15.94,1,0,28.2,4144.4
2021-04-11,2,4,205,18.72,0,0,28.1,3837.6
2021-04-12,2,4,175,18.6,0,0,27.1,3255.0
2021-04-13,2,4,107,19.24,0,0,27.5,2058.68
2021-04-14,2,4,170,18.5,0,0,25.8,3145.0
2021-04-15,2,4,133,18.3,0,0,23.9,2433.9
2021-04-16,2,4,157,18.66,0,0,25.3,2929.62
2021-04-17,2,4,216,19.31,0,0,28.6,4170.96
2021-04-18,2,4,210,18.42,0,0,26.1,3868.2
2021-04-19,2,4,156,18.44,0,0,24.7,2876.64
2021-04-20,2,4,140,17.91,0,0,27.5,2507.4
2021-04-21,2,4,213,16.75,1,0,26.3,3567.75
2021-04-22,2,4,235,16.41,1,0,26.6,3856.35
2021-04-23,2,4,276,16.38,1,0,27.7,4520.88
2021-04-24,2,4,195,18.28,0,0,27.8,3564.6
2021-04-25,2,4,202,17.99,0,0,25.6,3633.98
