data/raw/retail_sales.csv
date,store_id,dept_id,units_sold,unit_price,is_promo,is_holiday,temperature_c,revenue
2021-04-26,2,4,218,15.23,1,0,27.1,3320.14
2021-04-27,2,4,154,18.78,0,0,28.8,2892.12
2021-04-28,2,4,160,19.4,0,0,25.8,3104.0
2021-04-29,2,4,161,19.4,0,0,28.0,3123.4
2021-04-30,2,4,148,18.07,0,0,25.8,2674.36
2021-05-01,2,4,182,19.7,0,0,27.3,3585.4
2021-05-02,2,4,169,18.37,0,0,26.2,3104.53
2021-05-03,2,4,244,16.41,1,0,25.8,4004.04
2021-05-04,2,4,170,19.15,0,0,24.0,3255.5
2021-05-05,2,4,141,18.35,0,0,23.5,2587.35
2021-05-06,2,4,266,15.95,1,0,29.3,4242.7
2021-05-07,2,4,137,19.44,0,0,23.7,2663.28
2021-05-08,2,4,215,19.53,0,0,26.6,4198.95
2021-05-09,2,4,177,19.72,0,0,26.8,3490.44
2021-05-10,2,4,171,19.39,0,0,22.4,3315.69
2021-05-11,2,4,168,18.39,0,0,26.1,3089.52
2021-05-12,2,4,144,18.95,0,0,30.9,2728.8
2021-05-13,2,4,142,19.52,0,0,27.1,2771.84
2021-05-14,2,4,224,15.59,1,0,29.3,3492.16
2021-05-15,2,4,199,18.15,0,0,28.5,3611.85
2021-05-16,2,4,200,19.16,0,0,26.8,3832.0
2021-05-17,2,4,141,19.74,0,0,25.8,2783.34
2021-05-18,2,4,213,16.23,1,0,27.4,3456.99
2021-05-19,2,4,138,18.86,0,0,26.0,2602.68
2021-05-20,2,4,140,18.55,0,0,24.5,2597.0
2021-05-21,2,4,145,18.6,0,0,28.7,2697.0
2021-05-22,2,4,149,18.27,0,0,23.9,2722.23
2021-05-23,2,4,210,19.65,0,0,27.5,4126.5
2021-05-24,2,4,152,18.18,0,0,27.7,2763.36
2021-05-25,2,4,146,19.54,0,0,28.9,2852.84
2021-05-26,2,4,134,18.18,0,0,26.9,2436.12
2021-05-27,2,4,144,19.26,0,0,26.0,2773.44
2021-05-28,2,4,141,18.19,0,0,27.7,2564.79
2021-05-29,2,4,163,17.89,0,0,25.0,2916.07
2021-05-30,2,4,180,19.12,0,0,25.7,3441.6
2021-05-31,2,4,241,18.56,0,1,26.0,4472.96
2021-06-01,2,4,147,18.9,0,0,28.1,2778.3
2021-06-02,2,4,129,18.52,0,0,23.5,2389.08
2021-06-03,2,4,135,19.03,0,0,26.4,2569.05
2021-06-04,2,4,217,15.6,1,0,25.2,3385.2
2021-06-05,2,4,188,19.02,0,0,23.7,3575.76
2021-06-06,2,4,167,18.23,0,0,27.4,3044.41
2021-06-07,2,4,118,19.05,0,0,25.7,2247.9
2021-06-08,2,4,136,19.0,0,0,25.0,2584.0
2021-06-09,2,4,137,18.6,0,0,17.7,2548.2
2021-06-10,2,4,138,19.57,0,0,23.9,2700.66
2021-06-11,2,4,137,18.16,0,0,25.1,2487.92
2021-06-12,2,4,193,19.72,0,0,23.3,3805.96
2021-06-13,2,4,165,18.82,0,0,24.2,3105.3
2021-06-14,2,4,144,17.95,0,0,20.7,2584.8
2021-06-15,2,4,122,18.97,0,0,27.1,2314.34
2021-06-16,2,4,136,18.73,0,0,24.1,2547.28
2021-06-17,2,4,156,18.75,0,0,23.9,2925.0
2021-06-18,2,4,125,18.51,0,0,18.7,2313.75
2021-06-19,2,4,160,18.46,0,0,23.0,2953.6
2021-06-20,2,4,193,16.15,1,0,22.0,3116.95
2021-06-21,2,4,139,18.24,0,0,23.0,2535.36
2021-06-22,2,4,137,19.29,0,0,20.6,2642.73
2021-06-23,2,4,213,16.06,1,0,22.6,3420.78
2021-06-24,2,4,137,19.22,0,0,22.1,2633.14
2021-06-25,2,4,125,18.83,0,0,27.1,2353.75
2021-06-26,2,4,144,19.23,0,0,22.4,2769.12
2021-06-27,2,4,148,18.3,0,0,22.5,2708.4
2021-06-28,2,4,135,18.75,0,0,22.9,2531.25
2021-06-29,2,4,125,19.54,0,0,21.3,2442.5
2021-06-30,2,4,132,18.33,0,0,22.7,2419.56
2021-07-01,2,4,121,18.59,0,0,25.7,2249.39
2021-07-02,2,4,114,19.63,0,0,25.3,2237.82
2021-07-03,2,4,163,17.95,0,0,18.3,2925.85
2021-07-04,2,4,212,18.56,0,1,21.0,3934.72
2021-07-05,2,4,105,19.59,0,0,21.8,2056.95
2021-07-06,2,4,117,18.66,0,0,21.8,2183.22
2021-07-07,2,4,123,19.46,0,0,19.5,2393.58
2021-07-08,2,4,111,18.67,0,0,15.8,2072.37
2021-07-09,2,4,137,18.7,0,0,20.8,2561.9
2021-07-10,2,4,131,18.63,0,0,19.2,2440.53
2021-07-11,2,4,211,15.61,1,0,20.7,3293.71
2021-07-12,2,4,96,18.66,0,0,19.1,1791.36
2021-07-13,2,4,94,19.0,0,0,17.7,1786.0
2021-07-14,2,4,110,19.55,0,0,17.4,2150.5
2021-07-15,2,4,116,19.35,0,0,17.7,2244.6
2021-07-16,2,4,116,18.56,0,0,18.1,2152.96
2021-07-17,2,4,137,18.1,0,0,18.7,2479.7
2021-07-18,2,4,139,19.34,0,0,17.7,2688.26
2021-07-19,2,4,111,19.2,0,0,17.1,2131.2
2021-07-20,2,4,117,18.54,0,0,17.7,2169.18
2021-07-21,2,4,111,19.61,0,0,13.5,2176.71
2021-07-22,2,4,85,18.36,0,0,18.3,1560.6
2021-07-23,2,4,92,18.64,0,0,18.9,1714.88
2021-07-24,2,4,145,18.36,0,0,18.8,2662.2
2021-07-25,2,4,134,18.89,0,0,12.4,2531.26
2021-07-26,2,4,87,19.14,0,0,13.2,1665.18
2021-07-27,2,4,97,19.0,0,0,17.7,1843.0
2021-07-28,2,4,99,18.72,0,0,18.0,1853.28
2021-07-29,2,4,97,18.82,0,0,20.5,1825.54
2021-07-30,2,4,113,19.27,0,0,14.3,2177.51
2021-07-31,2,4,117,18.5,0,0,18.0,2164.5
2021-08-01,2,4,114,18.69,0,0,13.7,2130.66
2021-08-02,2,4,90,18.45,0,0,15.1,1660.5
2021-08-03,2,4,108,17.93,0,0,13.6,1936.44
2021-08-04,2,4,106,19.16,0,0,14.9,2030.96
2021-08-05,2,4,88,18.8,0,0,13.0,1654.4
2021-08-06,2,4,85,19.21,0,0,11.5,1632.85
2021-08-07,2,4,137,18.19,0,0,13.9,2492.03
2021-08-08,2,4,119,19.34,0,0,13.6,2301.46
2021-08-09,2,4,88,19.02,0,0,12.4,1673.76
2021-08-10,2,4,97,18.63,0,0,9.6,1807.11
2021-08-11,2,4,160,16.68,1,0,13.4,2668.8
2021-08-12,2,4,89,18.26,0,0,16.8,1625.14
2021-08-13,2,4,100,18.16,0,0,9.0,1816.0
2021-08-14,2,4,87,18.68,0,0,10.1,1625.16
2021-08-15,2,4,138,19.04,0,0,10.5,2627.52
2021-08-16,2,4,101,18.96,0,0,13.8,1914.96
2021-08-17,2,4,96,19.01,0,0,13.8,1824.96
2021-08-18,2,4,92,19.17,0,0,14.0,1763.64
2021-08-19,2,4,95,19.24,0,0,10.3,1827.8
2021-08-20,2,4,88,18.23,0,0,11.4,1604.24
2021-08-21,2,4,103,19.47,0,0,12.1,2005.41
2021-08-22,2,4,96,19.75,0,0,9.8,1896.0
2021-08-23,2,4,87,19.32,0,0,9.6,1680.84
2021-08-24,2,4,112,18.68,0,0,12.8,2092.16
2021-08-25,2,4,95,19.29,0,0,14.0,1832.55
2021-08-26,2,4,85,18.68,0,0,10.2,1587.8
2021-08-27,2,4,69,18.12,0,0,9.3,1250.28
2021-08-28,2,4,103,19.76,0,0,8.5,2035.28
2021-08-29,2,4,144,15.46,1,0,11.6,2226.24
2021-08-30,2,4,85,18.18,0,0,10.1,1545.3
2021-08-31,2,4,82,17.94,0,0,8.6,1471.08
2021-09-01,2,4,73,19.32,0,0,9.9,1410.36
2021-09-02,2,4,106,15.62,1,0,9.0,1655.72
2021-09-03,2,4,86,18.55,0,0,11.1,1595.3
2021-09-04,2,4,108,18.8,0,0,10.4,2030.4
2021-09-05,2,4,104,19.51,0,0,12.3,2029.04
2021-09-06,2,4,139,17.92,0,1,4.1,2490.88
2021-09-07,2,4,86,18.54,0,0,6.9,1594.44
2021-09-08,2,4,93,17.95,0,0,2.3,1669.35
2021-09-09,2,4,85,19.53,0,0,8.1,1660.05
2021-09-10,2,4,79,18.06,0,0,6.1,1426.74
2021-09-11,2,4,104,18.72,0,0,2.8,1946.88
2021-09-12,2,4,105,18.63,0,0,6.2,1956.15
2021-09-13,2,4,89,19.43,0,0,6.7,1729.27
2021-09-14,2,4,89,17.97,0,0,4.6,1599.33
2021-09-15,2,4,73,18.04,0,0,4.9,1316.92
2021-09-16,2,4,90,18.54,0,0,6.1,1668.6
2021-09-17,2,4,76,18.0,0,0,6.9,1368.0
2021-09-18,2,4,94,17.92,0,0,6.8,1684.48
2021-09-19,2,4,99,18.22,0,0,4.6,1803.78
2021-09-20,2,4,79,19.25,0,0,5.7,1520.75
2021-09-21,2,4,84,17.89,0,0,3.1,1502.76
2021-09-22,2,4,76,18.51,0,0,5.9,1406.76
2021-09-23,2,4,74,19.17,0,0,4.9,1418.58
2021-09-24,2,4,75,17.93,0,0,4.4,1344.75
2021-09-25,2,4,90,19.71,0,0,9.3,1773.9
2021-09-26,2,4,82,18.88,0,0,3.7,1548.16
2021-09-27,2,4,78,19.45,0,0,4.8,1517.1
2021-09-28,2,4,86,18.1,0,0,2.2,1556.6
2021-09-29,2,4,68,19.23,0,0,3.6,1307.64
2021-09-30,2,4,78,17.91,0,0,3.9,1396.98
2021-10-01,2,4,84,19.21,0,0,2.1,1613.64
2021-10-02,2,4,93,18.25,0,0,5.4,1697.25
2021-10-03,2,4,98,17.94,0,0,6.7,1758.12
2021-10-04,2,4,78,19.68,0,0,1.6,1535.04
2021-10-05,2,4,85,18.18,0,0,5.9,1545.3
2021-10-06,2,4,81,18.16,0,0,8.6,1470.96
2021-10-07,2,4,79,18.19,0,0,4.1,1437.01
2021-10-08,2,4,74,19.77,0,0,5.6,1462.98
2021-10-09,2,4,145,16.61,1,0,5.8,2408.45
2021-10-10,2,4,98,18.24,0,0,3.2,1787.52
2021-10-11,2,4,81,18.64,0,0,5.2,1509.84
2021-10-12,2,4,80,19.51,0,0,6.4,1560.8
2021-10-13,2,4,89,18.13,0,0,1.6,1613.57
2021-10-14,2,4,80,18.3,0,0,1.3,1464.0
2021-10-15,2,4,124,15.96,1,0,1.8,1979.04
2021-10-16,2,4,164,15.87,1,0,1.8,2602.68
2021-10-17,2,4,99,18.4,0,0,2.1,1821.6
2021-10-18,2,4,84,19.45,0,0,3.4,1633.8
2021-10-19,2,4,80,18.48,0,0,5.9,1478.4
2021-10-20,2,4,78,17.9,0,0,3.9,1396.2
2021-10-21,2,4,108,16.2,1,0,2.6,1749.6
2021-10-22,2,4,125,15.45,1,0,3.2,1931.25
2021-10-23,2,4,112,18.26,0,0,0.7,2045.12
2021-10-24,2,4,92,18.88,0,0,2.5,1736.96
2021-10-25,2,4,84,18.78,0,0,5.5,1577.52
2021-10-26,2,4,83,18.09,0,0,2.4,1501.47
2021-10-27,2,4,88,19.75,0,0,6.3,1738.0
2021-10-28,2,4,139,15.86,1,0,-1.0,2204.54
2021-10-29,2,4,69,19.01,0,0,3.2,1311.69
2021-10-30,2,4,107,19.66,0,0,3.0,2103.62
2021-10-31,2,4,109,18.59,0,0,4.2,2026.31
2021-11-01,2,4,127,18.0,0,0,5.5,2286.0
2021-11-02,2,4,158,18.41,0,0,3.9,2908.78
2021-11-03,2,4,146,19.01,0,0,1.5,2775.46
2021-11-04,2,4,150,18.88,0,0,1.3,2832.0
2021-11-05,2,4,150,19.32,0,0,4.2,2898.0
2021-11-06,2,4,123,19.69,0,0,1.4,2421.87
2021-11-07,2,4,191,18.45,0,0,4.1,3523.95
2021-11-08,2,4,137,18.0,0,0,5.1,2466.0
2021-11-09,2,4,154,19.35,0,0,1.7,2979.9
2021-11-10,2,4,187,15.35,1,0,4.1,2870.45
2021-11-11,2,4,139,18.39,0,0,3.5,2556.21
2021-11-12,2,4,146,18.77,0,0,2.2,2740.42
2021-11-13,2,4,177,17.92,0,0,0.8,3171.84
2021-11-14,2,4,174,19.46,0,0,2.7,3386.04
2021-11-15,2,4,137,19.03,0,0,1.3,2607.11
2021-11-16,2,4,134,18.73,0,0,4.4,2509.82
2021-11-17,2,4,131,17.92,0,0,-0.0,2347.52
2021-11-18,2,4,106,19.7,0,0,4.8,2088.2
2021-11-19,2,4,167,18.54,0,0,2.4,3096.18
2021-11-20,2,4,243,16.76,1,0,4.9,4072.68
2021-11-21,2,4,160,18.5,0,0,2.1,2960.0
2021-11-22,2,4,166,19.51,0,0,4.2,3238.66
2021-11-23,2,4,155,18.02,0,0,-0.5,2793.1
2021-11-24,2,4,144,18.1,0,0,4.1,2606.4
2021-11-25,2,4,234,19.47,0,1,4.5,4555.98
2021-11-26,2,4,218,19.16,0,1,1.1,4176.88
2021-11-27,2,4,178,19.61,0,0,3.2,3490.58
2021-11-28,2,4,183,17.96,0,0,3.0,3286.68
2021-11-29,2,4,144,18.36,0,0,7.2,2643.84
2021-11-30,2,4,159,18.02,0,0,2.7,2865.18
2021-12-01,2,4,162,19.06,0,0,4.8,3087.72
2021-12-02,2,4,170,19.67,0,0,5.5,3343.9
2021-12-03,2,4,200,15.27,1,0,3.7,3054.0
2021-12-04,2,4,191,18.98,0,0,3.4,3625.18
2021-12-05,2,4,199,18.9,0,0,2.3,3761.1
2021-12-06,2,4,143,18.49,0,0,9.0,2644.07
2021-12-07,2,4,145,18.17,0,0,5.4,2634.65
2021-12-08,2,4,247,15.4,1,0,3.1,3803.8
2021-12-09,2,4,148,19.7,0,0,5.3,2915.6
2021-12-10,2,4,143,18.93,0,0,4.6,2706.99
2021-12-11,2,4,205,18.3,0,0,3.5,3751.5
2021-12-12,2,4,207,17.92,0,0,9.1,3709.44
2021-12-13,2,4,162,19.32,0,0,6.3,3129.84
2021-12-14,2,4,159,17.97,0,0,5.0,2857.23
2021-12-15,2,4,150,18.42,0,0,8.5,2763.0
2021-12-16,2,4,168,18.91,0,0,5.7,3176.88
2021-12-17,2,4,170,18.83,0,0,6.6,3201.1
2021-12-18,2,4,176,19.69,0,0,7.8,3465.44
2021-12-19,2,4,190,19.38,0,0,12.9,3682.2
2021-12-20,2,4,177,18.45,0,0,7.9,3265.65
2021-12-21,2,4,159,18.98,0,0,4.5,3017.82
2021-12-22,2,4,159,19.61,0,0,8.5,3117.99
2021-12-23,2,4,154,19.15,0,0,7.0,2949.1
2021-12-24,2,4,258,19.04,0,1,11.1,4912.32
2021-12-25,2,4,317,17.96,0,1,7.0,5693.32
2021-12-26,2,4,217,18.85,0,0,7.4,4090.45
2021-12-27,2,4,168,19.63,0,0,8.6,3297.84
2021-12-28,2,4,158,18.36,0,0,7.4,2900.88
2021-12-29,2,4,183,18.91,0,0,12.4,3460.53
2021-12-30,2,4,159,19.04,0,0,7.5,3027.36
2021-12-31,2,4,173,18.45,0,0,9.1,3191.85
2022-01-01,2,4,225,19.26,0,1,9.9,4333.5
2022-01-02,2,4,139,19.67,0,0,10.6,2734.13
2022-01-03,2,4,119,18.34,0,0,11.5,2182.46
2022-01-04,2,4,137,18.05,0,0,9.3,2472.85
2022-01-05,2,4,129,18.18,0,0,10.2,2345.22
2022-01-06,2,4,142,18.88,0,0,7.6,2680.96
2022-01-07,2,4,144,19.34,0,0,14.0,2784.96
2022-01-08,2,4,148,19.28,0,0,7.9,2853.44
2022-01-09,2,4,154,18.49,0,0,10.5,2847.46
2022-01-10,2,4,123,19.14,0,0,10.0,2354.22
2022-01-11,2,4,129,18.4,0,0,14.3,2373.6
2022-01-12,2,4,128,18.07,0,0,12.6,2312.96
2022-01-13,2,4,119,19.63,0,0,11.7,2335.97
2022-01-14,2,4,211,16.47,1,0,15.5,3475.17
2022-01-15,2,4,183,19.66,0,0,11.1,3597.78
2022-01-16,2,4,156,18.16,0,0,15.7,2832.96
2022-01-17,2,4,137,18.91,0,0,12.1,2590.67
2022-01-18,2,4,121,19.14,0,0,10.7,2315.94
2022-01-19,2,4,122,19.52,0,0,12.7,2381.44
2022-01-20,2,4,148,18.74,0,0,13.6,2773.52
2022-01-21,2,4,138,19.22,0,0,13.0,2652.36
2022-01-22,2,4,183,18.21,0,0,12.9,3332.43
2022-01-23,2,4,153,19.53,0,0,15.5,2988.09
2022-01-24,2,4,127,18.84,0,0,10.6,2392.68
2022-01-25,2,4,202,15.4,1,0,17.4,3110.8
2022-01-26,2,4,128,18.14,0,0,14.0,2321.92
2022-01-27,2,4,137,18.87,0,0,16.3,2585.19
2022-01-28,2,4,134,19.2,0,0,13.5,2572.8
2022-01-29,2,4,171,19.36,0,0,13.8,3310.56
2022-01-30,2,4,185,18.77,0,0,14.6,3472.45
2022-01-31,2,4,138,18.43,0,0,16.0,2543.34
2022-02-01,2,4,143,18.95,0,0,12.8,2709.85
2022-02-02,2,4,260,16.27,1,0,17.7,4230.2
2022-02-03,2,4,126,18.18,0,0,17.1,2290.68
2022-02-04,2,4,140,18.1,0,0,14.3,2534.0
2022-02-05,2,4,156,17.98,0,0,16.3,2804.88
2022-02-06,2,4,179,18.71,0,0,15.3,3349.09
2022-02-07,2,4,156,17.89,0,0,23.0,2790.84
2022-02-08,2,4,154,18.91,0,0,16.2,2912.14
2022-02-09,2,4,195,15.9,1,0,16.8,3100.5
2022-02-10,2,4,132,18.85,0,0,13.5,2488.2
2022-02-11,2,4,213,15.46,1,0,20.5,3292.98
2022-02-12,2,4,201,18.68,0,0,20.7,3754.68
2022-02-13,2,4,213,18.29,0,0,18.4,3895.77
2022-02-14,2,4,224,19.19,0,1,19.3,4298.56
2022-02-15,2,4,133,19.55,0,0,20.0,2600.15
2022-02-16,2,4,162,18.82,0,0,16.4,3048.84
2022-02-17,2,4,170,19.0,0,0,20.8,3230.0
2022-02-18,2,4,224,15.23,1,0,16.6,3411.52
2022-02-19,2,4,219,19.26,0,0,17.7,4217.94
2022-02-20,2,4,168,19.34,0,0,18.3,3249.12
2022-02-21,2,4,152,18.23,0,0,18.7,2770.96
2022-02-22,2,4,144,19.27,0,0,18.0,2774.88
2022-02-23,2,4,141,19.14,0,0,19.3,2698.74
2022-02-24,2,4,163,18.11,0,0,21.1,2951.93
2022-02-25,2,4,229,15.5,1,0,16.8,3549.5
2022-02-26,2,4,179,19.57,0,0,20.1,3503.03
2022-02-27,2,4,196,18.59,0,0,21.3,3643.64
2022-02-28,2,4,280,16.57,1,0,22.4,4639.6
2022-03-01,2,4,165,18.21,0,0,21.0,3004.65
2022-03-02,2,4,153,18.4,0,0,17.7,2815.2
2022-03-03,2,4,183,19.35,0,0,20.9,3541.05
2022-03-04,2,4,206,16.73,1,0,20.9,3446.38
2022-03-05,2,4,207,18.53,0,0,22.2,3835.71
2022-03-06,2,4,232,18.1,0,0,22.1,4199.2
2022-03-07,2,4,164,19.3,0,0,22.1,3165.2
2022-03-08,2,4,194,19.6,0,0,22.2,3802.4
2022-03-09,2,4,148,19.16,0,0,21.2,2835.68
2022-03-10,2,4,167,19.04,0,0,19.6,3179.68
2022-03-11,2,4,292,16.78,1,0,22.2,4899.76
2022-03-12,2,4,229,19.22,0,0,22.2,4401.38
2022-03-13,2,4,220,18.56,0,0,23.1,4083.2
2022-03-14,2,4,149,18.7,0,0,26.9,2786.3
2022-03-15,2,4,260,15.66,1,0,21.9,4071.6
2022-03-16,2,4,146,18.39,0,0,22.2,2684.94
2022-03-17,2,4,144,17.95,0,0,23.6,2584.8
2022-03-18,2,4,171,18.84,0,0,23.1,3221.64
2022-03-19,2,4,228,18.43,0,0,22.5,4202.04
2022-03-20,2,4,300,16.34,1,0,26.1,4902.0
2022-03-21,2,4,317,16.65,1,0,23.4,5278.05
2022-03-22,2,4,170,18.93,0,0,23.4,3218.1
2022-03-23,2,4,161,18.97,0,0,21.6,3054.17
2022-03-24,2,4,150,19.11,0,0,25.1,2866.5
2022-03-25,2,4,176,18.35,0,0,25.4,3229.6
2022-03-26,2,4,292,15.46,1,0,24.7,4514.32
2022-03-27,2,4,229,18.91,0,0,26.3,4330.39
2022-03-28,2,4,187,18.92,0,0,27.0,3538.04
2022-03-29,2,4,167,18.3,0,0,29.1,3056.1
2022-03-30,2,4,168,18.3,0,0,22.4,3074.4
2022-03-31,2,4,262,15.57,1,0,23.5,4079.34
2022-04-01,2,4,241,16.76,1,0,28.3,4039.16
2022-04-02,2,4,248,16.38,1,0,27.8,4062.24
2022-04-03,2,4,193,18.41,0,0,27.8,3553.13
2022-04-04,2,4,165,18.55,0,0,25.2,3060.75
2022-04-05,2,4,182,18.87,0,0,24.7,3434.34
2022-04-06,2,4,186,18.78,0,0,25.4,3493.08
2022-04-07,2,4,166,19.12,0,0,26.3,3173.92
2022-04-08,2,4,242,16.69,1,0,25.1,4038.98
2022-04-09,2,4,197,19.64,0,0,27.8,3869.08
2022-04-10,2,4,209,17.95,0,0,24.8,3751.55
2022-04-11,2,4,204,16.39,1,0,27.0,3343.56
2022-04-12,2,4,181,18.19,0,0,25.9,3292.39
2022-04-13,2,4,166,18.68,0,0,29.3,3100.88
2022-04-14,2,4,171,19.37,0,0,27.3,3312.27
2022-04-15,2,4,337,16.17,1,0,26.8,5449.29
2022-04-16,2,4,168,18.9,0,0,26.4,3175.2
2022-04-17,2,4,200,18.75,0,0,24.6,3750.0
2022-04-18,2,4,235,16.38,1,0,28.2,3849.3
2022-04-19,2,4,170,18.5,0,0,25.4,3145.0
2022-04-20,2,4,167,19.13,0,0,28.7,3194.71
2022-04-21,2,4,159,18.28,0,0,23.4,2906.52
2022-04-22,2,4,263,16.45,1,0,23.3,4326.35
2022-04-23,2,4,201,19.58,0,0,25.1,3935.58
2022-04-24,2,4,204,18.36,0,0,27.5,3745.44
2022-04-25,2,4,163,19.49,0,0,26.2,3176.87
2022-04-26,2,4,179,19.13,0,0,27.0,3424.27
2022-04-27,2,4,169,19.2,0,0,27.7,3244.8
2022-04-28,2,4,141,19.08,0,0,26.6,2690.28
2022-04-29,2,4,162,18.56,0,0,25.6,3006.72
2022-04-30,2,4,182,18.47,0,0,29.2,3361.54
2022-05-01,2,4,181,18.9,0,0,28.7,3420.9
2022-05-02,2,4,137,19.22,0,0,28.3,2633.14
2022-05-03,2,4,149,19.63,0,0,27.2,2924.87
2022-05-04,2,4,138,19.39,0,0,30.9,2675.82
2022-05-05,2,4,146,19.14,0,0,27.2,2794.44
2022-05-06,2,4,166,18.68,0,0,29.5,3100.88
2022-05-07,2,4,190,17.94,0,0,28.1,3408.6
2022-05-08,2,4,172,18.13,0,0,26.9,3118.36
2022-05-09,2,4,149,19.5,0,0,28.0,2905.5
2022-05-10,2,4,149,18.37,0,0,27.5,2737.13
2022-05-11,2,4,172,18.65,0,0,24.6,3207.8
2022-05-12,2,4,252,15.79,1,0,24.5,3979.08
2022-05-13,2,4,139,18.45,0,0,29.0,2564.55
2022-05-14,2,4,374,15.99,1,0,24.2,5980.26
2022-05-15,2,4,196,19.05,0,0,26.0,3733.8
2022-05-16,2,4,277,15.39,1,0,27.0,4263.03
2022-05-17,2,4,238,16.03,1,0,25.7,3815.14
2022-05-18,2,4,269,16.71,1,0,22.8,4494.99
2022-05-19,2,4,145,18.64,0,0,27.5,2702.8
2022-05-20,2,4,135,18.88,0,0,26.6,2548.8
2022-05-21,2,4,184,19.6,0,0,29.6,3606.4
2022-05-22,2,4,199,18.32,0,0,23.7,3645.68
2022-05-23,2,4,259,15.48,1,0,27.1,4009.32
2022-05-24,2,4,150,19.6,0,0,24.0,2940.0
2022-05-25,2,4,165,19.18,0,0,24.9,3164.7
2022-05-26,2,4,143,18.0,0,0,25.9,2574.0
2022-05-27,2,4,151,18.46,0,0,23.1,2787.46
2022-05-28,2,4,175,18.12,0,0,20.4,3171.0
2022-05-29,2,4,182,18.09,0,0,22.7,3292.38
2022-05-30,2,4,150,19.0,0,0,23.8,2850.0
2022-05-31,2,4,213,18.32,0,1,27.8,3902.16
2022-06-01,2,4,194,15.99,1,0,27.2,3102.06
2022-06-02,2,4,145,19.17,0,0,24.6,2779.65
2022-06-03,2,4,133,18.6,0,0,25.2,2473.8
2022-06-04,2,4,343,16.03,1,0,26.0,5498.29
2022-06-05,2,4,191,18.1,0,0,31.2,3457.1
2022-06-06,2,4,215,16.16,1,0,29.4,3474.4
2022-06-07,2,4,136,19.29,0,0,24.4,2623.44
2022-06-08,2,4,149,18.5,0,0,23.5,2756.5
2022-06-09,2,4,146,19.61,0,0,28.1,2863.06
2022-06-10,2,4,130,18.99,0,0,25.5,2468.7
2022-06-11,2,4,192,18.62,0,0,27.0,3575.04
2022-06-12,2,4,147,19.44,0,0,23.1,2857.68
2022-06-13,2,4,198,16.46,1,0,23.9,3259.08
2022-06-14,2,4,256,16.01,1,0,25.8,4098.56
2022-06-15,2,4,141,18.86,0,0,22.0,2659.26
2022-06-16,2,4,136,18.87,0,0,23.5,2566.32
2022-06-17,2,4,121,19.17,0,0,22.6,2319.57
2022-06-18,2,4,182,18.74,0,0,21.3,3410.68
2022-06-19,2,4,148,18.27,0,0,23.5,2703.96
2022-06-20,2,4,142,18.2,0,0,25.8,2584.4
2022-06-21,2,4,119,18.18,0,0,23.0,2163.42
2022-06-22,2,4,140,18.66,0,0,23.2,2612.4
2022-06-23,2,4,132,19.05,0,0,19.5,2514.6
2022-06-24,2,4,120,19.57,0,0,19.0,2348.4
2022-06-25,2,4,152,19.72,0,0,20.9,2997.44
2022-06-26,2,4,151,19.66,0,0,23.0,2968.66
2022-06-27,2,4,128,18.94,0,0,25.5,2424.32
2022-06-28,2,4,124,19.33,0,0,21.5,2396.92
2022-06-29,2,4,123,19.26,0,0,21.0,2368.98
2022-06-30,2,4,121,19.64,0,0,18.6,2376.44
2022-07-01,2,4,126,19.39,0,0,25.3,2443.14
2022-07-02,2,4,160,18.53,0,0,22.3,2964.8
2022-07-03,2,4,158,18.11,0,0,20.8,2861.38
2022-07-04,2,4,292,15.31,1,1,23.4,4470.52
