data/raw/retail_sales.csv
date,store_id,dept_id,units_sold,unit_price,is_promo,is_holiday,temperature_c,revenue
2022-07-05,2,4,119,19.74,0,0,18.0,2349.06
2022-07-06,2,4,124,19.2,0,0,18.2,2380.8
2022-07-07,2,4,112,19.65,0,0,18.3,2200.8
2022-07-08,2,4,111,19.53,0,0,21.6,2167.83
2022-07-09,2,4,143,18.9,0,0,20.6,2702.7
2022-07-10,2,4,152,18.47,0,0,19.2,2807.44
2022-07-11,2,4,130,19.59,0,0,17.1,2546.7
2022-07-12,2,4,113,19.51,0,0,15.3,2204.63
2022-07-13,2,4,180,16.7,1,0,16.9,3006.0
2022-07-14,2,4,106,18.04,0,0,18.4,1912.24
2022-07-15,2,4,161,15.82,1,0,16.1,2547.02
2022-07-16,2,4,147,18.33,0,0,18.0,2694.51
2022-07-17,2,4,142,18.35,0,0,19.7,2605.7
2022-07-18,2,4,127,17.98,0,0,15.5,2283.46
2022-07-19,2,4,177,15.69,1,0,18.1,2777.13
2022-07-20,2,4,109,18.91,0,0,22.0,2061.19
2022-07-21,2,4,90,19.3,0,0,17.9,1737.0
2022-07-22,2,4,98,19.27,0,0,15.0,1888.46
2022-07-23,2,4,123,19.61,0,0,18.7,2412.03
2022-07-24,2,4,133,18.36,0,0,16.7,2441.88
2022-07-25,2,4,93,18.04,0,0,19.4,1677.72
2022-07-26,2,4,107,18.07,0,0,17.9,1933.49
2022-07-27,2,4,111,18.73,0,0,19.1,2079.03
2022-07-28,2,4,93,18.17,0,0,13.9,1689.81
2022-07-29,2,4,113,19.5,0,0,15.5,2203.5
2022-07-30,2,4,129,18.8,0,0,17.7,2425.2
2022-07-31,2,4,126,19.22,0,0,16.0,2421.72
2022-08-01,2,4,104,18.33,0,0,12.2,1906.32
2022-08-02,2,4,99,19.01,0,0,12.2,1881.99
2022-08-03,2,4,151,16.64,1,0,14.8,2512.64
2022-08-04,2,4,95,19.57,0,0,13.1,1859.15
2022-08-05,2,4,108,18.86,0,0,15.5,2036.88
2022-08-06,2,4,196,16.54,1,0,15.7,3241.84
2022-08-07,2,4,117,19.23,0,0,16.9,2249.91
2022-08-08,2,4,128,16.68,1,0,12.6,2135.04
2022-08-09,2,4,95,19.02,0,0,16.9,1806.9
2022-08-10,2,4,96,19.0,0,0,14.4,1824.0
2022-08-11,2,4,103,19.32,0,0,11.9,1989.96
2022-08-12,2,4,103,19.11,0,0,12.4,1968.33
2022-08-13,2,4,168,15.59,1,0,12.8,2619.12
2022-08-14,2,4,126,19.21,0,0,9.8,2420.46
2022-08-15,2,4,86,18.48,0,0,12.9,1589.28
2022-08-16,2,4,94,18.04,0,0,10.4,1695.76
2022-08-17,2,4,93,19.1,0,0,9.7,1776.3
2022-08-18,2,4,99,19.06,0,0,10.8,1886.94
2022-08-19,2,4,91,18.98,0,0,10.4,1727.18
2022-08-20,2,4,112,17.9,0,0,14.2,2004.8
2022-08-21,2,4,97,18.61,0,0,14.3,1805.17
2022-08-22,2,4,86,19.11,0,0,11.8,1643.46
2022-08-23,2,4,78,19.19,0,0,10.3,1496.82
2022-08-24,2,4,84,19.69,0,0,10.4,1653.96
2022-08-25,2,4,88,18.17,0,0,7.7,1598.96
2022-08-26,2,4,80,19.38,0,0,8.6,1550.4
2022-08-27,2,4,94,18.7,0,0,9.7,1757.8
2022-08-28,2,4,126,18.41,0,0,10.6,2319.66
2022-08-29,2,4,86,18.62,0,0,6.2,1601.32
2022-08-30,2,4,89,19.19,0,0,10.1,1707.91
2022-08-31,2,4,86,18.09,0,0,8.5,1555.74
2022-09-01,2,4,118,16.71,1,0,8.7,1971.78
2022-09-02,2,4,72,18.84,0,0,7.3,1356.48
2022-09-03,2,4,120,18.3,0,0,5.1,2196.0
2022-09-04,2,4,102,19.67,0,0,8.8,2006.34
2022-09-05,2,4,77,19.14,0,0,8.2,1473.78
2022-09-06,2,4,173,15.45,1,1,9.8,2672.85
2022-09-07,2,4,83,19.56,0,0,6.5,1623.48
2022-09-08,2,4,81,18.99,0,0,5.8,1538.19
2022-09-09,2,4,82,19.73,0,0,8.9,1617.86
2022-09-10,2,4,111,19.03,0,0,10.0,2112.33
2022-09-11,2,4,144,15.65,1,0,3.6,2253.6
2022-09-12,2,4,78,19.66,0,0,4.2,1533.48
2022-09-13,2,4,86,19.04,0,0,10.2,1637.44
2022-09-14,2,4,127,16.64,1,0,6.1,2113.28
2022-09-15,2,4,108,19.23,0,0,7.0,2076.84
2022-09-16,2,4,84,19.57,0,0,7.9,1643.88
2022-09-17,2,4,93,18.92,0,0,7.5,1759.56
2022-09-18,2,4,163,16.22,1,0,5.2,2643.86
2022-09-19,2,4,79,19.06,0,0,5.6,1505.74
2022-09-20,2,4,79,19.38,0,0,4.1,1531.02
2022-09-21,2,4,77,18.22,0,0,5.5,1402.94
2022-09-22,2,4,79,19.6,0,0,8.6,1548.4
2022-09-23,2,4,82,18.77,0,0,7.9,1539.14
2022-09-24,2,4,88,18.31,0,0,7.0,1611.28
2022-09-25,2,4,102,18.09,0,0,4.8,1845.18
2022-09-26,2,4,74,18.26,0,0,6.2,1351.24
2022-09-27,2,4,83,18.87,0,0,6.2,1566.21
2022-09-28,2,4,77,19.74,0,0,6.8,1519.98
2022-09-29,2,4,83,17.9,0,0,3.8,1485.7
2022-09-30,2,4,89,18.78,0,0,4.9,1671.42
2022-10-01,2,4,87,19.23,0,0,3.6,1673.01
2022-10-02,2,4,107,18.31,0,0,3.6,1959.17
2022-10-03,2,4,80,19.4,0,0,6.3,1552.0
2022-10-04,2,4,141,15.99,1,0,8.9,2254.59
2022-10-05,2,4,136,16.51,1,0,4.5,2245.36
2022-10-06,2,4,82,18.44,0,0,5.0,1512.08
2022-10-07,2,4,80,18.33,0,0,3.8,1466.4
2022-10-08,2,4,100,19.59,0,0,6.6,1959.0
2022-10-09,2,4,101,19.11,0,0,8.0,1930.11
2022-10-10,2,4,83,18.84,0,0,3.9,1563.72
2022-10-11,2,4,73,18.99,0,0,5.2,1386.27
2022-10-12,2,4,79,19.07,0,0,5.4,1506.53
2022-10-13,2,4,76,18.73,0,0,3.5,1423.48
2022-10-14,2,4,79,18.77,0,0,4.8,1482.83
2022-10-15,2,4,113,18.83,0,0,3.3,2127.79
2022-10-16,2,4,99,19.3,0,0,1.3,1910.7
2022-10-17,2,4,78,18.72,0,0,6.2,1460.16
2022-10-18,2,4,82,19.51,0,0,4.1,1599.82
2022-10-19,2,4,73,17.95,0,0,0.5,1310.35
2022-10-20,2,4,73,17.9,0,0,5.5,1306.7
2022-10-21,2,4,82,19.45,0,0,1.7,1594.9
2022-10-22,2,4,110,18.08,0,0,2.5,1988.8
2022-10-23,2,4,111,19.12,0,0,3.0,2122.32
2022-10-24,2,4,90,18.5,0,0,1.4,1665.0
2022-10-25,2,4,86,18.63,0,0,4.3,1602.18
2022-10-26,2,4,121,16.01,1,0,1.3,1937.21
2022-10-27,2,4,84,18.82,0,0,2.7,1580.88
2022-10-28,2,4,84,18.46,0,0,4.3,1550.64
2022-10-29,2,4,114,18.94,0,0,6.5,2159.16
2022-10-30,2,4,93,18.75,0,0,3.9,1743.75
2022-10-31,2,4,88,19.48,0,0,2.6,1714.24
2022-11-01,2,4,130,18.41,0,0,4.4,2393.3
2022-11-02,2,4,144,18.79,0,0,2.9,2705.76
2022-11-03,2,4,132,18.87,0,0,5.0,2490.84
2022-11-04,2,4,131,19.73,0,0,6.1,2584.63
2022-11-05,2,4,169,19.0,0,0,1.8,3211.0
2022-11-06,2,4,175,19.77,0,0,-0.4,3459.75
2022-11-07,2,4,133,17.9,0,0,1.1,2380.7
2022-11-08,2,4,114,19.54,0,0,3.8,2227.56
2022-11-09,2,4,137,18.91,0,0,2.8,2590.67
2022-11-10,2,4,133,19.21,0,0,5.5,2554.93
2022-11-11,2,4,138,18.76,0,0,0.2,2588.88
2022-11-12,2,4,182,18.88,0,0,1.1,3436.16
2022-11-13,2,4,295,16.48,1,0,5.4,4861.6
2022-11-14,2,4,144,18.79,0,0,4.3,2705.76
2022-11-15,2,4,235,15.7,1,0,4.2,3689.5
2022-11-16,2,4,199,15.25,1,0,2.7,3034.75
2022-11-17,2,4,238,16.18,1,0,6.3,3850.84
2022-11-18,2,4,135,18.96,0,0,6.5,2559.6
2022-11-19,2,4,282,15.41,1,0,2.6,4345.62
2022-11-20,2,4,175,19.06,0,0,2.7,3335.5
2022-11-21,2,4,286,16.52,1,0,2.9,4724.72
2022-11-22,2,4,120,19.33,0,0,3.9,2319.6
2022-11-23,2,4,167,18.97,0,0,6.1,3167.99
2022-11-24,2,4,162,18.36,0,0,6.3,2974.32
2022-11-25,2,4,228,18.27,0,1,6.3,4165.56
2022-11-26,2,4,383,15.28,1,1,6.8,5852.24
2022-11-27,2,4,193,19.41,0,0,5.4,3746.13
2022-11-28,2,4,142,19.57,0,0,3.3,2778.94
2022-11-29,2,4,154,18.9,0,0,0.6,2910.6
2022-11-30,2,4,147,19.18,0,0,2.3,2819.46
2022-12-01,2,4,145,18.23,0,0,1.2,2643.35
2022-12-02,2,4,139,19.57,0,0,7.1,2720.23
2022-12-03,2,4,174,19.12,0,0,3.3,3326.88
2022-12-04,2,4,185,19.25,0,0,6.2,3561.25
2022-12-05,2,4,152,18.66,0,0,2.1,2836.32
2022-12-06,2,4,132,18.6,0,0,4.6,2455.2
2022-12-07,2,4,153,19.39,0,0,7.1,2966.67
2022-12-08,2,4,143,18.33,0,0,8.4,2621.19
2022-12-09,2,4,138,18.64,0,0,2.7,2572.32
2022-12-10,2,4,191,18.02,0,0,7.4,3441.82
2022-12-11,2,4,201,18.55,0,0,3.8,3728.55
2022-12-12,2,4,269,15.83,1,0,9.1,4258.27
2022-12-13,2,4,150,17.94,0,0,5.3,2691.0
2022-12-14,2,4,167,19.74,0,0,6.7,3296.58
2022-12-15,2,4,153,18.92,0,0,5.3,2894.76
2022-12-16,2,4,151,19.66,0,0,9.6,2968.66
2022-12-17,2,4,216,18.07,0,0,6.9,3903.12
2022-12-18,2,4,190,18.73,0,0,5.4,3558.7
2022-12-19,2,4,143,18.47,0,0,6.0,2641.21
2022-12-20,2,4,275,16.75,1,0,4.8,4606.25
2022-12-21,2,4,165,18.79,0,0,6.0,3100.35
2022-12-22,2,4,157,18.26,0,0,5.3,2866.82
2022-12-23,2,4,151,18.95,0,0,5.7,2861.45
2022-12-24,2,4,288,18.12,0,1,10.1,5218.56
2022-12-25,2,4,348,19.42,0,1,5.4,6758.16
2022-12-26,2,4,166,19.23,0,0,10.4,3192.18
2022-12-27,2,4,178,19.76,0,0,7.7,3517.28
2022-12-28,2,4,162,18.49,0,0,5.9,2995.38
2022-12-29,2,4,194,18.75,0,0,9.3,3637.5
2022-12-30,2,4,173,18.16,0,0,7.1,3141.68
2022-12-31,2,4,214,19.51,0,0,11.3,4175.14
2023-01-01,2,4,367,15.32,1,1,8.7,5622.44
2023-01-02,2,4,226,16.23,1,0,6.5,3667.98
2023-01-03,2,4,128,19.53,0,0,7.2,2499.84
2023-01-04,2,4,128,18.81,0,0,7.3,2407.68
2023-01-05,2,4,121,19.74,0,0,13.1,2388.54
2023-01-06,2,4,178,16.22,1,0,9.9,2887.16
2023-01-07,2,4,169,18.57,0,0,9.3,3138.33
2023-01-08,2,4,161,18.72,0,0,15.4,3013.92
2023-01-09,2,4,138,18.8,0,0,13.3,2594.4
2023-01-10,2,4,113,19.64,0,0,5.8,2219.32
2023-01-11,2,4,168,15.77,1,0,11.1,2649.36
2023-01-12,2,4,132,18.45,0,0,9.5,2435.4
2023-01-13,2,4,125,18.49,0,0,11.4,2311.25
2023-01-14,2,4,170,19.12,0,0,15.0,3250.4
2023-01-15,2,4,156,18.83,0,0,10.0,2937.48
2023-01-16,2,4,120,18.6,0,0,13.6,2232.0
2023-01-17,2,4,156,18.71,0,0,12.1,2918.76
2023-01-18,2,4,139,18.48,0,0,12.3,2568.72
2023-01-19,2,4,144,19.28,0,0,10.6,2776.32
2023-01-20,2,4,143,19.43,0,0,12.7,2778.49
2023-01-21,2,4,184,19.29,0,0,14.7,3549.36
2023-01-22,2,4,233,15.62,1,0,14.2,3639.46
2023-01-23,2,4,150,18.98,0,0,13.8,2847.0
2023-01-24,2,4,143,19.07,0,0,11.2,2727.01
2023-01-25,2,4,142,18.97,0,0,15.4,2693.74
2023-01-26,2,4,220,16.8,1,0,12.7,3696.0
2023-01-27,2,4,281,15.85,1,0,15.5,4453.85
2023-01-28,2,4,152,18.36,0,0,13.5,2790.72
2023-01-29,2,4,205,18.19,0,0,14.1,3728.95
2023-01-30,2,4,137,18.24,0,0,17.8,2498.88
2023-01-31,2,4,149,19.03,0,0,12.4,2835.47
2023-02-01,2,4,132,19.59,0,0,14.3,2585.88
2023-02-02,2,4,155,17.89,0,0,13.1,2772.95
2023-02-03,2,4,150,18.71,0,0,16.3,2806.5
2023-02-04,2,4,195,18.48,0,0,16.6,3603.6
2023-02-05,2,4,188,19.11,0,0,14.2,3592.68
2023-02-06,2,4,126,19.06,0,0,14.3,2401.56
2023-02-07,2,4,165,19.38,0,0,16.9,3197.7
2023-02-08,2,4,228,15.98,1,0,18.4,3643.44
2023-02-09,2,4,157,18.9,0,0,18.5,2967.3
2023-02-10,2,4,135,18.06,0,0,17.1,2438.1
2023-02-11,2,4,221,19.62,0,0,16.6,4336.02
2023-02-12,2,4,190,18.49,0,0,16.5,3513.1
2023-02-13,2,4,146,18.41,0,0,19.6,2687.86
2023-02-14,2,4,267,18.12,0,1,20.8,4838.04
2023-02-15,2,4,173,19.26,0,0,14.7,3331.98
2023-02-16,2,4,154,18.13,0,0,17.7,2792.02
2023-02-17,2,4,260,16.36,1,0,17.7,4253.6
2023-02-18,2,4,184,18.46,0,0,18.4,3396.64
2023-02-19,2,4,215,18.07,0,0,19.0,3885.05
2023-02-20,2,4,142,19.76,0,0,18.4,2805.92
2023-02-21,2,4,276,15.73,1,0,19.2,4341.48
2023-02-22,2,4,161,19.68,0,0,19.3,3168.48
2023-02-23,2,4,232,15.86,1,0,21.4,3679.52
2023-02-24,2,4,171,19.63,0,0,19.2,3356.73
2023-02-25,2,4,205,18.83,0,0,18.4,3860.15
2023-02-26,2,4,297,16.39,1,0,21.8,4867.83
2023-02-27,2,4,166,18.33,0,0,18.5,3042.78
2023-02-28,2,4,157,18.47,0,0,20.7,2899.79
2023-03-01,2,4,234,15.48,1,0,22.3,3622.32
2023-03-02,2,4,169,18.04,0,0,23.2,3048.76
2023-03-03,2,4,146,17.95,0,0,23.4,2620.7
2023-03-04,2,4,209,18.98,0,0,21.5,3966.82
2023-03-05,2,4,263,16.12,1,0,20.7,4239.56
2023-03-06,2,4,236,16.02,1,0,24.1,3780.72
2023-03-07,2,4,273,15.7,1,0,23.4,4286.1
2023-03-08,2,4,157,18.63,0,0,18.5,2924.91
2023-03-09,2,4,272,16.7,1,0,25.1,4542.4
2023-03-10,2,4,173,18.29,0,0,19.8,3164.17
2023-03-11,2,4,309,15.62,1,0,19.5,4826.58
2023-03-12,2,4,201,18.89,0,0,18.6,3796.89
2023-03-13,2,4,162,18.25,0,0,24.3,2956.5
2023-03-14,2,4,192,18.35,0,0,23.4,3523.2
2023-03-15,2,4,164,18.8,0,0,25.5,3083.2
2023-03-16,2,4,149,18.37,0,0,21.7,2737.13
2023-03-17,2,4,174,19.53,0,0,22.5,3398.22
2023-03-18,2,4,202,19.74,0,0,23.7,3987.48
2023-03-19,2,4,189,18.09,0,0,20.7,3419.01
2023-03-20,2,4,154,19.51,0,0,23.1,3004.54
2023-03-21,2,4,172,19.31,0,0,24.0,3321.32
2023-03-22,2,4,175,18.38,0,0,24.1,3216.5
2023-03-23,2,4,177,18.38,0,0,23.7,3253.26
2023-03-24,2,4,140,18.25,0,0,23.1,2555.0
2023-03-25,2,4,209,18.98,0,0,25.7,3966.82
2023-03-26,2,4,282,15.82,1,0,20.9,4461.24
2023-03-27,2,4,151,19.16,0,0,26.0,2893.16
2023-03-28,2,4,267,15.86,1,0,29.8,4234.62
2023-03-29,2,4,269,16.54,1,0,23.5,4449.26
2023-03-30,2,4,151,18.48,0,0,25.1,2790.48
2023-03-31,2,4,162,18.0,0,0,26.0,2916.0
2023-04-01,2,4,216,18.5,0,0,27.6,3996.0
2023-04-02,2,4,193,18.75,0,0,22.7,3618.75
2023-04-03,2,4,172,18.55,0,0,26.1,3190.6
2023-04-04,2,4,255,16.09,1,0,25.7,4102.95
2023-04-05,2,4,164,19.15,0,0,25.5,3140.6
2023-04-06,2,4,262,15.67,1,0,24.4,4105.54
2023-04-07,2,4,183,18.58,0,0,26.4,3400.14
2023-04-08,2,4,318,16.04,1,0,28.0,5100.72
2023-04-09,2,4,378,15.82,1,0,27.4,5979.96
2023-04-10,2,4,146,19.07,0,0,30.0,2784.22
2023-04-11,2,4,244,16.62,1,0,27.4,4055.28
2023-04-12,2,4,153,18.83,0,0,26.8,2880.99
2023-04-13,2,4,152,18.6,0,0,24.8,2827.2
2023-04-14,2,4,175,18.61,0,0,27.7,3256.75
2023-04-15,2,4,218,18.69,0,0,30.0,4074.42
2023-04-16,2,4,214,19.05,0,0,26.4,4076.7
2023-04-17,2,4,155,18.34,0,0,24.6,2842.7
2023-04-18,2,4,176,18.02,0,0,25.3,3171.52
2023-04-19,2,4,150,18.0,0,0,29.1,2700.0
2023-04-20,2,4,163,17.97,0,0,25.3,2929.11
2023-04-21,2,4,165,19.69,0,0,30.5,3248.85
2023-04-22,2,4,213,19.08,0,0,27.7,4064.04
2023-04-23,2,4,179,18.13,0,0,29.0,3245.27
2023-04-24,2,4,151,18.9,0,0,27.7,2853.9
2023-04-25,2,4,230,16.41,1,0,26.3,3774.3
2023-04-26,2,4,157,19.73,0,0,28.5,3097.61
2023-04-27,2,4,179,18.16,0,0,27.1,3250.64
2023-04-28,2,4,160,18.79,0,0,23.6,3006.4
2023-04-29,2,4,290,16.55,1,0,24.8,4799.5
2023-04-30,2,4,198,19.72,0,0,27.1,3904.56
2023-05-01,2,4,172,19.65,0,0,28.6,3379.8
2023-05-02,2,4,140,19.17,0,0,30.9,2683.8
2023-05-03,2,4,167,19.69,0,0,26.9,3288.23
2023-05-04,2,4,170,18.85,0,0,29.7,3204.5
2023-05-05,2,4,158,19.02,0,0,26.3,3005.16
2023-05-06,2,4,181,19.05,0,0,26.4,3448.05
2023-05-07,2,4,208,19.35,0,0,26.3,4024.8
2023-05-08,2,4,155,18.59,0,0,30.2,2881.45
2023-05-09,2,4,162,19.66,0,0,27.4,3184.92
2023-05-10,2,4,165,18.84,0,0,28.7,3108.6
2023-05-11,2,4,158,19.41,0,0,25.1,3066.78
2023-05-12,2,4,163,19.06,0,0,29.0,3106.78
2023-05-13,2,4,203,19.53,0,0,28.2,3964.59
2023-05-14,2,4,190,19.25,0,0,25.3,3657.5
2023-05-15,2,4,158,19.71,0,0,25.6,3114.18
2023-05-16,2,4,173,19.2,0,0,27.6,3321.6
2023-05-17,2,4,149,19.2,0,0,24.5,2860.8
2023-05-18,2,4,167,18.45,0,0,24.7,3081.15
2023-05-19,2,4,154,17.9,0,0,27.0,2756.6
2023-05-20,2,4,178,19.41,0,0,26.1,3454.98
2023-05-21,2,4,209,18.45,0,0,23.6,3856.05
2023-05-22,2,4,165,18.43,0,0,26.6,3040.95
2023-05-23,2,4,144,19.09,0,0,23.3,2748.96
2023-05-24,2,4,149,18.33,0,0,25.0,2731.17
2023-05-25,2,4,149,18.69,0,0,27.2,2784.81
2023-05-26,2,4,132,19.56,0,0,26.2,2581.92
2023-05-27,2,4,212,18.07,0,0,25.0,3830.84
2023-05-28,2,4,192,19.66,0,0,22.0,3774.72
2023-05-29,2,4,130,19.19,0,0,24.3,2494.7
2023-05-30,2,4,162,17.9,0,0,24.5,2899.8
2023-05-31,2,4,228,18.37,0,1,24.4,4188.36
2023-06-01,2,4,132,19.66,0,0,24.9,2595.12
2023-06-02,2,4,152,18.66,0,0,27.4,2836.32
2023-06-03,2,4,179,18.2,0,0,26.1,3257.8
2023-06-04,2,4,181,18.9,0,0,25.3,3420.9
2023-06-05,2,4,133,18.24,0,0,23.3,2425.92
2023-06-06,2,4,130,18.97,0,0,23.8,2466.1
2023-06-07,2,4,152,18.83,0,0,27.8,2862.16
2023-06-08,2,4,151,18.81,0,0,25.4,2840.31
2023-06-09,2,4,141,18.13,0,0,26.2,2556.33
2023-06-10,2,4,218,19.02,0,0,24.8,4146.36
2023-06-11,2,4,181,18.01,0,0,24.7,3259.81
2023-06-12,2,4,159,18.43,0,0,23.7,2930.37
2023-06-13,2,4,129,18.03,0,0,25.2,2325.87
2023-06-14,2,4,128,18.95,0,0,24.4,2425.6
2023-06-15,2,4,137,19.63,0,0,24.5,2689.31
2023-06-16,2,4,136,17.93,0,0,20.1,2438.48
2023-06-17,2,4,176,18.38,0,0,24.0,3234.88
2023-06-18,2,4,232,16.32,1,0,22.1,3786.24
2023-06-19,2,4,130,18.56,0,0,24.3,2412.8
2023-06-20,2,4,127,18.65,0,0,24.5,2368.55
2023-06-21,2,4,135,19.25,0,0,22.1,2598.75
2023-06-22,2,4,123,18.07,0,0,21.3,2222.61
2023-06-23,2,4,140,18.55,0,0,23.1,2597.0
2023-06-24,2,4,155,18.84,0,0,26.6,2920.2
2023-06-25,2,4,169,18.52,0,0,21.2,3129.88
2023-06-26,2,4,146,19.03,0,0,23.7,2778.38
2023-06-27,2,4,111,19.61,0,0,21.2,2176.71
2023-06-28,2,4,131,18.27,0,0,21.1,2393.37
2023-06-29,2,4,117,19.48,0,0,23.0,2279.16
2023-06-30,2,4,128,18.16,0,0,21.3,2324.48
2023-07-01,2,4,270,16.18,1,0,19.9,4368.6
2023-07-02,2,4,134,19.13,0,0,21.1,2563.42
2023-07-03,2,4,125,18.41,0,0,18.6,2301.25
2023-07-04,2,4,181,18.64,0,1,19.2,3373.84
2023-07-05,2,4,142,19.66,0,0,18.1,2791.72
2023-07-06,2,4,118,19.12,0,0,18.0,2256.16
2023-07-07,2,4,135,18.23,0,0,19.7,2461.05
2023-07-08,2,4,157,19.43,0,0,20.2,3050.51
2023-07-09,2,4,137,18.04,0,0,17.8,2471.48
2023-07-10,2,4,120,18.53,0,0,20.8,2223.6
2023-07-11,2,4,183,16.03,1,0,18.6,2933.49
2023-07-12,2,4,112,18.71,0,0,17.6,2095.52
2023-07-13,2,4,105,19.02,0,0,20.7,1997.1
2023-07-14,2,4,107,19.69,0,0,19.2,2106.83
2023-07-15,2,4,129,19.6,0,0,22.1,2528.4
2023-07-16,2,4,153,19.6,0,0,20.0,2998.8
2023-07-17,2,4,91,19.66,0,0,18.2,1789.06
2023-07-18,2,4,111,19.54,0,0,16.6,2168.94
2023-07-19,2,4,182,15.72,1,0,13.9,2861.04
2023-07-20,2,4,112,19.19,0,0,17.9,2149.28
2023-07-21,2,4,117,18.19,0,0,15.0,2128.23
2023-07-22,2,4,132,19.58,0,0,19.3,2584.56
2023-07-23,2,4,137,19.6,0,0,15.6,2685.2
2023-07-24,2,4,108,19.75,0,0,19.0,2133.0
2023-07-25,2,4,114,19.13,0,0,15.0,2180.82
2023-07-26,2,4,109,18.77,0,0,15.9,2045.93
2023-07-27,2,4,111,19.29,0,0,15.4,2141.19
2023-07-28,2,4,97,19.76,0,0,15.4,1916.72
2023-07-29,2,4,126,18.06,0,0,19.2,2275.56
2023-07-30,2,4,126,19.27,0,0,16.6,2428.02
2023-07-31,2,4,99,18.03,0,0,12.4,1784.97
2023-08-01,2,4,84,18.26,0,0,17.0,1533.84
2023-08-02,2,4,92,19.21,0,0,20.2,1767.32
2023-08-03,2,4,92,19.64,0,0,12.2,1806.88
2023-08-04,2,4,79,18.73,0,0,11.7,1479.67
2023-08-05,2,4,115,18.21,0,0,13.9,2094.15
2023-08-06,2,4,186,15.39,1,0,12.2,2862.54
2023-08-07,2,4,84,18.55,0,0,13.9,1558.2
2023-08-08,2,4,100,19.67,0,0,13.1,1967.0
2023-08-09,2,4,101,18.13,0,0,13.6,1831.13
2023-08-10,2,4,91,19.09,0,0,9.7,1737.19
2023-08-11,2,4,96,19.54,0,0,12.5,1875.84
2023-08-12,2,4,144,17.89,0,0,13.2,2576.16
2023-08-13,2,4,128,18.42,0,0,13.3,2357.76
2023-08-14,2,4,94,18.68,0,0,7.6,1755.92
2023-08-15,2,4,89,18.27,0,0,14.9,1626.03
2023-08-16,2,4,135,16.33,1,0,12.6,2204.55
2023-08-17,2,4,89,18.46,0,0,13.3,1642.94
2023-08-18,2,4,91,19.5,0,0,13.3,1774.5
2023-08-19,2,4,121,18.31,0,0,9.1,2215.51
2023-08-20,2,4,106,18.65,0,0,16.9,1976.9
2023-08-21,2,4,97,18.58,0,0,9.4,1802.26
2023-08-22,2,4,129,15.26,1,0,10.8,1968.54
2023-08-23,2,4,80,18.09,0,0,11.6,1447.2
2023-08-24,2,4,98,19.7,0,0,7.2,1930.6
2023-08-25,2,4,83,18.76,0,0,12.1,1557.08
2023-08-26,2,4,107,19.57,0,0,9.5,2093.99
2023-08-27,2,4,100,19.09,0,0,12.0,1909.0
2023-08-28,2,4,79,18.53,0,0,9.1,1463.87
2023-08-29,2,4,130,15.88,1,0,10.8,2064.4
2023-08-30,2,4,78,18.08,0,0,13.3,1410.24
2023-08-31,2,4,84,18.62,0,0,6.2,1564.08
2023-09-01,2,4,86,18.02,0,0,10.5,1549.72
2023-09-02,2,4,109,18.23,0,0,9.8,1987.07
2023-09-03,2,4,100,19.23,0,0,9.6,1923.0
2023-09-04,2,4,87,19.46,0,0,5.8,1693.02
2023-09-05,2,4,85,18.02,0,0,6.8,1531.7
2023-09-06,2,4,159,18.74,0,1,9.8,2979.66
2023-09-07,2,4,85,18.61,0,0,10.5,1581.85
2023-09-08,2,4,136,16.79,1,0,7.1,2283.44
2023-09-09,2,4,112,18.81,0,0,6.4,2106.72
2023-09-10,2,4,108,18.64,0,0,7.7,2013.12
2023-09-11,2,4,80,18.27,0,0,9.2,1461.6
2023-09-12,2,4,87,18.15,0,0,8.4,1579.05
