data/raw/retail_sales.csv
date,store_id,dept_id,units_sold,unit_price,is_promo,is_holiday,temperature_c,revenue
2023-09-13,2,4,92,18.9,0,0,8.5,1738.8
2023-09-14,2,4,77,18.41,0,0,7.9,1417.57
2023-09-15,2,4,92,18.67,0,0,7.0,1717.64
2023-09-16,2,4,116,18.66,0,0,7.2,2164.56
2023-09-17,2,4,101,18.75,0,0,3.7,1893.75
2023-09-18,2,4,82,18.61,0,0,8.0,1526.02
2023-09-19,2,4,80,18.42,0,0,6.5,1473.6
2023-09-20,2,4,89,18.36,0,0,6.3,1634.04
2023-09-21,2,4,89,19.04,0,0,3.0,1694.56
2023-09-22,2,4,81,18.62,0,0,6.5,1508.22
2023-09-23,2,4,108,19.52,0,0,7.9,2108.16
2023-09-24,2,4,101,17.94,0,0,1.5,1811.94
2023-09-25,2,4,74,18.21,0,0,1.9,1347.54
2023-09-26,2,4,78,18.56,0,0,10.6,1447.68
2023-09-27,2,4,74,19.48,0,0,6.3,1441.52
2023-09-28,2,4,88,18.88,0,0,4.6,1661.44
2023-09-29,2,4,87,19.23,0,0,5.1,1673.01
2023-09-30,2,4,88,18.16,0,0,2.2,1598.08
2023-10-01,2,4,105,18.8,0,0,4.5,1974.0
2023-10-02,2,4,135,15.6,1,0,4.6,2106.0
2023-10-03,2,4,82,19.29,0,0,1.9,1581.78
2023-10-04,2,4,81,18.56,0,0,3.1,1503.36
2023-10-05,2,4,110,16.64,1,0,4.2,1830.4
2023-10-06,2,4,81,17.99,0,0,7.5,1457.19
2023-10-07,2,4,148,16.66,1,0,2.5,2465.68
2023-10-08,2,4,106,19.28,0,0,5.4,2043.68
2023-10-09,2,4,86,19.05,0,0,1.3,1638.3
2023-10-10,2,4,86,19.21,0,0,5.2,1652.06
2023-10-11,2,4,93,19.6,0,0,1.4,1822.8
2023-10-12,2,4,90,18.05,0,0,0.2,1624.5
2023-10-13,2,4,87,18.08,0,0,5.5,1572.96
2023-10-14,2,4,109,19.42,0,0,0.5,2116.78
2023-10-15,2,4,113,18.83,0,0,8.2,2127.79
2023-10-16,2,4,76,18.86,0,0,2.7,1433.36
2023-10-17,2,4,78,18.45,0,0,4.4,1439.1
2023-10-18,2,4,80,18.42,0,0,4.5,1473.6
2023-10-19,2,4,82,18.25,0,0,3.4,1496.5
2023-10-20,2,4,83,18.94,0,0,-0.2,1572.02
2023-10-21,2,4,105,19.04,0,0,0.3,1999.2
2023-10-22,2,4,94,19.26,0,0,5.6,1810.44
2023-10-23,2,4,88,18.98,0,0,4.0,1670.24
2023-10-24,2,4,85,19.4,0,0,7.4,1649.0
2023-10-25,2,4,85,17.91,0,0,2.8,1522.35
2023-10-26,2,4,84,19.75,0,0,5.1,1659.0
2023-10-27,2,4,85,18.4,0,0,3.5,1564.0
2023-10-28,2,4,117,18.09,0,0,3.9,2116.53
2023-10-29,2,4,119,19.76,0,0,4.7,2351.44
2023-10-30,2,4,81,18.29,0,0,0.7,1481.49
2023-10-31,2,4,97,18.47,0,0,4.6,1791.59
2023-11-01,2,4,143,19.26,0,0,3.6,2754.18
2023-11-02,2,4,209,15.96,1,0,0.9,3335.64
2023-11-03,2,4,122,17.98,0,0,1.0,2193.56
2023-11-04,2,4,180,18.31,0,0,-0.7,3295.8
2023-11-05,2,4,158,18.31,0,0,3.3,2892.98
2023-11-06,2,4,146,19.31,0,0,2.6,2819.26
2023-11-07,2,4,203,16.65,1,0,3.1,3379.95
2023-11-08,2,4,133,19.6,0,0,-0.7,2606.8
2023-11-09,2,4,142,19.5,0,0,4.5,2769.0
2023-11-10,2,4,134,18.46,0,0,5.4,2473.64
2023-11-11,2,4,317,15.67,1,0,6.1,4967.39
2023-11-12,2,4,317,16.4,1,0,5.5,5198.8
2023-11-13,2,4,148,19.49,0,0,2.7,2884.52
2023-11-14,2,4,143,18.33,0,0,7.8,2621.19
2023-11-15,2,4,163,19.11,0,0,3.5,3114.93
2023-11-16,2,4,132,17.93,0,0,5.3,2366.76
2023-11-17,2,4,139,19.22,0,0,6.3,2671.58
2023-11-18,2,4,172,17.94,0,0,2.6,3085.68
2023-11-19,2,4,165,19.3,0,0,7.4,3184.5
2023-11-20,2,4,136,19.63,0,0,5.4,2669.68
2023-11-21,2,4,145,19.26,0,0,2.9,2792.7
2023-11-22,2,4,142,18.7,0,0,6.6,2655.4
2023-11-23,2,4,183,19.08,0,0,6.4,3491.64
2023-11-24,2,4,128,18.56,0,0,5.7,2375.68
2023-11-25,2,4,276,19.46,0,1,3.9,5370.96
2023-11-26,2,4,261,19.76,0,1,4.6,5157.36
2023-11-27,2,4,151,19.21,0,0,5.3,2900.71
2023-11-28,2,4,239,15.29,1,0,1.5,3654.31
2023-11-29,2,4,136,19.32,0,0,4.0,2627.52
2023-11-30,2,4,135,17.89,0,0,6.3,2415.15
2023-12-01,2,4,262,15.66,1,0,5.7,4102.92
2023-12-02,2,4,194,18.61,0,0,7.6,3610.34
2023-12-03,2,4,188,19.62,0,0,6.8,3688.56
2023-12-04,2,4,159,18.09,0,0,7.6,2876.31
2023-12-05,2,4,157,18.68,0,0,4.3,2932.76
2023-12-06,2,4,151,19.08,0,0,9.1,2881.08
2023-12-07,2,4,160,18.49,0,0,5.4,2958.4
2023-12-08,2,4,153,19.07,0,0,6.0,2917.71
2023-12-09,2,4,162,18.64,0,0,5.3,3019.68
2023-12-10,2,4,200,18.68,0,0,2.7,3736.0
2023-12-11,2,4,147,18.56,0,0,4.0,2728.32
2023-12-12,2,4,160,18.84,0,0,5.5,3014.4
2023-12-13,2,4,310,15.59,1,0,4.9,4832.9
2023-12-14,2,4,173,18.32,0,0,6.2,3169.36
2023-12-15,2,4,149,19.64,0,0,8.0,2926.36
2023-12-16,2,4,199,19.64,0,0,6.7,3908.36
2023-12-17,2,4,368,15.32,1,0,4.6,5637.76
2023-12-18,2,4,174,18.94,0,0,7.6,3295.56
2023-12-19,2,4,150,18.33,0,0,6.4,2749.5
2023-12-20,2,4,152,18.8,0,0,11.1,2857.6
2023-12-21,2,4,165,18.78,0,0,6.4,3098.7
2023-12-22,2,4,146,18.79,0,0,8.1,2743.34
2023-12-23,2,4,205,18.08,0,0,9.0,3706.4
2023-12-24,2,4,358,17.98,0,1,9.5,6436.84
2023-12-25,2,4,236,18.76,0,1,7.1,4427.36
2023-12-26,2,4,154,18.92,0,0,6.8,2913.68
2023-12-27,2,4,186,17.96,0,0,7.1,3340.56
2023-12-28,2,4,182,19.4,0,0,7.5,3530.8
2023-12-29,2,4,184,19.71,0,0,6.7,3626.64
2023-12-30,2,4,197,18.91,0,0,12.8,3725.27
2023-12-31,2,4,203,19.11,0,0,11.1,3879.33
2021-01-01,3,1,270,22.66,0,1,8.6,6118.2
2021-01-02,3,1,260,21.86,0,0,8.5,5683.6
2021-01-03,3,1,254,21.4,0,0,10.3,5435.6
2021-01-04,3,1,301,17.65,1,0,5.0,5312.65
2021-01-05,3,1,201,22.36,0,0,7.6,4494.36
2021-01-06,3,1,206,20.98,0,0,10.6,4321.88
2021-01-07,3,1,191,21.47,0,0,12.8,4100.77
2021-01-08,3,1,218,21.3,0,0,9.3,4643.4
2021-01-09,3,1,386,18.29,1,0,14.5,7059.94
2021-01-10,3,1,265,21.1,0,0,11.2,5591.5
2021-01-11,3,1,239,21.84,0,0,11.2,5219.76
2021-01-12,3,1,271,18.55,1,0,10.8,5027.05
2021-01-13,3,1,199,21.54,0,0,9.5,4286.46
2021-01-14,3,1,204,22.58,0,0,13.9,4606.32
2021-01-15,3,1,218,21.52,0,0,10.6,4691.36
2021-01-16,3,1,478,17.73,1,0,12.8,8474.94
2021-01-17,3,1,228,21.56,0,0,10.9,4915.68
2021-01-18,3,1,202,22.63,0,0,13.5,4571.26
2021-01-19,3,1,210,22.16,0,0,15.8,4653.6
2021-01-20,3,1,234,20.86,0,0,9.7,4881.24
2021-01-21,3,1,225,20.68,0,0,10.9,4653.0
2021-01-22,3,1,241,22.55,0,0,14.7,5434.55
2021-01-23,3,1,267,20.71,0,0,12.9,5529.57
2021-01-24,3,1,280,22.32,0,0,16.2,6249.6
2021-01-25,3,1,224,21.23,0,0,13.7,4755.52
2021-01-26,3,1,203,20.6,0,0,13.9,4181.8
2021-01-27,3,1,241,21.38,0,0,16.1,5152.58
2021-01-28,3,1,245,22.17,0,0,12.6,5431.65
2021-01-29,3,1,194,21.44,0,0,16.3,4159.36
2021-01-30,3,1,468,18.99,1,0,16.2,8887.32
2021-01-31,3,1,354,21.41,0,0,10.9,7579.14
2021-02-01,3,1,230,22.13,0,0,15.1,5089.9
2021-02-02,3,1,212,21.94,0,0,18.4,4651.28
2021-02-03,3,1,258,21.26,0,0,15.8,5485.08
2021-02-04,3,1,239,21.33,0,0,15.6,5097.87
2021-02-05,3,1,231,21.62,0,0,17.1,4994.22
2021-02-06,3,1,468,18.32,1,0,17.1,8573.76
2021-02-07,3,1,281,21.49,0,0,19.2,6038.69
2021-02-08,3,1,263,22.55,0,0,18.0,5930.65
2021-02-09,3,1,221,20.79,0,0,16.3,4594.59
2021-02-10,3,1,265,22.51,0,0,18.8,5965.15
2021-02-11,3,1,311,18.99,1,0,13.8,5905.89
2021-02-12,3,1,255,22.56,0,0,18.4,5752.8
2021-02-13,3,1,262,22.6,0,0,16.3,5921.2
2021-02-14,3,1,434,20.98,0,1,20.3,9105.32
2021-02-15,3,1,193,21.91,0,0,17.6,4228.63
2021-02-16,3,1,211,21.31,0,0,16.7,4496.41
2021-02-17,3,1,258,20.99,0,0,18.4,5415.42
2021-02-18,3,1,219,20.53,0,0,19.9,4496.07
2021-02-19,3,1,230,20.69,0,0,18.7,4758.7
2021-02-20,3,1,307,21.64,0,0,22.0,6643.48
2021-02-21,3,1,308,20.84,0,0,18.7,6418.72
2021-02-22,3,1,252,21.39,0,0,20.7,5390.28
2021-02-23,3,1,350,18.37,1,0,16.0,6429.5
2021-02-24,3,1,229,21.31,0,0,21.9,4879.99
2021-02-25,3,1,261,22.19,0,0,17.2,5791.59
2021-02-26,3,1,362,19.13,1,0,17.3,6925.06
2021-02-27,3,1,270,22.28,0,0,19.3,6015.6
2021-02-28,3,1,326,21.06,0,0,22.8,6865.56
2021-03-01,3,1,215,21.96,0,0,21.4,4721.4
2021-03-02,3,1,289,22.63,0,0,23.0,6540.07
2021-03-03,3,1,240,22.61,0,0,21.9,5426.4
2021-03-04,3,1,399,18.93,1,0,21.5,7553.07
2021-03-05,3,1,250,21.36,0,0,24.7,5340.0
2021-03-06,3,1,301,22.36,0,0,21.4,6730.36
2021-03-07,3,1,298,22.52,0,0,22.1,6710.96
2021-03-08,3,1,264,21.52,0,0,23.5,5681.28
2021-03-09,3,1,254,20.79,0,0,22.0,5280.66
2021-03-10,3,1,254,22.64,0,0,22.9,5750.56
2021-03-11,3,1,234,22.52,0,0,23.4,5269.68
2021-03-12,3,1,277,21.0,0,0,21.1,5817.0
2021-03-13,3,1,328,20.75,0,0,24.3,6806.0
2021-03-14,3,1,522,17.46,1,0,23.2,9114.12
2021-03-15,3,1,415,18.7,1,0,22.5,7760.5
2021-03-16,3,1,286,20.91,0,0,22.2,5980.26
2021-03-17,3,1,256,20.61,0,0,23.5,5276.16
2021-03-18,3,1,424,17.66,1,0,25.7,7487.84
2021-03-19,3,1,242,20.62,0,0,23.7,4990.04
2021-03-20,3,1,345,21.06,0,0,23.7,7265.7
2021-03-21,3,1,347,21.42,0,0,24.0,7432.74
2021-03-22,3,1,262,20.66,0,0,24.1,5412.92
2021-03-23,3,1,251,20.6,0,0,24.0,5170.6
2021-03-24,3,1,250,20.81,0,0,24.7,5202.5
2021-03-25,3,1,263,20.75,0,0,24.9,5457.25
2021-03-26,3,1,252,21.25,0,0,24.9,5355.0
2021-03-27,3,1,352,22.5,0,0,27.8,7920.0
2021-03-28,3,1,325,20.95,0,0,26.1,6808.75
2021-03-29,3,1,265,20.83,0,0,24.4,5519.95
2021-03-30,3,1,379,18.39,1,0,23.7,6969.81
2021-03-31,3,1,250,21.46,0,0,26.5,5365.0
2021-04-01,3,1,249,20.6,0,0,28.4,5129.4
2021-04-02,3,1,245,21.67,0,0,21.5,5309.15
2021-04-03,3,1,296,21.57,0,0,26.1,6384.72
2021-04-04,3,1,297,22.38,0,0,20.6,6646.86
2021-04-05,3,1,244,20.97,0,0,28.2,5116.68
2021-04-06,3,1,289,21.4,0,0,23.2,6184.6
2021-04-07,3,1,253,21.7,0,0,26.4,5490.1
2021-04-08,3,1,277,20.53,0,0,25.2,5686.81
2021-04-09,3,1,262,21.44,0,0,28.4,5617.28
2021-04-10,3,1,322,20.68,0,0,21.3,6658.96
2021-04-11,3,1,315,21.28,0,0,24.7,6703.2
2021-04-12,3,1,241,21.65,0,0,25.0,5217.65
2021-04-13,3,1,214,21.78,0,0,29.4,4660.92
2021-04-14,3,1,277,21.64,0,0,29.8,5994.28
2021-04-15,3,1,301,20.97,0,0,26.9,6311.97
2021-04-16,3,1,245,20.76,0,0,27.5,5086.2
2021-04-17,3,1,332,21.45,0,0,25.6,7121.4
2021-04-18,3,1,305,22.35,0,0,26.5,6816.75
2021-04-19,3,1,242,21.35,0,0,27.8,5166.7
2021-04-20,3,1,230,22.55,0,0,28.3,5186.5
2021-04-21,3,1,392,18.98,1,0,26.2,7440.16
2021-04-22,3,1,402,18.66,1,0,27.9,7501.32
2021-04-23,3,1,226,20.72,0,0,27.1,4682.72
2021-04-24,3,1,369,21.8,0,0,30.0,8044.2
2021-04-25,3,1,308,20.98,0,0,23.1,6461.84
2021-04-26,3,1,353,17.83,1,0,26.4,6293.99
2021-04-27,3,1,223,22.3,0,0,29.3,4972.9
2021-04-28,3,1,258,22.64,0,0,28.3,5841.12
2021-04-29,3,1,237,20.53,0,0,28.0,4865.61
2021-04-30,3,1,245,22.39,0,0,27.6,5485.55
2021-05-01,3,1,345,21.29,0,0,27.5,7345.05
2021-05-02,3,1,274,20.94,0,0,28.7,5737.56
2021-05-03,3,1,388,18.46,1,0,27.1,7162.48
2021-05-04,3,1,237,20.51,0,0,25.1,4860.87
2021-05-05,3,1,231,22.36,0,0,33.4,5165.16
2021-05-06,3,1,249,21.73,0,0,29.0,5410.77
2021-05-07,3,1,251,22.47,0,0,29.5,5639.97
2021-05-08,3,1,345,21.24,0,0,31.3,7327.8
2021-05-09,3,1,356,22.49,0,0,24.3,8006.44
2021-05-10,3,1,257,21.78,0,0,26.1,5597.46
2021-05-11,3,1,228,21.87,0,0,26.5,4986.36
2021-05-12,3,1,275,20.58,0,0,29.3,5659.5
2021-05-13,3,1,425,17.51,1,0,26.2,7441.75
2021-05-14,3,1,335,18.48,1,0,25.5,6190.8
2021-05-15,3,1,301,21.98,0,0,28.5,6615.98
2021-05-16,3,1,343,21.07,0,0,28.0,7227.01
2021-05-17,3,1,230,22.58,0,0,24.8,5193.4
2021-05-18,3,1,247,22.27,0,0,22.9,5500.69
2021-05-19,3,1,291,20.68,0,0,27.7,6017.88
2021-05-20,3,1,264,21.11,0,0,28.7,5573.04
2021-05-21,3,1,247,20.76,0,0,27.4,5127.72
2021-05-22,3,1,316,22.05,0,0,25.8,6967.8
2021-05-23,3,1,296,20.62,0,0,28.2,6103.52
2021-05-24,3,1,208,20.58,0,0,26.4,4280.64
2021-05-25,3,1,313,18.3,1,0,24.2,5727.9
2021-05-26,3,1,279,21.54,0,0,24.5,6009.66
2021-05-27,3,1,213,21.58,0,0,25.9,4596.54
2021-05-28,3,1,226,21.84,0,0,22.5,4935.84
2021-05-29,3,1,297,22.46,0,0,26.4,6670.62
2021-05-30,3,1,308,22.08,0,0,26.3,6800.64
2021-05-31,3,1,302,22.28,0,1,22.7,6728.56
2021-06-01,3,1,232,20.98,0,0,26.1,4867.36
2021-06-02,3,1,226,21.27,0,0,24.4,4807.02
2021-06-03,3,1,229,21.08,0,0,24.9,4827.32
2021-06-04,3,1,210,21.12,0,0,22.2,4435.2
2021-06-05,3,1,258,22.01,0,0,27.4,5678.58
2021-06-06,3,1,263,22.57,0,0,24.3,5935.91
2021-06-07,3,1,208,22.2,0,0,28.8,4617.6
2021-06-08,3,1,236,22.45,0,0,21.2,5298.2
2021-06-09,3,1,214,21.29,0,0,27.4,4556.06
2021-06-10,3,1,237,21.65,0,0,26.5,5131.05
2021-06-11,3,1,234,22.53,0,0,25.6,5272.02
2021-06-12,3,1,258,21.79,0,0,25.8,5621.82
2021-06-13,3,1,291,21.23,0,0,24.3,6177.93
2021-06-14,3,1,196,21.69,0,0,23.2,4251.24
2021-06-15,3,1,202,21.68,0,0,23.9,4379.36
2021-06-16,3,1,188,21.63,0,0,19.6,4066.44
2021-06-17,3,1,202,21.12,0,0,25.8,4266.24
2021-06-18,3,1,323,17.68,1,0,25.1,5710.64
2021-06-19,3,1,268,21.01,0,0,25.5,5630.68
2021-06-20,3,1,332,17.96,1,0,20.8,5962.72
2021-06-21,3,1,262,18.91,1,0,23.8,4954.42
2021-06-22,3,1,182,22.41,0,0,23.3,4078.62
2021-06-23,3,1,192,20.84,0,0,24.9,4001.28
2021-06-24,3,1,196,20.76,0,0,22.8,4068.96
2021-06-25,3,1,192,20.87,0,0,22.8,4007.04
2021-06-26,3,1,484,17.68,1,0,21.0,8557.12
2021-06-27,3,1,229,21.01,0,0,21.3,4811.29
2021-06-28,3,1,208,22.56,0,0,23.2,4692.48
2021-06-29,3,1,205,22.51,0,0,25.4,4614.55
2021-06-30,3,1,207,22.21,0,0,23.3,4597.47
2021-07-01,3,1,210,22.13,0,0,19.0,4647.3
2021-07-02,3,1,190,20.53,0,0,19.4,3900.7
2021-07-03,3,1,225,20.95,0,0,20.1,4713.75
2021-07-04,3,1,367,22.16,0,1,24.1,8132.72
2021-07-05,3,1,199,21.89,0,0,21.4,4356.11
2021-07-06,3,1,183,21.61,0,0,23.9,3954.63
2021-07-07,3,1,166,22.48,0,0,21.7,3731.68
2021-07-08,3,1,157,22.35,0,0,20.2,3508.95
2021-07-09,3,1,201,21.52,0,0,19.8,4325.52
2021-07-10,3,1,255,20.63,0,0,17.6,5260.65
2021-07-11,3,1,182,21.36,0,0,16.6,3887.52
2021-07-12,3,1,176,21.8,0,0,23.4,3836.8
2021-07-13,3,1,185,21.3,0,0,17.6,3940.5
2021-07-14,3,1,181,21.81,0,0,19.9,3947.61
2021-07-15,3,1,165,21.7,0,0,16.8,3580.5
2021-07-16,3,1,155,21.15,0,0,21.1,3278.25
2021-07-17,3,1,385,19.09,1,0,12.9,7349.65
2021-07-18,3,1,205,22.07,0,0,16.6,4524.35
2021-07-19,3,1,175,21.77,0,0,17.5,3809.75
2021-07-20,3,1,208,22.4,0,0,14.0,4659.2
2021-07-21,3,1,196,20.97,0,0,17.7,4110.12
2021-07-22,3,1,171,22.18,0,0,18.7,3792.78
2021-07-23,3,1,165,21.49,0,0,16.4,3545.85
2021-07-24,3,1,205,21.88,0,0,13.7,4485.4
2021-07-25,3,1,221,21.51,0,0,18.7,4753.71
2021-07-26,3,1,187,20.72,0,0,15.5,3874.64
2021-07-27,3,1,184,21.21,0,0,17.9,3902.64
2021-07-28,3,1,148,22.15,0,0,14.2,3278.2
2021-07-29,3,1,164,20.87,0,0,15.2,3422.68
2021-07-30,3,1,144,22.04,0,0,15.6,3173.76
2021-07-31,3,1,202,22.12,0,0,17.0,4468.24
2021-08-01,3,1,190,22.59,0,0,13.4,4292.1
2021-08-02,3,1,213,18.88,1,0,13.9,4021.44
2021-08-03,3,1,177,21.01,0,0,14.3,3718.77
2021-08-04,3,1,153,20.82,0,0,12.0,3185.46
2021-08-05,3,1,168,21.75,0,0,13.5,3654.0
2021-08-06,3,1,157,21.9,0,0,14.9,3438.3
2021-08-07,3,1,178,22.58,0,0,14.2,4019.24
2021-08-08,3,1,167,21.69,0,0,13.1,3622.23
2021-08-09,3,1,158,22.41,0,0,14.2,3540.78
2021-08-10,3,1,160,22.03,0,0,13.2,3524.8
2021-08-11,3,1,147,20.91,0,0,12.8,3073.77
2021-08-12,3,1,159,20.63,0,0,13.5,3280.17
2021-08-13,3,1,149,22.21,0,0,14.4,3309.29
2021-08-14,3,1,188,22.56,0,0,12.4,4241.28
2021-08-15,3,1,160,21.19,0,0,10.1,3390.4
2021-08-16,3,1,154,21.26,0,0,10.8,3274.04
2021-08-17,3,1,146,22.44,0,0,10.5,3276.24
2021-08-18,3,1,151,21.31,0,0,10.3,3217.81
2021-08-19,3,1,257,17.83,1,0,10.4,4582.31
2021-08-20,3,1,144,21.82,0,0,9.3,3142.08
2021-08-21,3,1,157,22.66,0,0,11.9,3557.62
2021-08-22,3,1,154,21.51,0,0,8.9,3312.54
2021-08-23,3,1,124,20.54,0,0,11.9,2546.96
2021-08-24,3,1,144,21.63,0,0,11.5,3114.72
2021-08-25,3,1,209,17.63,1,0,11.2,3684.67
2021-08-26,3,1,121,21.91,0,0,8.3,2651.11
2021-08-27,3,1,131,20.71,0,0,9.7,2713.01
2021-08-28,3,1,292,19.13,1,0,7.1,5585.96
2021-08-29,3,1,177,21.21,0,0,9.0,3754.17
2021-08-30,3,1,147,22.19,0,0,6.0,3261.93
2021-08-31,3,1,154,22.36,0,0,8.7,3443.44
2021-09-01,3,1,115,21.0,0,0,6.3,2415.0
2021-09-02,3,1,155,21.4,0,0,9.8,3317.0
2021-09-03,3,1,130,20.71,0,0,13.1,2692.3
2021-09-04,3,1,168,22.54,0,0,10.3,3786.72
2021-09-05,3,1,152,22.4,0,0,7.5,3404.8
2021-09-06,3,1,200,21.47,0,1,7.1,4294.0
2021-09-07,3,1,151,22.59,0,0,10.5,3411.09
2021-09-08,3,1,136,20.59,0,0,5.1,2800.24
2021-09-09,3,1,128,20.71,0,0,5.9,2650.88
2021-09-10,3,1,135,22.51,0,0,6.4,3038.85
2021-09-11,3,1,264,18.24,1,0,8.0,4815.36
2021-09-12,3,1,319,18.66,1,0,4.7,5952.54
2021-09-13,3,1,121,20.9,0,0,6.3,2528.9
2021-09-14,3,1,202,17.98,1,0,5.4,3631.96
2021-09-15,3,1,133,20.58,0,0,5.2,2737.14
2021-09-16,3,1,127,21.53,0,0,6.4,2734.31
2021-09-17,3,1,120,21.92,0,0,6.1,2630.4
2021-09-18,3,1,164,21.82,0,0,6.4,3578.48
2021-09-19,3,1,249,19.25,1,0,8.7,4793.25
2021-09-20,3,1,225,18.68,1,0,5.4,4203.0
2021-09-21,3,1,131,22.39,0,0,3.3,2933.09
2021-09-22,3,1,119,22.42,0,0,3.3,2667.98
2021-09-23,3,1,140,22.37,0,0,8.5,3131.8
2021-09-24,3,1,143,21.6,0,0,5.5,3088.8
2021-09-25,3,1,166,22.06,0,0,4.0,3661.96
2021-09-26,3,1,250,17.61,1,0,5.1,4402.5
2021-09-27,3,1,125,21.87,0,0,7.2,2733.75
2021-09-28,3,1,130,20.51,0,0,3.4,2666.3
2021-09-29,3,1,144,21.81,0,0,4.4,3140.64
2021-09-30,3,1,113,22.23,0,0,4.7,2511.99
2021-10-01,3,1,124,21.85,0,0,5.4,2709.4
2021-10-02,3,1,234,18.56,1,0,6.5,4343.04
2021-10-03,3,1,167,21.26,0,0,8.1,3550.42
2021-10-04,3,1,121,20.66,0,0,2.2,2499.86
2021-10-05,3,1,114,22.29,0,0,3.7,2541.06
2021-10-06,3,1,141,21.82,0,0,3.9,3076.62
2021-10-07,3,1,103,21.1,0,0,2.6,2173.3
2021-10-08,3,1,139,21.35,0,0,3.2,2967.65
2021-10-09,3,1,180,22.45,0,0,2.1,4041.0
2021-10-10,3,1,240,17.64,1,0,3.4,4233.6
2021-10-11,3,1,131,22.2,0,0,4.8,2908.2
2021-10-12,3,1,141,21.18,0,0,1.3,2986.38
2021-10-13,3,1,107,22.25,0,0,5.2,2380.75
2021-10-14,3,1,128,22.04,0,0,-0.2,2821.12
2021-10-15,3,1,126,22.31,0,0,5.7,2811.06
2021-10-16,3,1,153,22.02,0,0,3.8,3369.06
2021-10-17,3,1,151,21.71,0,0,1.2,3278.21
2021-10-18,3,1,138,22.35,0,0,2.1,3084.3
2021-10-19,3,1,126,21.97,0,0,3.3,2768.22
2021-10-20,3,1,122,22.07,0,0,8.4,2692.54
2021-10-21,3,1,138,22.03,0,0,0.4,3040.14
2021-10-22,3,1,173,17.87,1,0,4.0,3091.51
2021-10-23,3,1,186,20.58,0,0,-0.7,3827.88
2021-10-24,3,1,149,22.04,0,0,2.5,3283.96
2021-10-25,3,1,142,21.17,0,0,0.9,3006.14
2021-10-26,3,1,145,21.04,0,0,3.3,3050.8
2021-10-27,3,1,117,21.9,0,0,-0.3,2562.3
2021-10-28,3,1,125,22.31,0,0,1.9,2788.75
2021-10-29,3,1,116,21.38,0,0,4.0,2480.08
2021-10-30,3,1,176,22.5,0,0,4.2,3960.0
2021-10-31,3,1,180,22.57,0,0,2.1,4062.6
2021-11-01,3,1,218,21.26,0,0,4.8,4634.68
2021-11-02,3,1,222,22.19,0,0,3.5,4926.18
2021-11-03,3,1,236,21.85,0,0,2.3,5156.6
2021-11-04,3,1,208,20.8,0,0,3.3,4326.4
2021-11-05,3,1,217,22.48,0,0,3.2,4878.16
2021-11-06,3,1,236,22.23,0,0,5.2,5246.28
2021-11-07,3,1,277,21.73,0,0,-1.8,6019.21
2021-11-08,3,1,184,21.62,0,0,5.7,3978.08
2021-11-09,3,1,346,18.4,1,0,3.8,6366.4
2021-11-10,3,1,201,20.67,0,0,8.6,4154.67
2021-11-11,3,1,312,19.07,1,0,2.2,5949.84
2021-11-12,3,1,238,22.25,0,0,4.0,5295.5
2021-11-13,3,1,268,21.13,0,0,4.7,5662.84
2021-11-14,3,1,287,22.49,0,0,4.1,6454.63
2021-11-15,3,1,203,21.03,0,0,4.6,4269.09
2021-11-16,3,1,231,21.56,0,0,3.7,4980.36
2021-11-17,3,1,247,22.58,0,0,2.0,5577.26
2021-11-18,3,1,212,22.66,0,0,7.0,4803.92
2021-11-19,3,1,245,22.1,0,0,2.0,5414.5
2021-11-20,3,1,289,21.91,0,0,4.7,6331.99
2021-11-21,3,1,286,21.26,0,0,6.7,6080.36
