data/raw/retail_sales.csv
date,store_id,dept_id,units_sold,unit_price,is_promo,is_holiday,temperature_c,revenue
2021-11-22,3,1,214,20.72,0,0,8.6,4434.08
2021-11-23,3,1,384,17.54,1,0,4.5,6735.36
2021-11-24,3,1,192,20.79,0,0,4.4,3991.68
2021-11-25,3,1,387,22.23,0,1,1.6,8603.01
2021-11-26,3,1,336,21.49,0,1,5.8,7220.64
2021-11-27,3,1,503,17.53,1,0,4.0,8817.59
2021-11-28,3,1,274,22.56,0,0,4.1,6181.44
2021-11-29,3,1,229,21.15,0,0,4.4,4843.35
2021-11-30,3,1,239,20.8,0,0,5.9,4971.2
2021-12-01,3,1,244,20.88,0,0,7.6,5094.72
2021-12-02,3,1,252,20.73,0,0,6.2,5223.96
2021-12-03,3,1,212,21.88,0,0,1.9,4638.56
2021-12-04,3,1,335,21.3,0,0,5.0,7135.5
2021-12-05,3,1,456,18.45,1,0,9.2,8413.2
2021-12-06,3,1,226,22.5,0,0,7.8,5085.0
2021-12-07,3,1,260,21.31,0,0,8.3,5540.6
2021-12-08,3,1,195,22.45,0,0,1.5,4377.75
2021-12-09,3,1,259,21.13,0,0,8.1,5472.67
2021-12-10,3,1,246,20.7,0,0,5.1,5092.2
2021-12-11,3,1,422,19.24,1,0,4.6,8119.28
2021-12-12,3,1,285,21.31,0,0,9.0,6073.35
2021-12-13,3,1,246,20.76,0,0,5.9,5106.96
2021-12-14,3,1,223,20.92,0,0,6.1,4665.16
2021-12-15,3,1,232,21.58,0,0,5.3,5006.56
2021-12-16,3,1,245,21.32,0,0,6.9,5223.4
2021-12-17,3,1,260,21.72,0,0,6.2,5647.2
2021-12-18,3,1,308,22.65,0,0,5.7,6976.2
2021-12-19,3,1,279,21.94,0,0,9.4,6121.26
2021-12-20,3,1,240,21.39,0,0,7.2,5133.6
2021-12-21,3,1,233,21.64,0,0,8.7,5042.12
2021-12-22,3,1,261,22.0,0,0,8.2,5742.0
2021-12-23,3,1,234,21.1,0,0,8.4,4937.4
2021-12-24,3,1,621,19.14,1,1,9.0,11885.94
2021-12-25,3,1,501,22.64,0,1,7.7,11342.64
2021-12-26,3,1,352,22.26,0,0,11.0,7835.52
2021-12-27,3,1,267,21.0,0,0,7.7,5607.0
2021-12-28,3,1,263,20.75,0,0,11.1,5457.25
2021-12-29,3,1,218,21.55,0,0,8.1,4697.9
2021-12-30,3,1,330,18.12,1,0,7.1,5979.6
2021-12-31,3,1,290,21.38,0,0,12.1,6200.2
2022-01-01,3,1,337,21.47,0,1,7.6,7235.39
2022-01-02,3,1,255,21.4,0,0,8.5,5457.0
2022-01-03,3,1,212,21.95,0,0,10.9,4653.4
2022-01-04,3,1,216,22.17,0,0,9.1,4788.72
2022-01-05,3,1,191,20.84,0,0,8.4,3980.44
2022-01-06,3,1,224,22.2,0,0,7.6,4972.8
2022-01-07,3,1,179,22.34,0,0,10.5,3998.86
2022-01-08,3,1,243,21.26,0,0,12.6,5166.18
2022-01-09,3,1,225,21.5,0,0,10.3,4837.5
2022-01-10,3,1,175,20.8,0,0,10.1,3640.0
2022-01-11,3,1,208,21.32,0,0,10.9,4434.56
2022-01-12,3,1,205,21.7,0,0,12.6,4448.5
2022-01-13,3,1,192,21.74,0,0,12.2,4174.08
2022-01-14,3,1,207,21.8,0,0,11.0,4512.6
2022-01-15,3,1,274,20.6,0,0,12.2,5644.4
2022-01-16,3,1,274,22.14,0,0,16.0,6066.36
2022-01-17,3,1,210,22.1,0,0,9.6,4641.0
2022-01-18,3,1,198,21.56,0,0,15.5,4268.88
2022-01-19,3,1,208,20.81,0,0,14.0,4328.48
2022-01-20,3,1,215,21.1,0,0,10.6,4536.5
2022-01-21,3,1,220,20.8,0,0,11.6,4576.0
2022-01-22,3,1,260,21.83,0,0,13.1,5675.8
2022-01-23,3,1,238,22.2,0,0,14.7,5283.6
2022-01-24,3,1,212,21.35,0,0,15.2,4526.2
2022-01-25,3,1,235,21.01,0,0,13.4,4937.35
2022-01-26,3,1,225,21.3,0,0,14.9,4792.5
2022-01-27,3,1,217,22.38,0,0,10.6,4856.46
2022-01-28,3,1,228,21.2,0,0,16.6,4833.6
2022-01-29,3,1,434,18.34,1,0,14.5,7959.56
2022-01-30,3,1,279,22.09,0,0,13.3,6163.11
2022-01-31,3,1,243,20.81,0,0,16.5,5056.83
2022-02-01,3,1,234,20.97,0,0,14.0,4906.98
2022-02-02,3,1,242,20.54,0,0,8.4,4970.68
2022-02-03,3,1,250,20.57,0,0,16.8,5142.5
2022-02-04,3,1,193,21.84,0,0,15.6,4215.12
2022-02-05,3,1,277,21.89,0,0,16.6,6063.53
2022-02-06,3,1,333,20.94,0,0,17.5,6973.02
2022-02-07,3,1,221,22.29,0,0,17.9,4926.09
2022-02-08,3,1,216,21.79,0,0,16.9,4706.64
2022-02-09,3,1,260,21.01,0,0,17.1,5462.6
2022-02-10,3,1,216,21.84,0,0,17.1,4717.44
2022-02-11,3,1,262,21.72,0,0,15.8,5690.64
2022-02-12,3,1,314,21.35,0,0,20.1,6703.9
2022-02-13,3,1,309,22.19,0,0,17.8,6856.71
2022-02-14,3,1,341,21.64,0,1,16.8,7379.24
2022-02-15,3,1,237,22.09,0,0,19.5,5235.33
2022-02-16,3,1,330,17.71,1,0,19.4,5844.3
2022-02-17,3,1,263,22.47,0,0,18.6,5909.61
2022-02-18,3,1,355,18.08,1,0,18.3,6418.4
2022-02-19,3,1,368,20.82,0,0,19.1,7661.76
2022-02-20,3,1,520,18.25,1,0,17.2,9490.0
2022-02-21,3,1,231,21.62,0,0,19.7,4994.22
2022-02-22,3,1,277,21.2,0,0,19.2,5872.4
2022-02-23,3,1,248,22.17,0,0,19.7,5498.16
2022-02-24,3,1,229,22.41,0,0,19.3,5131.89
2022-02-25,3,1,252,21.6,0,0,20.3,5443.2
2022-02-26,3,1,323,21.2,0,0,18.2,6847.6
2022-02-27,3,1,503,18.98,1,0,21.6,9546.94
2022-02-28,3,1,263,21.11,0,0,17.3,5551.93
2022-03-01,3,1,430,18.52,1,0,16.4,7963.6
2022-03-02,3,1,228,21.14,0,0,20.8,4819.92
2022-03-03,3,1,263,22.02,0,0,22.0,5791.26
2022-03-04,3,1,346,18.92,1,0,19.1,6546.32
2022-03-05,3,1,316,21.19,0,0,22.4,6696.04
2022-03-06,3,1,283,20.64,0,0,22.4,5841.12
2022-03-07,3,1,253,21.99,0,0,21.3,5563.47
2022-03-08,3,1,287,21.9,0,0,21.7,6285.3
2022-03-09,3,1,245,21.35,0,0,23.7,5230.75
2022-03-10,3,1,271,21.32,0,0,24.9,5777.72
2022-03-11,3,1,270,21.61,0,0,23.7,5834.7
2022-03-12,3,1,322,20.51,0,0,27.0,6604.22
2022-03-13,3,1,298,21.96,0,0,23.7,6544.08
2022-03-14,3,1,236,20.83,0,0,23.0,4915.88
2022-03-15,3,1,258,21.87,0,0,23.1,5642.46
2022-03-16,3,1,223,22.35,0,0,22.4,4984.05
2022-03-17,3,1,310,22.13,0,0,23.6,6860.3
2022-03-18,3,1,280,22.21,0,0,24.3,6218.8
2022-03-19,3,1,378,21.51,0,0,24.4,8130.78
2022-03-20,3,1,328,21.14,0,0,21.3,6933.92
2022-03-21,3,1,360,18.42,1,0,25.0,6631.2
2022-03-22,3,1,261,20.97,0,0,21.7,5473.17
2022-03-23,3,1,251,21.86,0,0,25.5,5486.86
2022-03-24,3,1,262,21.52,0,0,25.3,5638.24
2022-03-25,3,1,284,22.03,0,0,23.0,6256.52
2022-03-26,3,1,318,22.42,0,0,25.0,7129.56
2022-03-27,3,1,339,21.24,0,0,29.0,7200.36
2022-03-28,3,1,375,18.58,1,0,22.9,6967.5
2022-03-29,3,1,376,18.9,1,0,24.1,7106.4
2022-03-30,3,1,268,22.45,0,0,26.7,6016.6
2022-03-31,3,1,281,20.68,0,0,27.0,5811.08
2022-04-01,3,1,296,22.19,0,0,26.6,6568.24
2022-04-02,3,1,624,17.78,1,0,24.9,11094.72
2022-04-03,3,1,371,20.72,0,0,26.5,7687.12
2022-04-04,3,1,286,22.61,0,0,24.4,6466.46
2022-04-05,3,1,255,20.9,0,0,25.3,5329.5
2022-04-06,3,1,254,20.98,0,0,21.5,5328.92
2022-04-07,3,1,262,20.55,0,0,26.5,5384.1
2022-04-08,3,1,267,22.65,0,0,29.5,6047.55
2022-04-09,3,1,377,22.38,0,0,22.6,8437.26
2022-04-10,3,1,364,21.5,0,0,29.6,7826.0
2022-04-11,3,1,219,20.96,0,0,27.5,4590.24
2022-04-12,3,1,230,22.65,0,0,26.4,5209.5
2022-04-13,3,1,295,20.77,0,0,29.5,6127.15
2022-04-14,3,1,418,19.17,1,0,25.6,8013.06
2022-04-15,3,1,243,22.29,0,0,25.8,5416.47
2022-04-16,3,1,510,18.8,1,0,25.4,9588.0
2022-04-17,3,1,326,22.66,0,0,23.4,7387.16
2022-04-18,3,1,262,22.15,0,0,22.8,5803.3
2022-04-19,3,1,231,22.67,0,0,28.8,5236.77
2022-04-20,3,1,262,20.8,0,0,25.4,5449.6
2022-04-21,3,1,255,20.54,0,0,25.7,5237.7
2022-04-22,3,1,240,22.55,0,0,25.9,5412.0
2022-04-23,3,1,312,22.64,0,0,26.3,7063.68
2022-04-24,3,1,264,20.75,0,0,29.2,5478.0
2022-04-25,3,1,443,19.06,1,0,24.5,8443.58
2022-04-26,3,1,248,21.91,0,0,27.0,5433.68
2022-04-27,3,1,269,22.19,0,0,25.8,5969.11
2022-04-28,3,1,267,21.73,0,0,29.9,5801.91
2022-04-29,3,1,288,21.5,0,0,28.3,6192.0
2022-04-30,3,1,303,22.55,0,0,26.5,6832.65
2022-05-01,3,1,331,20.9,0,0,28.0,6917.9
2022-05-02,3,1,271,20.82,0,0,27.8,5642.22
2022-05-03,3,1,255,20.88,0,0,23.4,5324.4
2022-05-04,3,1,239,21.02,0,0,25.3,5023.78
2022-05-05,3,1,247,22.46,0,0,28.1,5547.62
2022-05-06,3,1,328,18.76,1,0,26.3,6153.28
2022-05-07,3,1,488,19.07,1,0,24.6,9306.16
2022-05-08,3,1,332,21.5,0,0,25.6,7138.0
2022-05-09,3,1,252,21.1,0,0,28.0,5317.2
2022-05-10,3,1,246,21.59,0,0,28.8,5311.14
2022-05-11,3,1,280,21.01,0,0,30.5,5882.8
2022-05-12,3,1,255,22.36,0,0,25.6,5701.8
2022-05-13,3,1,219,21.31,0,0,24.8,4666.89
2022-05-14,3,1,343,22.2,0,0,22.6,7614.6
2022-05-15,3,1,315,22.48,0,0,26.3,7081.2
2022-05-16,3,1,449,18.86,1,0,28.2,8468.14
2022-05-17,3,1,221,21.62,0,0,27.1,4778.02
2022-05-18,3,1,261,21.75,0,0,26.6,5676.75
2022-05-19,3,1,287,21.68,0,0,27.9,6222.16
2022-05-20,3,1,223,22.15,0,0,24.4,4939.45
2022-05-21,3,1,281,21.39,0,0,25.3,6010.59
2022-05-22,3,1,386,18.18,1,0,28.7,7017.48
2022-05-23,3,1,233,22.21,0,0,24.8,5174.93
2022-05-24,3,1,245,21.1,0,0,23.6,5169.5
2022-05-25,3,1,392,17.75,1,0,27.1,6958.0
2022-05-26,3,1,339,18.18,1,0,27.2,6163.02
2022-05-27,3,1,226,21.96,0,0,26.3,4962.96
2022-05-28,3,1,306,22.56,0,0,25.9,6903.36
2022-05-29,3,1,266,21.61,0,0,26.8,5748.26
2022-05-30,3,1,211,22.08,0,0,25.5,4658.88
2022-05-31,3,1,372,21.18,0,1,29.9,7878.96
2022-06-01,3,1,238,21.21,0,0,25.0,5047.98
2022-06-02,3,1,359,18.95,1,0,27.3,6803.05
2022-06-03,3,1,240,20.67,0,0,27.1,4960.8
2022-06-04,3,1,262,22.16,0,0,26.3,5805.92
2022-06-05,3,1,299,20.75,0,0,21.8,6204.25
2022-06-06,3,1,249,21.61,0,0,26.4,5380.89
2022-06-07,3,1,212,20.8,0,0,21.2,4409.6
2022-06-08,3,1,225,22.58,0,0,23.9,5080.5
2022-06-09,3,1,373,18.81,1,0,23.3,7016.13
2022-06-10,3,1,217,20.61,0,0,24.1,4472.37
2022-06-11,3,1,451,17.52,1,0,24.0,7901.52
2022-06-12,3,1,286,21.03,0,0,26.9,6014.58
2022-06-13,3,1,336,17.64,1,0,23.7,5927.04
2022-06-14,3,1,221,20.64,0,0,27.4,4561.44
2022-06-15,3,1,214,22.34,0,0,24.3,4780.76
2022-06-16,3,1,202,20.59,0,0,23.6,4159.18
2022-06-17,3,1,200,20.99,0,0,25.7,4198.0
2022-06-18,3,1,288,22.19,0,0,22.5,6390.72
2022-06-19,3,1,237,22.66,0,0,25.3,5370.42
2022-06-20,3,1,183,22.53,0,0,22.3,4122.99
2022-06-21,3,1,189,22.54,0,0,24.5,4260.06
2022-06-22,3,1,196,20.99,0,0,24.6,4114.04
2022-06-23,3,1,311,19.26,1,0,20.7,5989.86
2022-06-24,3,1,206,21.97,0,0,18.7,4525.82
2022-06-25,3,1,258,22.46,0,0,21.8,5794.68
2022-06-26,3,1,243,21.56,0,0,25.2,5239.08
2022-06-27,3,1,199,22.4,0,0,21.5,4457.6
2022-06-28,3,1,181,22.35,0,0,24.3,4045.35
2022-06-29,3,1,184,22.09,0,0,19.3,4064.56
2022-06-30,3,1,212,20.76,0,0,15.6,4401.12
2022-07-01,3,1,198,21.1,0,0,20.1,4177.8
2022-07-02,3,1,239,20.52,0,0,19.0,4904.28
2022-07-03,3,1,229,22.2,0,0,16.9,5083.8
2022-07-04,3,1,308,21.48,0,1,19.8,6615.84
2022-07-05,3,1,207,21.3,0,0,24.8,4409.1
2022-07-06,3,1,173,21.91,0,0,21.2,3790.43
2022-07-07,3,1,343,19.18,1,0,19.6,6578.74
2022-07-08,3,1,194,21.84,0,0,20.7,4236.96
2022-07-09,3,1,322,17.78,1,0,19.8,5725.16
2022-07-10,3,1,402,18.77,1,0,18.6,7545.54
2022-07-11,3,1,202,21.58,0,0,23.0,4359.16
2022-07-12,3,1,162,22.5,0,0,19.4,3645.0
2022-07-13,3,1,200,22.2,0,0,16.9,4440.0
2022-07-14,3,1,176,21.46,0,0,18.3,3776.96
2022-07-15,3,1,171,20.76,0,0,18.2,3549.96
2022-07-16,3,1,253,21.5,0,0,18.0,5439.5
2022-07-17,3,1,230,21.13,0,0,17.0,4859.9
2022-07-18,3,1,180,21.48,0,0,18.4,3866.4
2022-07-19,3,1,186,20.73,0,0,16.4,3855.78
2022-07-20,3,1,170,21.26,0,0,19.1,3614.2
2022-07-21,3,1,167,21.47,0,0,14.8,3585.49
2022-07-22,3,1,164,21.07,0,0,18.6,3455.48
2022-07-23,3,1,231,21.83,0,0,18.0,5042.73
2022-07-24,3,1,232,21.55,0,0,19.6,4999.6
2022-07-25,3,1,198,22.52,0,0,17.7,4458.96
2022-07-26,3,1,165,22.28,0,0,13.3,3676.2
2022-07-27,3,1,252,17.61,1,0,18.2,4437.72
2022-07-28,3,1,183,22.63,0,0,18.4,4141.29
2022-07-29,3,1,155,22.49,0,0,14.2,3485.95
2022-07-30,3,1,191,21.9,0,0,10.1,4182.9
2022-07-31,3,1,186,20.99,0,0,13.8,3904.14
2022-08-01,3,1,168,21.07,0,0,13.5,3539.76
2022-08-02,3,1,184,21.59,0,0,11.5,3972.56
2022-08-03,3,1,167,20.57,0,0,12.8,3435.19
2022-08-04,3,1,160,20.76,0,0,14.2,3321.6
2022-08-05,3,1,152,22.01,0,0,16.1,3345.52
2022-08-06,3,1,199,22.57,0,0,14.2,4491.43
2022-08-07,3,1,177,22.24,0,0,12.7,3936.48
2022-08-08,3,1,161,21.97,0,0,14.8,3537.17
2022-08-09,3,1,167,22.64,0,0,13.8,3780.88
2022-08-10,3,1,165,22.58,0,0,10.9,3725.7
2022-08-11,3,1,158,21.2,0,0,10.9,3349.6
2022-08-12,3,1,155,21.88,0,0,12.2,3391.4
2022-08-13,3,1,194,20.77,0,0,10.0,4029.38
2022-08-14,3,1,176,21.01,0,0,11.4,3697.76
2022-08-15,3,1,274,18.52,1,0,14.4,5074.48
2022-08-16,3,1,141,21.13,0,0,12.4,2979.33
2022-08-17,3,1,212,17.58,1,0,13.0,3726.96
2022-08-18,3,1,146,20.99,0,0,11.4,3064.54
2022-08-19,3,1,145,22.1,0,0,9.1,3204.5
2022-08-20,3,1,342,18.02,1,0,11.8,6162.84
2022-08-21,3,1,264,17.51,1,0,13.9,4622.64
2022-08-22,3,1,144,21.83,0,0,8.9,3143.52
2022-08-23,3,1,228,18.69,1,0,11.0,4261.32
2022-08-24,3,1,129,22.53,0,0,3.7,2906.37
2022-08-25,3,1,156,21.46,0,0,14.5,3347.76
2022-08-26,3,1,149,20.53,0,0,10.4,3058.97
2022-08-27,3,1,236,18.44,1,0,9.6,4351.84
2022-08-28,3,1,316,17.84,1,0,11.1,5637.44
2022-08-29,3,1,149,20.67,0,0,10.0,3079.83
2022-08-30,3,1,122,21.78,0,0,6.3,2657.16
2022-08-31,3,1,126,20.69,0,0,12.0,2606.94
2022-09-01,3,1,120,20.57,0,0,8.4,2468.4
2022-09-02,3,1,130,21.28,0,0,5.8,2766.4
2022-09-03,3,1,176,20.7,0,0,11.6,3643.2
2022-09-04,3,1,167,21.04,0,0,4.9,3513.68
2022-09-05,3,1,130,22.56,0,0,6.8,2932.8
2022-09-06,3,1,195,20.83,0,1,7.4,4061.85
2022-09-07,3,1,152,22.17,0,0,8.6,3369.84
2022-09-08,3,1,137,21.31,0,0,6.3,2919.47
2022-09-09,3,1,142,21.34,0,0,9.6,3030.28
2022-09-10,3,1,173,22.35,0,0,8.3,3866.55
2022-09-11,3,1,146,21.89,0,0,7.8,3195.94
2022-09-12,3,1,146,20.65,0,0,7.8,3014.9
2022-09-13,3,1,175,19.07,1,0,8.8,3337.25
2022-09-14,3,1,130,22.58,0,0,8.1,2935.4
2022-09-15,3,1,121,22.18,0,0,5.6,2683.78
2022-09-16,3,1,145,20.6,0,0,0.2,2987.0
2022-09-17,3,1,163,21.87,0,0,8.2,3564.81
2022-09-18,3,1,154,20.86,0,0,7.1,3212.44
2022-09-19,3,1,146,21.93,0,0,5.7,3201.78
2022-09-20,3,1,119,22.62,0,0,6.3,2691.78
2022-09-21,3,1,119,21.38,0,0,5.1,2544.22
2022-09-22,3,1,184,18.67,1,0,6.4,3435.28
2022-09-23,3,1,101,22.25,0,0,2.5,2247.25
2022-09-24,3,1,173,21.79,0,0,5.9,3769.67
2022-09-25,3,1,151,21.29,0,0,5.8,3214.79
2022-09-26,3,1,110,21.25,0,0,2.7,2337.5
2022-09-27,3,1,116,22.56,0,0,2.4,2616.96
2022-09-28,3,1,171,18.65,1,0,5.7,3189.15
2022-09-29,3,1,137,20.74,0,0,1.2,2841.38
2022-09-30,3,1,125,21.31,0,0,9.6,2663.75
2022-10-01,3,1,152,22.26,0,0,4.1,3383.52
2022-10-02,3,1,168,22.33,0,0,7.0,3751.44
2022-10-03,3,1,109,22.39,0,0,2.4,2440.51
2022-10-04,3,1,180,19.13,1,0,3.3,3443.4
2022-10-05,3,1,136,22.02,0,0,7.0,2994.72
2022-10-06,3,1,120,21.49,0,0,5.0,2578.8
2022-10-07,3,1,138,21.11,0,0,2.8,2913.18
2022-10-08,3,1,237,17.66,1,0,5.8,4185.42
2022-10-09,3,1,144,22.03,0,0,6.6,3172.32
2022-10-10,3,1,139,20.81,0,0,1.7,2892.59
2022-10-11,3,1,104,21.86,0,0,2.1,2273.44
2022-10-12,3,1,131,20.74,0,0,3.7,2716.94
2022-10-13,3,1,112,21.72,0,0,1.9,2432.64
2022-10-14,3,1,143,22.51,0,0,2.3,3218.93
2022-10-15,3,1,140,21.27,0,0,5.0,2977.8
2022-10-16,3,1,168,21.88,0,0,2.0,3675.84
2022-10-17,3,1,169,18.19,1,0,3.3,3074.11
2022-10-18,3,1,126,22.23,0,0,0.9,2800.98
2022-10-19,3,1,136,21.91,0,0,3.3,2979.76
2022-10-20,3,1,113,22.12,0,0,6.2,2499.56
2022-10-21,3,1,134,20.67,0,0,2.1,2769.78
2022-10-22,3,1,178,22.03,0,0,-1.7,3921.34
2022-10-23,3,1,182,21.04,0,0,0.9,3829.28
2022-10-24,3,1,120,21.06,0,0,2.4,2527.2
2022-10-25,3,1,139,21.12,0,0,6.5,2935.68
2022-10-26,3,1,107,20.75,0,0,7.2,2220.25
2022-10-27,3,1,202,18.5,1,0,-0.8,3737.0
2022-10-28,3,1,149,21.05,0,0,3.8,3136.45
2022-10-29,3,1,317,17.7,1,0,3.5,5610.9
2022-10-30,3,1,163,22.63,0,0,3.0,3688.69
2022-10-31,3,1,134,22.51,0,0,3.2,3016.34
2022-11-01,3,1,300,17.91,1,0,1.8,5373.0
2022-11-02,3,1,223,22.4,0,0,1.6,4995.2
2022-11-03,3,1,224,21.89,0,0,5.2,4903.36
2022-11-04,3,1,219,21.27,0,0,2.6,4658.13
2022-11-05,3,1,439,18.84,1,0,3.5,8270.76
2022-11-06,3,1,292,22.66,0,0,-0.2,6616.72
2022-11-07,3,1,241,21.52,0,0,2.7,5186.32
2022-11-08,3,1,217,20.77,0,0,1.5,4507.09
2022-11-09,3,1,210,20.97,0,0,-0.2,4403.7
2022-11-10,3,1,226,21.46,0,0,2.2,4849.96
2022-11-11,3,1,241,20.85,0,0,4.1,5024.85
2022-11-12,3,1,287,21.06,0,0,2.5,6044.22
2022-11-13,3,1,279,21.85,0,0,6.7,6096.15
2022-11-14,3,1,219,20.77,0,0,-1.6,4548.63
2022-11-15,3,1,224,22.5,0,0,1.5,5040.0
2022-11-16,3,1,223,20.55,0,0,3.6,4582.65
2022-11-17,3,1,212,21.88,0,0,0.0,4638.56
2022-11-18,3,1,339,18.33,1,0,2.6,6213.87
2022-11-19,3,1,419,19.2,1,0,3.0,8044.8
2022-11-20,3,1,436,18.91,1,0,3.6,8244.76
2022-11-21,3,1,260,22.39,0,0,0.9,5821.4
2022-11-22,3,1,204,21.71,0,0,6.8,4428.84
2022-11-23,3,1,226,21.49,0,0,2.8,4856.74
2022-11-24,3,1,308,18.22,1,0,8.6,5611.76
2022-11-25,3,1,359,20.51,0,1,3.3,7363.09
2022-11-26,3,1,430,21.85,0,1,5.8,9395.5
2022-11-27,3,1,270,22.21,0,0,7.3,5996.7
2022-11-28,3,1,247,21.05,0,0,3.1,5199.35
2022-11-29,3,1,252,21.59,0,0,6.3,5440.68
2022-11-30,3,1,276,17.81,1,0,6.1,4915.56
2022-12-01,3,1,484,19.24,1,0,4.1,9312.16
2022-12-02,3,1,240,20.94,0,0,0.1,5025.6
2022-12-03,3,1,334,21.3,0,0,4.4,7114.2
2022-12-04,3,1,300,22.66,0,0,7.7,6798.0
2022-12-05,3,1,208,22.66,0,0,6.1,4713.28
2022-12-06,3,1,232,21.67,0,0,5.9,5027.44
2022-12-07,3,1,259,21.32,0,0,5.1,5521.88
2022-12-08,3,1,288,21.83,0,0,5.2,6287.04
2022-12-09,3,1,350,17.44,1,0,8.8,6104.0
2022-12-10,3,1,313,21.85,0,0,4.3,6839.05
2022-12-11,3,1,276,22.03,0,0,5.8,6080.28
2022-12-12,3,1,258,22.6,0,0,5.2,5830.8
2022-12-13,3,1,251,20.74,0,0,5.0,5205.74
2022-12-14,3,1,246,21.23,0,0,6.4,5222.58
2022-12-15,3,1,265,22.09,0,0,5.5,5853.85
2022-12-16,3,1,267,21.77,0,0,5.1,5812.59
2022-12-17,3,1,303,22.1,0,0,6.0,6696.3
2022-12-18,3,1,298,22.38,0,0,5.6,6669.24
2022-12-19,3,1,243,20.54,0,0,6.3,4991.22
2022-12-20,3,1,265,22.37,0,0,7.5,5928.05
2022-12-21,3,1,260,22.4,0,0,5.6,5824.0
2022-12-22,3,1,259,22.27,0,0,7.9,5767.93
2022-12-23,3,1,288,21.99,0,0,8.0,6333.12
2022-12-24,3,1,483,21.48,0,1,7.2,10374.84
2022-12-25,3,1,423,20.7,0,1,5.6,8756.1
2022-12-26,3,1,300,22.21,0,0,10.1,6663.0
2022-12-27,3,1,296,21.87,0,0,11.4,6473.52
2022-12-28,3,1,272,21.44,0,0,11.0,5831.68
2022-12-29,3,1,301,21.59,0,0,7.7,6498.59
2022-12-30,3,1,236,20.59,0,0,8.0,4859.24
2022-12-31,3,1,347,22.1,0,0,5.8,7668.7
2023-01-01,3,1,387,22.12,0,1,9.1,8560.44
2023-01-02,3,1,182,21.69,0,0,9.7,3947.58
2023-01-03,3,1,169,21.61,0,0,8.9,3652.09
2023-01-04,3,1,198,22.6,0,0,9.9,4474.8
2023-01-05,3,1,206,21.34,0,0,11.6,4396.04
2023-01-06,3,1,205,22.57,0,0,7.3,4626.85
2023-01-07,3,1,239,22.12,0,0,15.9,5286.68
2023-01-08,3,1,225,20.61,0,0,14.8,4637.25
2023-01-09,3,1,240,21.29,0,0,7.8,5109.6
2023-01-10,3,1,227,21.33,0,0,11.8,4841.91
2023-01-11,3,1,232,21.13,0,0,9.4,4902.16
2023-01-12,3,1,220,21.73,0,0,10.0,4780.6
2023-01-13,3,1,195,21.38,0,0,11.8,4169.1
2023-01-14,3,1,285,21.2,0,0,13.1,6042.0
2023-01-15,3,1,485,19.16,1,0,9.3,9292.6
2023-01-16,3,1,216,22.24,0,0,9.8,4803.84
2023-01-17,3,1,236,22.23,0,0,12.2,5246.28
2023-01-18,3,1,205,22.66,0,0,11.5,4645.3
2023-01-19,3,1,219,21.26,0,0,9.1,4655.94
2023-01-20,3,1,250,21.44,0,0,14.1,5360.0
2023-01-21,3,1,280,21.03,0,0,12.6,5888.4
2023-01-22,3,1,305,21.53,0,0,16.7,6566.65
2023-01-23,3,1,202,22.54,0,0,13.7,4553.08
2023-01-24,3,1,233,22.64,0,0,16.1,5275.12
2023-01-25,3,1,240,21.82,0,0,14.9,5236.8
2023-01-26,3,1,228,20.68,0,0,11.4,4715.04
2023-01-27,3,1,232,21.63,0,0,13.9,5018.16
2023-01-28,3,1,259,22.2,0,0,18.0,5749.8
2023-01-29,3,1,291,21.09,0,0,16.2,6137.19
