data/raw/retail_sales.csv
date,store_id,dept_id,units_sold,unit_price,is_promo,is_holiday,temperature_c,revenue
2023-01-30,3,1,229,21.33,0,0,13.0,4884.57
2023-01-31,3,1,248,21.12,0,0,18.8,5237.76
2023-02-01,3,1,256,21.21,0,0,16.4,5429.76
2023-02-02,3,1,231,21.77,0,0,16.2,5028.87
2023-02-03,3,1,251,21.96,0,0,15.2,5511.96
2023-02-04,3,1,314,22.55,0,0,15.7,7080.7
2023-02-05,3,1,249,22.26,0,0,14.3,5542.74
2023-02-06,3,1,237,22.37,0,0,16.7,5301.69
2023-02-07,3,1,192,22.29,0,0,18.7,4279.68
2023-02-08,3,1,248,20.84,0,0,13.6,5168.32
2023-02-09,3,1,257,22.56,0,0,16.5,5797.92
2023-02-10,3,1,217,21.36,0,0,18.7,4635.12
2023-02-11,3,1,327,20.59,0,0,17.9,6732.93
2023-02-12,3,1,316,22.31,0,0,18.0,7049.96
2023-02-13,3,1,260,21.04,0,0,17.6,5470.4
2023-02-14,3,1,307,21.81,0,1,16.2,6695.67
2023-02-15,3,1,233,22.34,0,0,17.7,5205.22
2023-02-16,3,1,245,22.41,0,0,21.6,5490.45
2023-02-17,3,1,420,18.56,1,0,18.7,7795.2
2023-02-18,3,1,334,21.7,0,0,20.8,7247.8
2023-02-19,3,1,330,21.49,0,0,18.4,7091.7
2023-02-20,3,1,249,21.52,0,0,18.6,5358.48
2023-02-21,3,1,260,20.57,0,0,19.7,5348.2
2023-02-22,3,1,283,22.46,0,0,21.8,6356.18
2023-02-23,3,1,222,21.52,0,0,19.4,4777.44
2023-02-24,3,1,251,22.65,0,0,23.7,5685.15
2023-02-25,3,1,374,21.03,0,0,23.9,7865.22
2023-02-26,3,1,437,18.73,1,0,23.4,8185.01
2023-02-27,3,1,365,17.8,1,0,19.2,6497.0
2023-02-28,3,1,254,21.19,0,0,23.9,5382.26
2023-03-01,3,1,266,21.26,0,0,25.0,5655.16
2023-03-02,3,1,254,22.64,0,0,21.8,5750.56
2023-03-03,3,1,262,20.82,0,0,21.7,5454.84
2023-03-04,3,1,329,22.49,0,0,21.4,7399.21
2023-03-05,3,1,561,17.75,1,0,21.7,9957.75
2023-03-06,3,1,257,21.2,0,0,22.1,5448.4
2023-03-07,3,1,257,22.27,0,0,22.4,5723.39
2023-03-08,3,1,216,21.34,0,0,21.0,4609.44
2023-03-09,3,1,260,21.11,0,0,23.5,5488.6
2023-03-10,3,1,217,21.54,0,0,24.7,4674.18
2023-03-11,3,1,515,18.02,1,0,25.3,9280.3
2023-03-12,3,1,350,21.21,0,0,22.1,7423.5
2023-03-13,3,1,219,20.96,0,0,23.9,4590.24
2023-03-14,3,1,256,21.23,0,0,22.4,5434.88
2023-03-15,3,1,216,22.45,0,0,23.3,4849.2
2023-03-16,3,1,263,22.05,0,0,21.2,5799.15
2023-03-17,3,1,252,22.02,0,0,21.4,5549.04
2023-03-18,3,1,321,22.16,0,0,23.0,7113.36
2023-03-19,3,1,384,21.36,0,0,23.0,8202.24
2023-03-20,3,1,237,21.16,0,0,21.0,5014.92
2023-03-21,3,1,270,21.31,0,0,21.6,5753.7
2023-03-22,3,1,253,21.69,0,0,26.3,5487.57
2023-03-23,3,1,257,21.89,0,0,22.8,5625.73
2023-03-24,3,1,277,22.09,0,0,25.8,6118.93
2023-03-25,3,1,342,20.94,0,0,21.0,7161.48
2023-03-26,3,1,333,21.04,0,0,24.3,7006.32
2023-03-27,3,1,276,20.79,0,0,24.4,5738.04
2023-03-28,3,1,258,20.83,0,0,21.9,5374.14
2023-03-29,3,1,252,21.48,0,0,25.2,5412.96
2023-03-30,3,1,296,22.24,0,0,22.1,6583.04
2023-03-31,3,1,273,22.12,0,0,21.1,6038.76
2023-04-01,3,1,300,21.71,0,0,22.8,6513.0
2023-04-02,3,1,311,20.67,0,0,25.9,6428.37
2023-04-03,3,1,456,19.05,1,0,26.5,8686.8
2023-04-04,3,1,258,22.44,0,0,25.1,5789.52
2023-04-05,3,1,275,22.13,0,0,23.3,6085.75
2023-04-06,3,1,264,21.71,0,0,25.5,5731.44
2023-04-07,3,1,252,21.05,0,0,26.8,5304.6
2023-04-08,3,1,347,22.46,0,0,24.1,7793.62
2023-04-09,3,1,300,20.82,0,0,26.0,6246.0
2023-04-10,3,1,249,21.23,0,0,25.4,5286.27
2023-04-11,3,1,208,20.74,0,0,25.9,4313.92
2023-04-12,3,1,259,21.2,0,0,23.9,5490.8
2023-04-13,3,1,283,21.13,0,0,25.6,5979.79
2023-04-14,3,1,268,22.36,0,0,27.8,5992.48
2023-04-15,3,1,347,21.7,0,0,23.6,7529.9
2023-04-16,3,1,336,21.5,0,0,25.1,7224.0
2023-04-17,3,1,288,22.54,0,0,30.1,6491.52
2023-04-18,3,1,291,20.85,0,0,28.1,6067.35
2023-04-19,3,1,263,21.92,0,0,28.3,5764.96
2023-04-20,3,1,228,21.35,0,0,25.5,4867.8
2023-04-21,3,1,436,17.59,1,0,30.8,7669.24
2023-04-22,3,1,587,18.39,1,0,29.6,10794.93
2023-04-23,3,1,363,21.61,0,0,25.6,7844.43
2023-04-24,3,1,297,21.79,0,0,26.0,6471.63
2023-04-25,3,1,266,21.55,0,0,28.9,5732.3
2023-04-26,3,1,216,22.17,0,0,27.1,4788.72
2023-04-27,3,1,243,20.78,0,0,26.2,5049.54
2023-04-28,3,1,282,22.54,0,0,26.0,6356.28
2023-04-29,3,1,323,20.63,0,0,26.9,6663.49
2023-04-30,3,1,342,21.61,0,0,28.8,7390.62
2023-05-01,3,1,265,21.12,0,0,26.2,5596.8
2023-05-02,3,1,263,20.75,0,0,26.1,5457.25
2023-05-03,3,1,294,22.54,0,0,26.8,6626.76
2023-05-04,3,1,282,22.11,0,0,29.3,6235.02
2023-05-05,3,1,263,22.31,0,0,27.8,5867.53
2023-05-06,3,1,422,17.76,1,0,26.7,7494.72
2023-05-07,3,1,313,21.81,0,0,22.4,6826.53
2023-05-08,3,1,235,22.27,0,0,28.6,5233.45
2023-05-09,3,1,273,21.88,0,0,26.9,5973.24
2023-05-10,3,1,247,20.6,0,0,26.9,5088.2
2023-05-11,3,1,274,22.34,0,0,26.0,6121.16
2023-05-12,3,1,250,21.12,0,0,26.0,5280.0
2023-05-13,3,1,296,22.31,0,0,25.7,6603.76
2023-05-14,3,1,313,21.7,0,0,26.1,6792.1
2023-05-15,3,1,223,21.21,0,0,28.3,4729.83
2023-05-16,3,1,249,21.12,0,0,27.0,5258.88
2023-05-17,3,1,244,20.91,0,0,23.9,5102.04
2023-05-18,3,1,281,21.9,0,0,24.2,6153.9
2023-05-19,3,1,272,20.62,0,0,26.4,5608.64
2023-05-20,3,1,296,22.6,0,0,24.8,6689.6
2023-05-21,3,1,287,21.66,0,0,27.8,6216.42
2023-05-22,3,1,255,20.78,0,0,25.0,5298.9
2023-05-23,3,1,412,18.09,1,0,24.1,7453.08
2023-05-24,3,1,258,22.14,0,0,27.2,5712.12
2023-05-25,3,1,253,22.53,0,0,22.9,5700.09
2023-05-26,3,1,321,17.71,1,0,23.0,5684.91
2023-05-27,3,1,285,21.92,0,0,28.1,6247.2
2023-05-28,3,1,294,21.08,0,0,20.6,6197.52
2023-05-29,3,1,241,21.69,0,0,23.0,5227.29
2023-05-30,3,1,261,21.46,0,0,27.3,5601.06
2023-05-31,3,1,326,21.43,0,1,29.1,6986.18
2023-06-01,3,1,223,22.11,0,0,24.2,4930.53
2023-06-02,3,1,214,21.37,0,0,27.4,4573.18
2023-06-03,3,1,288,21.09,0,0,25.3,6073.92
2023-06-04,3,1,587,18.5,1,0,24.3,10859.5
2023-06-05,3,1,399,18.86,1,0,27.2,7525.14
2023-06-06,3,1,228,21.33,0,0,23.4,4863.24
2023-06-07,3,1,229,22.57,0,0,23.3,5168.53
2023-06-08,3,1,250,21.95,0,0,23.8,5487.5
2023-06-09,3,1,230,22.11,0,0,25.8,5085.3
2023-06-10,3,1,266,20.66,0,0,24.9,5495.56
2023-06-11,3,1,254,22.38,0,0,26.2,5684.52
2023-06-12,3,1,226,22.51,0,0,23.0,5087.26
2023-06-13,3,1,231,21.17,0,0,23.2,4890.27
2023-06-14,3,1,186,21.03,0,0,19.6,3911.58
2023-06-15,3,1,220,20.59,0,0,23.6,4529.8
2023-06-16,3,1,229,20.73,0,0,24.1,4747.17
2023-06-17,3,1,262,21.44,0,0,23.0,5617.28
2023-06-18,3,1,486,18.02,1,0,23.8,8757.72
2023-06-19,3,1,249,22.02,0,0,25.2,5482.98
2023-06-20,3,1,221,21.81,0,0,26.4,4820.01
2023-06-21,3,1,208,22.46,0,0,21.5,4671.68
2023-06-22,3,1,286,17.87,1,0,23.0,5110.82
2023-06-23,3,1,223,22.35,0,0,25.2,4984.05
2023-06-24,3,1,226,21.32,0,0,22.3,4818.32
2023-06-25,3,1,288,22.21,0,0,23.6,6396.48
2023-06-26,3,1,213,20.67,0,0,22.4,4402.71
2023-06-27,3,1,227,20.8,0,0,23.0,4721.6
2023-06-28,3,1,233,22.1,0,0,21.3,5149.3
2023-06-29,3,1,169,20.94,0,0,23.7,3538.86
2023-06-30,3,1,198,22.57,0,0,21.4,4468.86
2023-07-01,3,1,257,22.02,0,0,20.1,5659.14
2023-07-02,3,1,423,17.56,1,0,20.5,7427.88
2023-07-03,3,1,354,19.06,1,0,18.7,6747.24
2023-07-04,3,1,312,21.72,0,1,21.3,6776.64
2023-07-05,3,1,198,21.49,0,0,20.6,4255.02
2023-07-06,3,1,207,21.41,0,0,20.0,4431.87
2023-07-07,3,1,182,20.86,0,0,19.5,3796.52
2023-07-08,3,1,314,18.94,1,0,20.9,5947.16
2023-07-09,3,1,396,18.62,1,0,20.1,7373.52
2023-07-10,3,1,204,21.27,0,0,19.5,4339.08
2023-07-11,3,1,167,20.84,0,0,20.5,3480.28
